Copyright 1986-2022 Xilinx, Inc. All Rights Reserved. Copyright 2022-2023 Advanced Micro Devices, Inc. All Rights Reserved.
---------------------------------------------------------------------------------------------------------------------------------------------
| Tool Version : Vivado v.2023.2 (win64) Build 4029153 Fri Oct 13 20:14:34 MDT 2023
| Date         : Wed Nov 27 09:51:43 2024
| Host         : TomChang running 64-bit major release  (build 9200)
| Command      : report_drc -file PipelineCPU_drc_opted.rpt -pb PipelineCPU_drc_opted.pb -rpx PipelineCPU_drc_opted.rpx
| Design       : PipelineCPU
| Device       : xc7a100tcsg324-1
| Speed File   : -1
| Design State : Synthesized
---------------------------------------------------------------------------------------------------------------------------------------------

Report DRC

Table of Contents
-----------------
1. REPORT SUMMARY
2. REPORT DETAILS

1. REPORT SUMMARY
-----------------
            Netlist: netlist
          Floorplan: design_1
      Design limits: <entire design considered>
           Ruledeck: default
             Max violations: <unlimited>
             Violations found: 35
+-----------+------------------+-----------------------------------------------------+------------+
| Rule      | Severity         | Description                                         | Violations |
+-----------+------------------+-----------------------------------------------------+------------+
| NSTD-1    | Critical Warning | Unspecified I/O Standard                            | 1          |
| UCIO-1    | Critical Warning | Unconstrained Logical Port                          | 1          |
| CFGBVS-1  | Warning          | Missing CFGBVS and CONFIG_VOLTAGE Design Properties | 1          |
| IOCNT-1   | Warning          | Number of IOs                                       | 1          |
| REQP-1569 | Warning          | connects_D                                          | 31         |
+-----------+------------------+-----------------------------------------------------+------------+

2. REPORT DETAILS
-----------------
NSTD-1#1 Critical Warning
Unspecified I/O Standard  
354 out of 354 logical ports use I/O standard (IOSTANDARD) value 'DEFAULT', instead of a user assigned specific value. This may cause I/O contention or incompatibility with the board power or connectivity affecting performance, signal integrity or in extreme cases cause damage to the device or the components to which it is connected. To correct this violation, specify all I/O standards. This design will fail to generate a bitstream unless all logical ports have a user specified I/O standard value defined. To allow bitstream creation with unspecified I/O standard values (not recommended), use this command: set_property SEVERITY {Warning} [get_drc_checks NSTD-1].  NOTE: When using the Vivado Runs infrastructure (e.g. launch_runs Tcl command), add this command to a .tcl file and add that file as a pre-hook for write_bitstream step for the implementation run. Problem ports: Addr_out[31:0], Data_in[31:0], Data_out[31:0], Data_out_WB[31:0],
MemRW_EX[31:0], MemRW_Mem[31:0], PC_out_EX[31:0], PC_out_ID[31:0],
PC_out_IF[31:0], clk, inst_ID[31:0], inst_IF[31:0], rst.
Related violations: <none>

UCIO-1#1 Critical Warning
Unconstrained Logical Port  
354 out of 354 logical ports have no user assigned specific location constraint (LOC). This may cause I/O contention or incompatibility with the board power or connectivity affecting performance, signal integrity or in extreme cases cause damage to the device or the components to which it is connected. To correct this violation, specify all pin locations. This design will fail to generate a bitstream unless all logical ports have a user specified site LOC constraint defined.  To allow bitstream creation with unspecified pin locations (not recommended), use this command: set_property SEVERITY {Warning} [get_drc_checks UCIO-1].  NOTE: When using the Vivado Runs infrastructure (e.g. launch_runs Tcl command), add this command to a .tcl file and add that file as a pre-hook for write_bitstream step for the implementation run.  Problem ports: Addr_out[31:0], Data_in[31:0], Data_out[31:0], Data_out_WB[31:0],
MemRW_EX[31:0], MemRW_Mem[31:0], PC_out_EX[31:0], PC_out_ID[31:0],
PC_out_IF[31:0], clk, inst_ID[31:0], inst_IF[31:0], rst.
Related violations: <none>

CFGBVS-1#1 Warning
Missing CFGBVS and CONFIG_VOLTAGE Design Properties  
Neither the CFGBVS nor CONFIG_VOLTAGE voltage property is set in the current_design.  Configuration bank voltage select (CFGBVS) must be set to VCCO or GND, and CONFIG_VOLTAGE must be set to the correct configuration voltage, in order to determine the I/O voltage support for the pins in bank 0.  It is suggested to specify these either using the 'Edit Device Properties' function in the GUI or directly in the XDC file using the following syntax:

 set_property CFGBVS value1 [current_design]
 #where value1 is either VCCO or GND

 set_property CONFIG_VOLTAGE value2 [current_design]
 #where value2 is the voltage provided to configuration bank 0

Refer to the device configuration user guide for more information.
Related violations: <none>

IOCNT-1#1 Warning
Number of IOs  
The design contains 354 unplaced I/O ports while the target device, xc7a100tcsg324-1, has 210 remaining available user I/O pins. This DRC assumes that all ports which do not drive MGT pins should be placed on user I/O pins. To correct this issue:
1. Ensure you are targeting the correct device and package. Select a larger device or different package if necessary.
2. Check the top-level ports of the design to ensure the correct number of ports are specified.
3. Consider design changes to reduce the number of user I/O pins needed.

Related violations: <none>

REQP-1569#1 Warning
connects_D  
The FDCE cell Ex_reg_Mem/PC_out_EXMem_reg[10] has no driver for the D input pin. To protect against unwanted transitions in all flows, the D input pin is required to have a driver. To resolve this violation, modify the design so that the D input pin has an active signal or constant logic-level tie-off.
Related violations: <none>

REQP-1569#2 Warning
connects_D  
The FDCE cell Ex_reg_Mem/PC_out_EXMem_reg[11] has no driver for the D input pin. To protect against unwanted transitions in all flows, the D input pin is required to have a driver. To resolve this violation, modify the design so that the D input pin has an active signal or constant logic-level tie-off.
Related violations: <none>

REQP-1569#3 Warning
connects_D  
The FDCE cell Ex_reg_Mem/PC_out_EXMem_reg[12] has no driver for the D input pin. To protect against unwanted transitions in all flows, the D input pin is required to have a driver. To resolve this violation, modify the design so that the D input pin has an active signal or constant logic-level tie-off.
Related violations: <none>

REQP-1569#4 Warning
connects_D  
The FDCE cell Ex_reg_Mem/PC_out_EXMem_reg[13] has no driver for the D input pin. To protect against unwanted transitions in all flows, the D input pin is required to have a driver. To resolve this violation, modify the design so that the D input pin has an active signal or constant logic-level tie-off.
Related violations: <none>

REQP-1569#5 Warning
connects_D  
The FDCE cell Ex_reg_Mem/PC_out_EXMem_reg[14] has no driver for the D input pin. To protect against unwanted transitions in all flows, the D input pin is required to have a driver. To resolve this violation, modify the design so that the D input pin has an active signal or constant logic-level tie-off.
Related violations: <none>

REQP-1569#6 Warning
connects_D  
The FDCE cell Ex_reg_Mem/PC_out_EXMem_reg[15] has no driver for the D input pin. To protect against unwanted transitions in all flows, the D input pin is required to have a driver. To resolve this violation, modify the design so that the D input pin has an active signal or constant logic-level tie-off.
Related violations: <none>

REQP-1569#7 Warning
connects_D  
The FDCE cell Ex_reg_Mem/PC_out_EXMem_reg[16] has no driver for the D input pin. To protect against unwanted transitions in all flows, the D input pin is required to have a driver. To resolve this violation, modify the design so that the D input pin has an active signal or constant logic-level tie-off.
Related violations: <none>

REQP-1569#8 Warning
connects_D  
The FDCE cell Ex_reg_Mem/PC_out_EXMem_reg[17] has no driver for the D input pin. To protect against unwanted transitions in all flows, the D input pin is required to have a driver. To resolve this violation, modify the design so that the D input pin has an active signal or constant logic-level tie-off.
Related violations: <none>

REQP-1569#9 Warning
connects_D  
The FDCE cell Ex_reg_Mem/PC_out_EXMem_reg[18] has no driver for the D input pin. To protect against unwanted transitions in all flows, the D input pin is required to have a driver. To resolve this violation, modify the design so that the D input pin has an active signal or constant logic-level tie-off.
Related violations: <none>

REQP-1569#10 Warning
connects_D  
The FDCE cell Ex_reg_Mem/PC_out_EXMem_reg[19] has no driver for the D input pin. To protect against unwanted transitions in all flows, the D input pin is required to have a driver. To resolve this violation, modify the design so that the D input pin has an active signal or constant logic-level tie-off.
Related violations: <none>

REQP-1569#11 Warning
connects_D  
The FDCE cell Ex_reg_Mem/PC_out_EXMem_reg[1] has no driver for the D input pin. To protect against unwanted transitions in all flows, the D input pin is required to have a driver. To resolve this violation, modify the design so that the D input pin has an active signal or constant logic-level tie-off.
Related violations: <none>

REQP-1569#12 Warning
connects_D  
The FDCE cell Ex_reg_Mem/PC_out_EXMem_reg[20] has no driver for the D input pin. To protect against unwanted transitions in all flows, the D input pin is required to have a driver. To resolve this violation, modify the design so that the D input pin has an active signal or constant logic-level tie-off.
Related violations: <none>

REQP-1569#13 Warning
connects_D  
The FDCE cell Ex_reg_Mem/PC_out_EXMem_reg[21] has no driver for the D input pin. To protect against unwanted transitions in all flows, the D input pin is required to have a driver. To resolve this violation, modify the design so that the D input pin has an active signal or constant logic-level tie-off.
Related violations: <none>

REQP-1569#14 Warning
connects_D  
The FDCE cell Ex_reg_Mem/PC_out_EXMem_reg[22] has no driver for the D input pin. To protect against unwanted transitions in all flows, the D input pin is required to have a driver. To resolve this violation, modify the design so that the D input pin has an active signal or constant logic-level tie-off.
Related violations: <none>

REQP-1569#15 Warning
connects_D  
The FDCE cell Ex_reg_Mem/PC_out_EXMem_reg[23] has no driver for the D input pin. To protect against unwanted transitions in all flows, the D input pin is required to have a driver. To resolve this violation, modify the design so that the D input pin has an active signal or constant logic-level tie-off.
Related violations: <none>

REQP-1569#16 Warning
connects_D  
The FDCE cell Ex_reg_Mem/PC_out_EXMem_reg[24] has no driver for the D input pin. To protect against unwanted transitions in all flows, the D input pin is required to have a driver. To resolve this violation, modify the design so that the D input pin has an active signal or constant logic-level tie-off.
Related violations: <none>

REQP-1569#17 Warning
connects_D  
The FDCE cell Ex_reg_Mem/PC_out_EXMem_reg[25] has no driver for the D input pin. To protect against unwanted transitions in all flows, the D input pin is required to have a driver. To resolve this violation, modify the design so that the D input pin has an active signal or constant logic-level tie-off.
Related violations: <none>

REQP-1569#18 Warning
connects_D  
The FDCE cell Ex_reg_Mem/PC_out_EXMem_reg[26] has no driver for the D input pin. To protect against unwanted transitions in all flows, the D input pin is required to have a driver. To resolve this violation, modify the design so that the D input pin has an active signal or constant logic-level tie-off.
Related violations: <none>

REQP-1569#19 Warning
connects_D  
The FDCE cell Ex_reg_Mem/PC_out_EXMem_reg[27] has no driver for the D input pin. To protect against unwanted transitions in all flows, the D input pin is required to have a driver. To resolve this violation, modify the design so that the D input pin has an active signal or constant logic-level tie-off.
Related violations: <none>

REQP-1569#20 Warning
connects_D  
The FDCE cell Ex_reg_Mem/PC_out_EXMem_reg[28] has no driver for the D input pin. To protect against unwanted transitions in all flows, the D input pin is required to have a driver. To resolve this violation, modify the design so that the D input pin has an active signal or constant logic-level tie-off.
Related violations: <none>

REQP-1569#21 Warning
connects_D  
The FDCE cell Ex_reg_Mem/PC_out_EXMem_reg[29] has no driver for the D input pin. To protect against unwanted transitions in all flows, the D input pin is required to have a driver. To resolve this violation, modify the design so that the D input pin has an active signal or constant logic-level tie-off.
Related violations: <none>

REQP-1569#22 Warning
connects_D  
The FDCE cell Ex_reg_Mem/PC_out_EXMem_reg[2] has no driver for the D input pin. To protect against unwanted transitions in all flows, the D input pin is required to have a driver. To resolve this violation, modify the design so that the D input pin has an active signal or constant logic-level tie-off.
Related violations: <none>

REQP-1569#23 Warning
connects_D  
The FDCE cell Ex_reg_Mem/PC_out_EXMem_reg[30] has no driver for the D input pin. To protect against unwanted transitions in all flows, the D input pin is required to have a driver. To resolve this violation, modify the design so that the D input pin has an active signal or constant logic-level tie-off.
Related violations: <none>

REQP-1569#24 Warning
connects_D  
The FDCE cell Ex_reg_Mem/PC_out_EXMem_reg[31] has no driver for the D input pin. To protect against unwanted transitions in all flows, the D input pin is required to have a driver. To resolve this violation, modify the design so that the D input pin has an active signal or constant logic-level tie-off.
Related violations: <none>

REQP-1569#25 Warning
connects_D  
The FDCE cell Ex_reg_Mem/PC_out_EXMem_reg[3] has no driver for the D input pin. To protect against unwanted transitions in all flows, the D input pin is required to have a driver. To resolve this violation, modify the design so that the D input pin has an active signal or constant logic-level tie-off.
Related violations: <none>

REQP-1569#26 Warning
connects_D  
The FDCE cell Ex_reg_Mem/PC_out_EXMem_reg[4] has no driver for the D input pin. To protect against unwanted transitions in all flows, the D input pin is required to have a driver. To resolve this violation, modify the design so that the D input pin has an active signal or constant logic-level tie-off.
Related violations: <none>

REQP-1569#27 Warning
connects_D  
The FDCE cell Ex_reg_Mem/PC_out_EXMem_reg[5] has no driver for the D input pin. To protect against unwanted transitions in all flows, the D input pin is required to have a driver. To resolve this violation, modify the design so that the D input pin has an active signal or constant logic-level tie-off.
Related violations: <none>

REQP-1569#28 Warning
connects_D  
The FDCE cell Ex_reg_Mem/PC_out_EXMem_reg[6] has no driver for the D input pin. To protect against unwanted transitions in all flows, the D input pin is required to have a driver. To resolve this violation, modify the design so that the D input pin has an active signal or constant logic-level tie-off.
Related violations: <none>

REQP-1569#29 Warning
connects_D  
The FDCE cell Ex_reg_Mem/PC_out_EXMem_reg[7] has no driver for the D input pin. To protect against unwanted transitions in all flows, the D input pin is required to have a driver. To resolve this violation, modify the design so that the D input pin has an active signal or constant logic-level tie-off.
Related violations: <none>

REQP-1569#30 Warning
connects_D  
The FDCE cell Ex_reg_Mem/PC_out_EXMem_reg[8] has no driver for the D input pin. To protect against unwanted transitions in all flows, the D input pin is required to have a driver. To resolve this violation, modify the design so that the D input pin has an active signal or constant logic-level tie-off.
Related violations: <none>

REQP-1569#31 Warning
connects_D  
The FDCE cell Ex_reg_Mem/PC_out_EXMem_reg[9] has no driver for the D input pin. To protect against unwanted transitions in all flows, the D input pin is required to have a driver. To resolve this violation, modify the design so that the D input pin has an active signal or constant logic-level tie-off.
Related violations: <none>


