Copyright 1986-2022 Xilinx, Inc. All Rights Reserved. Copyright 2022-2023 Advanced Micro Devices, Inc. All Rights Reserved.
---------------------------------------------------------------------------------------------------------------------------------------------
| Tool Version : Vivado v.2023.2 (win64) Build 4029153 Fri Oct 13 20:14:34 MDT 2023
| Date         : Wed Nov 13 18:31:32 2024
| Host         : TomChang running 64-bit major release  (build 9200)
| Command      : report_control_sets -verbose -file CSSTE_control_sets_placed.rpt
| Design       : CSSTE
| Device       : xc7a100t
---------------------------------------------------------------------------------------------------------------------------------------------

Control Set Information

Table of Contents
-----------------
1. Summary
2. Histogram
3. Flip-Flop Distribution
4. Detailed Control Set Information

1. Summary
----------

+----------------------------------------------------------+-------+
|                          Status                          | Count |
+----------------------------------------------------------+-------+
| Total control sets                                       |   111 |
|    Minimum number of control sets                        |   111 |
|    Addition due to synthesis replication                 |     0 |
|    Addition due to physical synthesis replication        |     0 |
| Unused register locations in slices containing registers |    67 |
+----------------------------------------------------------+-------+
* Control sets can be merged at opt_design using control_set_merge or merge_equivalent_drivers
** Run report_qor_suggestions for automated merging and remapping suggestions


2. Histogram
------------

+--------------------+-------+
|       Fanout       | Count |
+--------------------+-------+
| Total control sets |   111 |
| >= 0 to < 4        |     5 |
| >= 4 to < 6        |     0 |
| >= 6 to < 8        |     0 |
| >= 8 to < 10       |     0 |
| >= 10 to < 12      |     1 |
| >= 12 to < 14      |    65 |
| >= 14 to < 16      |     0 |
| >= 16              |    40 |
+--------------------+-------+
* Control sets can be remapped at either synth_design or opt_design


3. Flip-Flop Distribution
-------------------------

+--------------+-----------------------+------------------------+-----------------+--------------+
| Clock Enable | Synchronous Set/Reset | Asynchronous Set/Reset | Total Registers | Total Slices |
+--------------+-----------------------+------------------------+-----------------+--------------+
| No           | No                    | No                     |              25 |           14 |
| No           | No                    | Yes                    |              94 |           36 |
| No           | Yes                   | No                     |              34 |           11 |
| Yes          | No                    | No                     |              16 |           12 |
| Yes          | No                    | Yes                    |            1090 |          728 |
| Yes          | Yes                   | No                     |              42 |           11 |
+--------------+-----------------------+------------------------+-----------------+--------------+


4. Detailed Control Set Information
-----------------------------------

+-----------------------+-------------------------------------+-------------------------------------------+------------------+----------------+--------------+
|      Clock Signal     |            Enable Signal            |              Set/Reset Signal             | Slice Load Count | Bel Load Count | Bels / Slice |
+-----------------------+-------------------------------------+-------------------------------------------+------------------+----------------+--------------+
|  U8/clkdiv_BUFG[6]    |                                     |                                           |                1 |              1 |         1.00 |
|  U8/clkdiv_BUFG[11]   |                                     |                                           |                1 |              1 |         1.00 |
|  U8/clkdiv_BUFG[6]    |                                     | U9/rst                                    |                1 |              1 |         1.00 |
|  U8/clkdiv_BUFG[9]    |                                     |                                           |                1 |              1 |         1.00 |
| ~U8/Clk_CPU_BUFG      |                                     |                                           |                3 |              3 |         1.00 |
|  U8/clkdiv_BUFG[1]    | U11/vga_controller/v_count          | U9/rst                                    |                3 |             10 |         3.33 |
|  clk_100mhz_IBUF_BUFG | U11/vga_debugger/vga_b[0]_33        |                                           |                4 |             12 |         3.00 |
|  clk_100mhz_IBUF_BUFG | U11/vga_debugger/vga_b[0]_59        |                                           |                4 |             12 |         3.00 |
|  clk_100mhz_IBUF_BUFG | U11/vga_debugger/vga_b[0]_58        |                                           |                4 |             12 |         3.00 |
|  clk_100mhz_IBUF_BUFG | U11/vga_debugger/vga_b[0]_35        |                                           |                4 |             12 |         3.00 |
|  clk_100mhz_IBUF_BUFG | U11/vga_debugger/vga_b[0]_54        |                                           |                4 |             12 |         3.00 |
|  clk_100mhz_IBUF_BUFG | U11/vga_debugger/vga_b[0]_32        |                                           |                4 |             12 |         3.00 |
|  clk_100mhz_IBUF_BUFG | U11/vga_debugger/vga_b[0]_57        |                                           |                4 |             12 |         3.00 |
|  clk_100mhz_IBUF_BUFG | U11/vga_debugger/vga_b[0]_40        |                                           |                4 |             12 |         3.00 |
|  clk_100mhz_IBUF_BUFG | U11/vga_debugger/vga_b[0]_48        |                                           |                4 |             12 |         3.00 |
|  clk_100mhz_IBUF_BUFG | U11/vga_debugger/vga_b[0]_62        |                                           |                4 |             12 |         3.00 |
|  clk_100mhz_IBUF_BUFG | U11/vga_debugger/vga_b[0]_31        |                                           |                4 |             12 |         3.00 |
|  clk_100mhz_IBUF_BUFG | U11/vga_debugger/vga_b[0]_64        |                                           |                4 |             12 |         3.00 |
|  clk_100mhz_IBUF_BUFG | U11/vga_debugger/vga_b[0]_41        |                                           |                4 |             12 |         3.00 |
|  clk_100mhz_IBUF_BUFG | U11/vga_debugger/vga_b[0]_3         |                                           |                4 |             12 |         3.00 |
|  clk_100mhz_IBUF_BUFG | U11/vga_debugger/vga_b[0]_46        |                                           |                4 |             12 |         3.00 |
|  clk_100mhz_IBUF_BUFG | U11/vga_debugger/vga_b[0]_37        |                                           |                4 |             12 |         3.00 |
|  clk_100mhz_IBUF_BUFG | U11/vga_debugger/vga_b[0]_9         |                                           |                4 |             12 |         3.00 |
|  clk_100mhz_IBUF_BUFG | U11/vga_debugger/vga_b[0]_45        |                                           |                4 |             12 |         3.00 |
|  clk_100mhz_IBUF_BUFG | U11/vga_debugger/vga_b[0]_38        |                                           |                4 |             12 |         3.00 |
|  clk_100mhz_IBUF_BUFG | U11/vga_debugger/vga_b[0]_47        |                                           |                4 |             12 |         3.00 |
|  clk_100mhz_IBUF_BUFG | U11/vga_debugger/vga_b[0]_49        |                                           |                4 |             12 |         3.00 |
|  clk_100mhz_IBUF_BUFG | U11/vga_debugger/vga_b[0]_56        |                                           |                4 |             12 |         3.00 |
|  clk_100mhz_IBUF_BUFG | U11/vga_debugger/vga_b[0]_55        |                                           |                4 |             12 |         3.00 |
|  clk_100mhz_IBUF_BUFG | U11/vga_debugger/vga_b[0]_42        |                                           |                4 |             12 |         3.00 |
|  clk_100mhz_IBUF_BUFG | U11/vga_debugger/vga_b[0]_60        |                                           |                4 |             12 |         3.00 |
|  clk_100mhz_IBUF_BUFG | U11/vga_debugger/vga_b[0]_63        |                                           |                4 |             12 |         3.00 |
|  clk_100mhz_IBUF_BUFG | U11/vga_debugger/vga_b[0]_36        |                                           |                4 |             12 |         3.00 |
|  clk_100mhz_IBUF_BUFG | U11/vga_debugger/vga_b[0]_4         |                                           |                4 |             12 |         3.00 |
|  clk_100mhz_IBUF_BUFG | U11/vga_debugger/vga_b[0]_43        |                                           |                4 |             12 |         3.00 |
|  clk_100mhz_IBUF_BUFG | U11/vga_debugger/vga_b[0]_44        |                                           |                4 |             12 |         3.00 |
|  clk_100mhz_IBUF_BUFG | U11/vga_debugger/vga_b[0]_50        |                                           |                4 |             12 |         3.00 |
|  clk_100mhz_IBUF_BUFG | U11/vga_debugger/vga_b[0]_8         |                                           |                4 |             12 |         3.00 |
|  clk_100mhz_IBUF_BUFG | U11/vga_debugger/vga_b[0]_39        |                                           |                4 |             12 |         3.00 |
|  clk_100mhz_IBUF_BUFG | U11/vga_debugger/vga_b[0]_6         |                                           |                4 |             12 |         3.00 |
|  clk_100mhz_IBUF_BUFG | U11/vga_debugger/vga_b[0]_34        |                                           |                4 |             12 |         3.00 |
|  U8/clkdiv_BUFG[1]    |                                     | U9/rst                                    |                5 |             12 |         2.40 |
|  clk_100mhz_IBUF_BUFG | U11/vga_debugger/vga_b[0]_25        |                                           |                4 |             12 |         3.00 |
|  clk_100mhz_IBUF_BUFG | U11/vga_debugger/vga_b[0]_53        |                                           |                4 |             12 |         3.00 |
|  clk_100mhz_IBUF_BUFG | U11/vga_debugger/vga_b[0]           |                                           |                4 |             12 |         3.00 |
|  clk_100mhz_IBUF_BUFG | U11/vga_debugger/vga_b[0]_30        |                                           |                4 |             12 |         3.00 |
|  clk_100mhz_IBUF_BUFG | U11/vga_debugger/vga_b[0]_2         |                                           |                4 |             12 |         3.00 |
|  clk_100mhz_IBUF_BUFG | U11/vga_debugger/vga_b[0]_12        |                                           |                4 |             12 |         3.00 |
|  clk_100mhz_IBUF_BUFG | U11/vga_debugger/vga_b[0]_14        |                                           |                4 |             12 |         3.00 |
|  clk_100mhz_IBUF_BUFG | U11/vga_debugger/vga_b[0]_11        |                                           |                4 |             12 |         3.00 |
|  clk_100mhz_IBUF_BUFG | U11/vga_debugger/vga_b[0]_17        |                                           |                4 |             12 |         3.00 |
|  clk_100mhz_IBUF_BUFG | U11/vga_debugger/vga_b[0]_22        |                                           |                4 |             12 |         3.00 |
|  clk_100mhz_IBUF_BUFG | U11/vga_debugger/vga_b[0]_23        |                                           |                4 |             12 |         3.00 |
|  clk_100mhz_IBUF_BUFG | U11/vga_debugger/vga_b[0]_24        |                                           |                4 |             12 |         3.00 |
|  clk_100mhz_IBUF_BUFG | U11/vga_debugger/vga_b[0]_1         |                                           |                4 |             12 |         3.00 |
|  clk_100mhz_IBUF_BUFG | U11/vga_debugger/vga_b[0]_61        |                                           |                4 |             12 |         3.00 |
|  clk_100mhz_IBUF_BUFG | U11/vga_debugger/vga_b[0]_26        |                                           |                4 |             12 |         3.00 |
|  clk_100mhz_IBUF_BUFG | U11/vga_debugger/vga_b[0]_20        |                                           |                4 |             12 |         3.00 |
|  clk_100mhz_IBUF_BUFG | U11/vga_debugger/vga_b[0]_10        |                                           |                4 |             12 |         3.00 |
|  clk_100mhz_IBUF_BUFG | U11/vga_debugger/vga_b[0]_21        |                                           |                4 |             12 |         3.00 |
|  clk_100mhz_IBUF_BUFG | U11/vga_debugger/vga_b[0]_27        |                                           |                4 |             12 |         3.00 |
|  clk_100mhz_IBUF_BUFG | U11/vga_debugger/vga_b[0]_15        |                                           |                4 |             12 |         3.00 |
|  clk_100mhz_IBUF_BUFG | U11/vga_debugger/vga_b[0]_28        |                                           |                4 |             12 |         3.00 |
|  clk_100mhz_IBUF_BUFG | U11/vga_debugger/vga_b[0]_13        |                                           |                4 |             12 |         3.00 |
|  clk_100mhz_IBUF_BUFG | U11/vga_debugger/vga_b[0]_16        |                                           |                4 |             12 |         3.00 |
|  clk_100mhz_IBUF_BUFG | U11/vga_debugger/vga_b[0]_18        |                                           |                4 |             12 |         3.00 |
|  clk_100mhz_IBUF_BUFG | U11/vga_debugger/vga_b[0]_29        |                                           |                4 |             12 |         3.00 |
|  clk_100mhz_IBUF_BUFG | U11/vga_debugger/vga_b[0]_19        |                                           |                4 |             12 |         3.00 |
|  clk_100mhz_IBUF_BUFG | U11/vga_debugger/vga_b[0]_7         |                                           |                4 |             12 |         3.00 |
|  clk_100mhz_IBUF_BUFG | U11/vga_debugger/vga_b[0]_51        |                                           |                4 |             12 |         3.00 |
|  clk_100mhz_IBUF_BUFG | U11/vga_debugger/vga_b[0]_52        |                                           |                4 |             12 |         3.00 |
|  clk_100mhz_IBUF_BUFG | U9/u1/sw[15]_i_1_n_0                |                                           |               12 |             16 |         1.33 |
|  clk_100mhz_IBUF_BUFG |                                     |                                           |                8 |             19 |         2.38 |
|  clk_100mhz_IBUF_BUFG |                                     | U11/vga_debugger/display_addr[11]_i_1_n_0 |                6 |             22 |         3.67 |
|  U8/Clk_CPU_BUFG      | U1/U2/Regs/register[13][31]_i_1_n_1 | U9/rst                                    |               22 |             32 |         1.45 |
|  U8/Clk_CPU_BUFG      | U1/U2/Regs/register[21][31]_i_1_n_1 | U9/rst                                    |               22 |             32 |         1.45 |
|  U8/Clk_CPU_BUFG      | U1/U2/Regs/register[25][31]_i_1_n_1 | U9/rst                                    |               20 |             32 |         1.60 |
|  U8/Clk_CPU_BUFG      | U1/U2/Regs/register[4][31]_i_1_n_1  | U9/rst                                    |               23 |             32 |         1.39 |
|  U8/Clk_CPU_BUFG      | U1/U2/Regs/register[11][31]_i_1_n_1 | U9/rst                                    |               25 |             32 |         1.28 |
|  U8/Clk_CPU_BUFG      | U1/U2/Regs/register[15][31]_i_1_n_1 | U9/rst                                    |               24 |             32 |         1.33 |
|  U8/Clk_CPU_BUFG      | U1/U2/Regs/register[29][31]_i_1_n_1 | U9/rst                                    |               19 |             32 |         1.68 |
|  U8/Clk_CPU_BUFG      | U1/U2/Regs/register[30][31]_i_1_n_1 | U9/rst                                    |               20 |             32 |         1.60 |
|  U8/Clk_CPU_BUFG      | U1/U2/Regs/register[31][31]_i_1_n_1 | U9/rst                                    |               23 |             32 |         1.39 |
|  U8/Clk_CPU_BUFG      | U1/U2/Regs/register[6][31]_i_1_n_1  | U9/rst                                    |               23 |             32 |         1.39 |
|  U8/Clk_CPU_BUFG      | U1/U2/Regs/register[3][31]_i_1_n_1  | U9/rst                                    |               21 |             32 |         1.52 |
|  U8/Clk_CPU_BUFG      | U1/U2/Regs/register[22][31]_i_1_n_1 | U9/rst                                    |               23 |             32 |         1.39 |
|  U8/Clk_CPU_BUFG      | U1/U2/Regs/register[14][31]_i_1_n_1 | U9/rst                                    |               23 |             32 |         1.39 |
|  U8/Clk_CPU_BUFG      | U1/U2/Regs/register[23][31]_i_1_n_1 | U9/rst                                    |               22 |             32 |         1.45 |
|  U8/Clk_CPU_BUFG      | U1/U2/Regs/register[18][31]_i_1_n_1 | U9/rst                                    |               24 |             32 |         1.33 |
|  U8/Clk_CPU_BUFG      | U1/U2/Regs/register[24][31]_i_1_n_1 | U9/rst                                    |               22 |             32 |         1.45 |
|  U8/Clk_CPU_BUFG      | U1/U2/Regs/register[16][31]_i_1_n_1 | U9/rst                                    |               24 |             32 |         1.33 |
|  U8/Clk_CPU_BUFG      | U1/U2/Regs/register[2][31]_i_1_n_1  | U9/rst                                    |               23 |             32 |         1.39 |
|  U8/Clk_CPU_BUFG      | U1/U2/Regs/register[28][31]_i_1_n_1 | U9/rst                                    |               21 |             32 |         1.52 |
|  U8/Clk_CPU_BUFG      | U1/U2/Regs/register[12][31]_i_1_n_1 | U9/rst                                    |               24 |             32 |         1.33 |
|  U8/Clk_CPU_BUFG      | U1/U2/Regs/register[8][31]_i_1_n_1  | U9/rst                                    |               23 |             32 |         1.39 |
|  U8/Clk_CPU_BUFG      | U1/U2/Regs/register[26][31]_i_1_n_1 | U9/rst                                    |               22 |             32 |         1.45 |
|  U8/Clk_CPU_BUFG      | U1/U2/Regs/register[19][31]_i_1_n_1 | U9/rst                                    |               23 |             32 |         1.39 |
|  U8/Clk_CPU_BUFG      | U1/U2/Regs/register[7][31]_i_1_n_1  | U9/rst                                    |               22 |             32 |         1.45 |
|  U8/Clk_CPU_BUFG      | U1/U2/Regs/register[17][31]_i_1_n_1 | U9/rst                                    |               23 |             32 |         1.39 |
|  U8/Clk_CPU_BUFG      | U1/U2/Regs/register[20][31]_i_1_n_1 | U9/rst                                    |               24 |             32 |         1.33 |
|  U8/Clk_CPU_BUFG      | U1/U2/Regs/register[9][31]_i_1_n_1  | U9/rst                                    |               22 |             32 |         1.45 |
|  U8/clkdiv_BUFG[6]    | U10/counter0[31]                    | U9/rst                                    |               14 |             32 |         2.29 |
|  U8/Clk_CPU_BUFG      | U1/U2/Regs/register[27][31]_i_1_n_1 | U9/rst                                    |               22 |             32 |         1.45 |
|  clk_100mhz_IBUF_BUFG |                                     | U9/rst                                    |                8 |             32 |         4.00 |
|  U8/Clk_CPU_BUFG      | U1/U2/Regs/register[5][31]_i_1_n_1  | U9/rst                                    |               20 |             32 |         1.60 |
|  U8/Clk_CPU_BUFG      | U1/U2/Regs/register                 | U9/rst                                    |               22 |             32 |         1.45 |
|  U8/Clk_CPU_BUFG      | U1/U2/Regs/register[10][31]_i_1_n_1 | U9/rst                                    |               25 |             32 |         1.28 |
|  clk_100mhz_IBUF_BUFG | U9/u1/sw_counter[0]_i_1_n_0         | U9/u1/sw_counter0_carry__0_n_2            |                8 |             32 |         4.00 |
|  U8/clkdiv_BUFG[11]   | U10/counter2[32]_i_1_n_0            | U9/rst                                    |                9 |             33 |         3.67 |
|  U8/clkdiv_BUFG[9]    | U10/counter1[32]_i_1_n_0            | U9/rst                                    |                9 |             33 |         3.67 |
|  U8/Clk_CPU_BUFG      |                                     | U9/rst                                    |               27 |             61 |         2.26 |
+-----------------------+-------------------------------------+-------------------------------------------+------------------+----------------+--------------+


