INFO: [VRFC 10-2263] Analyzing Verilog file "D:/NewwwwwW/ComputerOrg/lab04/Lab04Student/Lab02-IP2SOC-int/Lab02-IP2SOC.gen/sources_1/ip/RAM_B/sim/RAM_B.v" into library xil_defaultlib
INFO: [VRFC 10-311] analyzing module RAM_B
INFO: [VRFC 10-2263] Analyzing Verilog file "D:/NewwwwwW/ComputerOrg/lab04/Lab04Student/Lab02-IP2SOC-int/Lab02-IP2SOC.gen/sources_1/ip/Rom_D_0_2/sim/Rom_D_0.v" into library xil_defaultlib
INFO: [VRFC 10-311] analyzing module Rom_D_0
INFO: [VRFC 10-2263] Analyzing Verilog file "D:/NewwwwwW/ComputerOrg/lab04/Lab04Student/Lab02-IP2SOC-int/ALU.v" into library xil_defaultlib
INFO: [VRFC 10-311] analyzing module ALU
INFO: [VRFC 10-2263] Analyzing Verilog file "D:/NewwwwwW/ComputerOrg/lab04/Lab04Student/Lab02-IP2SOC-int/Lab02-IP2SOC.srcs/sources_1/new/CPU_test.v" into library xil_defaultlib
INFO: [VRFC 10-311] analyzing module CPU_test
INFO: [VRFC 10-2263] Analyzing Verilog file "D:/NewwwwwW/ComputerOrg/lab04/Lab04Student/Lab02-IP2SOC-int/Datapath_int.v" into library xil_defaultlib
INFO: [VRFC 10-311] analyzing module Datapath_int
INFO: [VRFC 10-2263] Analyzing Verilog file "D:/NewwwwwW/ComputerOrg/lab04/Lab04Student/Lab02-IP2SOC-int/ImmGen_more.v" into library xil_defaultlib
INFO: [VRFC 10-311] analyzing module ImmGen_more
INFO: [VRFC 10-2263] Analyzing Verilog file "D:/NewwwwwW/ComputerOrg/lab04/Lab04Student/Lab02-IP2SOC-int/MUX2T1_32.v" into library xil_defaultlib
INFO: [VRFC 10-311] analyzing module MUX2T1_32
INFO: [VRFC 10-2263] Analyzing Verilog file "D:/NewwwwwW/ComputerOrg/lab04/Lab04Student/Lab02-IP2SOC-int/MUX4T1_32.v" into library xil_defaultlib
INFO: [VRFC 10-311] analyzing module MUX4T1_32
INFO: [VRFC 10-2263] Analyzing Verilog file "D:/NewwwwwW/ComputerOrg/lab04/Lab04Student/Lab02-IP2SOC-int/REG32.v" into library xil_defaultlib
INFO: [VRFC 10-311] analyzing module REG32
INFO: [VRFC 10-2263] Analyzing Verilog file "D:/NewwwwwW/ComputerOrg/lab04/Lab04Student/Lab02-IP2SOC-int/Lab02-IP2SOC.srcs/sources_1/new/RV_int.v" into library xil_defaultlib
INFO: [VRFC 10-311] analyzing module RV_int
INFO: [VRFC 10-2263] Analyzing Verilog file "D:/NewwwwwW/ComputerOrg/lab04/Lab04Student/Lab02-IP2SOC-int/Regs.v" into library xil_defaultlib
INFO: [VRFC 10-311] analyzing module Regs
INFO: [VRFC 10-2263] Analyzing Verilog file "D:/NewwwwwW/ComputerOrg/lab04/Lab04Student/Lab02-IP2SOC-int/SCPU_ctrl_int.v" into library xil_defaultlib
INFO: [VRFC 10-311] analyzing module SCPU_ctrl_int
INFO: [VRFC 10-2263] Analyzing Verilog file "D:/NewwwwwW/ComputerOrg/lab04/Lab04Student/Lab02-IP2SOC-int/SOC_int.v" into library xil_defaultlib
INFO: [VRFC 10-311] analyzing module SOC_int
INFO: [VRFC 10-2263] Analyzing Verilog file "D:/NewwwwwW/ComputerOrg/lab04/Lab04Student/Lab02-IP2SOC-int/add32.v" into library xil_defaultlib
INFO: [VRFC 10-311] analyzing module add32
INFO: [VRFC 10-2263] Analyzing Verilog file "D:/NewwwwwW/ComputerOrg/lab04/Lab04Student/Lab02-IP2SOC-int/Lab02-IP2SOC.srcs/sim_1/new/TB.v" into library xil_defaultlib
INFO: [VRFC 10-311] analyzing module TB
