Copyright 1986-2022 Xilinx, Inc. All Rights Reserved. Copyright 2022-2023 Advanced Micro Devices, Inc. All Rights Reserved.
------------------------------------------------------------------------------------------------------------------------------------------------------------------------------------------------------------
| Tool Version : Vivado v.2023.2 (win64) Build 4029153 Fri Oct 13 20:14:34 MDT 2023
| Date         : Wed Nov 27 20:15:01 2024
| Host         : TomChang running 64-bit major release  (build 9200)
| Command      : report_timing_summary -max_paths 10 -report_unconstrained -file CSSTE_timing_summary_routed.rpt -pb CSSTE_timing_summary_routed.pb -rpx CSSTE_timing_summary_routed.rpx -warn_on_violation
| Design       : CSSTE
| Device       : 7a100t-csg324
| Speed File   : -1  PRODUCTION 1.23 2018-06-13
| Design State : Routed
------------------------------------------------------------------------------------------------------------------------------------------------------------------------------------------------------------

Timing Summary Report

------------------------------------------------------------------------------------------------
| Timer Settings
| --------------
------------------------------------------------------------------------------------------------

  Enable Multi Corner Analysis               :  Yes
  Enable Pessimism Removal                   :  Yes
  Pessimism Removal Resolution               :  Nearest Common Node
  Enable Input Delay Default Clock           :  No
  Enable Preset / Clear Arcs                 :  No
  Disable Flight Delays                      :  No
  Ignore I/O Paths                           :  No
  Timing Early Launch at Borrowing Latches   :  No
  Borrow Time for Max Delay Exceptions       :  Yes
  Merge Timing Exceptions                    :  Yes
  Inter-SLR Compensation                     :  Conservative

  Corner  Analyze    Analyze    
  Name    Max Paths  Min Paths  
  ------  ---------  ---------  
  Slow    Yes        Yes        
  Fast    Yes        Yes        


------------------------------------------------------------------------------------------------
| Report Methodology
| ------------------
------------------------------------------------------------------------------------------------

Rule       Severity          Description                  Violations  
---------  ----------------  ---------------------------  ----------  
TIMING-17  Critical Warning  Non-clocked sequential cell  1000        

Note: This report is based on the most recent report_methodology run and may not be up-to-date. Run report_methodology on the current design for the latest report.



check_timing report

Table of Contents
-----------------
1. checking no_clock (9181)
2. checking constant_clock (0)
3. checking pulse_width_clock (0)
4. checking unconstrained_internal_endpoints (9917)
5. checking no_input_delay (17)
6. checking no_output_delay (46)
7. checking multiple_clock (0)
8. checking generated_clocks (0)
9. checking loops (0)
10. checking partial_input_delay (0)
11. checking partial_output_delay (0)
12. checking latch_loops (0)

1. checking no_clock (9181)
---------------------------
 There are 749 register/latch pins with no clock driven by root clock pin: clk_100mhz (HIGH)

 There are 35 register/latch pins with no clock driven by root clock pin: U8/clkdiv_reg[11]/Q (HIGH)

 There are 22 register/latch pins with no clock driven by root clock pin: U8/clkdiv_reg[1]/Q (HIGH)

 There are 1661 register/latch pins with no clock driven by root clock pin: U8/clkdiv_reg[24]/Q (HIGH)

 There are 1661 register/latch pins with no clock driven by root clock pin: U8/clkdiv_reg[2]/Q (HIGH)

 There are 35 register/latch pins with no clock driven by root clock pin: U8/clkdiv_reg[6]/Q (HIGH)

 There are 35 register/latch pins with no clock driven by root clock pin: U8/clkdiv_reg[9]/Q (HIGH)

 There are 1661 register/latch pins with no clock driven by root clock pin: U9/u1/sw_reg[10]/Q (HIGH)

 There are 1661 register/latch pins with no clock driven by root clock pin: U9/u1/sw_reg[2]/Q (HIGH)

 There are 1661 register/latch pins with no clock driven by root clock pin: U9/u1/sw_reg[8]/Q (HIGH)


2. checking constant_clock (0)
------------------------------
 There are 0 register/latch pins with constant_clock.


3. checking pulse_width_clock (0)
---------------------------------
 There are 0 register/latch pins which need pulse_width check


4. checking unconstrained_internal_endpoints (9917)
---------------------------------------------------
 There are 9917 pins that are not constrained for maximum delay. (HIGH)

 There are 0 pins that are not constrained for maximum delay due to constant clock.


5. checking no_input_delay (17)
-------------------------------
 There are 17 input ports with no input delay specified. (HIGH)

 There are 0 input ports with no input delay but user has a false path constraint.


6. checking no_output_delay (46)
--------------------------------
 There are 46 ports with no output delay specified. (HIGH)

 There are 0 ports with no output delay but user has a false path constraint

 There are 0 ports with no output delay but with a timing clock defined on it or propagating through it


7. checking multiple_clock (0)
------------------------------
 There are 0 register/latch pins with multiple clocks.


8. checking generated_clocks (0)
--------------------------------
 There are 0 generated clocks that are not connected to a clock source.


9. checking loops (0)
---------------------
 There are 0 combinational loops in the design.


10. checking partial_input_delay (0)
------------------------------------
 There are 0 input ports with partial input delay specified.


11. checking partial_output_delay (0)
-------------------------------------
 There are 0 ports with partial output delay specified.


12. checking latch_loops (0)
----------------------------
 There are 0 combinational latch loops in the design through latch input



------------------------------------------------------------------------------------------------
| Design Timing Summary
| ---------------------
------------------------------------------------------------------------------------------------

    WNS(ns)      TNS(ns)  TNS Failing Endpoints  TNS Total Endpoints      WHS(ns)      THS(ns)  THS Failing Endpoints  THS Total Endpoints     WPWS(ns)     TPWS(ns)  TPWS Failing Endpoints  TPWS Total Endpoints  
    -------      -------  ---------------------  -------------------      -------      -------  ---------------------  -------------------     --------     --------  ----------------------  --------------------  
        inf        0.000                      0                 9963          inf        0.000                      0                 9963           NA           NA                      NA                    NA  


There are no user specified timing constraints.


------------------------------------------------------------------------------------------------
| Clock Summary
| -------------
------------------------------------------------------------------------------------------------


------------------------------------------------------------------------------------------------
| Intra Clock Table
| -----------------
------------------------------------------------------------------------------------------------

Clock             WNS(ns)      TNS(ns)  TNS Failing Endpoints  TNS Total Endpoints      WHS(ns)      THS(ns)  THS Failing Endpoints  THS Total Endpoints     WPWS(ns)     TPWS(ns)  TPWS Failing Endpoints  TPWS Total Endpoints  
-----             -------      -------  ---------------------  -------------------      -------      -------  ---------------------  -------------------     --------     --------  ----------------------  --------------------  


------------------------------------------------------------------------------------------------
| Inter Clock Table
| -----------------
------------------------------------------------------------------------------------------------

From Clock    To Clock          WNS(ns)      TNS(ns)  TNS Failing Endpoints  TNS Total Endpoints      WHS(ns)      THS(ns)  THS Failing Endpoints  THS Total Endpoints  
----------    --------          -------      -------  ---------------------  -------------------      -------      -------  ---------------------  -------------------  


------------------------------------------------------------------------------------------------
| Other Path Groups Table
| -----------------------
------------------------------------------------------------------------------------------------

Path Group    From Clock    To Clock          WNS(ns)      TNS(ns)  TNS Failing Endpoints  TNS Total Endpoints      WHS(ns)      THS(ns)  THS Failing Endpoints  THS Total Endpoints  
----------    ----------    --------          -------      -------  ---------------------  -------------------      -------      -------  ---------------------  -------------------  


------------------------------------------------------------------------------------------------
| User Ignored Path Table
| -----------------------
------------------------------------------------------------------------------------------------

Path Group    From Clock    To Clock    
----------    ----------    --------    


------------------------------------------------------------------------------------------------
| Unconstrained Path Table
| ------------------------
------------------------------------------------------------------------------------------------

Path Group    From Clock    To Clock    
----------    ----------    --------    
(none)                                    


------------------------------------------------------------------------------------------------
| Timing Details
| --------------
------------------------------------------------------------------------------------------------


--------------------------------------------------------------------------------------
Path Group:  (none)
From Clock:  
  To Clock:  

Max Delay          9963 Endpoints
Min Delay          9963 Endpoints
--------------------------------------------------------------------------------------


Max Delay Paths
--------------------------------------------------------------------------------------
Slack:                    inf
  Source:                 U11/vga_controller/v_count_reg[1]/C
                            (rising edge-triggered cell FDRE)
  Destination:            Green[0]
                            (output port)
  Path Group:             (none)
  Path Type:              Max at Slow Process Corner
  Data Path Delay:        37.692ns  (logic 8.604ns (22.828%)  route 29.088ns (77.172%))
  Logic Levels:           23  (CARRY4=3 FDRE=1 LUT2=2 LUT3=1 LUT5=3 LUT6=5 MUXF7=3 MUXF8=3 OBUF=1 RAMD64E=1)

    Location             Delay type                Incr(ns)  Path(ns)    Netlist Resource(s)
  -------------------------------------------------------------------    -------------------
    SLICE_X6Y75          FDRE                         0.000     0.000 r  U11/vga_controller/v_count_reg[1]/C
    SLICE_X6Y75          FDRE (Prop_fdre_C_Q)         0.518     0.518 f  U11/vga_controller/v_count_reg[1]/Q
                         net (fo=39, routed)          2.060     2.578    U11/vga_controller/v_count_reg_n_0_[1]
    SLICE_X10Y75         LUT5 (Prop_lut5_I2_O)        0.124     2.702 f  U11/vga_controller/display_data_reg_0_63_0_2_i_41/O
                         net (fo=7, routed)           0.714     3.416    U11/vga_controller/display_data_reg_0_63_0_2_i_41_n_0
    SLICE_X10Y75         LUT5 (Prop_lut5_I3_O)        0.124     3.540 f  U11/vga_controller/Blue_OBUF[3]_inst_i_7/O
                         net (fo=23, routed)          0.548     4.089    U11/vga_controller/Blue_OBUF[3]_inst_i_7_n_0
    SLICE_X8Y74          LUT5 (Prop_lut5_I0_O)        0.124     4.213 r  U11/vga_controller/Blue_OBUF[3]_inst_i_2/O
                         net (fo=48, routed)          1.034     5.247    U11/vga_controller/h_count_reg[7]_0
    SLICE_X10Y72         LUT3 (Prop_lut3_I0_O)        0.124     5.371 r  U11/vga_controller/display_data_reg_0_63_0_2_i_21/O
                         net (fo=1, routed)           0.000     5.371    U11/vga_controller/display_data_reg_0_63_0_2_i_21_n_0
    SLICE_X10Y72         CARRY4 (Prop_carry4_S[0]_O[0])
                                                      0.252     5.623 r  U11/vga_controller/display_data_reg_0_63_0_2_i_5/O[0]
                         net (fo=446, routed)         5.121    10.744    U11/vga_display/display_data_reg_256_319_0_2/ADDRA3
    SLICE_X6Y50          RAMD64E (Prop_ramd64e_RADR3_O)
                                                      0.295    11.039 r  U11/vga_display/display_data_reg_256_319_0_2/RAMA/O
                         net (fo=1, routed)           1.311    12.350    U11/vga_display/display_data_reg_256_319_0_2_n_0
    SLICE_X7Y54          LUT6 (Prop_lut6_I5_O)        0.124    12.474 r  U11/vga_display/text_ascii_carry_i_128/O
                         net (fo=1, routed)           0.000    12.474    U11/vga_display/text_ascii_carry_i_128_n_0
    SLICE_X7Y54          MUXF7 (Prop_muxf7_I1_O)      0.245    12.719 r  U11/vga_display/text_ascii_carry_i_64/O
                         net (fo=1, routed)           0.000    12.719    U11/vga_display/text_ascii_carry_i_64_n_0
    SLICE_X7Y54          MUXF8 (Prop_muxf8_I0_O)      0.104    12.823 r  U11/vga_display/text_ascii_carry_i_26/O
                         net (fo=1, routed)           1.402    14.224    U11/vga_display/text_ascii_carry_i_26_n_0
    SLICE_X11Y62         LUT6 (Prop_lut6_I5_O)        0.316    14.540 r  U11/vga_display/text_ascii_carry_i_4/O
                         net (fo=2, routed)           1.166    15.706    U11/vga_display/text_ascii0[0]
    SLICE_X11Y70         LUT2 (Prop_lut2_I0_O)        0.124    15.830 r  U11/vga_display/text_ascii_carry_i_8/O
                         net (fo=1, routed)           0.000    15.830    U11/vga_display/text_ascii_carry_i_8_n_0
    SLICE_X11Y70         CARRY4 (Prop_carry4_S[0]_O[1])
                                                      0.424    16.254 r  U11/vga_display/text_ascii_carry/O[1]
                         net (fo=2, routed)           0.656    16.910    U11/vga_display/font_addr0[1]
    SLICE_X11Y72         LUT2 (Prop_lut2_I0_O)        0.303    17.213 r  U11/vga_display/Blue_OBUF[3]_inst_i_70/O
                         net (fo=1, routed)           0.000    17.213    U11/vga_display/Blue_OBUF[3]_inst_i_70_n_0
    SLICE_X11Y72         CARRY4 (Prop_carry4_S[2]_O[2])
                                                      0.248    17.461 r  U11/vga_display/Blue_OBUF[3]_inst_i_29/O[2]
                         net (fo=199, routed)         5.258    22.719    U11/vga_display/Blue_OBUF[3]_inst_i_31_0[2]
    SLICE_X14Y78         MUXF7 (Prop_muxf7_S_O)       0.470    23.189 r  U11/vga_display/Blue_OBUF[3]_inst_i_407/O
                         net (fo=1, routed)           0.000    23.189    U11/vga_display/Blue_OBUF[3]_inst_i_407_n_0
    SLICE_X14Y78         MUXF8 (Prop_muxf8_I1_O)      0.088    23.277 r  U11/vga_display/Blue_OBUF[3]_inst_i_168/O
                         net (fo=1, routed)           0.933    24.211    U11/vga_display/Blue_OBUF[3]_inst_i_168_n_0
    SLICE_X12Y78         LUT6 (Prop_lut6_I3_O)        0.319    24.530 r  U11/vga_display/Blue_OBUF[3]_inst_i_63/O
                         net (fo=1, routed)           0.000    24.530    U11/vga_display/Blue_OBUF[3]_inst_i_63_n_0
    SLICE_X12Y78         MUXF7 (Prop_muxf7_I0_O)      0.209    24.739 r  U11/vga_display/Blue_OBUF[3]_inst_i_26/O
                         net (fo=1, routed)           0.000    24.739    U11/vga_display/Blue_OBUF[3]_inst_i_26_n_0
    SLICE_X12Y78         MUXF8 (Prop_muxf8_I1_O)      0.088    24.827 r  U11/vga_display/Blue_OBUF[3]_inst_i_9/O
                         net (fo=1, routed)           0.930    25.757    U11/vga_display/font_data[4]
    SLICE_X4Y78          LUT6 (Prop_lut6_I0_O)        0.319    26.076 r  U11/vga_display/Blue_OBUF[3]_inst_i_3/O
                         net (fo=1, routed)           0.655    26.731    U11/vga_display/Blue_OBUF[3]_inst_i_3_n_0
    SLICE_X6Y79          LUT6 (Prop_lut6_I1_O)        0.124    26.855 r  U11/vga_display/Blue_OBUF[3]_inst_i_1/O
                         net (fo=12, routed)          7.299    34.154    Red_OBUF[0]
    C6                   OBUF (Prop_obuf_I_O)         3.538    37.692 r  Green_OBUF[0]_inst/O
                         net (fo=0)                   0.000    37.692    Green[0]
    C6                                                                r  Green[0] (OUT)
  -------------------------------------------------------------------    -------------------

Slack:                    inf
  Source:                 U11/vga_controller/v_count_reg[1]/C
                            (rising edge-triggered cell FDRE)
  Destination:            Red[2]
                            (output port)
  Path Group:             (none)
  Path Type:              Max at Slow Process Corner
  Data Path Delay:        37.548ns  (logic 8.601ns (22.907%)  route 28.947ns (77.093%))
  Logic Levels:           23  (CARRY4=3 FDRE=1 LUT2=2 LUT3=1 LUT5=3 LUT6=5 MUXF7=3 MUXF8=3 OBUF=1 RAMD64E=1)

    Location             Delay type                Incr(ns)  Path(ns)    Netlist Resource(s)
  -------------------------------------------------------------------    -------------------
    SLICE_X6Y75          FDRE                         0.000     0.000 r  U11/vga_controller/v_count_reg[1]/C
    SLICE_X6Y75          FDRE (Prop_fdre_C_Q)         0.518     0.518 f  U11/vga_controller/v_count_reg[1]/Q
                         net (fo=39, routed)          2.060     2.578    U11/vga_controller/v_count_reg_n_0_[1]
    SLICE_X10Y75         LUT5 (Prop_lut5_I2_O)        0.124     2.702 f  U11/vga_controller/display_data_reg_0_63_0_2_i_41/O
                         net (fo=7, routed)           0.714     3.416    U11/vga_controller/display_data_reg_0_63_0_2_i_41_n_0
    SLICE_X10Y75         LUT5 (Prop_lut5_I3_O)        0.124     3.540 f  U11/vga_controller/Blue_OBUF[3]_inst_i_7/O
                         net (fo=23, routed)          0.548     4.089    U11/vga_controller/Blue_OBUF[3]_inst_i_7_n_0
    SLICE_X8Y74          LUT5 (Prop_lut5_I0_O)        0.124     4.213 r  U11/vga_controller/Blue_OBUF[3]_inst_i_2/O
                         net (fo=48, routed)          1.034     5.247    U11/vga_controller/h_count_reg[7]_0
    SLICE_X10Y72         LUT3 (Prop_lut3_I0_O)        0.124     5.371 r  U11/vga_controller/display_data_reg_0_63_0_2_i_21/O
                         net (fo=1, routed)           0.000     5.371    U11/vga_controller/display_data_reg_0_63_0_2_i_21_n_0
    SLICE_X10Y72         CARRY4 (Prop_carry4_S[0]_O[0])
                                                      0.252     5.623 r  U11/vga_controller/display_data_reg_0_63_0_2_i_5/O[0]
                         net (fo=446, routed)         5.121    10.744    U11/vga_display/display_data_reg_256_319_0_2/ADDRA3
    SLICE_X6Y50          RAMD64E (Prop_ramd64e_RADR3_O)
                                                      0.295    11.039 r  U11/vga_display/display_data_reg_256_319_0_2/RAMA/O
                         net (fo=1, routed)           1.311    12.350    U11/vga_display/display_data_reg_256_319_0_2_n_0
    SLICE_X7Y54          LUT6 (Prop_lut6_I5_O)        0.124    12.474 r  U11/vga_display/text_ascii_carry_i_128/O
                         net (fo=1, routed)           0.000    12.474    U11/vga_display/text_ascii_carry_i_128_n_0
    SLICE_X7Y54          MUXF7 (Prop_muxf7_I1_O)      0.245    12.719 r  U11/vga_display/text_ascii_carry_i_64/O
                         net (fo=1, routed)           0.000    12.719    U11/vga_display/text_ascii_carry_i_64_n_0
    SLICE_X7Y54          MUXF8 (Prop_muxf8_I0_O)      0.104    12.823 r  U11/vga_display/text_ascii_carry_i_26/O
                         net (fo=1, routed)           1.402    14.224    U11/vga_display/text_ascii_carry_i_26_n_0
    SLICE_X11Y62         LUT6 (Prop_lut6_I5_O)        0.316    14.540 r  U11/vga_display/text_ascii_carry_i_4/O
                         net (fo=2, routed)           1.166    15.706    U11/vga_display/text_ascii0[0]
    SLICE_X11Y70         LUT2 (Prop_lut2_I0_O)        0.124    15.830 r  U11/vga_display/text_ascii_carry_i_8/O
                         net (fo=1, routed)           0.000    15.830    U11/vga_display/text_ascii_carry_i_8_n_0
    SLICE_X11Y70         CARRY4 (Prop_carry4_S[0]_O[1])
                                                      0.424    16.254 r  U11/vga_display/text_ascii_carry/O[1]
                         net (fo=2, routed)           0.656    16.910    U11/vga_display/font_addr0[1]
    SLICE_X11Y72         LUT2 (Prop_lut2_I0_O)        0.303    17.213 r  U11/vga_display/Blue_OBUF[3]_inst_i_70/O
                         net (fo=1, routed)           0.000    17.213    U11/vga_display/Blue_OBUF[3]_inst_i_70_n_0
    SLICE_X11Y72         CARRY4 (Prop_carry4_S[2]_O[2])
                                                      0.248    17.461 r  U11/vga_display/Blue_OBUF[3]_inst_i_29/O[2]
                         net (fo=199, routed)         5.258    22.719    U11/vga_display/Blue_OBUF[3]_inst_i_31_0[2]
    SLICE_X14Y78         MUXF7 (Prop_muxf7_S_O)       0.470    23.189 r  U11/vga_display/Blue_OBUF[3]_inst_i_407/O
                         net (fo=1, routed)           0.000    23.189    U11/vga_display/Blue_OBUF[3]_inst_i_407_n_0
    SLICE_X14Y78         MUXF8 (Prop_muxf8_I1_O)      0.088    23.277 r  U11/vga_display/Blue_OBUF[3]_inst_i_168/O
                         net (fo=1, routed)           0.933    24.211    U11/vga_display/Blue_OBUF[3]_inst_i_168_n_0
    SLICE_X12Y78         LUT6 (Prop_lut6_I3_O)        0.319    24.530 r  U11/vga_display/Blue_OBUF[3]_inst_i_63/O
                         net (fo=1, routed)           0.000    24.530    U11/vga_display/Blue_OBUF[3]_inst_i_63_n_0
    SLICE_X12Y78         MUXF7 (Prop_muxf7_I0_O)      0.209    24.739 r  U11/vga_display/Blue_OBUF[3]_inst_i_26/O
                         net (fo=1, routed)           0.000    24.739    U11/vga_display/Blue_OBUF[3]_inst_i_26_n_0
    SLICE_X12Y78         MUXF8 (Prop_muxf8_I1_O)      0.088    24.827 r  U11/vga_display/Blue_OBUF[3]_inst_i_9/O
                         net (fo=1, routed)           0.930    25.757    U11/vga_display/font_data[4]
    SLICE_X4Y78          LUT6 (Prop_lut6_I0_O)        0.319    26.076 r  U11/vga_display/Blue_OBUF[3]_inst_i_3/O
                         net (fo=1, routed)           0.655    26.731    U11/vga_display/Blue_OBUF[3]_inst_i_3_n_0
    SLICE_X6Y79          LUT6 (Prop_lut6_I1_O)        0.124    26.855 r  U11/vga_display/Blue_OBUF[3]_inst_i_1/O
                         net (fo=12, routed)          7.158    34.013    Red_OBUF[0]
    C5                   OBUF (Prop_obuf_I_O)         3.535    37.548 r  Red_OBUF[2]_inst/O
                         net (fo=0)                   0.000    37.548    Red[2]
    C5                                                                r  Red[2] (OUT)
  -------------------------------------------------------------------    -------------------

Slack:                    inf
  Source:                 U11/vga_controller/v_count_reg[1]/C
                            (rising edge-triggered cell FDRE)
  Destination:            Blue[0]
                            (output port)
  Path Group:             (none)
  Path Type:              Max at Slow Process Corner
  Data Path Delay:        37.409ns  (logic 8.613ns (23.024%)  route 28.796ns (76.976%))
  Logic Levels:           23  (CARRY4=3 FDRE=1 LUT2=2 LUT3=1 LUT5=3 LUT6=5 MUXF7=3 MUXF8=3 OBUF=1 RAMD64E=1)

    Location             Delay type                Incr(ns)  Path(ns)    Netlist Resource(s)
  -------------------------------------------------------------------    -------------------
    SLICE_X6Y75          FDRE                         0.000     0.000 r  U11/vga_controller/v_count_reg[1]/C
    SLICE_X6Y75          FDRE (Prop_fdre_C_Q)         0.518     0.518 f  U11/vga_controller/v_count_reg[1]/Q
                         net (fo=39, routed)          2.060     2.578    U11/vga_controller/v_count_reg_n_0_[1]
    SLICE_X10Y75         LUT5 (Prop_lut5_I2_O)        0.124     2.702 f  U11/vga_controller/display_data_reg_0_63_0_2_i_41/O
                         net (fo=7, routed)           0.714     3.416    U11/vga_controller/display_data_reg_0_63_0_2_i_41_n_0
    SLICE_X10Y75         LUT5 (Prop_lut5_I3_O)        0.124     3.540 f  U11/vga_controller/Blue_OBUF[3]_inst_i_7/O
                         net (fo=23, routed)          0.548     4.089    U11/vga_controller/Blue_OBUF[3]_inst_i_7_n_0
    SLICE_X8Y74          LUT5 (Prop_lut5_I0_O)        0.124     4.213 r  U11/vga_controller/Blue_OBUF[3]_inst_i_2/O
                         net (fo=48, routed)          1.034     5.247    U11/vga_controller/h_count_reg[7]_0
    SLICE_X10Y72         LUT3 (Prop_lut3_I0_O)        0.124     5.371 r  U11/vga_controller/display_data_reg_0_63_0_2_i_21/O
                         net (fo=1, routed)           0.000     5.371    U11/vga_controller/display_data_reg_0_63_0_2_i_21_n_0
    SLICE_X10Y72         CARRY4 (Prop_carry4_S[0]_O[0])
                                                      0.252     5.623 r  U11/vga_controller/display_data_reg_0_63_0_2_i_5/O[0]
                         net (fo=446, routed)         5.121    10.744    U11/vga_display/display_data_reg_256_319_0_2/ADDRA3
    SLICE_X6Y50          RAMD64E (Prop_ramd64e_RADR3_O)
                                                      0.295    11.039 r  U11/vga_display/display_data_reg_256_319_0_2/RAMA/O
                         net (fo=1, routed)           1.311    12.350    U11/vga_display/display_data_reg_256_319_0_2_n_0
    SLICE_X7Y54          LUT6 (Prop_lut6_I5_O)        0.124    12.474 r  U11/vga_display/text_ascii_carry_i_128/O
                         net (fo=1, routed)           0.000    12.474    U11/vga_display/text_ascii_carry_i_128_n_0
    SLICE_X7Y54          MUXF7 (Prop_muxf7_I1_O)      0.245    12.719 r  U11/vga_display/text_ascii_carry_i_64/O
                         net (fo=1, routed)           0.000    12.719    U11/vga_display/text_ascii_carry_i_64_n_0
    SLICE_X7Y54          MUXF8 (Prop_muxf8_I0_O)      0.104    12.823 r  U11/vga_display/text_ascii_carry_i_26/O
                         net (fo=1, routed)           1.402    14.224    U11/vga_display/text_ascii_carry_i_26_n_0
    SLICE_X11Y62         LUT6 (Prop_lut6_I5_O)        0.316    14.540 r  U11/vga_display/text_ascii_carry_i_4/O
                         net (fo=2, routed)           1.166    15.706    U11/vga_display/text_ascii0[0]
    SLICE_X11Y70         LUT2 (Prop_lut2_I0_O)        0.124    15.830 r  U11/vga_display/text_ascii_carry_i_8/O
                         net (fo=1, routed)           0.000    15.830    U11/vga_display/text_ascii_carry_i_8_n_0
    SLICE_X11Y70         CARRY4 (Prop_carry4_S[0]_O[1])
                                                      0.424    16.254 r  U11/vga_display/text_ascii_carry/O[1]
                         net (fo=2, routed)           0.656    16.910    U11/vga_display/font_addr0[1]
    SLICE_X11Y72         LUT2 (Prop_lut2_I0_O)        0.303    17.213 r  U11/vga_display/Blue_OBUF[3]_inst_i_70/O
                         net (fo=1, routed)           0.000    17.213    U11/vga_display/Blue_OBUF[3]_inst_i_70_n_0
    SLICE_X11Y72         CARRY4 (Prop_carry4_S[2]_O[2])
                                                      0.248    17.461 r  U11/vga_display/Blue_OBUF[3]_inst_i_29/O[2]
                         net (fo=199, routed)         5.258    22.719    U11/vga_display/Blue_OBUF[3]_inst_i_31_0[2]
    SLICE_X14Y78         MUXF7 (Prop_muxf7_S_O)       0.470    23.189 r  U11/vga_display/Blue_OBUF[3]_inst_i_407/O
                         net (fo=1, routed)           0.000    23.189    U11/vga_display/Blue_OBUF[3]_inst_i_407_n_0
    SLICE_X14Y78         MUXF8 (Prop_muxf8_I1_O)      0.088    23.277 r  U11/vga_display/Blue_OBUF[3]_inst_i_168/O
                         net (fo=1, routed)           0.933    24.211    U11/vga_display/Blue_OBUF[3]_inst_i_168_n_0
    SLICE_X12Y78         LUT6 (Prop_lut6_I3_O)        0.319    24.530 r  U11/vga_display/Blue_OBUF[3]_inst_i_63/O
                         net (fo=1, routed)           0.000    24.530    U11/vga_display/Blue_OBUF[3]_inst_i_63_n_0
    SLICE_X12Y78         MUXF7 (Prop_muxf7_I0_O)      0.209    24.739 r  U11/vga_display/Blue_OBUF[3]_inst_i_26/O
                         net (fo=1, routed)           0.000    24.739    U11/vga_display/Blue_OBUF[3]_inst_i_26_n_0
    SLICE_X12Y78         MUXF8 (Prop_muxf8_I1_O)      0.088    24.827 r  U11/vga_display/Blue_OBUF[3]_inst_i_9/O
                         net (fo=1, routed)           0.930    25.757    U11/vga_display/font_data[4]
    SLICE_X4Y78          LUT6 (Prop_lut6_I0_O)        0.319    26.076 r  U11/vga_display/Blue_OBUF[3]_inst_i_3/O
                         net (fo=1, routed)           0.655    26.731    U11/vga_display/Blue_OBUF[3]_inst_i_3_n_0
    SLICE_X6Y79          LUT6 (Prop_lut6_I1_O)        0.124    26.855 r  U11/vga_display/Blue_OBUF[3]_inst_i_1/O
                         net (fo=12, routed)          7.007    33.862    Red_OBUF[0]
    B7                   OBUF (Prop_obuf_I_O)         3.547    37.409 r  Blue_OBUF[0]_inst/O
                         net (fo=0)                   0.000    37.409    Blue[0]
    B7                                                                r  Blue[0] (OUT)
  -------------------------------------------------------------------    -------------------

Slack:                    inf
  Source:                 U11/vga_controller/v_count_reg[1]/C
                            (rising edge-triggered cell FDRE)
  Destination:            Green[2]
                            (output port)
  Path Group:             (none)
  Path Type:              Max at Slow Process Corner
  Data Path Delay:        37.257ns  (logic 8.612ns (23.116%)  route 28.645ns (76.884%))
  Logic Levels:           23  (CARRY4=3 FDRE=1 LUT2=2 LUT3=1 LUT5=3 LUT6=5 MUXF7=3 MUXF8=3 OBUF=1 RAMD64E=1)

    Location             Delay type                Incr(ns)  Path(ns)    Netlist Resource(s)
  -------------------------------------------------------------------    -------------------
    SLICE_X6Y75          FDRE                         0.000     0.000 r  U11/vga_controller/v_count_reg[1]/C
    SLICE_X6Y75          FDRE (Prop_fdre_C_Q)         0.518     0.518 f  U11/vga_controller/v_count_reg[1]/Q
                         net (fo=39, routed)          2.060     2.578    U11/vga_controller/v_count_reg_n_0_[1]
    SLICE_X10Y75         LUT5 (Prop_lut5_I2_O)        0.124     2.702 f  U11/vga_controller/display_data_reg_0_63_0_2_i_41/O
                         net (fo=7, routed)           0.714     3.416    U11/vga_controller/display_data_reg_0_63_0_2_i_41_n_0
    SLICE_X10Y75         LUT5 (Prop_lut5_I3_O)        0.124     3.540 f  U11/vga_controller/Blue_OBUF[3]_inst_i_7/O
                         net (fo=23, routed)          0.548     4.089    U11/vga_controller/Blue_OBUF[3]_inst_i_7_n_0
    SLICE_X8Y74          LUT5 (Prop_lut5_I0_O)        0.124     4.213 r  U11/vga_controller/Blue_OBUF[3]_inst_i_2/O
                         net (fo=48, routed)          1.034     5.247    U11/vga_controller/h_count_reg[7]_0
    SLICE_X10Y72         LUT3 (Prop_lut3_I0_O)        0.124     5.371 r  U11/vga_controller/display_data_reg_0_63_0_2_i_21/O
                         net (fo=1, routed)           0.000     5.371    U11/vga_controller/display_data_reg_0_63_0_2_i_21_n_0
    SLICE_X10Y72         CARRY4 (Prop_carry4_S[0]_O[0])
                                                      0.252     5.623 r  U11/vga_controller/display_data_reg_0_63_0_2_i_5/O[0]
                         net (fo=446, routed)         5.121    10.744    U11/vga_display/display_data_reg_256_319_0_2/ADDRA3
    SLICE_X6Y50          RAMD64E (Prop_ramd64e_RADR3_O)
                                                      0.295    11.039 r  U11/vga_display/display_data_reg_256_319_0_2/RAMA/O
                         net (fo=1, routed)           1.311    12.350    U11/vga_display/display_data_reg_256_319_0_2_n_0
    SLICE_X7Y54          LUT6 (Prop_lut6_I5_O)        0.124    12.474 r  U11/vga_display/text_ascii_carry_i_128/O
                         net (fo=1, routed)           0.000    12.474    U11/vga_display/text_ascii_carry_i_128_n_0
    SLICE_X7Y54          MUXF7 (Prop_muxf7_I1_O)      0.245    12.719 r  U11/vga_display/text_ascii_carry_i_64/O
                         net (fo=1, routed)           0.000    12.719    U11/vga_display/text_ascii_carry_i_64_n_0
    SLICE_X7Y54          MUXF8 (Prop_muxf8_I0_O)      0.104    12.823 r  U11/vga_display/text_ascii_carry_i_26/O
                         net (fo=1, routed)           1.402    14.224    U11/vga_display/text_ascii_carry_i_26_n_0
    SLICE_X11Y62         LUT6 (Prop_lut6_I5_O)        0.316    14.540 r  U11/vga_display/text_ascii_carry_i_4/O
                         net (fo=2, routed)           1.166    15.706    U11/vga_display/text_ascii0[0]
    SLICE_X11Y70         LUT2 (Prop_lut2_I0_O)        0.124    15.830 r  U11/vga_display/text_ascii_carry_i_8/O
                         net (fo=1, routed)           0.000    15.830    U11/vga_display/text_ascii_carry_i_8_n_0
    SLICE_X11Y70         CARRY4 (Prop_carry4_S[0]_O[1])
                                                      0.424    16.254 r  U11/vga_display/text_ascii_carry/O[1]
                         net (fo=2, routed)           0.656    16.910    U11/vga_display/font_addr0[1]
    SLICE_X11Y72         LUT2 (Prop_lut2_I0_O)        0.303    17.213 r  U11/vga_display/Blue_OBUF[3]_inst_i_70/O
                         net (fo=1, routed)           0.000    17.213    U11/vga_display/Blue_OBUF[3]_inst_i_70_n_0
    SLICE_X11Y72         CARRY4 (Prop_carry4_S[2]_O[2])
                                                      0.248    17.461 r  U11/vga_display/Blue_OBUF[3]_inst_i_29/O[2]
                         net (fo=199, routed)         5.258    22.719    U11/vga_display/Blue_OBUF[3]_inst_i_31_0[2]
    SLICE_X14Y78         MUXF7 (Prop_muxf7_S_O)       0.470    23.189 r  U11/vga_display/Blue_OBUF[3]_inst_i_407/O
                         net (fo=1, routed)           0.000    23.189    U11/vga_display/Blue_OBUF[3]_inst_i_407_n_0
    SLICE_X14Y78         MUXF8 (Prop_muxf8_I1_O)      0.088    23.277 r  U11/vga_display/Blue_OBUF[3]_inst_i_168/O
                         net (fo=1, routed)           0.933    24.211    U11/vga_display/Blue_OBUF[3]_inst_i_168_n_0
    SLICE_X12Y78         LUT6 (Prop_lut6_I3_O)        0.319    24.530 r  U11/vga_display/Blue_OBUF[3]_inst_i_63/O
                         net (fo=1, routed)           0.000    24.530    U11/vga_display/Blue_OBUF[3]_inst_i_63_n_0
    SLICE_X12Y78         MUXF7 (Prop_muxf7_I0_O)      0.209    24.739 r  U11/vga_display/Blue_OBUF[3]_inst_i_26/O
                         net (fo=1, routed)           0.000    24.739    U11/vga_display/Blue_OBUF[3]_inst_i_26_n_0
    SLICE_X12Y78         MUXF8 (Prop_muxf8_I1_O)      0.088    24.827 r  U11/vga_display/Blue_OBUF[3]_inst_i_9/O
                         net (fo=1, routed)           0.930    25.757    U11/vga_display/font_data[4]
    SLICE_X4Y78          LUT6 (Prop_lut6_I0_O)        0.319    26.076 r  U11/vga_display/Blue_OBUF[3]_inst_i_3/O
                         net (fo=1, routed)           0.655    26.731    U11/vga_display/Blue_OBUF[3]_inst_i_3_n_0
    SLICE_X6Y79          LUT6 (Prop_lut6_I1_O)        0.124    26.855 r  U11/vga_display/Blue_OBUF[3]_inst_i_1/O
                         net (fo=12, routed)          6.856    33.711    Red_OBUF[0]
    B6                   OBUF (Prop_obuf_I_O)         3.546    37.257 r  Green_OBUF[2]_inst/O
                         net (fo=0)                   0.000    37.257    Green[2]
    B6                                                                r  Green[2] (OUT)
  -------------------------------------------------------------------    -------------------

Slack:                    inf
  Source:                 U11/vga_controller/v_count_reg[1]/C
                            (rising edge-triggered cell FDRE)
  Destination:            Green[3]
                            (output port)
  Path Group:             (none)
  Path Type:              Max at Slow Process Corner
  Data Path Delay:        37.107ns  (logic 8.612ns (23.210%)  route 28.494ns (76.790%))
  Logic Levels:           23  (CARRY4=3 FDRE=1 LUT2=2 LUT3=1 LUT5=3 LUT6=5 MUXF7=3 MUXF8=3 OBUF=1 RAMD64E=1)

    Location             Delay type                Incr(ns)  Path(ns)    Netlist Resource(s)
  -------------------------------------------------------------------    -------------------
    SLICE_X6Y75          FDRE                         0.000     0.000 r  U11/vga_controller/v_count_reg[1]/C
    SLICE_X6Y75          FDRE (Prop_fdre_C_Q)         0.518     0.518 f  U11/vga_controller/v_count_reg[1]/Q
                         net (fo=39, routed)          2.060     2.578    U11/vga_controller/v_count_reg_n_0_[1]
    SLICE_X10Y75         LUT5 (Prop_lut5_I2_O)        0.124     2.702 f  U11/vga_controller/display_data_reg_0_63_0_2_i_41/O
                         net (fo=7, routed)           0.714     3.416    U11/vga_controller/display_data_reg_0_63_0_2_i_41_n_0
    SLICE_X10Y75         LUT5 (Prop_lut5_I3_O)        0.124     3.540 f  U11/vga_controller/Blue_OBUF[3]_inst_i_7/O
                         net (fo=23, routed)          0.548     4.089    U11/vga_controller/Blue_OBUF[3]_inst_i_7_n_0
    SLICE_X8Y74          LUT5 (Prop_lut5_I0_O)        0.124     4.213 r  U11/vga_controller/Blue_OBUF[3]_inst_i_2/O
                         net (fo=48, routed)          1.034     5.247    U11/vga_controller/h_count_reg[7]_0
    SLICE_X10Y72         LUT3 (Prop_lut3_I0_O)        0.124     5.371 r  U11/vga_controller/display_data_reg_0_63_0_2_i_21/O
                         net (fo=1, routed)           0.000     5.371    U11/vga_controller/display_data_reg_0_63_0_2_i_21_n_0
    SLICE_X10Y72         CARRY4 (Prop_carry4_S[0]_O[0])
                                                      0.252     5.623 r  U11/vga_controller/display_data_reg_0_63_0_2_i_5/O[0]
                         net (fo=446, routed)         5.121    10.744    U11/vga_display/display_data_reg_256_319_0_2/ADDRA3
    SLICE_X6Y50          RAMD64E (Prop_ramd64e_RADR3_O)
                                                      0.295    11.039 r  U11/vga_display/display_data_reg_256_319_0_2/RAMA/O
                         net (fo=1, routed)           1.311    12.350    U11/vga_display/display_data_reg_256_319_0_2_n_0
    SLICE_X7Y54          LUT6 (Prop_lut6_I5_O)        0.124    12.474 r  U11/vga_display/text_ascii_carry_i_128/O
                         net (fo=1, routed)           0.000    12.474    U11/vga_display/text_ascii_carry_i_128_n_0
    SLICE_X7Y54          MUXF7 (Prop_muxf7_I1_O)      0.245    12.719 r  U11/vga_display/text_ascii_carry_i_64/O
                         net (fo=1, routed)           0.000    12.719    U11/vga_display/text_ascii_carry_i_64_n_0
    SLICE_X7Y54          MUXF8 (Prop_muxf8_I0_O)      0.104    12.823 r  U11/vga_display/text_ascii_carry_i_26/O
                         net (fo=1, routed)           1.402    14.224    U11/vga_display/text_ascii_carry_i_26_n_0
    SLICE_X11Y62         LUT6 (Prop_lut6_I5_O)        0.316    14.540 r  U11/vga_display/text_ascii_carry_i_4/O
                         net (fo=2, routed)           1.166    15.706    U11/vga_display/text_ascii0[0]
    SLICE_X11Y70         LUT2 (Prop_lut2_I0_O)        0.124    15.830 r  U11/vga_display/text_ascii_carry_i_8/O
                         net (fo=1, routed)           0.000    15.830    U11/vga_display/text_ascii_carry_i_8_n_0
    SLICE_X11Y70         CARRY4 (Prop_carry4_S[0]_O[1])
                                                      0.424    16.254 r  U11/vga_display/text_ascii_carry/O[1]
                         net (fo=2, routed)           0.656    16.910    U11/vga_display/font_addr0[1]
    SLICE_X11Y72         LUT2 (Prop_lut2_I0_O)        0.303    17.213 r  U11/vga_display/Blue_OBUF[3]_inst_i_70/O
                         net (fo=1, routed)           0.000    17.213    U11/vga_display/Blue_OBUF[3]_inst_i_70_n_0
    SLICE_X11Y72         CARRY4 (Prop_carry4_S[2]_O[2])
                                                      0.248    17.461 r  U11/vga_display/Blue_OBUF[3]_inst_i_29/O[2]
                         net (fo=199, routed)         5.258    22.719    U11/vga_display/Blue_OBUF[3]_inst_i_31_0[2]
    SLICE_X14Y78         MUXF7 (Prop_muxf7_S_O)       0.470    23.189 r  U11/vga_display/Blue_OBUF[3]_inst_i_407/O
                         net (fo=1, routed)           0.000    23.189    U11/vga_display/Blue_OBUF[3]_inst_i_407_n_0
    SLICE_X14Y78         MUXF8 (Prop_muxf8_I1_O)      0.088    23.277 r  U11/vga_display/Blue_OBUF[3]_inst_i_168/O
                         net (fo=1, routed)           0.933    24.211    U11/vga_display/Blue_OBUF[3]_inst_i_168_n_0
    SLICE_X12Y78         LUT6 (Prop_lut6_I3_O)        0.319    24.530 r  U11/vga_display/Blue_OBUF[3]_inst_i_63/O
                         net (fo=1, routed)           0.000    24.530    U11/vga_display/Blue_OBUF[3]_inst_i_63_n_0
    SLICE_X12Y78         MUXF7 (Prop_muxf7_I0_O)      0.209    24.739 r  U11/vga_display/Blue_OBUF[3]_inst_i_26/O
                         net (fo=1, routed)           0.000    24.739    U11/vga_display/Blue_OBUF[3]_inst_i_26_n_0
    SLICE_X12Y78         MUXF8 (Prop_muxf8_I1_O)      0.088    24.827 r  U11/vga_display/Blue_OBUF[3]_inst_i_9/O
                         net (fo=1, routed)           0.930    25.757    U11/vga_display/font_data[4]
    SLICE_X4Y78          LUT6 (Prop_lut6_I0_O)        0.319    26.076 r  U11/vga_display/Blue_OBUF[3]_inst_i_3/O
                         net (fo=1, routed)           0.655    26.731    U11/vga_display/Blue_OBUF[3]_inst_i_3_n_0
    SLICE_X6Y79          LUT6 (Prop_lut6_I1_O)        0.124    26.855 r  U11/vga_display/Blue_OBUF[3]_inst_i_1/O
                         net (fo=12, routed)          6.706    33.560    Red_OBUF[0]
    A6                   OBUF (Prop_obuf_I_O)         3.546    37.107 r  Green_OBUF[3]_inst/O
                         net (fo=0)                   0.000    37.107    Green[3]
    A6                                                                r  Green[3] (OUT)
  -------------------------------------------------------------------    -------------------

Slack:                    inf
  Source:                 U11/vga_controller/v_count_reg[1]/C
                            (rising edge-triggered cell FDRE)
  Destination:            Green[1]
                            (output port)
  Path Group:             (none)
  Path Type:              Max at Slow Process Corner
  Data Path Delay:        36.954ns  (logic 8.611ns (23.301%)  route 28.343ns (76.699%))
  Logic Levels:           23  (CARRY4=3 FDRE=1 LUT2=2 LUT3=1 LUT5=3 LUT6=5 MUXF7=3 MUXF8=3 OBUF=1 RAMD64E=1)

    Location             Delay type                Incr(ns)  Path(ns)    Netlist Resource(s)
  -------------------------------------------------------------------    -------------------
    SLICE_X6Y75          FDRE                         0.000     0.000 r  U11/vga_controller/v_count_reg[1]/C
    SLICE_X6Y75          FDRE (Prop_fdre_C_Q)         0.518     0.518 f  U11/vga_controller/v_count_reg[1]/Q
                         net (fo=39, routed)          2.060     2.578    U11/vga_controller/v_count_reg_n_0_[1]
    SLICE_X10Y75         LUT5 (Prop_lut5_I2_O)        0.124     2.702 f  U11/vga_controller/display_data_reg_0_63_0_2_i_41/O
                         net (fo=7, routed)           0.714     3.416    U11/vga_controller/display_data_reg_0_63_0_2_i_41_n_0
    SLICE_X10Y75         LUT5 (Prop_lut5_I3_O)        0.124     3.540 f  U11/vga_controller/Blue_OBUF[3]_inst_i_7/O
                         net (fo=23, routed)          0.548     4.089    U11/vga_controller/Blue_OBUF[3]_inst_i_7_n_0
    SLICE_X8Y74          LUT5 (Prop_lut5_I0_O)        0.124     4.213 r  U11/vga_controller/Blue_OBUF[3]_inst_i_2/O
                         net (fo=48, routed)          1.034     5.247    U11/vga_controller/h_count_reg[7]_0
    SLICE_X10Y72         LUT3 (Prop_lut3_I0_O)        0.124     5.371 r  U11/vga_controller/display_data_reg_0_63_0_2_i_21/O
                         net (fo=1, routed)           0.000     5.371    U11/vga_controller/display_data_reg_0_63_0_2_i_21_n_0
    SLICE_X10Y72         CARRY4 (Prop_carry4_S[0]_O[0])
                                                      0.252     5.623 r  U11/vga_controller/display_data_reg_0_63_0_2_i_5/O[0]
                         net (fo=446, routed)         5.121    10.744    U11/vga_display/display_data_reg_256_319_0_2/ADDRA3
    SLICE_X6Y50          RAMD64E (Prop_ramd64e_RADR3_O)
                                                      0.295    11.039 r  U11/vga_display/display_data_reg_256_319_0_2/RAMA/O
                         net (fo=1, routed)           1.311    12.350    U11/vga_display/display_data_reg_256_319_0_2_n_0
    SLICE_X7Y54          LUT6 (Prop_lut6_I5_O)        0.124    12.474 r  U11/vga_display/text_ascii_carry_i_128/O
                         net (fo=1, routed)           0.000    12.474    U11/vga_display/text_ascii_carry_i_128_n_0
    SLICE_X7Y54          MUXF7 (Prop_muxf7_I1_O)      0.245    12.719 r  U11/vga_display/text_ascii_carry_i_64/O
                         net (fo=1, routed)           0.000    12.719    U11/vga_display/text_ascii_carry_i_64_n_0
    SLICE_X7Y54          MUXF8 (Prop_muxf8_I0_O)      0.104    12.823 r  U11/vga_display/text_ascii_carry_i_26/O
                         net (fo=1, routed)           1.402    14.224    U11/vga_display/text_ascii_carry_i_26_n_0
    SLICE_X11Y62         LUT6 (Prop_lut6_I5_O)        0.316    14.540 r  U11/vga_display/text_ascii_carry_i_4/O
                         net (fo=2, routed)           1.166    15.706    U11/vga_display/text_ascii0[0]
    SLICE_X11Y70         LUT2 (Prop_lut2_I0_O)        0.124    15.830 r  U11/vga_display/text_ascii_carry_i_8/O
                         net (fo=1, routed)           0.000    15.830    U11/vga_display/text_ascii_carry_i_8_n_0
    SLICE_X11Y70         CARRY4 (Prop_carry4_S[0]_O[1])
                                                      0.424    16.254 r  U11/vga_display/text_ascii_carry/O[1]
                         net (fo=2, routed)           0.656    16.910    U11/vga_display/font_addr0[1]
    SLICE_X11Y72         LUT2 (Prop_lut2_I0_O)        0.303    17.213 r  U11/vga_display/Blue_OBUF[3]_inst_i_70/O
                         net (fo=1, routed)           0.000    17.213    U11/vga_display/Blue_OBUF[3]_inst_i_70_n_0
    SLICE_X11Y72         CARRY4 (Prop_carry4_S[2]_O[2])
                                                      0.248    17.461 r  U11/vga_display/Blue_OBUF[3]_inst_i_29/O[2]
                         net (fo=199, routed)         5.258    22.719    U11/vga_display/Blue_OBUF[3]_inst_i_31_0[2]
    SLICE_X14Y78         MUXF7 (Prop_muxf7_S_O)       0.470    23.189 r  U11/vga_display/Blue_OBUF[3]_inst_i_407/O
                         net (fo=1, routed)           0.000    23.189    U11/vga_display/Blue_OBUF[3]_inst_i_407_n_0
    SLICE_X14Y78         MUXF8 (Prop_muxf8_I1_O)      0.088    23.277 r  U11/vga_display/Blue_OBUF[3]_inst_i_168/O
                         net (fo=1, routed)           0.933    24.211    U11/vga_display/Blue_OBUF[3]_inst_i_168_n_0
    SLICE_X12Y78         LUT6 (Prop_lut6_I3_O)        0.319    24.530 r  U11/vga_display/Blue_OBUF[3]_inst_i_63/O
                         net (fo=1, routed)           0.000    24.530    U11/vga_display/Blue_OBUF[3]_inst_i_63_n_0
    SLICE_X12Y78         MUXF7 (Prop_muxf7_I0_O)      0.209    24.739 r  U11/vga_display/Blue_OBUF[3]_inst_i_26/O
                         net (fo=1, routed)           0.000    24.739    U11/vga_display/Blue_OBUF[3]_inst_i_26_n_0
    SLICE_X12Y78         MUXF8 (Prop_muxf8_I1_O)      0.088    24.827 r  U11/vga_display/Blue_OBUF[3]_inst_i_9/O
                         net (fo=1, routed)           0.930    25.757    U11/vga_display/font_data[4]
    SLICE_X4Y78          LUT6 (Prop_lut6_I0_O)        0.319    26.076 r  U11/vga_display/Blue_OBUF[3]_inst_i_3/O
                         net (fo=1, routed)           0.655    26.731    U11/vga_display/Blue_OBUF[3]_inst_i_3_n_0
    SLICE_X6Y79          LUT6 (Prop_lut6_I1_O)        0.124    26.855 r  U11/vga_display/Blue_OBUF[3]_inst_i_1/O
                         net (fo=12, routed)          6.555    33.409    Red_OBUF[0]
    A5                   OBUF (Prop_obuf_I_O)         3.545    36.954 r  Green_OBUF[1]_inst/O
                         net (fo=0)                   0.000    36.954    Green[1]
    A5                                                                r  Green[1] (OUT)
  -------------------------------------------------------------------    -------------------

Slack:                    inf
  Source:                 U11/vga_controller/v_count_reg[1]/C
                            (rising edge-triggered cell FDRE)
  Destination:            Blue[3]
                            (output port)
  Path Group:             (none)
  Path Type:              Max at Slow Process Corner
  Data Path Delay:        36.810ns  (logic 8.618ns (23.411%)  route 28.192ns (76.589%))
  Logic Levels:           23  (CARRY4=3 FDRE=1 LUT2=2 LUT3=1 LUT5=3 LUT6=5 MUXF7=3 MUXF8=3 OBUF=1 RAMD64E=1)

    Location             Delay type                Incr(ns)  Path(ns)    Netlist Resource(s)
  -------------------------------------------------------------------    -------------------
    SLICE_X6Y75          FDRE                         0.000     0.000 r  U11/vga_controller/v_count_reg[1]/C
    SLICE_X6Y75          FDRE (Prop_fdre_C_Q)         0.518     0.518 f  U11/vga_controller/v_count_reg[1]/Q
                         net (fo=39, routed)          2.060     2.578    U11/vga_controller/v_count_reg_n_0_[1]
    SLICE_X10Y75         LUT5 (Prop_lut5_I2_O)        0.124     2.702 f  U11/vga_controller/display_data_reg_0_63_0_2_i_41/O
                         net (fo=7, routed)           0.714     3.416    U11/vga_controller/display_data_reg_0_63_0_2_i_41_n_0
    SLICE_X10Y75         LUT5 (Prop_lut5_I3_O)        0.124     3.540 f  U11/vga_controller/Blue_OBUF[3]_inst_i_7/O
                         net (fo=23, routed)          0.548     4.089    U11/vga_controller/Blue_OBUF[3]_inst_i_7_n_0
    SLICE_X8Y74          LUT5 (Prop_lut5_I0_O)        0.124     4.213 r  U11/vga_controller/Blue_OBUF[3]_inst_i_2/O
                         net (fo=48, routed)          1.034     5.247    U11/vga_controller/h_count_reg[7]_0
    SLICE_X10Y72         LUT3 (Prop_lut3_I0_O)        0.124     5.371 r  U11/vga_controller/display_data_reg_0_63_0_2_i_21/O
                         net (fo=1, routed)           0.000     5.371    U11/vga_controller/display_data_reg_0_63_0_2_i_21_n_0
    SLICE_X10Y72         CARRY4 (Prop_carry4_S[0]_O[0])
                                                      0.252     5.623 r  U11/vga_controller/display_data_reg_0_63_0_2_i_5/O[0]
                         net (fo=446, routed)         5.121    10.744    U11/vga_display/display_data_reg_256_319_0_2/ADDRA3
    SLICE_X6Y50          RAMD64E (Prop_ramd64e_RADR3_O)
                                                      0.295    11.039 r  U11/vga_display/display_data_reg_256_319_0_2/RAMA/O
                         net (fo=1, routed)           1.311    12.350    U11/vga_display/display_data_reg_256_319_0_2_n_0
    SLICE_X7Y54          LUT6 (Prop_lut6_I5_O)        0.124    12.474 r  U11/vga_display/text_ascii_carry_i_128/O
                         net (fo=1, routed)           0.000    12.474    U11/vga_display/text_ascii_carry_i_128_n_0
    SLICE_X7Y54          MUXF7 (Prop_muxf7_I1_O)      0.245    12.719 r  U11/vga_display/text_ascii_carry_i_64/O
                         net (fo=1, routed)           0.000    12.719    U11/vga_display/text_ascii_carry_i_64_n_0
    SLICE_X7Y54          MUXF8 (Prop_muxf8_I0_O)      0.104    12.823 r  U11/vga_display/text_ascii_carry_i_26/O
                         net (fo=1, routed)           1.402    14.224    U11/vga_display/text_ascii_carry_i_26_n_0
    SLICE_X11Y62         LUT6 (Prop_lut6_I5_O)        0.316    14.540 r  U11/vga_display/text_ascii_carry_i_4/O
                         net (fo=2, routed)           1.166    15.706    U11/vga_display/text_ascii0[0]
    SLICE_X11Y70         LUT2 (Prop_lut2_I0_O)        0.124    15.830 r  U11/vga_display/text_ascii_carry_i_8/O
                         net (fo=1, routed)           0.000    15.830    U11/vga_display/text_ascii_carry_i_8_n_0
    SLICE_X11Y70         CARRY4 (Prop_carry4_S[0]_O[1])
                                                      0.424    16.254 r  U11/vga_display/text_ascii_carry/O[1]
                         net (fo=2, routed)           0.656    16.910    U11/vga_display/font_addr0[1]
    SLICE_X11Y72         LUT2 (Prop_lut2_I0_O)        0.303    17.213 r  U11/vga_display/Blue_OBUF[3]_inst_i_70/O
                         net (fo=1, routed)           0.000    17.213    U11/vga_display/Blue_OBUF[3]_inst_i_70_n_0
    SLICE_X11Y72         CARRY4 (Prop_carry4_S[2]_O[2])
                                                      0.248    17.461 r  U11/vga_display/Blue_OBUF[3]_inst_i_29/O[2]
                         net (fo=199, routed)         5.258    22.719    U11/vga_display/Blue_OBUF[3]_inst_i_31_0[2]
    SLICE_X14Y78         MUXF7 (Prop_muxf7_S_O)       0.470    23.189 r  U11/vga_display/Blue_OBUF[3]_inst_i_407/O
                         net (fo=1, routed)           0.000    23.189    U11/vga_display/Blue_OBUF[3]_inst_i_407_n_0
    SLICE_X14Y78         MUXF8 (Prop_muxf8_I1_O)      0.088    23.277 r  U11/vga_display/Blue_OBUF[3]_inst_i_168/O
                         net (fo=1, routed)           0.933    24.211    U11/vga_display/Blue_OBUF[3]_inst_i_168_n_0
    SLICE_X12Y78         LUT6 (Prop_lut6_I3_O)        0.319    24.530 r  U11/vga_display/Blue_OBUF[3]_inst_i_63/O
                         net (fo=1, routed)           0.000    24.530    U11/vga_display/Blue_OBUF[3]_inst_i_63_n_0
    SLICE_X12Y78         MUXF7 (Prop_muxf7_I0_O)      0.209    24.739 r  U11/vga_display/Blue_OBUF[3]_inst_i_26/O
                         net (fo=1, routed)           0.000    24.739    U11/vga_display/Blue_OBUF[3]_inst_i_26_n_0
    SLICE_X12Y78         MUXF8 (Prop_muxf8_I1_O)      0.088    24.827 r  U11/vga_display/Blue_OBUF[3]_inst_i_9/O
                         net (fo=1, routed)           0.930    25.757    U11/vga_display/font_data[4]
    SLICE_X4Y78          LUT6 (Prop_lut6_I0_O)        0.319    26.076 r  U11/vga_display/Blue_OBUF[3]_inst_i_3/O
                         net (fo=1, routed)           0.655    26.731    U11/vga_display/Blue_OBUF[3]_inst_i_3_n_0
    SLICE_X6Y79          LUT6 (Prop_lut6_I1_O)        0.124    26.855 r  U11/vga_display/Blue_OBUF[3]_inst_i_1/O
                         net (fo=12, routed)          6.404    33.258    Red_OBUF[0]
    D8                   OBUF (Prop_obuf_I_O)         3.552    36.810 r  Blue_OBUF[3]_inst/O
                         net (fo=0)                   0.000    36.810    Blue[3]
    D8                                                                r  Blue[3] (OUT)
  -------------------------------------------------------------------    -------------------

Slack:                    inf
  Source:                 U11/vga_controller/v_count_reg[1]/C
                            (rising edge-triggered cell FDRE)
  Destination:            Blue[1]
                            (output port)
  Path Group:             (none)
  Path Type:              Max at Slow Process Corner
  Data Path Delay:        36.659ns  (logic 8.617ns (23.507%)  route 28.041ns (76.493%))
  Logic Levels:           23  (CARRY4=3 FDRE=1 LUT2=2 LUT3=1 LUT5=3 LUT6=5 MUXF7=3 MUXF8=3 OBUF=1 RAMD64E=1)

    Location             Delay type                Incr(ns)  Path(ns)    Netlist Resource(s)
  -------------------------------------------------------------------    -------------------
    SLICE_X6Y75          FDRE                         0.000     0.000 r  U11/vga_controller/v_count_reg[1]/C
    SLICE_X6Y75          FDRE (Prop_fdre_C_Q)         0.518     0.518 f  U11/vga_controller/v_count_reg[1]/Q
                         net (fo=39, routed)          2.060     2.578    U11/vga_controller/v_count_reg_n_0_[1]
    SLICE_X10Y75         LUT5 (Prop_lut5_I2_O)        0.124     2.702 f  U11/vga_controller/display_data_reg_0_63_0_2_i_41/O
                         net (fo=7, routed)           0.714     3.416    U11/vga_controller/display_data_reg_0_63_0_2_i_41_n_0
    SLICE_X10Y75         LUT5 (Prop_lut5_I3_O)        0.124     3.540 f  U11/vga_controller/Blue_OBUF[3]_inst_i_7/O
                         net (fo=23, routed)          0.548     4.089    U11/vga_controller/Blue_OBUF[3]_inst_i_7_n_0
    SLICE_X8Y74          LUT5 (Prop_lut5_I0_O)        0.124     4.213 r  U11/vga_controller/Blue_OBUF[3]_inst_i_2/O
                         net (fo=48, routed)          1.034     5.247    U11/vga_controller/h_count_reg[7]_0
    SLICE_X10Y72         LUT3 (Prop_lut3_I0_O)        0.124     5.371 r  U11/vga_controller/display_data_reg_0_63_0_2_i_21/O
                         net (fo=1, routed)           0.000     5.371    U11/vga_controller/display_data_reg_0_63_0_2_i_21_n_0
    SLICE_X10Y72         CARRY4 (Prop_carry4_S[0]_O[0])
                                                      0.252     5.623 r  U11/vga_controller/display_data_reg_0_63_0_2_i_5/O[0]
                         net (fo=446, routed)         5.121    10.744    U11/vga_display/display_data_reg_256_319_0_2/ADDRA3
    SLICE_X6Y50          RAMD64E (Prop_ramd64e_RADR3_O)
                                                      0.295    11.039 r  U11/vga_display/display_data_reg_256_319_0_2/RAMA/O
                         net (fo=1, routed)           1.311    12.350    U11/vga_display/display_data_reg_256_319_0_2_n_0
    SLICE_X7Y54          LUT6 (Prop_lut6_I5_O)        0.124    12.474 r  U11/vga_display/text_ascii_carry_i_128/O
                         net (fo=1, routed)           0.000    12.474    U11/vga_display/text_ascii_carry_i_128_n_0
    SLICE_X7Y54          MUXF7 (Prop_muxf7_I1_O)      0.245    12.719 r  U11/vga_display/text_ascii_carry_i_64/O
                         net (fo=1, routed)           0.000    12.719    U11/vga_display/text_ascii_carry_i_64_n_0
    SLICE_X7Y54          MUXF8 (Prop_muxf8_I0_O)      0.104    12.823 r  U11/vga_display/text_ascii_carry_i_26/O
                         net (fo=1, routed)           1.402    14.224    U11/vga_display/text_ascii_carry_i_26_n_0
    SLICE_X11Y62         LUT6 (Prop_lut6_I5_O)        0.316    14.540 r  U11/vga_display/text_ascii_carry_i_4/O
                         net (fo=2, routed)           1.166    15.706    U11/vga_display/text_ascii0[0]
    SLICE_X11Y70         LUT2 (Prop_lut2_I0_O)        0.124    15.830 r  U11/vga_display/text_ascii_carry_i_8/O
                         net (fo=1, routed)           0.000    15.830    U11/vga_display/text_ascii_carry_i_8_n_0
    SLICE_X11Y70         CARRY4 (Prop_carry4_S[0]_O[1])
                                                      0.424    16.254 r  U11/vga_display/text_ascii_carry/O[1]
                         net (fo=2, routed)           0.656    16.910    U11/vga_display/font_addr0[1]
    SLICE_X11Y72         LUT2 (Prop_lut2_I0_O)        0.303    17.213 r  U11/vga_display/Blue_OBUF[3]_inst_i_70/O
                         net (fo=1, routed)           0.000    17.213    U11/vga_display/Blue_OBUF[3]_inst_i_70_n_0
    SLICE_X11Y72         CARRY4 (Prop_carry4_S[2]_O[2])
                                                      0.248    17.461 r  U11/vga_display/Blue_OBUF[3]_inst_i_29/O[2]
                         net (fo=199, routed)         5.258    22.719    U11/vga_display/Blue_OBUF[3]_inst_i_31_0[2]
    SLICE_X14Y78         MUXF7 (Prop_muxf7_S_O)       0.470    23.189 r  U11/vga_display/Blue_OBUF[3]_inst_i_407/O
                         net (fo=1, routed)           0.000    23.189    U11/vga_display/Blue_OBUF[3]_inst_i_407_n_0
    SLICE_X14Y78         MUXF8 (Prop_muxf8_I1_O)      0.088    23.277 r  U11/vga_display/Blue_OBUF[3]_inst_i_168/O
                         net (fo=1, routed)           0.933    24.211    U11/vga_display/Blue_OBUF[3]_inst_i_168_n_0
    SLICE_X12Y78         LUT6 (Prop_lut6_I3_O)        0.319    24.530 r  U11/vga_display/Blue_OBUF[3]_inst_i_63/O
                         net (fo=1, routed)           0.000    24.530    U11/vga_display/Blue_OBUF[3]_inst_i_63_n_0
    SLICE_X12Y78         MUXF7 (Prop_muxf7_I0_O)      0.209    24.739 r  U11/vga_display/Blue_OBUF[3]_inst_i_26/O
                         net (fo=1, routed)           0.000    24.739    U11/vga_display/Blue_OBUF[3]_inst_i_26_n_0
    SLICE_X12Y78         MUXF8 (Prop_muxf8_I1_O)      0.088    24.827 r  U11/vga_display/Blue_OBUF[3]_inst_i_9/O
                         net (fo=1, routed)           0.930    25.757    U11/vga_display/font_data[4]
    SLICE_X4Y78          LUT6 (Prop_lut6_I0_O)        0.319    26.076 r  U11/vga_display/Blue_OBUF[3]_inst_i_3/O
                         net (fo=1, routed)           0.655    26.731    U11/vga_display/Blue_OBUF[3]_inst_i_3_n_0
    SLICE_X6Y79          LUT6 (Prop_lut6_I1_O)        0.124    26.855 r  U11/vga_display/Blue_OBUF[3]_inst_i_1/O
                         net (fo=12, routed)          6.253    33.107    Red_OBUF[0]
    C7                   OBUF (Prop_obuf_I_O)         3.551    36.659 r  Blue_OBUF[1]_inst/O
                         net (fo=0)                   0.000    36.659    Blue[1]
    C7                                                                r  Blue[1] (OUT)
  -------------------------------------------------------------------    -------------------

Slack:                    inf
  Source:                 U11/vga_controller/v_count_reg[1]/C
                            (rising edge-triggered cell FDRE)
  Destination:            Blue[2]
                            (output port)
  Path Group:             (none)
  Path Type:              Max at Slow Process Corner
  Data Path Delay:        36.337ns  (logic 8.589ns (23.638%)  route 27.748ns (76.362%))
  Logic Levels:           23  (CARRY4=3 FDRE=1 LUT2=2 LUT3=1 LUT5=3 LUT6=5 MUXF7=3 MUXF8=3 OBUF=1 RAMD64E=1)

    Location             Delay type                Incr(ns)  Path(ns)    Netlist Resource(s)
  -------------------------------------------------------------------    -------------------
    SLICE_X6Y75          FDRE                         0.000     0.000 r  U11/vga_controller/v_count_reg[1]/C
    SLICE_X6Y75          FDRE (Prop_fdre_C_Q)         0.518     0.518 f  U11/vga_controller/v_count_reg[1]/Q
                         net (fo=39, routed)          2.060     2.578    U11/vga_controller/v_count_reg_n_0_[1]
    SLICE_X10Y75         LUT5 (Prop_lut5_I2_O)        0.124     2.702 f  U11/vga_controller/display_data_reg_0_63_0_2_i_41/O
                         net (fo=7, routed)           0.714     3.416    U11/vga_controller/display_data_reg_0_63_0_2_i_41_n_0
    SLICE_X10Y75         LUT5 (Prop_lut5_I3_O)        0.124     3.540 f  U11/vga_controller/Blue_OBUF[3]_inst_i_7/O
                         net (fo=23, routed)          0.548     4.089    U11/vga_controller/Blue_OBUF[3]_inst_i_7_n_0
    SLICE_X8Y74          LUT5 (Prop_lut5_I0_O)        0.124     4.213 r  U11/vga_controller/Blue_OBUF[3]_inst_i_2/O
                         net (fo=48, routed)          1.034     5.247    U11/vga_controller/h_count_reg[7]_0
    SLICE_X10Y72         LUT3 (Prop_lut3_I0_O)        0.124     5.371 r  U11/vga_controller/display_data_reg_0_63_0_2_i_21/O
                         net (fo=1, routed)           0.000     5.371    U11/vga_controller/display_data_reg_0_63_0_2_i_21_n_0
    SLICE_X10Y72         CARRY4 (Prop_carry4_S[0]_O[0])
                                                      0.252     5.623 r  U11/vga_controller/display_data_reg_0_63_0_2_i_5/O[0]
                         net (fo=446, routed)         5.121    10.744    U11/vga_display/display_data_reg_256_319_0_2/ADDRA3
    SLICE_X6Y50          RAMD64E (Prop_ramd64e_RADR3_O)
                                                      0.295    11.039 r  U11/vga_display/display_data_reg_256_319_0_2/RAMA/O
                         net (fo=1, routed)           1.311    12.350    U11/vga_display/display_data_reg_256_319_0_2_n_0
    SLICE_X7Y54          LUT6 (Prop_lut6_I5_O)        0.124    12.474 r  U11/vga_display/text_ascii_carry_i_128/O
                         net (fo=1, routed)           0.000    12.474    U11/vga_display/text_ascii_carry_i_128_n_0
    SLICE_X7Y54          MUXF7 (Prop_muxf7_I1_O)      0.245    12.719 r  U11/vga_display/text_ascii_carry_i_64/O
                         net (fo=1, routed)           0.000    12.719    U11/vga_display/text_ascii_carry_i_64_n_0
    SLICE_X7Y54          MUXF8 (Prop_muxf8_I0_O)      0.104    12.823 r  U11/vga_display/text_ascii_carry_i_26/O
                         net (fo=1, routed)           1.402    14.224    U11/vga_display/text_ascii_carry_i_26_n_0
    SLICE_X11Y62         LUT6 (Prop_lut6_I5_O)        0.316    14.540 r  U11/vga_display/text_ascii_carry_i_4/O
                         net (fo=2, routed)           1.166    15.706    U11/vga_display/text_ascii0[0]
    SLICE_X11Y70         LUT2 (Prop_lut2_I0_O)        0.124    15.830 r  U11/vga_display/text_ascii_carry_i_8/O
                         net (fo=1, routed)           0.000    15.830    U11/vga_display/text_ascii_carry_i_8_n_0
    SLICE_X11Y70         CARRY4 (Prop_carry4_S[0]_O[1])
                                                      0.424    16.254 r  U11/vga_display/text_ascii_carry/O[1]
                         net (fo=2, routed)           0.656    16.910    U11/vga_display/font_addr0[1]
    SLICE_X11Y72         LUT2 (Prop_lut2_I0_O)        0.303    17.213 r  U11/vga_display/Blue_OBUF[3]_inst_i_70/O
                         net (fo=1, routed)           0.000    17.213    U11/vga_display/Blue_OBUF[3]_inst_i_70_n_0
    SLICE_X11Y72         CARRY4 (Prop_carry4_S[2]_O[2])
                                                      0.248    17.461 r  U11/vga_display/Blue_OBUF[3]_inst_i_29/O[2]
                         net (fo=199, routed)         5.258    22.719    U11/vga_display/Blue_OBUF[3]_inst_i_31_0[2]
    SLICE_X14Y78         MUXF7 (Prop_muxf7_S_O)       0.470    23.189 r  U11/vga_display/Blue_OBUF[3]_inst_i_407/O
                         net (fo=1, routed)           0.000    23.189    U11/vga_display/Blue_OBUF[3]_inst_i_407_n_0
    SLICE_X14Y78         MUXF8 (Prop_muxf8_I1_O)      0.088    23.277 r  U11/vga_display/Blue_OBUF[3]_inst_i_168/O
                         net (fo=1, routed)           0.933    24.211    U11/vga_display/Blue_OBUF[3]_inst_i_168_n_0
    SLICE_X12Y78         LUT6 (Prop_lut6_I3_O)        0.319    24.530 r  U11/vga_display/Blue_OBUF[3]_inst_i_63/O
                         net (fo=1, routed)           0.000    24.530    U11/vga_display/Blue_OBUF[3]_inst_i_63_n_0
    SLICE_X12Y78         MUXF7 (Prop_muxf7_I0_O)      0.209    24.739 r  U11/vga_display/Blue_OBUF[3]_inst_i_26/O
                         net (fo=1, routed)           0.000    24.739    U11/vga_display/Blue_OBUF[3]_inst_i_26_n_0
    SLICE_X12Y78         MUXF8 (Prop_muxf8_I1_O)      0.088    24.827 r  U11/vga_display/Blue_OBUF[3]_inst_i_9/O
                         net (fo=1, routed)           0.930    25.757    U11/vga_display/font_data[4]
    SLICE_X4Y78          LUT6 (Prop_lut6_I0_O)        0.319    26.076 r  U11/vga_display/Blue_OBUF[3]_inst_i_3/O
                         net (fo=1, routed)           0.655    26.731    U11/vga_display/Blue_OBUF[3]_inst_i_3_n_0
    SLICE_X6Y79          LUT6 (Prop_lut6_I1_O)        0.124    26.855 r  U11/vga_display/Blue_OBUF[3]_inst_i_1/O
                         net (fo=12, routed)          5.959    32.814    Red_OBUF[0]
    D7                   OBUF (Prop_obuf_I_O)         3.523    36.337 r  Blue_OBUF[2]_inst/O
                         net (fo=0)                   0.000    36.337    Blue[2]
    D7                                                                r  Blue[2] (OUT)
  -------------------------------------------------------------------    -------------------

Slack:                    inf
  Source:                 U11/vga_controller/v_count_reg[1]/C
                            (rising edge-triggered cell FDRE)
  Destination:            Red[1]
                            (output port)
  Path Group:             (none)
  Path Type:              Max at Slow Process Corner
  Data Path Delay:        36.211ns  (logic 8.614ns (23.789%)  route 27.597ns (76.211%))
  Logic Levels:           23  (CARRY4=3 FDRE=1 LUT2=2 LUT3=1 LUT5=3 LUT6=5 MUXF7=3 MUXF8=3 OBUF=1 RAMD64E=1)

    Location             Delay type                Incr(ns)  Path(ns)    Netlist Resource(s)
  -------------------------------------------------------------------    -------------------
    SLICE_X6Y75          FDRE                         0.000     0.000 r  U11/vga_controller/v_count_reg[1]/C
    SLICE_X6Y75          FDRE (Prop_fdre_C_Q)         0.518     0.518 f  U11/vga_controller/v_count_reg[1]/Q
                         net (fo=39, routed)          2.060     2.578    U11/vga_controller/v_count_reg_n_0_[1]
    SLICE_X10Y75         LUT5 (Prop_lut5_I2_O)        0.124     2.702 f  U11/vga_controller/display_data_reg_0_63_0_2_i_41/O
                         net (fo=7, routed)           0.714     3.416    U11/vga_controller/display_data_reg_0_63_0_2_i_41_n_0
    SLICE_X10Y75         LUT5 (Prop_lut5_I3_O)        0.124     3.540 f  U11/vga_controller/Blue_OBUF[3]_inst_i_7/O
                         net (fo=23, routed)          0.548     4.089    U11/vga_controller/Blue_OBUF[3]_inst_i_7_n_0
    SLICE_X8Y74          LUT5 (Prop_lut5_I0_O)        0.124     4.213 r  U11/vga_controller/Blue_OBUF[3]_inst_i_2/O
                         net (fo=48, routed)          1.034     5.247    U11/vga_controller/h_count_reg[7]_0
    SLICE_X10Y72         LUT3 (Prop_lut3_I0_O)        0.124     5.371 r  U11/vga_controller/display_data_reg_0_63_0_2_i_21/O
                         net (fo=1, routed)           0.000     5.371    U11/vga_controller/display_data_reg_0_63_0_2_i_21_n_0
    SLICE_X10Y72         CARRY4 (Prop_carry4_S[0]_O[0])
                                                      0.252     5.623 r  U11/vga_controller/display_data_reg_0_63_0_2_i_5/O[0]
                         net (fo=446, routed)         5.121    10.744    U11/vga_display/display_data_reg_256_319_0_2/ADDRA3
    SLICE_X6Y50          RAMD64E (Prop_ramd64e_RADR3_O)
                                                      0.295    11.039 r  U11/vga_display/display_data_reg_256_319_0_2/RAMA/O
                         net (fo=1, routed)           1.311    12.350    U11/vga_display/display_data_reg_256_319_0_2_n_0
    SLICE_X7Y54          LUT6 (Prop_lut6_I5_O)        0.124    12.474 r  U11/vga_display/text_ascii_carry_i_128/O
                         net (fo=1, routed)           0.000    12.474    U11/vga_display/text_ascii_carry_i_128_n_0
    SLICE_X7Y54          MUXF7 (Prop_muxf7_I1_O)      0.245    12.719 r  U11/vga_display/text_ascii_carry_i_64/O
                         net (fo=1, routed)           0.000    12.719    U11/vga_display/text_ascii_carry_i_64_n_0
    SLICE_X7Y54          MUXF8 (Prop_muxf8_I0_O)      0.104    12.823 r  U11/vga_display/text_ascii_carry_i_26/O
                         net (fo=1, routed)           1.402    14.224    U11/vga_display/text_ascii_carry_i_26_n_0
    SLICE_X11Y62         LUT6 (Prop_lut6_I5_O)        0.316    14.540 r  U11/vga_display/text_ascii_carry_i_4/O
                         net (fo=2, routed)           1.166    15.706    U11/vga_display/text_ascii0[0]
    SLICE_X11Y70         LUT2 (Prop_lut2_I0_O)        0.124    15.830 r  U11/vga_display/text_ascii_carry_i_8/O
                         net (fo=1, routed)           0.000    15.830    U11/vga_display/text_ascii_carry_i_8_n_0
    SLICE_X11Y70         CARRY4 (Prop_carry4_S[0]_O[1])
                                                      0.424    16.254 r  U11/vga_display/text_ascii_carry/O[1]
                         net (fo=2, routed)           0.656    16.910    U11/vga_display/font_addr0[1]
    SLICE_X11Y72         LUT2 (Prop_lut2_I0_O)        0.303    17.213 r  U11/vga_display/Blue_OBUF[3]_inst_i_70/O
                         net (fo=1, routed)           0.000    17.213    U11/vga_display/Blue_OBUF[3]_inst_i_70_n_0
    SLICE_X11Y72         CARRY4 (Prop_carry4_S[2]_O[2])
                                                      0.248    17.461 r  U11/vga_display/Blue_OBUF[3]_inst_i_29/O[2]
                         net (fo=199, routed)         5.258    22.719    U11/vga_display/Blue_OBUF[3]_inst_i_31_0[2]
    SLICE_X14Y78         MUXF7 (Prop_muxf7_S_O)       0.470    23.189 r  U11/vga_display/Blue_OBUF[3]_inst_i_407/O
                         net (fo=1, routed)           0.000    23.189    U11/vga_display/Blue_OBUF[3]_inst_i_407_n_0
    SLICE_X14Y78         MUXF8 (Prop_muxf8_I1_O)      0.088    23.277 r  U11/vga_display/Blue_OBUF[3]_inst_i_168/O
                         net (fo=1, routed)           0.933    24.211    U11/vga_display/Blue_OBUF[3]_inst_i_168_n_0
    SLICE_X12Y78         LUT6 (Prop_lut6_I3_O)        0.319    24.530 r  U11/vga_display/Blue_OBUF[3]_inst_i_63/O
                         net (fo=1, routed)           0.000    24.530    U11/vga_display/Blue_OBUF[3]_inst_i_63_n_0
    SLICE_X12Y78         MUXF7 (Prop_muxf7_I0_O)      0.209    24.739 r  U11/vga_display/Blue_OBUF[3]_inst_i_26/O
                         net (fo=1, routed)           0.000    24.739    U11/vga_display/Blue_OBUF[3]_inst_i_26_n_0
    SLICE_X12Y78         MUXF8 (Prop_muxf8_I1_O)      0.088    24.827 r  U11/vga_display/Blue_OBUF[3]_inst_i_9/O
                         net (fo=1, routed)           0.930    25.757    U11/vga_display/font_data[4]
    SLICE_X4Y78          LUT6 (Prop_lut6_I0_O)        0.319    26.076 r  U11/vga_display/Blue_OBUF[3]_inst_i_3/O
                         net (fo=1, routed)           0.655    26.731    U11/vga_display/Blue_OBUF[3]_inst_i_3_n_0
    SLICE_X6Y79          LUT6 (Prop_lut6_I1_O)        0.124    26.855 r  U11/vga_display/Blue_OBUF[3]_inst_i_1/O
                         net (fo=12, routed)          5.808    32.663    Red_OBUF[0]
    B4                   OBUF (Prop_obuf_I_O)         3.548    36.211 r  Red_OBUF[1]_inst/O
                         net (fo=0)                   0.000    36.211    Red[1]
    B4                                                                r  Red[1] (OUT)
  -------------------------------------------------------------------    -------------------





Min Delay Paths
--------------------------------------------------------------------------------------
Slack:                    inf
  Source:                 U1/ID_reg_Ex/BranchN_out_IDEX_reg/C
                            (rising edge-triggered cell FDCE)
  Destination:            U1/Ex_reg_Mem/BranchN_out_EXMem_reg/D
  Path Group:             (none)
  Path Type:              Min at Fast Process Corner
  Data Path Delay:        0.246ns  (logic 0.141ns (57.415%)  route 0.105ns (42.585%))
  Logic Levels:           1  (FDCE=1)

    Location             Delay type                Incr(ns)  Path(ns)    Netlist Resource(s)
  -------------------------------------------------------------------    -------------------
    SLICE_X36Y44         FDCE                         0.000     0.000 r  U1/ID_reg_Ex/BranchN_out_IDEX_reg/C
    SLICE_X36Y44         FDCE (Prop_fdce_C_Q)         0.141     0.141 r  U1/ID_reg_Ex/BranchN_out_IDEX_reg/Q
                         net (fo=1, routed)           0.105     0.246    U1/Ex_reg_Mem/BranchN_in_EXMem
    SLICE_X34Y44         FDCE                                         r  U1/Ex_reg_Mem/BranchN_out_EXMem_reg/D
  -------------------------------------------------------------------    -------------------

Slack:                    inf
  Source:                 U1/Ex_reg_Mem/PC4_out_EXMem_reg[0]/C
                            (rising edge-triggered cell FDCE)
  Destination:            U1/Mem_reg_WB/PC4_out_MemWB_reg[0]/D
  Path Group:             (none)
  Path Type:              Min at Fast Process Corner
  Data Path Delay:        0.247ns  (logic 0.128ns (51.736%)  route 0.119ns (48.264%))
  Logic Levels:           1  (FDCE=1)

    Location             Delay type                Incr(ns)  Path(ns)    Netlist Resource(s)
  -------------------------------------------------------------------    -------------------
    SLICE_X36Y44         FDCE                         0.000     0.000 r  U1/Ex_reg_Mem/PC4_out_EXMem_reg[0]/C
    SLICE_X36Y44         FDCE (Prop_fdce_C_Q)         0.128     0.128 r  U1/Ex_reg_Mem/PC4_out_EXMem_reg[0]/Q
                         net (fo=1, routed)           0.119     0.247    U1/Mem_reg_WB/PC4_in_MemWB[0]
    SLICE_X36Y44         FDCE                                         r  U1/Mem_reg_WB/PC4_out_MemWB_reg[0]/D
  -------------------------------------------------------------------    -------------------

Slack:                    inf
  Source:                 U1/IF_reg_ID/PC_out_IFID_reg[25]/C
                            (rising edge-triggered cell FDCE)
  Destination:            U1/ID_reg_Ex/PC_out_IDEX_reg[25]/D
  Path Group:             (none)
  Path Type:              Min at Fast Process Corner
  Data Path Delay:        0.252ns  (logic 0.141ns (55.943%)  route 0.111ns (44.057%))
  Logic Levels:           1  (FDCE=1)

    Location             Delay type                Incr(ns)  Path(ns)    Netlist Resource(s)
  -------------------------------------------------------------------    -------------------
    SLICE_X31Y52         FDCE                         0.000     0.000 r  U1/IF_reg_ID/PC_out_IFID_reg[25]/C
    SLICE_X31Y52         FDCE (Prop_fdce_C_Q)         0.141     0.141 r  U1/IF_reg_ID/PC_out_IFID_reg[25]/Q
                         net (fo=2, routed)           0.111     0.252    U1/ID_reg_Ex/PC_in_IDEX[25]
    SLICE_X33Y52         FDCE                                         r  U1/ID_reg_Ex/PC_out_IDEX_reg[25]/D
  -------------------------------------------------------------------    -------------------

Slack:                    inf
  Source:                 U1/ID_reg_Ex/Rd_addr_out_IDEX_reg[1]/C
                            (rising edge-triggered cell FDCE)
  Destination:            U1/Ex_reg_Mem/Rd_addr_out_EXMem_reg[1]/D
  Path Group:             (none)
  Path Type:              Min at Fast Process Corner
  Data Path Delay:        0.254ns  (logic 0.128ns (50.360%)  route 0.126ns (49.640%))
  Logic Levels:           1  (FDCE=1)

    Location             Delay type                Incr(ns)  Path(ns)    Netlist Resource(s)
  -------------------------------------------------------------------    -------------------
    SLICE_X36Y47         FDCE                         0.000     0.000 r  U1/ID_reg_Ex/Rd_addr_out_IDEX_reg[1]/C
    SLICE_X36Y47         FDCE (Prop_fdce_C_Q)         0.128     0.128 r  U1/ID_reg_Ex/Rd_addr_out_IDEX_reg[1]/Q
                         net (fo=1, routed)           0.126     0.254    U1/Ex_reg_Mem/Rd_addr_EXMem[1]
    SLICE_X36Y47         FDCE                                         r  U1/Ex_reg_Mem/Rd_addr_out_EXMem_reg[1]/D
  -------------------------------------------------------------------    -------------------

Slack:                    inf
  Source:                 U1/Ex_reg_Mem/MemtoReg_out_EXMem_reg[1]/C
                            (rising edge-triggered cell FDCE)
  Destination:            U1/Mem_reg_WB/MemtoReg_out_MemWB_reg[1]/D
  Path Group:             (none)
  Path Type:              Min at Fast Process Corner
  Data Path Delay:        0.255ns  (logic 0.141ns (55.385%)  route 0.114ns (44.615%))
  Logic Levels:           1  (FDCE=1)

    Location             Delay type                Incr(ns)  Path(ns)    Netlist Resource(s)
  -------------------------------------------------------------------    -------------------
    SLICE_X36Y48         FDCE                         0.000     0.000 r  U1/Ex_reg_Mem/MemtoReg_out_EXMem_reg[1]/C
    SLICE_X36Y48         FDCE (Prop_fdce_C_Q)         0.141     0.141 r  U1/Ex_reg_Mem/MemtoReg_out_EXMem_reg[1]/Q
                         net (fo=1, routed)           0.114     0.255    U1/Mem_reg_WB/MemtoReg_in_MemWB[1]
    SLICE_X36Y48         FDCE                                         r  U1/Mem_reg_WB/MemtoReg_out_MemWB_reg[1]/D
  -------------------------------------------------------------------    -------------------

Slack:                    inf
  Source:                 U10/counter0_Lock_reg[13]/C
                            (rising edge-triggered cell FDCE)
  Destination:            U10/counter0_reg[12]/D
  Path Group:             (none)
  Path Type:              Min at Fast Process Corner
  Data Path Delay:        0.255ns  (logic 0.191ns (74.885%)  route 0.064ns (25.115%))
  Logic Levels:           2  (FDCE=1 LUT6=1)

    Location             Delay type                Incr(ns)  Path(ns)    Netlist Resource(s)
  -------------------------------------------------------------------    -------------------
    SLICE_X20Y45         FDCE                         0.000     0.000 r  U10/counter0_Lock_reg[13]/C
    SLICE_X20Y45         FDCE (Prop_fdce_C_Q)         0.146     0.146 r  U10/counter0_Lock_reg[13]/Q
                         net (fo=2, routed)           0.064     0.210    U10/counter0_Lock_reg_n_0_[13]
    SLICE_X21Y45         LUT6 (Prop_lut6_I3_O)        0.045     0.255 r  U10/counter0[12]_i_1/O
                         net (fo=1, routed)           0.000     0.255    U10/counter0[12]_i_1_n_0
    SLICE_X21Y45         FDCE                                         r  U10/counter0_reg[12]/D
  -------------------------------------------------------------------    -------------------

Slack:                    inf
  Source:                 U10/counter0_Lock_reg[22]/C
                            (rising edge-triggered cell FDCE)
  Destination:            U10/counter0_reg[21]/D
  Path Group:             (none)
  Path Type:              Min at Fast Process Corner
  Data Path Delay:        0.255ns  (logic 0.191ns (74.885%)  route 0.064ns (25.115%))
  Logic Levels:           2  (FDCE=1 LUT6=1)

    Location             Delay type                Incr(ns)  Path(ns)    Netlist Resource(s)
  -------------------------------------------------------------------    -------------------
    SLICE_X20Y47         FDCE                         0.000     0.000 r  U10/counter0_Lock_reg[22]/C
    SLICE_X20Y47         FDCE (Prop_fdce_C_Q)         0.146     0.146 r  U10/counter0_Lock_reg[22]/Q
                         net (fo=2, routed)           0.064     0.210    U10/counter0_Lock_reg_n_0_[22]
    SLICE_X21Y47         LUT6 (Prop_lut6_I3_O)        0.045     0.255 r  U10/counter0[21]_i_1/O
                         net (fo=1, routed)           0.000     0.255    U10/counter0[21]_i_1_n_0
    SLICE_X21Y47         FDCE                                         r  U10/counter0_reg[21]/D
  -------------------------------------------------------------------    -------------------

Slack:                    inf
  Source:                 U10/counter0_Lock_reg[8]/C
                            (rising edge-triggered cell FDCE)
  Destination:            U10/counter0_reg[7]/D
  Path Group:             (none)
  Path Type:              Min at Fast Process Corner
  Data Path Delay:        0.255ns  (logic 0.191ns (74.885%)  route 0.064ns (25.115%))
  Logic Levels:           2  (FDCE=1 LUT6=1)

    Location             Delay type                Incr(ns)  Path(ns)    Netlist Resource(s)
  -------------------------------------------------------------------    -------------------
    SLICE_X20Y44         FDCE                         0.000     0.000 r  U10/counter0_Lock_reg[8]/C
    SLICE_X20Y44         FDCE (Prop_fdce_C_Q)         0.146     0.146 r  U10/counter0_Lock_reg[8]/Q
                         net (fo=2, routed)           0.064     0.210    U10/counter0_Lock_reg_n_0_[8]
    SLICE_X21Y44         LUT6 (Prop_lut6_I3_O)        0.045     0.255 r  U10/counter0[7]_i_1/O
                         net (fo=1, routed)           0.000     0.255    U10/counter0[7]_i_1_n_0
    SLICE_X21Y44         FDCE                                         r  U10/counter0_reg[7]/D
  -------------------------------------------------------------------    -------------------

Slack:                    inf
  Source:                 U1/ID_reg_Ex/Rs2_out_IDEX_reg[0]/C
                            (rising edge-triggered cell FDCE)
  Destination:            U1/Ex_reg_Mem/Rs2_out_EXMem_reg[0]/D
  Path Group:             (none)
  Path Type:              Min at Fast Process Corner
  Data Path Delay:        0.255ns  (logic 0.141ns (55.214%)  route 0.114ns (44.786%))
  Logic Levels:           1  (FDCE=1)

    Location             Delay type                Incr(ns)  Path(ns)    Netlist Resource(s)
  -------------------------------------------------------------------    -------------------
    SLICE_X41Y44         FDCE                         0.000     0.000 r  U1/ID_reg_Ex/Rs2_out_IDEX_reg[0]/C
    SLICE_X41Y44         FDCE (Prop_fdce_C_Q)         0.141     0.141 r  U1/ID_reg_Ex/Rs2_out_IDEX_reg[0]/Q
                         net (fo=5, routed)           0.114     0.255    U1/Ex_reg_Mem/Rs2_in_EXMem[0]
    SLICE_X38Y44         FDCE                                         r  U1/Ex_reg_Mem/Rs2_out_EXMem_reg[0]/D
  -------------------------------------------------------------------    -------------------

Slack:                    inf
  Source:                 U1/IF_reg_ID/PC_out_IFID_reg[22]/C
                            (rising edge-triggered cell FDCE)
  Destination:            U1/ID_reg_Ex/PC_out_IDEX_reg[22]/D
  Path Group:             (none)
  Path Type:              Min at Fast Process Corner
  Data Path Delay:        0.256ns  (logic 0.141ns (55.114%)  route 0.115ns (44.886%))
  Logic Levels:           1  (FDCE=1)

    Location             Delay type                Incr(ns)  Path(ns)    Netlist Resource(s)
  -------------------------------------------------------------------    -------------------
    SLICE_X32Y51         FDCE                         0.000     0.000 r  U1/IF_reg_ID/PC_out_IFID_reg[22]/C
    SLICE_X32Y51         FDCE (Prop_fdce_C_Q)         0.141     0.141 r  U1/IF_reg_ID/PC_out_IFID_reg[22]/Q
                         net (fo=2, routed)           0.115     0.256    U1/ID_reg_Ex/PC_in_IDEX[22]
    SLICE_X32Y51         FDCE                                         r  U1/ID_reg_Ex/PC_out_IDEX_reg[22]/D
  -------------------------------------------------------------------    -------------------





