#-----------------------------------------------------------
# Vivado v2021.1 (64-bit)
# SW Build 3247384 on Thu Jun 10 19:36:33 MDT 2021
# IP Build 3246043 on Fri Jun 11 00:30:35 MDT 2021
# Start of session at: Sun Jun 16 14:34:19 2024
# Process ID: 24664
# Current directory: C:/CO/Pipeline_CPU
# Command line: vivado.exe -gui_launcher_event rodinguilauncherevent14524 C:\CO\Pipeline_CPU\Pipeline_CPU.xpr
# Log file: C:/CO/Pipeline_CPU/vivado.log
# Journal file: C:/CO/Pipeline_CPU\vivado.jou
#-----------------------------------------------------------
start_gui
open_project C:/CO/Pipeline_CPU/Pipeline_CPU.xpr
Scanning sources...
Finished scanning sources
INFO: [IP_Flow 19-234] Refreshing IP repositories
INFO: [IP_Flow 19-1700] Loaded user IP repository 'c:/CO/Pipeline_CPU/ip_TA/Seg7_Dev'.
INFO: [IP_Flow 19-2313] Loaded Vivado IP repository 'C:/MyCS/Xlinx/Vivado/2021.1/data/ip'.
open_project: Time (s): cpu = 00:00:02 ; elapsed = 00:00:06 . Memory (MB): peak = 1119.051 ; gain = 0.000
update_compile_order -fileset sources_1
exit
INFO: [Common 17-206] Exiting Vivado at Sun Jun 16 14:37:19 2024...
