Vivado Simulator v2023.2
Copyright 1986-2022 Xilinx, Inc. All Rights Reserved.
Copyright 2022-2023 Advanced Micro Devices, Inc. All Rights Reserved.
Running: D:/Vivado/Vivado/2023.2/bin/unwrapped/win64.o/xelab.exe --incr --debug typical --relax --mt 2 -L xil_defaultlib -L blk_mem_gen_v8_4_7 -L dist_mem_gen_v8_0_14 -L unisims_ver -L unimacro_ver -L secureip -L xpm --snapshot CPUtest_behav xil_defaultlib.CPUtest xil_defaultlib.glbl -log elaborate.log 
Using 2 slave threads.
Starting static elaboration
Pass Through NonSizing Optimizer
WARNING: [VRFC 10-3091] actual bit length 32 differs from formal bit length 5 for port 'Rd_addr_out_ID' [D:/NewwwwwW/ComputerOrg/lab05/Lab05Student/Lab05-PipelineCPU/Lab05-PipelineCPU.srcs/sources_1/new/PipelineCPU.v:75]
WARNING: [VRFC 10-3091] actual bit length 32 differs from formal bit length 5 for port 'Rd_addr_IDEX' [D:/NewwwwwW/ComputerOrg/lab05/Lab05Student/Lab05-PipelineCPU/Lab05-PipelineCPU.srcs/sources_1/new/PipelineCPU.v:95]
WARNING: [VRFC 10-5021] port 'MIO_ready' is not connected on this instance [D:/NewwwwwW/ComputerOrg/lab05/Lab05Student/Pipeline-normal/Pipeline-normal.srcs/sources_1/new/Pipeline_ID.v:48]
Completed static elaboration
Starting simulation data flow analysis
Completed simulation data flow analysis
Time Resolution for simulation is 1ps
Compiling module xil_defaultlib.MUX2T1_32
Compiling module xil_defaultlib.REG32
Compiling module xil_defaultlib.add32
Compiling module xil_defaultlib.Pipeline_IF
Compiling module xil_defaultlib.IF_reg_ID
Compiling module xil_defaultlib.Regs
Compiling module xil_defaultlib.ImmGen_more
Compiling module xil_defaultlib.SCPU_ctrl_more
Compiling module xil_defaultlib.Pipeline_ID
Compiling module xil_defaultlib.ID_reg_Ex
Compiling module xil_defaultlib.ALU
Compiling module xil_defaultlib.Pipeline_Ex
Compiling module xil_defaultlib.Ex_reg_Mem
Compiling module xil_defaultlib.Pipeline_Mem
Compiling module xil_defaultlib.Mem_reg_WB
Compiling module xil_defaultlib.MUX4T1_32
Compiling module xil_defaultlib.Pipeline_WB
Compiling module xil_defaultlib.PipelineCPU
Compiling module dist_mem_gen_v8_0_14.dist_mem_gen_v8_0_14(C_FAMILY="a...
Compiling module xil_defaultlib.Rom_D_0
Compiling module blk_mem_gen_v8_4_7.blk_mem_gen_v8_4_7_output_stage(...
Compiling module blk_mem_gen_v8_4_7.blk_mem_gen_v8_4_7_output_stage(...
Compiling module blk_mem_gen_v8_4_7.blk_mem_gen_v8_4_7_softecc_outpu...
Compiling module blk_mem_gen_v8_4_7.blk_mem_gen_v8_4_7_mem_module(C_...
Compiling module blk_mem_gen_v8_4_7.blk_mem_gen_v8_4_7(C_FAMILY="art...
Compiling module xil_defaultlib.RAM_B
Compiling module xil_defaultlib.CPU_test
Compiling module xil_defaultlib.CPUtest
Compiling module xil_defaultlib.glbl
Built simulation snapshot CPUtest_behav
