Copyright 1986-2022 Xilinx, Inc. All Rights Reserved. Copyright 2022-2023 Advanced Micro Devices, Inc. All Rights Reserved.
------------------------------------------------------------------------------------------------------------------------------------------------------------------------------------------------------------
| Tool Version : Vivado v.2023.2 (win64) Build 4029153 Fri Oct 13 20:14:34 MDT 2023
| Date         : Wed Dec 11 19:30:43 2024
| Host         : jack running 64-bit major release  (build 9200)
| Command      : report_timing_summary -max_paths 10 -report_unconstrained -file CSSTE_timing_summary_routed.rpt -pb CSSTE_timing_summary_routed.pb -rpx CSSTE_timing_summary_routed.rpx -warn_on_violation
| Design       : CSSTE
| Device       : 7a100t-csg324
| Speed File   : -1  PRODUCTION 1.23 2018-06-13
| Design State : Routed
------------------------------------------------------------------------------------------------------------------------------------------------------------------------------------------------------------

Timing Summary Report

------------------------------------------------------------------------------------------------
| Timer Settings
| --------------
------------------------------------------------------------------------------------------------

  Enable Multi Corner Analysis               :  Yes
  Enable Pessimism Removal                   :  Yes
  Pessimism Removal Resolution               :  Nearest Common Node
  Enable Input Delay Default Clock           :  No
  Enable Preset / Clear Arcs                 :  No
  Disable Flight Delays                      :  No
  Ignore I/O Paths                           :  No
  Timing Early Launch at Borrowing Latches   :  No
  Borrow Time for Max Delay Exceptions       :  Yes
  Merge Timing Exceptions                    :  Yes
  Inter-SLR Compensation                     :  Conservative

  Corner  Analyze    Analyze    
  Name    Max Paths  Min Paths  
  ------  ---------  ---------  
  Slow    Yes        Yes        
  Fast    Yes        Yes        


------------------------------------------------------------------------------------------------
| Report Methodology
| ------------------
------------------------------------------------------------------------------------------------

Rule       Severity          Description                     Violations  
---------  ----------------  ------------------------------  ----------  
TIMING-17  Critical Warning  Non-clocked sequential cell     1000        
TIMING-20  Warning           Non-clocked latch               10          
LATCH-1    Advisory          Existing latches in the design  1           

Note: This report is based on the most recent report_methodology run and may not be up-to-date. Run report_methodology on the current design for the latest report.



check_timing report

Table of Contents
-----------------
1. checking no_clock (8788)
2. checking constant_clock (0)
3. checking pulse_width_clock (0)
4. checking unconstrained_internal_endpoints (9792)
5. checking no_input_delay (17)
6. checking no_output_delay (46)
7. checking multiple_clock (0)
8. checking generated_clocks (0)
9. checking loops (0)
10. checking partial_input_delay (0)
11. checking partial_output_delay (0)
12. checking latch_loops (0)

1. checking no_clock (8788)
---------------------------
 There are 756 register/latch pins with no clock driven by root clock pin: clk_100mhz (HIGH)

 There are 10 register/latch pins with no clock driven by root clock pin: U1/IF_reg_ID/inst_out_IFID_reg[13]/Q (HIGH)

 There are 10 register/latch pins with no clock driven by root clock pin: U1/IF_reg_ID/inst_out_IFID_reg[14]/Q (HIGH)

 There are 10 register/latch pins with no clock driven by root clock pin: U1/IF_reg_ID/inst_out_IFID_reg[4]/Q (HIGH)

 There are 10 register/latch pins with no clock driven by root clock pin: U1/IF_reg_ID/inst_out_IFID_reg[5]/Q (HIGH)

 There are 10 register/latch pins with no clock driven by root clock pin: U1/IF_reg_ID/inst_out_IFID_reg[6]/Q (HIGH)

 There are 35 register/latch pins with no clock driven by root clock pin: U8/clkdiv_reg[11]/Q (HIGH)

 There are 22 register/latch pins with no clock driven by root clock pin: U8/clkdiv_reg[1]/Q (HIGH)

 There are 1571 register/latch pins with no clock driven by root clock pin: U8/clkdiv_reg[24]/Q (HIGH)

 There are 1571 register/latch pins with no clock driven by root clock pin: U8/clkdiv_reg[2]/Q (HIGH)

 There are 35 register/latch pins with no clock driven by root clock pin: U8/clkdiv_reg[6]/Q (HIGH)

 There are 35 register/latch pins with no clock driven by root clock pin: U8/clkdiv_reg[9]/Q (HIGH)

 There are 1571 register/latch pins with no clock driven by root clock pin: U9/u1/sw_reg[10]/Q (HIGH)

 There are 1571 register/latch pins with no clock driven by root clock pin: U9/u1/sw_reg[2]/Q (HIGH)

 There are 1571 register/latch pins with no clock driven by root clock pin: U9/u1/sw_reg[8]/Q (HIGH)


2. checking constant_clock (0)
------------------------------
 There are 0 register/latch pins with constant_clock.


3. checking pulse_width_clock (0)
---------------------------------
 There are 0 register/latch pins which need pulse_width check


4. checking unconstrained_internal_endpoints (9792)
---------------------------------------------------
 There are 9792 pins that are not constrained for maximum delay. (HIGH)

 There are 0 pins that are not constrained for maximum delay due to constant clock.


5. checking no_input_delay (17)
-------------------------------
 There are 17 input ports with no input delay specified. (HIGH)

 There are 0 input ports with no input delay but user has a false path constraint.


6. checking no_output_delay (46)
--------------------------------
 There are 46 ports with no output delay specified. (HIGH)

 There are 0 ports with no output delay but user has a false path constraint

 There are 0 ports with no output delay but with a timing clock defined on it or propagating through it


7. checking multiple_clock (0)
------------------------------
 There are 0 register/latch pins with multiple clocks.


8. checking generated_clocks (0)
--------------------------------
 There are 0 generated clocks that are not connected to a clock source.


9. checking loops (0)
---------------------
 There are 0 combinational loops in the design.


10. checking partial_input_delay (0)
------------------------------------
 There are 0 input ports with partial input delay specified.


11. checking partial_output_delay (0)
-------------------------------------
 There are 0 ports with partial output delay specified.


12. checking latch_loops (0)
----------------------------
 There are 0 combinational latch loops in the design through latch input



------------------------------------------------------------------------------------------------
| Design Timing Summary
| ---------------------
------------------------------------------------------------------------------------------------

    WNS(ns)      TNS(ns)  TNS Failing Endpoints  TNS Total Endpoints      WHS(ns)      THS(ns)  THS Failing Endpoints  THS Total Endpoints     WPWS(ns)     TPWS(ns)  TPWS Failing Endpoints  TPWS Total Endpoints  
    -------      -------  ---------------------  -------------------      -------      -------  ---------------------  -------------------     --------     --------  ----------------------  --------------------  
        inf        0.000                      0                 9838          inf        0.000                      0                 9838           NA           NA                      NA                    NA  


There are no user specified timing constraints.


------------------------------------------------------------------------------------------------
| Clock Summary
| -------------
------------------------------------------------------------------------------------------------


------------------------------------------------------------------------------------------------
| Intra Clock Table
| -----------------
------------------------------------------------------------------------------------------------

Clock             WNS(ns)      TNS(ns)  TNS Failing Endpoints  TNS Total Endpoints      WHS(ns)      THS(ns)  THS Failing Endpoints  THS Total Endpoints     WPWS(ns)     TPWS(ns)  TPWS Failing Endpoints  TPWS Total Endpoints  
-----             -------      -------  ---------------------  -------------------      -------      -------  ---------------------  -------------------     --------     --------  ----------------------  --------------------  


------------------------------------------------------------------------------------------------
| Inter Clock Table
| -----------------
------------------------------------------------------------------------------------------------

From Clock    To Clock          WNS(ns)      TNS(ns)  TNS Failing Endpoints  TNS Total Endpoints      WHS(ns)      THS(ns)  THS Failing Endpoints  THS Total Endpoints  
----------    --------          -------      -------  ---------------------  -------------------      -------      -------  ---------------------  -------------------  


------------------------------------------------------------------------------------------------
| Other Path Groups Table
| -----------------------
------------------------------------------------------------------------------------------------

Path Group    From Clock    To Clock          WNS(ns)      TNS(ns)  TNS Failing Endpoints  TNS Total Endpoints      WHS(ns)      THS(ns)  THS Failing Endpoints  THS Total Endpoints  
----------    ----------    --------          -------      -------  ---------------------  -------------------      -------      -------  ---------------------  -------------------  


------------------------------------------------------------------------------------------------
| User Ignored Path Table
| -----------------------
------------------------------------------------------------------------------------------------

Path Group    From Clock    To Clock    
----------    ----------    --------    


------------------------------------------------------------------------------------------------
| Unconstrained Path Table
| ------------------------
------------------------------------------------------------------------------------------------

Path Group    From Clock    To Clock    
----------    ----------    --------    
(none)                                    


------------------------------------------------------------------------------------------------
| Timing Details
| --------------
------------------------------------------------------------------------------------------------


--------------------------------------------------------------------------------------
Path Group:  (none)
From Clock:  
  To Clock:  

Max Delay          9838 Endpoints
Min Delay          9838 Endpoints
--------------------------------------------------------------------------------------


Max Delay Paths
--------------------------------------------------------------------------------------
Slack:                    inf
  Source:                 U11/vga_controller/v_count_reg[2]/C
                            (rising edge-triggered cell FDRE)
  Destination:            Green[0]
                            (output port)
  Path Group:             (none)
  Path Type:              Max at Slow Process Corner
  Data Path Delay:        35.401ns  (logic 8.842ns (24.977%)  route 26.559ns (75.023%))
  Logic Levels:           23  (CARRY4=3 FDRE=1 LUT2=2 LUT3=1 LUT5=3 LUT6=7 MUXF7=3 MUXF8=1 OBUF=1 RAMD64E=1)

    Location             Delay type                Incr(ns)  Path(ns)    Netlist Resource(s)
  -------------------------------------------------------------------    -------------------
    SLICE_X33Y94         FDRE                         0.000     0.000 r  U11/vga_controller/v_count_reg[2]/C
    SLICE_X33Y94         FDRE (Prop_fdre_C_Q)         0.419     0.419 f  U11/vga_controller/v_count_reg[2]/Q
                         net (fo=38, routed)          1.209     1.628    U11/vga_controller/v_count_reg_n_0_[2]
    SLICE_X36Y91         LUT5 (Prop_lut5_I4_O)        0.299     1.927 f  U11/vga_controller/display_data_reg_0_63_0_2_i_39/O
                         net (fo=7, routed)           0.619     2.546    U11/vga_controller/display_data_reg_0_63_0_2_i_39_n_0
    SLICE_X35Y94         LUT5 (Prop_lut5_I3_O)        0.124     2.670 f  U11/vga_controller/Blue_OBUF[3]_inst_i_7/O
                         net (fo=23, routed)          1.320     3.991    U11/vga_controller/Blue_OBUF[3]_inst_i_7_n_0
    SLICE_X40Y93         LUT5 (Prop_lut5_I0_O)        0.124     4.115 r  U11/vga_controller/Blue_OBUF[3]_inst_i_2/O
                         net (fo=48, routed)          1.049     5.164    U11/vga_controller/h_count_reg[7]_0
    SLICE_X36Y92         LUT3 (Prop_lut3_I0_O)        0.124     5.288 r  U11/vga_controller/display_data_reg_0_63_0_2_i_21/O
                         net (fo=1, routed)           0.000     5.288    U11/vga_controller/display_data_reg_0_63_0_2_i_21_n_0
    SLICE_X36Y92         CARRY4 (Prop_carry4_S[0]_O[0])
                                                      0.247     5.535 r  U11/vga_controller/display_data_reg_0_63_0_2_i_5/O[0]
                         net (fo=446, routed)         4.459     9.994    U11/vga_display/display_data_reg_128_191_0_2/ADDRA3
    SLICE_X38Y74         RAMD64E (Prop_ramd64e_RADR3_O)
                                                      0.299    10.293 r  U11/vga_display/display_data_reg_128_191_0_2/RAMA/O
                         net (fo=1, routed)           1.316    11.609    U11/vga_display/display_data_reg_128_191_0_2_n_0
    SLICE_X39Y77         LUT6 (Prop_lut6_I1_O)        0.124    11.733 r  U11/vga_display/text_ascii_carry_i_127/O
                         net (fo=1, routed)           0.000    11.733    U11/vga_display/text_ascii_carry_i_127_n_0
    SLICE_X39Y77         MUXF7 (Prop_muxf7_I0_O)      0.238    11.971 r  U11/vga_display/text_ascii_carry_i_64/O
                         net (fo=1, routed)           0.000    11.971    U11/vga_display/text_ascii_carry_i_64_n_0
    SLICE_X39Y77         MUXF8 (Prop_muxf8_I0_O)      0.104    12.075 r  U11/vga_display/text_ascii_carry_i_26/O
                         net (fo=1, routed)           0.978    13.053    U11/vga_display/text_ascii_carry_i_26_n_0
    SLICE_X39Y89         LUT6 (Prop_lut6_I5_O)        0.316    13.369 r  U11/vga_display/text_ascii_carry_i_4/O
                         net (fo=2, routed)           1.002    14.371    U11/vga_display/text_ascii0[0]
    SLICE_X36Y89         LUT2 (Prop_lut2_I0_O)        0.124    14.495 r  U11/vga_display/text_ascii_carry_i_8/O
                         net (fo=1, routed)           0.000    14.495    U11/vga_display/text_ascii_carry_i_8_n_0
    SLICE_X36Y89         CARRY4 (Prop_carry4_S[0]_O[0])
                                                      0.247    14.742 r  U11/vga_display/text_ascii_carry/O[0]
                         net (fo=2, routed)           0.706    15.449    U11/vga_display/font_addr0[0]
    SLICE_X37Y89         LUT2 (Prop_lut2_I0_O)        0.299    15.748 r  U11/vga_display/Blue_OBUF[3]_inst_i_71/O
                         net (fo=1, routed)           0.000    15.748    U11/vga_display/Blue_OBUF[3]_inst_i_71_n_0
    SLICE_X37Y89         CARRY4 (Prop_carry4_S[1]_O[3])
                                                      0.640    16.388 r  U11/vga_display/Blue_OBUF[3]_inst_i_29/O[3]
                         net (fo=405, routed)         5.156    21.544    U11/vga_display/Blue_OBUF[3]_inst_i_31_0[3]
    SLICE_X53Y93         LUT6 (Prop_lut6_I0_O)        0.306    21.850 r  U11/vga_display/Blue_OBUF[3]_inst_i_600/O
                         net (fo=1, routed)           0.000    21.850    U11/vga_display/Blue_OBUF[3]_inst_i_600_n_0
    SLICE_X53Y93         MUXF7 (Prop_muxf7_I1_O)      0.217    22.067 r  U11/vga_display/Blue_OBUF[3]_inst_i_306/O
                         net (fo=1, routed)           0.791    22.858    U11/vga_display/Blue_OBUF[3]_inst_i_306_n_0
    SLICE_X54Y93         LUT6 (Prop_lut6_I1_O)        0.299    23.157 r  U11/vga_display/Blue_OBUF[3]_inst_i_121/O
                         net (fo=1, routed)           0.000    23.157    U11/vga_display/Blue_OBUF[3]_inst_i_121_n_0
    SLICE_X54Y93         MUXF7 (Prop_muxf7_I0_O)      0.209    23.366 r  U11/vga_display/Blue_OBUF[3]_inst_i_51/O
                         net (fo=1, routed)           0.695    24.060    U11/vga_display/Blue_OBUF[3]_inst_i_51_n_0
    SLICE_X51Y93         LUT6 (Prop_lut6_I1_O)        0.297    24.357 r  U11/vga_display/Blue_OBUF[3]_inst_i_20/O
                         net (fo=1, routed)           0.472    24.829    U11/vga_display/font_data[3]
    SLICE_X45Y94         LUT6 (Prop_lut6_I0_O)        0.124    24.953 f  U11/vga_display/Blue_OBUF[3]_inst_i_6/O
                         net (fo=1, routed)           0.665    25.618    U11/vga_display/Blue_OBUF[3]_inst_i_6_n_0
    SLICE_X45Y94         LUT6 (Prop_lut6_I5_O)        0.124    25.742 r  U11/vga_display/Blue_OBUF[3]_inst_i_1/O
                         net (fo=12, routed)          6.121    31.863    Red_OBUF[0]
    C6                   OBUF (Prop_obuf_I_O)         3.538    35.401 r  Green_OBUF[0]_inst/O
                         net (fo=0)                   0.000    35.401    Green[0]
    C6                                                                r  Green[0] (OUT)
  -------------------------------------------------------------------    -------------------

Slack:                    inf
  Source:                 U11/vga_controller/v_count_reg[2]/C
                            (rising edge-triggered cell FDRE)
  Destination:            Red[2]
                            (output port)
  Path Group:             (none)
  Path Type:              Max at Slow Process Corner
  Data Path Delay:        35.257ns  (logic 8.839ns (25.071%)  route 26.418ns (74.929%))
  Logic Levels:           23  (CARRY4=3 FDRE=1 LUT2=2 LUT3=1 LUT5=3 LUT6=7 MUXF7=3 MUXF8=1 OBUF=1 RAMD64E=1)

    Location             Delay type                Incr(ns)  Path(ns)    Netlist Resource(s)
  -------------------------------------------------------------------    -------------------
    SLICE_X33Y94         FDRE                         0.000     0.000 r  U11/vga_controller/v_count_reg[2]/C
    SLICE_X33Y94         FDRE (Prop_fdre_C_Q)         0.419     0.419 f  U11/vga_controller/v_count_reg[2]/Q
                         net (fo=38, routed)          1.209     1.628    U11/vga_controller/v_count_reg_n_0_[2]
    SLICE_X36Y91         LUT5 (Prop_lut5_I4_O)        0.299     1.927 f  U11/vga_controller/display_data_reg_0_63_0_2_i_39/O
                         net (fo=7, routed)           0.619     2.546    U11/vga_controller/display_data_reg_0_63_0_2_i_39_n_0
    SLICE_X35Y94         LUT5 (Prop_lut5_I3_O)        0.124     2.670 f  U11/vga_controller/Blue_OBUF[3]_inst_i_7/O
                         net (fo=23, routed)          1.320     3.991    U11/vga_controller/Blue_OBUF[3]_inst_i_7_n_0
    SLICE_X40Y93         LUT5 (Prop_lut5_I0_O)        0.124     4.115 r  U11/vga_controller/Blue_OBUF[3]_inst_i_2/O
                         net (fo=48, routed)          1.049     5.164    U11/vga_controller/h_count_reg[7]_0
    SLICE_X36Y92         LUT3 (Prop_lut3_I0_O)        0.124     5.288 r  U11/vga_controller/display_data_reg_0_63_0_2_i_21/O
                         net (fo=1, routed)           0.000     5.288    U11/vga_controller/display_data_reg_0_63_0_2_i_21_n_0
    SLICE_X36Y92         CARRY4 (Prop_carry4_S[0]_O[0])
                                                      0.247     5.535 r  U11/vga_controller/display_data_reg_0_63_0_2_i_5/O[0]
                         net (fo=446, routed)         4.459     9.994    U11/vga_display/display_data_reg_128_191_0_2/ADDRA3
    SLICE_X38Y74         RAMD64E (Prop_ramd64e_RADR3_O)
                                                      0.299    10.293 r  U11/vga_display/display_data_reg_128_191_0_2/RAMA/O
                         net (fo=1, routed)           1.316    11.609    U11/vga_display/display_data_reg_128_191_0_2_n_0
    SLICE_X39Y77         LUT6 (Prop_lut6_I1_O)        0.124    11.733 r  U11/vga_display/text_ascii_carry_i_127/O
                         net (fo=1, routed)           0.000    11.733    U11/vga_display/text_ascii_carry_i_127_n_0
    SLICE_X39Y77         MUXF7 (Prop_muxf7_I0_O)      0.238    11.971 r  U11/vga_display/text_ascii_carry_i_64/O
                         net (fo=1, routed)           0.000    11.971    U11/vga_display/text_ascii_carry_i_64_n_0
    SLICE_X39Y77         MUXF8 (Prop_muxf8_I0_O)      0.104    12.075 r  U11/vga_display/text_ascii_carry_i_26/O
                         net (fo=1, routed)           0.978    13.053    U11/vga_display/text_ascii_carry_i_26_n_0
    SLICE_X39Y89         LUT6 (Prop_lut6_I5_O)        0.316    13.369 r  U11/vga_display/text_ascii_carry_i_4/O
                         net (fo=2, routed)           1.002    14.371    U11/vga_display/text_ascii0[0]
    SLICE_X36Y89         LUT2 (Prop_lut2_I0_O)        0.124    14.495 r  U11/vga_display/text_ascii_carry_i_8/O
                         net (fo=1, routed)           0.000    14.495    U11/vga_display/text_ascii_carry_i_8_n_0
    SLICE_X36Y89         CARRY4 (Prop_carry4_S[0]_O[0])
                                                      0.247    14.742 r  U11/vga_display/text_ascii_carry/O[0]
                         net (fo=2, routed)           0.706    15.449    U11/vga_display/font_addr0[0]
    SLICE_X37Y89         LUT2 (Prop_lut2_I0_O)        0.299    15.748 r  U11/vga_display/Blue_OBUF[3]_inst_i_71/O
                         net (fo=1, routed)           0.000    15.748    U11/vga_display/Blue_OBUF[3]_inst_i_71_n_0
    SLICE_X37Y89         CARRY4 (Prop_carry4_S[1]_O[3])
                                                      0.640    16.388 r  U11/vga_display/Blue_OBUF[3]_inst_i_29/O[3]
                         net (fo=405, routed)         5.156    21.544    U11/vga_display/Blue_OBUF[3]_inst_i_31_0[3]
    SLICE_X53Y93         LUT6 (Prop_lut6_I0_O)        0.306    21.850 r  U11/vga_display/Blue_OBUF[3]_inst_i_600/O
                         net (fo=1, routed)           0.000    21.850    U11/vga_display/Blue_OBUF[3]_inst_i_600_n_0
    SLICE_X53Y93         MUXF7 (Prop_muxf7_I1_O)      0.217    22.067 r  U11/vga_display/Blue_OBUF[3]_inst_i_306/O
                         net (fo=1, routed)           0.791    22.858    U11/vga_display/Blue_OBUF[3]_inst_i_306_n_0
    SLICE_X54Y93         LUT6 (Prop_lut6_I1_O)        0.299    23.157 r  U11/vga_display/Blue_OBUF[3]_inst_i_121/O
                         net (fo=1, routed)           0.000    23.157    U11/vga_display/Blue_OBUF[3]_inst_i_121_n_0
    SLICE_X54Y93         MUXF7 (Prop_muxf7_I0_O)      0.209    23.366 r  U11/vga_display/Blue_OBUF[3]_inst_i_51/O
                         net (fo=1, routed)           0.695    24.060    U11/vga_display/Blue_OBUF[3]_inst_i_51_n_0
    SLICE_X51Y93         LUT6 (Prop_lut6_I1_O)        0.297    24.357 r  U11/vga_display/Blue_OBUF[3]_inst_i_20/O
                         net (fo=1, routed)           0.472    24.829    U11/vga_display/font_data[3]
    SLICE_X45Y94         LUT6 (Prop_lut6_I0_O)        0.124    24.953 f  U11/vga_display/Blue_OBUF[3]_inst_i_6/O
                         net (fo=1, routed)           0.665    25.618    U11/vga_display/Blue_OBUF[3]_inst_i_6_n_0
    SLICE_X45Y94         LUT6 (Prop_lut6_I5_O)        0.124    25.742 r  U11/vga_display/Blue_OBUF[3]_inst_i_1/O
                         net (fo=12, routed)          5.980    31.722    Red_OBUF[0]
    C5                   OBUF (Prop_obuf_I_O)         3.535    35.257 r  Red_OBUF[2]_inst/O
                         net (fo=0)                   0.000    35.257    Red[2]
    C5                                                                r  Red[2] (OUT)
  -------------------------------------------------------------------    -------------------

Slack:                    inf
  Source:                 U11/vga_controller/v_count_reg[2]/C
                            (rising edge-triggered cell FDRE)
  Destination:            Blue[0]
                            (output port)
  Path Group:             (none)
  Path Type:              Max at Slow Process Corner
  Data Path Delay:        35.118ns  (logic 8.851ns (25.204%)  route 26.267ns (74.796%))
  Logic Levels:           23  (CARRY4=3 FDRE=1 LUT2=2 LUT3=1 LUT5=3 LUT6=7 MUXF7=3 MUXF8=1 OBUF=1 RAMD64E=1)

    Location             Delay type                Incr(ns)  Path(ns)    Netlist Resource(s)
  -------------------------------------------------------------------    -------------------
    SLICE_X33Y94         FDRE                         0.000     0.000 r  U11/vga_controller/v_count_reg[2]/C
    SLICE_X33Y94         FDRE (Prop_fdre_C_Q)         0.419     0.419 f  U11/vga_controller/v_count_reg[2]/Q
                         net (fo=38, routed)          1.209     1.628    U11/vga_controller/v_count_reg_n_0_[2]
    SLICE_X36Y91         LUT5 (Prop_lut5_I4_O)        0.299     1.927 f  U11/vga_controller/display_data_reg_0_63_0_2_i_39/O
                         net (fo=7, routed)           0.619     2.546    U11/vga_controller/display_data_reg_0_63_0_2_i_39_n_0
    SLICE_X35Y94         LUT5 (Prop_lut5_I3_O)        0.124     2.670 f  U11/vga_controller/Blue_OBUF[3]_inst_i_7/O
                         net (fo=23, routed)          1.320     3.991    U11/vga_controller/Blue_OBUF[3]_inst_i_7_n_0
    SLICE_X40Y93         LUT5 (Prop_lut5_I0_O)        0.124     4.115 r  U11/vga_controller/Blue_OBUF[3]_inst_i_2/O
                         net (fo=48, routed)          1.049     5.164    U11/vga_controller/h_count_reg[7]_0
    SLICE_X36Y92         LUT3 (Prop_lut3_I0_O)        0.124     5.288 r  U11/vga_controller/display_data_reg_0_63_0_2_i_21/O
                         net (fo=1, routed)           0.000     5.288    U11/vga_controller/display_data_reg_0_63_0_2_i_21_n_0
    SLICE_X36Y92         CARRY4 (Prop_carry4_S[0]_O[0])
                                                      0.247     5.535 r  U11/vga_controller/display_data_reg_0_63_0_2_i_5/O[0]
                         net (fo=446, routed)         4.459     9.994    U11/vga_display/display_data_reg_128_191_0_2/ADDRA3
    SLICE_X38Y74         RAMD64E (Prop_ramd64e_RADR3_O)
                                                      0.299    10.293 r  U11/vga_display/display_data_reg_128_191_0_2/RAMA/O
                         net (fo=1, routed)           1.316    11.609    U11/vga_display/display_data_reg_128_191_0_2_n_0
    SLICE_X39Y77         LUT6 (Prop_lut6_I1_O)        0.124    11.733 r  U11/vga_display/text_ascii_carry_i_127/O
                         net (fo=1, routed)           0.000    11.733    U11/vga_display/text_ascii_carry_i_127_n_0
    SLICE_X39Y77         MUXF7 (Prop_muxf7_I0_O)      0.238    11.971 r  U11/vga_display/text_ascii_carry_i_64/O
                         net (fo=1, routed)           0.000    11.971    U11/vga_display/text_ascii_carry_i_64_n_0
    SLICE_X39Y77         MUXF8 (Prop_muxf8_I0_O)      0.104    12.075 r  U11/vga_display/text_ascii_carry_i_26/O
                         net (fo=1, routed)           0.978    13.053    U11/vga_display/text_ascii_carry_i_26_n_0
    SLICE_X39Y89         LUT6 (Prop_lut6_I5_O)        0.316    13.369 r  U11/vga_display/text_ascii_carry_i_4/O
                         net (fo=2, routed)           1.002    14.371    U11/vga_display/text_ascii0[0]
    SLICE_X36Y89         LUT2 (Prop_lut2_I0_O)        0.124    14.495 r  U11/vga_display/text_ascii_carry_i_8/O
                         net (fo=1, routed)           0.000    14.495    U11/vga_display/text_ascii_carry_i_8_n_0
    SLICE_X36Y89         CARRY4 (Prop_carry4_S[0]_O[0])
                                                      0.247    14.742 r  U11/vga_display/text_ascii_carry/O[0]
                         net (fo=2, routed)           0.706    15.449    U11/vga_display/font_addr0[0]
    SLICE_X37Y89         LUT2 (Prop_lut2_I0_O)        0.299    15.748 r  U11/vga_display/Blue_OBUF[3]_inst_i_71/O
                         net (fo=1, routed)           0.000    15.748    U11/vga_display/Blue_OBUF[3]_inst_i_71_n_0
    SLICE_X37Y89         CARRY4 (Prop_carry4_S[1]_O[3])
                                                      0.640    16.388 r  U11/vga_display/Blue_OBUF[3]_inst_i_29/O[3]
                         net (fo=405, routed)         5.156    21.544    U11/vga_display/Blue_OBUF[3]_inst_i_31_0[3]
    SLICE_X53Y93         LUT6 (Prop_lut6_I0_O)        0.306    21.850 r  U11/vga_display/Blue_OBUF[3]_inst_i_600/O
                         net (fo=1, routed)           0.000    21.850    U11/vga_display/Blue_OBUF[3]_inst_i_600_n_0
    SLICE_X53Y93         MUXF7 (Prop_muxf7_I1_O)      0.217    22.067 r  U11/vga_display/Blue_OBUF[3]_inst_i_306/O
                         net (fo=1, routed)           0.791    22.858    U11/vga_display/Blue_OBUF[3]_inst_i_306_n_0
    SLICE_X54Y93         LUT6 (Prop_lut6_I1_O)        0.299    23.157 r  U11/vga_display/Blue_OBUF[3]_inst_i_121/O
                         net (fo=1, routed)           0.000    23.157    U11/vga_display/Blue_OBUF[3]_inst_i_121_n_0
    SLICE_X54Y93         MUXF7 (Prop_muxf7_I0_O)      0.209    23.366 r  U11/vga_display/Blue_OBUF[3]_inst_i_51/O
                         net (fo=1, routed)           0.695    24.060    U11/vga_display/Blue_OBUF[3]_inst_i_51_n_0
    SLICE_X51Y93         LUT6 (Prop_lut6_I1_O)        0.297    24.357 r  U11/vga_display/Blue_OBUF[3]_inst_i_20/O
                         net (fo=1, routed)           0.472    24.829    U11/vga_display/font_data[3]
    SLICE_X45Y94         LUT6 (Prop_lut6_I0_O)        0.124    24.953 f  U11/vga_display/Blue_OBUF[3]_inst_i_6/O
                         net (fo=1, routed)           0.665    25.618    U11/vga_display/Blue_OBUF[3]_inst_i_6_n_0
    SLICE_X45Y94         LUT6 (Prop_lut6_I5_O)        0.124    25.742 r  U11/vga_display/Blue_OBUF[3]_inst_i_1/O
                         net (fo=12, routed)          5.829    31.571    Red_OBUF[0]
    B7                   OBUF (Prop_obuf_I_O)         3.547    35.118 r  Blue_OBUF[0]_inst/O
                         net (fo=0)                   0.000    35.118    Blue[0]
    B7                                                                r  Blue[0] (OUT)
  -------------------------------------------------------------------    -------------------

Slack:                    inf
  Source:                 U11/vga_controller/v_count_reg[2]/C
                            (rising edge-triggered cell FDRE)
  Destination:            Green[2]
                            (output port)
  Path Group:             (none)
  Path Type:              Max at Slow Process Corner
  Data Path Delay:        34.966ns  (logic 8.850ns (25.311%)  route 26.116ns (74.689%))
  Logic Levels:           23  (CARRY4=3 FDRE=1 LUT2=2 LUT3=1 LUT5=3 LUT6=7 MUXF7=3 MUXF8=1 OBUF=1 RAMD64E=1)

    Location             Delay type                Incr(ns)  Path(ns)    Netlist Resource(s)
  -------------------------------------------------------------------    -------------------
    SLICE_X33Y94         FDRE                         0.000     0.000 r  U11/vga_controller/v_count_reg[2]/C
    SLICE_X33Y94         FDRE (Prop_fdre_C_Q)         0.419     0.419 f  U11/vga_controller/v_count_reg[2]/Q
                         net (fo=38, routed)          1.209     1.628    U11/vga_controller/v_count_reg_n_0_[2]
    SLICE_X36Y91         LUT5 (Prop_lut5_I4_O)        0.299     1.927 f  U11/vga_controller/display_data_reg_0_63_0_2_i_39/O
                         net (fo=7, routed)           0.619     2.546    U11/vga_controller/display_data_reg_0_63_0_2_i_39_n_0
    SLICE_X35Y94         LUT5 (Prop_lut5_I3_O)        0.124     2.670 f  U11/vga_controller/Blue_OBUF[3]_inst_i_7/O
                         net (fo=23, routed)          1.320     3.991    U11/vga_controller/Blue_OBUF[3]_inst_i_7_n_0
    SLICE_X40Y93         LUT5 (Prop_lut5_I0_O)        0.124     4.115 r  U11/vga_controller/Blue_OBUF[3]_inst_i_2/O
                         net (fo=48, routed)          1.049     5.164    U11/vga_controller/h_count_reg[7]_0
    SLICE_X36Y92         LUT3 (Prop_lut3_I0_O)        0.124     5.288 r  U11/vga_controller/display_data_reg_0_63_0_2_i_21/O
                         net (fo=1, routed)           0.000     5.288    U11/vga_controller/display_data_reg_0_63_0_2_i_21_n_0
    SLICE_X36Y92         CARRY4 (Prop_carry4_S[0]_O[0])
                                                      0.247     5.535 r  U11/vga_controller/display_data_reg_0_63_0_2_i_5/O[0]
                         net (fo=446, routed)         4.459     9.994    U11/vga_display/display_data_reg_128_191_0_2/ADDRA3
    SLICE_X38Y74         RAMD64E (Prop_ramd64e_RADR3_O)
                                                      0.299    10.293 r  U11/vga_display/display_data_reg_128_191_0_2/RAMA/O
                         net (fo=1, routed)           1.316    11.609    U11/vga_display/display_data_reg_128_191_0_2_n_0
    SLICE_X39Y77         LUT6 (Prop_lut6_I1_O)        0.124    11.733 r  U11/vga_display/text_ascii_carry_i_127/O
                         net (fo=1, routed)           0.000    11.733    U11/vga_display/text_ascii_carry_i_127_n_0
    SLICE_X39Y77         MUXF7 (Prop_muxf7_I0_O)      0.238    11.971 r  U11/vga_display/text_ascii_carry_i_64/O
                         net (fo=1, routed)           0.000    11.971    U11/vga_display/text_ascii_carry_i_64_n_0
    SLICE_X39Y77         MUXF8 (Prop_muxf8_I0_O)      0.104    12.075 r  U11/vga_display/text_ascii_carry_i_26/O
                         net (fo=1, routed)           0.978    13.053    U11/vga_display/text_ascii_carry_i_26_n_0
    SLICE_X39Y89         LUT6 (Prop_lut6_I5_O)        0.316    13.369 r  U11/vga_display/text_ascii_carry_i_4/O
                         net (fo=2, routed)           1.002    14.371    U11/vga_display/text_ascii0[0]
    SLICE_X36Y89         LUT2 (Prop_lut2_I0_O)        0.124    14.495 r  U11/vga_display/text_ascii_carry_i_8/O
                         net (fo=1, routed)           0.000    14.495    U11/vga_display/text_ascii_carry_i_8_n_0
    SLICE_X36Y89         CARRY4 (Prop_carry4_S[0]_O[0])
                                                      0.247    14.742 r  U11/vga_display/text_ascii_carry/O[0]
                         net (fo=2, routed)           0.706    15.449    U11/vga_display/font_addr0[0]
    SLICE_X37Y89         LUT2 (Prop_lut2_I0_O)        0.299    15.748 r  U11/vga_display/Blue_OBUF[3]_inst_i_71/O
                         net (fo=1, routed)           0.000    15.748    U11/vga_display/Blue_OBUF[3]_inst_i_71_n_0
    SLICE_X37Y89         CARRY4 (Prop_carry4_S[1]_O[3])
                                                      0.640    16.388 r  U11/vga_display/Blue_OBUF[3]_inst_i_29/O[3]
                         net (fo=405, routed)         5.156    21.544    U11/vga_display/Blue_OBUF[3]_inst_i_31_0[3]
    SLICE_X53Y93         LUT6 (Prop_lut6_I0_O)        0.306    21.850 r  U11/vga_display/Blue_OBUF[3]_inst_i_600/O
                         net (fo=1, routed)           0.000    21.850    U11/vga_display/Blue_OBUF[3]_inst_i_600_n_0
    SLICE_X53Y93         MUXF7 (Prop_muxf7_I1_O)      0.217    22.067 r  U11/vga_display/Blue_OBUF[3]_inst_i_306/O
                         net (fo=1, routed)           0.791    22.858    U11/vga_display/Blue_OBUF[3]_inst_i_306_n_0
    SLICE_X54Y93         LUT6 (Prop_lut6_I1_O)        0.299    23.157 r  U11/vga_display/Blue_OBUF[3]_inst_i_121/O
                         net (fo=1, routed)           0.000    23.157    U11/vga_display/Blue_OBUF[3]_inst_i_121_n_0
    SLICE_X54Y93         MUXF7 (Prop_muxf7_I0_O)      0.209    23.366 r  U11/vga_display/Blue_OBUF[3]_inst_i_51/O
                         net (fo=1, routed)           0.695    24.060    U11/vga_display/Blue_OBUF[3]_inst_i_51_n_0
    SLICE_X51Y93         LUT6 (Prop_lut6_I1_O)        0.297    24.357 r  U11/vga_display/Blue_OBUF[3]_inst_i_20/O
                         net (fo=1, routed)           0.472    24.829    U11/vga_display/font_data[3]
    SLICE_X45Y94         LUT6 (Prop_lut6_I0_O)        0.124    24.953 f  U11/vga_display/Blue_OBUF[3]_inst_i_6/O
                         net (fo=1, routed)           0.665    25.618    U11/vga_display/Blue_OBUF[3]_inst_i_6_n_0
    SLICE_X45Y94         LUT6 (Prop_lut6_I5_O)        0.124    25.742 r  U11/vga_display/Blue_OBUF[3]_inst_i_1/O
                         net (fo=12, routed)          5.678    31.420    Red_OBUF[0]
    B6                   OBUF (Prop_obuf_I_O)         3.546    34.966 r  Green_OBUF[2]_inst/O
                         net (fo=0)                   0.000    34.966    Green[2]
    B6                                                                r  Green[2] (OUT)
  -------------------------------------------------------------------    -------------------

Slack:                    inf
  Source:                 U11/vga_controller/v_count_reg[2]/C
                            (rising edge-triggered cell FDRE)
  Destination:            Green[3]
                            (output port)
  Path Group:             (none)
  Path Type:              Max at Slow Process Corner
  Data Path Delay:        34.815ns  (logic 8.850ns (25.421%)  route 25.965ns (74.579%))
  Logic Levels:           23  (CARRY4=3 FDRE=1 LUT2=2 LUT3=1 LUT5=3 LUT6=7 MUXF7=3 MUXF8=1 OBUF=1 RAMD64E=1)

    Location             Delay type                Incr(ns)  Path(ns)    Netlist Resource(s)
  -------------------------------------------------------------------    -------------------
    SLICE_X33Y94         FDRE                         0.000     0.000 r  U11/vga_controller/v_count_reg[2]/C
    SLICE_X33Y94         FDRE (Prop_fdre_C_Q)         0.419     0.419 f  U11/vga_controller/v_count_reg[2]/Q
                         net (fo=38, routed)          1.209     1.628    U11/vga_controller/v_count_reg_n_0_[2]
    SLICE_X36Y91         LUT5 (Prop_lut5_I4_O)        0.299     1.927 f  U11/vga_controller/display_data_reg_0_63_0_2_i_39/O
                         net (fo=7, routed)           0.619     2.546    U11/vga_controller/display_data_reg_0_63_0_2_i_39_n_0
    SLICE_X35Y94         LUT5 (Prop_lut5_I3_O)        0.124     2.670 f  U11/vga_controller/Blue_OBUF[3]_inst_i_7/O
                         net (fo=23, routed)          1.320     3.991    U11/vga_controller/Blue_OBUF[3]_inst_i_7_n_0
    SLICE_X40Y93         LUT5 (Prop_lut5_I0_O)        0.124     4.115 r  U11/vga_controller/Blue_OBUF[3]_inst_i_2/O
                         net (fo=48, routed)          1.049     5.164    U11/vga_controller/h_count_reg[7]_0
    SLICE_X36Y92         LUT3 (Prop_lut3_I0_O)        0.124     5.288 r  U11/vga_controller/display_data_reg_0_63_0_2_i_21/O
                         net (fo=1, routed)           0.000     5.288    U11/vga_controller/display_data_reg_0_63_0_2_i_21_n_0
    SLICE_X36Y92         CARRY4 (Prop_carry4_S[0]_O[0])
                                                      0.247     5.535 r  U11/vga_controller/display_data_reg_0_63_0_2_i_5/O[0]
                         net (fo=446, routed)         4.459     9.994    U11/vga_display/display_data_reg_128_191_0_2/ADDRA3
    SLICE_X38Y74         RAMD64E (Prop_ramd64e_RADR3_O)
                                                      0.299    10.293 r  U11/vga_display/display_data_reg_128_191_0_2/RAMA/O
                         net (fo=1, routed)           1.316    11.609    U11/vga_display/display_data_reg_128_191_0_2_n_0
    SLICE_X39Y77         LUT6 (Prop_lut6_I1_O)        0.124    11.733 r  U11/vga_display/text_ascii_carry_i_127/O
                         net (fo=1, routed)           0.000    11.733    U11/vga_display/text_ascii_carry_i_127_n_0
    SLICE_X39Y77         MUXF7 (Prop_muxf7_I0_O)      0.238    11.971 r  U11/vga_display/text_ascii_carry_i_64/O
                         net (fo=1, routed)           0.000    11.971    U11/vga_display/text_ascii_carry_i_64_n_0
    SLICE_X39Y77         MUXF8 (Prop_muxf8_I0_O)      0.104    12.075 r  U11/vga_display/text_ascii_carry_i_26/O
                         net (fo=1, routed)           0.978    13.053    U11/vga_display/text_ascii_carry_i_26_n_0
    SLICE_X39Y89         LUT6 (Prop_lut6_I5_O)        0.316    13.369 r  U11/vga_display/text_ascii_carry_i_4/O
                         net (fo=2, routed)           1.002    14.371    U11/vga_display/text_ascii0[0]
    SLICE_X36Y89         LUT2 (Prop_lut2_I0_O)        0.124    14.495 r  U11/vga_display/text_ascii_carry_i_8/O
                         net (fo=1, routed)           0.000    14.495    U11/vga_display/text_ascii_carry_i_8_n_0
    SLICE_X36Y89         CARRY4 (Prop_carry4_S[0]_O[0])
                                                      0.247    14.742 r  U11/vga_display/text_ascii_carry/O[0]
                         net (fo=2, routed)           0.706    15.449    U11/vga_display/font_addr0[0]
    SLICE_X37Y89         LUT2 (Prop_lut2_I0_O)        0.299    15.748 r  U11/vga_display/Blue_OBUF[3]_inst_i_71/O
                         net (fo=1, routed)           0.000    15.748    U11/vga_display/Blue_OBUF[3]_inst_i_71_n_0
    SLICE_X37Y89         CARRY4 (Prop_carry4_S[1]_O[3])
                                                      0.640    16.388 r  U11/vga_display/Blue_OBUF[3]_inst_i_29/O[3]
                         net (fo=405, routed)         5.156    21.544    U11/vga_display/Blue_OBUF[3]_inst_i_31_0[3]
    SLICE_X53Y93         LUT6 (Prop_lut6_I0_O)        0.306    21.850 r  U11/vga_display/Blue_OBUF[3]_inst_i_600/O
                         net (fo=1, routed)           0.000    21.850    U11/vga_display/Blue_OBUF[3]_inst_i_600_n_0
    SLICE_X53Y93         MUXF7 (Prop_muxf7_I1_O)      0.217    22.067 r  U11/vga_display/Blue_OBUF[3]_inst_i_306/O
                         net (fo=1, routed)           0.791    22.858    U11/vga_display/Blue_OBUF[3]_inst_i_306_n_0
    SLICE_X54Y93         LUT6 (Prop_lut6_I1_O)        0.299    23.157 r  U11/vga_display/Blue_OBUF[3]_inst_i_121/O
                         net (fo=1, routed)           0.000    23.157    U11/vga_display/Blue_OBUF[3]_inst_i_121_n_0
    SLICE_X54Y93         MUXF7 (Prop_muxf7_I0_O)      0.209    23.366 r  U11/vga_display/Blue_OBUF[3]_inst_i_51/O
                         net (fo=1, routed)           0.695    24.060    U11/vga_display/Blue_OBUF[3]_inst_i_51_n_0
    SLICE_X51Y93         LUT6 (Prop_lut6_I1_O)        0.297    24.357 r  U11/vga_display/Blue_OBUF[3]_inst_i_20/O
                         net (fo=1, routed)           0.472    24.829    U11/vga_display/font_data[3]
    SLICE_X45Y94         LUT6 (Prop_lut6_I0_O)        0.124    24.953 f  U11/vga_display/Blue_OBUF[3]_inst_i_6/O
                         net (fo=1, routed)           0.665    25.618    U11/vga_display/Blue_OBUF[3]_inst_i_6_n_0
    SLICE_X45Y94         LUT6 (Prop_lut6_I5_O)        0.124    25.742 r  U11/vga_display/Blue_OBUF[3]_inst_i_1/O
                         net (fo=12, routed)          5.527    31.269    Red_OBUF[0]
    A6                   OBUF (Prop_obuf_I_O)         3.546    34.815 r  Green_OBUF[3]_inst/O
                         net (fo=0)                   0.000    34.815    Green[3]
    A6                                                                r  Green[3] (OUT)
  -------------------------------------------------------------------    -------------------

Slack:                    inf
  Source:                 U11/vga_controller/v_count_reg[2]/C
                            (rising edge-triggered cell FDRE)
  Destination:            Green[1]
                            (output port)
  Path Group:             (none)
  Path Type:              Max at Slow Process Corner
  Data Path Delay:        34.663ns  (logic 8.849ns (25.528%)  route 25.814ns (74.472%))
  Logic Levels:           23  (CARRY4=3 FDRE=1 LUT2=2 LUT3=1 LUT5=3 LUT6=7 MUXF7=3 MUXF8=1 OBUF=1 RAMD64E=1)

    Location             Delay type                Incr(ns)  Path(ns)    Netlist Resource(s)
  -------------------------------------------------------------------    -------------------
    SLICE_X33Y94         FDRE                         0.000     0.000 r  U11/vga_controller/v_count_reg[2]/C
    SLICE_X33Y94         FDRE (Prop_fdre_C_Q)         0.419     0.419 f  U11/vga_controller/v_count_reg[2]/Q
                         net (fo=38, routed)          1.209     1.628    U11/vga_controller/v_count_reg_n_0_[2]
    SLICE_X36Y91         LUT5 (Prop_lut5_I4_O)        0.299     1.927 f  U11/vga_controller/display_data_reg_0_63_0_2_i_39/O
                         net (fo=7, routed)           0.619     2.546    U11/vga_controller/display_data_reg_0_63_0_2_i_39_n_0
    SLICE_X35Y94         LUT5 (Prop_lut5_I3_O)        0.124     2.670 f  U11/vga_controller/Blue_OBUF[3]_inst_i_7/O
                         net (fo=23, routed)          1.320     3.991    U11/vga_controller/Blue_OBUF[3]_inst_i_7_n_0
    SLICE_X40Y93         LUT5 (Prop_lut5_I0_O)        0.124     4.115 r  U11/vga_controller/Blue_OBUF[3]_inst_i_2/O
                         net (fo=48, routed)          1.049     5.164    U11/vga_controller/h_count_reg[7]_0
    SLICE_X36Y92         LUT3 (Prop_lut3_I0_O)        0.124     5.288 r  U11/vga_controller/display_data_reg_0_63_0_2_i_21/O
                         net (fo=1, routed)           0.000     5.288    U11/vga_controller/display_data_reg_0_63_0_2_i_21_n_0
    SLICE_X36Y92         CARRY4 (Prop_carry4_S[0]_O[0])
                                                      0.247     5.535 r  U11/vga_controller/display_data_reg_0_63_0_2_i_5/O[0]
                         net (fo=446, routed)         4.459     9.994    U11/vga_display/display_data_reg_128_191_0_2/ADDRA3
    SLICE_X38Y74         RAMD64E (Prop_ramd64e_RADR3_O)
                                                      0.299    10.293 r  U11/vga_display/display_data_reg_128_191_0_2/RAMA/O
                         net (fo=1, routed)           1.316    11.609    U11/vga_display/display_data_reg_128_191_0_2_n_0
    SLICE_X39Y77         LUT6 (Prop_lut6_I1_O)        0.124    11.733 r  U11/vga_display/text_ascii_carry_i_127/O
                         net (fo=1, routed)           0.000    11.733    U11/vga_display/text_ascii_carry_i_127_n_0
    SLICE_X39Y77         MUXF7 (Prop_muxf7_I0_O)      0.238    11.971 r  U11/vga_display/text_ascii_carry_i_64/O
                         net (fo=1, routed)           0.000    11.971    U11/vga_display/text_ascii_carry_i_64_n_0
    SLICE_X39Y77         MUXF8 (Prop_muxf8_I0_O)      0.104    12.075 r  U11/vga_display/text_ascii_carry_i_26/O
                         net (fo=1, routed)           0.978    13.053    U11/vga_display/text_ascii_carry_i_26_n_0
    SLICE_X39Y89         LUT6 (Prop_lut6_I5_O)        0.316    13.369 r  U11/vga_display/text_ascii_carry_i_4/O
                         net (fo=2, routed)           1.002    14.371    U11/vga_display/text_ascii0[0]
    SLICE_X36Y89         LUT2 (Prop_lut2_I0_O)        0.124    14.495 r  U11/vga_display/text_ascii_carry_i_8/O
                         net (fo=1, routed)           0.000    14.495    U11/vga_display/text_ascii_carry_i_8_n_0
    SLICE_X36Y89         CARRY4 (Prop_carry4_S[0]_O[0])
                                                      0.247    14.742 r  U11/vga_display/text_ascii_carry/O[0]
                         net (fo=2, routed)           0.706    15.449    U11/vga_display/font_addr0[0]
    SLICE_X37Y89         LUT2 (Prop_lut2_I0_O)        0.299    15.748 r  U11/vga_display/Blue_OBUF[3]_inst_i_71/O
                         net (fo=1, routed)           0.000    15.748    U11/vga_display/Blue_OBUF[3]_inst_i_71_n_0
    SLICE_X37Y89         CARRY4 (Prop_carry4_S[1]_O[3])
                                                      0.640    16.388 r  U11/vga_display/Blue_OBUF[3]_inst_i_29/O[3]
                         net (fo=405, routed)         5.156    21.544    U11/vga_display/Blue_OBUF[3]_inst_i_31_0[3]
    SLICE_X53Y93         LUT6 (Prop_lut6_I0_O)        0.306    21.850 r  U11/vga_display/Blue_OBUF[3]_inst_i_600/O
                         net (fo=1, routed)           0.000    21.850    U11/vga_display/Blue_OBUF[3]_inst_i_600_n_0
    SLICE_X53Y93         MUXF7 (Prop_muxf7_I1_O)      0.217    22.067 r  U11/vga_display/Blue_OBUF[3]_inst_i_306/O
                         net (fo=1, routed)           0.791    22.858    U11/vga_display/Blue_OBUF[3]_inst_i_306_n_0
    SLICE_X54Y93         LUT6 (Prop_lut6_I1_O)        0.299    23.157 r  U11/vga_display/Blue_OBUF[3]_inst_i_121/O
                         net (fo=1, routed)           0.000    23.157    U11/vga_display/Blue_OBUF[3]_inst_i_121_n_0
    SLICE_X54Y93         MUXF7 (Prop_muxf7_I0_O)      0.209    23.366 r  U11/vga_display/Blue_OBUF[3]_inst_i_51/O
                         net (fo=1, routed)           0.695    24.060    U11/vga_display/Blue_OBUF[3]_inst_i_51_n_0
    SLICE_X51Y93         LUT6 (Prop_lut6_I1_O)        0.297    24.357 r  U11/vga_display/Blue_OBUF[3]_inst_i_20/O
                         net (fo=1, routed)           0.472    24.829    U11/vga_display/font_data[3]
    SLICE_X45Y94         LUT6 (Prop_lut6_I0_O)        0.124    24.953 f  U11/vga_display/Blue_OBUF[3]_inst_i_6/O
                         net (fo=1, routed)           0.665    25.618    U11/vga_display/Blue_OBUF[3]_inst_i_6_n_0
    SLICE_X45Y94         LUT6 (Prop_lut6_I5_O)        0.124    25.742 r  U11/vga_display/Blue_OBUF[3]_inst_i_1/O
                         net (fo=12, routed)          5.376    31.118    Red_OBUF[0]
    A5                   OBUF (Prop_obuf_I_O)         3.545    34.663 r  Green_OBUF[1]_inst/O
                         net (fo=0)                   0.000    34.663    Green[1]
    A5                                                                r  Green[1] (OUT)
  -------------------------------------------------------------------    -------------------

Slack:                    inf
  Source:                 U11/vga_controller/v_count_reg[2]/C
                            (rising edge-triggered cell FDRE)
  Destination:            Blue[3]
                            (output port)
  Path Group:             (none)
  Path Type:              Max at Slow Process Corner
  Data Path Delay:        34.519ns  (logic 8.856ns (25.654%)  route 25.663ns (74.346%))
  Logic Levels:           23  (CARRY4=3 FDRE=1 LUT2=2 LUT3=1 LUT5=3 LUT6=7 MUXF7=3 MUXF8=1 OBUF=1 RAMD64E=1)

    Location             Delay type                Incr(ns)  Path(ns)    Netlist Resource(s)
  -------------------------------------------------------------------    -------------------
    SLICE_X33Y94         FDRE                         0.000     0.000 r  U11/vga_controller/v_count_reg[2]/C
    SLICE_X33Y94         FDRE (Prop_fdre_C_Q)         0.419     0.419 f  U11/vga_controller/v_count_reg[2]/Q
                         net (fo=38, routed)          1.209     1.628    U11/vga_controller/v_count_reg_n_0_[2]
    SLICE_X36Y91         LUT5 (Prop_lut5_I4_O)        0.299     1.927 f  U11/vga_controller/display_data_reg_0_63_0_2_i_39/O
                         net (fo=7, routed)           0.619     2.546    U11/vga_controller/display_data_reg_0_63_0_2_i_39_n_0
    SLICE_X35Y94         LUT5 (Prop_lut5_I3_O)        0.124     2.670 f  U11/vga_controller/Blue_OBUF[3]_inst_i_7/O
                         net (fo=23, routed)          1.320     3.991    U11/vga_controller/Blue_OBUF[3]_inst_i_7_n_0
    SLICE_X40Y93         LUT5 (Prop_lut5_I0_O)        0.124     4.115 r  U11/vga_controller/Blue_OBUF[3]_inst_i_2/O
                         net (fo=48, routed)          1.049     5.164    U11/vga_controller/h_count_reg[7]_0
    SLICE_X36Y92         LUT3 (Prop_lut3_I0_O)        0.124     5.288 r  U11/vga_controller/display_data_reg_0_63_0_2_i_21/O
                         net (fo=1, routed)           0.000     5.288    U11/vga_controller/display_data_reg_0_63_0_2_i_21_n_0
    SLICE_X36Y92         CARRY4 (Prop_carry4_S[0]_O[0])
                                                      0.247     5.535 r  U11/vga_controller/display_data_reg_0_63_0_2_i_5/O[0]
                         net (fo=446, routed)         4.459     9.994    U11/vga_display/display_data_reg_128_191_0_2/ADDRA3
    SLICE_X38Y74         RAMD64E (Prop_ramd64e_RADR3_O)
                                                      0.299    10.293 r  U11/vga_display/display_data_reg_128_191_0_2/RAMA/O
                         net (fo=1, routed)           1.316    11.609    U11/vga_display/display_data_reg_128_191_0_2_n_0
    SLICE_X39Y77         LUT6 (Prop_lut6_I1_O)        0.124    11.733 r  U11/vga_display/text_ascii_carry_i_127/O
                         net (fo=1, routed)           0.000    11.733    U11/vga_display/text_ascii_carry_i_127_n_0
    SLICE_X39Y77         MUXF7 (Prop_muxf7_I0_O)      0.238    11.971 r  U11/vga_display/text_ascii_carry_i_64/O
                         net (fo=1, routed)           0.000    11.971    U11/vga_display/text_ascii_carry_i_64_n_0
    SLICE_X39Y77         MUXF8 (Prop_muxf8_I0_O)      0.104    12.075 r  U11/vga_display/text_ascii_carry_i_26/O
                         net (fo=1, routed)           0.978    13.053    U11/vga_display/text_ascii_carry_i_26_n_0
    SLICE_X39Y89         LUT6 (Prop_lut6_I5_O)        0.316    13.369 r  U11/vga_display/text_ascii_carry_i_4/O
                         net (fo=2, routed)           1.002    14.371    U11/vga_display/text_ascii0[0]
    SLICE_X36Y89         LUT2 (Prop_lut2_I0_O)        0.124    14.495 r  U11/vga_display/text_ascii_carry_i_8/O
                         net (fo=1, routed)           0.000    14.495    U11/vga_display/text_ascii_carry_i_8_n_0
    SLICE_X36Y89         CARRY4 (Prop_carry4_S[0]_O[0])
                                                      0.247    14.742 r  U11/vga_display/text_ascii_carry/O[0]
                         net (fo=2, routed)           0.706    15.449    U11/vga_display/font_addr0[0]
    SLICE_X37Y89         LUT2 (Prop_lut2_I0_O)        0.299    15.748 r  U11/vga_display/Blue_OBUF[3]_inst_i_71/O
                         net (fo=1, routed)           0.000    15.748    U11/vga_display/Blue_OBUF[3]_inst_i_71_n_0
    SLICE_X37Y89         CARRY4 (Prop_carry4_S[1]_O[3])
                                                      0.640    16.388 r  U11/vga_display/Blue_OBUF[3]_inst_i_29/O[3]
                         net (fo=405, routed)         5.156    21.544    U11/vga_display/Blue_OBUF[3]_inst_i_31_0[3]
    SLICE_X53Y93         LUT6 (Prop_lut6_I0_O)        0.306    21.850 r  U11/vga_display/Blue_OBUF[3]_inst_i_600/O
                         net (fo=1, routed)           0.000    21.850    U11/vga_display/Blue_OBUF[3]_inst_i_600_n_0
    SLICE_X53Y93         MUXF7 (Prop_muxf7_I1_O)      0.217    22.067 r  U11/vga_display/Blue_OBUF[3]_inst_i_306/O
                         net (fo=1, routed)           0.791    22.858    U11/vga_display/Blue_OBUF[3]_inst_i_306_n_0
    SLICE_X54Y93         LUT6 (Prop_lut6_I1_O)        0.299    23.157 r  U11/vga_display/Blue_OBUF[3]_inst_i_121/O
                         net (fo=1, routed)           0.000    23.157    U11/vga_display/Blue_OBUF[3]_inst_i_121_n_0
    SLICE_X54Y93         MUXF7 (Prop_muxf7_I0_O)      0.209    23.366 r  U11/vga_display/Blue_OBUF[3]_inst_i_51/O
                         net (fo=1, routed)           0.695    24.060    U11/vga_display/Blue_OBUF[3]_inst_i_51_n_0
    SLICE_X51Y93         LUT6 (Prop_lut6_I1_O)        0.297    24.357 r  U11/vga_display/Blue_OBUF[3]_inst_i_20/O
                         net (fo=1, routed)           0.472    24.829    U11/vga_display/font_data[3]
    SLICE_X45Y94         LUT6 (Prop_lut6_I0_O)        0.124    24.953 f  U11/vga_display/Blue_OBUF[3]_inst_i_6/O
                         net (fo=1, routed)           0.665    25.618    U11/vga_display/Blue_OBUF[3]_inst_i_6_n_0
    SLICE_X45Y94         LUT6 (Prop_lut6_I5_O)        0.124    25.742 r  U11/vga_display/Blue_OBUF[3]_inst_i_1/O
                         net (fo=12, routed)          5.225    30.967    Red_OBUF[0]
    D8                   OBUF (Prop_obuf_I_O)         3.552    34.519 r  Blue_OBUF[3]_inst/O
                         net (fo=0)                   0.000    34.519    Blue[3]
    D8                                                                r  Blue[3] (OUT)
  -------------------------------------------------------------------    -------------------

Slack:                    inf
  Source:                 U11/vga_controller/v_count_reg[2]/C
                            (rising edge-triggered cell FDRE)
  Destination:            Blue[1]
                            (output port)
  Path Group:             (none)
  Path Type:              Max at Slow Process Corner
  Data Path Delay:        34.367ns  (logic 8.855ns (25.766%)  route 25.512ns (74.234%))
  Logic Levels:           23  (CARRY4=3 FDRE=1 LUT2=2 LUT3=1 LUT5=3 LUT6=7 MUXF7=3 MUXF8=1 OBUF=1 RAMD64E=1)

    Location             Delay type                Incr(ns)  Path(ns)    Netlist Resource(s)
  -------------------------------------------------------------------    -------------------
    SLICE_X33Y94         FDRE                         0.000     0.000 r  U11/vga_controller/v_count_reg[2]/C
    SLICE_X33Y94         FDRE (Prop_fdre_C_Q)         0.419     0.419 f  U11/vga_controller/v_count_reg[2]/Q
                         net (fo=38, routed)          1.209     1.628    U11/vga_controller/v_count_reg_n_0_[2]
    SLICE_X36Y91         LUT5 (Prop_lut5_I4_O)        0.299     1.927 f  U11/vga_controller/display_data_reg_0_63_0_2_i_39/O
                         net (fo=7, routed)           0.619     2.546    U11/vga_controller/display_data_reg_0_63_0_2_i_39_n_0
    SLICE_X35Y94         LUT5 (Prop_lut5_I3_O)        0.124     2.670 f  U11/vga_controller/Blue_OBUF[3]_inst_i_7/O
                         net (fo=23, routed)          1.320     3.991    U11/vga_controller/Blue_OBUF[3]_inst_i_7_n_0
    SLICE_X40Y93         LUT5 (Prop_lut5_I0_O)        0.124     4.115 r  U11/vga_controller/Blue_OBUF[3]_inst_i_2/O
                         net (fo=48, routed)          1.049     5.164    U11/vga_controller/h_count_reg[7]_0
    SLICE_X36Y92         LUT3 (Prop_lut3_I0_O)        0.124     5.288 r  U11/vga_controller/display_data_reg_0_63_0_2_i_21/O
                         net (fo=1, routed)           0.000     5.288    U11/vga_controller/display_data_reg_0_63_0_2_i_21_n_0
    SLICE_X36Y92         CARRY4 (Prop_carry4_S[0]_O[0])
                                                      0.247     5.535 r  U11/vga_controller/display_data_reg_0_63_0_2_i_5/O[0]
                         net (fo=446, routed)         4.459     9.994    U11/vga_display/display_data_reg_128_191_0_2/ADDRA3
    SLICE_X38Y74         RAMD64E (Prop_ramd64e_RADR3_O)
                                                      0.299    10.293 r  U11/vga_display/display_data_reg_128_191_0_2/RAMA/O
                         net (fo=1, routed)           1.316    11.609    U11/vga_display/display_data_reg_128_191_0_2_n_0
    SLICE_X39Y77         LUT6 (Prop_lut6_I1_O)        0.124    11.733 r  U11/vga_display/text_ascii_carry_i_127/O
                         net (fo=1, routed)           0.000    11.733    U11/vga_display/text_ascii_carry_i_127_n_0
    SLICE_X39Y77         MUXF7 (Prop_muxf7_I0_O)      0.238    11.971 r  U11/vga_display/text_ascii_carry_i_64/O
                         net (fo=1, routed)           0.000    11.971    U11/vga_display/text_ascii_carry_i_64_n_0
    SLICE_X39Y77         MUXF8 (Prop_muxf8_I0_O)      0.104    12.075 r  U11/vga_display/text_ascii_carry_i_26/O
                         net (fo=1, routed)           0.978    13.053    U11/vga_display/text_ascii_carry_i_26_n_0
    SLICE_X39Y89         LUT6 (Prop_lut6_I5_O)        0.316    13.369 r  U11/vga_display/text_ascii_carry_i_4/O
                         net (fo=2, routed)           1.002    14.371    U11/vga_display/text_ascii0[0]
    SLICE_X36Y89         LUT2 (Prop_lut2_I0_O)        0.124    14.495 r  U11/vga_display/text_ascii_carry_i_8/O
                         net (fo=1, routed)           0.000    14.495    U11/vga_display/text_ascii_carry_i_8_n_0
    SLICE_X36Y89         CARRY4 (Prop_carry4_S[0]_O[0])
                                                      0.247    14.742 r  U11/vga_display/text_ascii_carry/O[0]
                         net (fo=2, routed)           0.706    15.449    U11/vga_display/font_addr0[0]
    SLICE_X37Y89         LUT2 (Prop_lut2_I0_O)        0.299    15.748 r  U11/vga_display/Blue_OBUF[3]_inst_i_71/O
                         net (fo=1, routed)           0.000    15.748    U11/vga_display/Blue_OBUF[3]_inst_i_71_n_0
    SLICE_X37Y89         CARRY4 (Prop_carry4_S[1]_O[3])
                                                      0.640    16.388 r  U11/vga_display/Blue_OBUF[3]_inst_i_29/O[3]
                         net (fo=405, routed)         5.156    21.544    U11/vga_display/Blue_OBUF[3]_inst_i_31_0[3]
    SLICE_X53Y93         LUT6 (Prop_lut6_I0_O)        0.306    21.850 r  U11/vga_display/Blue_OBUF[3]_inst_i_600/O
                         net (fo=1, routed)           0.000    21.850    U11/vga_display/Blue_OBUF[3]_inst_i_600_n_0
    SLICE_X53Y93         MUXF7 (Prop_muxf7_I1_O)      0.217    22.067 r  U11/vga_display/Blue_OBUF[3]_inst_i_306/O
                         net (fo=1, routed)           0.791    22.858    U11/vga_display/Blue_OBUF[3]_inst_i_306_n_0
    SLICE_X54Y93         LUT6 (Prop_lut6_I1_O)        0.299    23.157 r  U11/vga_display/Blue_OBUF[3]_inst_i_121/O
                         net (fo=1, routed)           0.000    23.157    U11/vga_display/Blue_OBUF[3]_inst_i_121_n_0
    SLICE_X54Y93         MUXF7 (Prop_muxf7_I0_O)      0.209    23.366 r  U11/vga_display/Blue_OBUF[3]_inst_i_51/O
                         net (fo=1, routed)           0.695    24.060    U11/vga_display/Blue_OBUF[3]_inst_i_51_n_0
    SLICE_X51Y93         LUT6 (Prop_lut6_I1_O)        0.297    24.357 r  U11/vga_display/Blue_OBUF[3]_inst_i_20/O
                         net (fo=1, routed)           0.472    24.829    U11/vga_display/font_data[3]
    SLICE_X45Y94         LUT6 (Prop_lut6_I0_O)        0.124    24.953 f  U11/vga_display/Blue_OBUF[3]_inst_i_6/O
                         net (fo=1, routed)           0.665    25.618    U11/vga_display/Blue_OBUF[3]_inst_i_6_n_0
    SLICE_X45Y94         LUT6 (Prop_lut6_I5_O)        0.124    25.742 r  U11/vga_display/Blue_OBUF[3]_inst_i_1/O
                         net (fo=12, routed)          5.074    30.816    Red_OBUF[0]
    C7                   OBUF (Prop_obuf_I_O)         3.551    34.367 r  Blue_OBUF[1]_inst/O
                         net (fo=0)                   0.000    34.367    Blue[1]
    C7                                                                r  Blue[1] (OUT)
  -------------------------------------------------------------------    -------------------

Slack:                    inf
  Source:                 U11/vga_controller/v_count_reg[2]/C
                            (rising edge-triggered cell FDRE)
  Destination:            Blue[2]
                            (output port)
  Path Group:             (none)
  Path Type:              Max at Slow Process Corner
  Data Path Delay:        34.046ns  (logic 8.827ns (25.928%)  route 25.219ns (74.072%))
  Logic Levels:           23  (CARRY4=3 FDRE=1 LUT2=2 LUT3=1 LUT5=3 LUT6=7 MUXF7=3 MUXF8=1 OBUF=1 RAMD64E=1)

    Location             Delay type                Incr(ns)  Path(ns)    Netlist Resource(s)
  -------------------------------------------------------------------    -------------------
    SLICE_X33Y94         FDRE                         0.000     0.000 r  U11/vga_controller/v_count_reg[2]/C
    SLICE_X33Y94         FDRE (Prop_fdre_C_Q)         0.419     0.419 f  U11/vga_controller/v_count_reg[2]/Q
                         net (fo=38, routed)          1.209     1.628    U11/vga_controller/v_count_reg_n_0_[2]
    SLICE_X36Y91         LUT5 (Prop_lut5_I4_O)        0.299     1.927 f  U11/vga_controller/display_data_reg_0_63_0_2_i_39/O
                         net (fo=7, routed)           0.619     2.546    U11/vga_controller/display_data_reg_0_63_0_2_i_39_n_0
    SLICE_X35Y94         LUT5 (Prop_lut5_I3_O)        0.124     2.670 f  U11/vga_controller/Blue_OBUF[3]_inst_i_7/O
                         net (fo=23, routed)          1.320     3.991    U11/vga_controller/Blue_OBUF[3]_inst_i_7_n_0
    SLICE_X40Y93         LUT5 (Prop_lut5_I0_O)        0.124     4.115 r  U11/vga_controller/Blue_OBUF[3]_inst_i_2/O
                         net (fo=48, routed)          1.049     5.164    U11/vga_controller/h_count_reg[7]_0
    SLICE_X36Y92         LUT3 (Prop_lut3_I0_O)        0.124     5.288 r  U11/vga_controller/display_data_reg_0_63_0_2_i_21/O
                         net (fo=1, routed)           0.000     5.288    U11/vga_controller/display_data_reg_0_63_0_2_i_21_n_0
    SLICE_X36Y92         CARRY4 (Prop_carry4_S[0]_O[0])
                                                      0.247     5.535 r  U11/vga_controller/display_data_reg_0_63_0_2_i_5/O[0]
                         net (fo=446, routed)         4.459     9.994    U11/vga_display/display_data_reg_128_191_0_2/ADDRA3
    SLICE_X38Y74         RAMD64E (Prop_ramd64e_RADR3_O)
                                                      0.299    10.293 r  U11/vga_display/display_data_reg_128_191_0_2/RAMA/O
                         net (fo=1, routed)           1.316    11.609    U11/vga_display/display_data_reg_128_191_0_2_n_0
    SLICE_X39Y77         LUT6 (Prop_lut6_I1_O)        0.124    11.733 r  U11/vga_display/text_ascii_carry_i_127/O
                         net (fo=1, routed)           0.000    11.733    U11/vga_display/text_ascii_carry_i_127_n_0
    SLICE_X39Y77         MUXF7 (Prop_muxf7_I0_O)      0.238    11.971 r  U11/vga_display/text_ascii_carry_i_64/O
                         net (fo=1, routed)           0.000    11.971    U11/vga_display/text_ascii_carry_i_64_n_0
    SLICE_X39Y77         MUXF8 (Prop_muxf8_I0_O)      0.104    12.075 r  U11/vga_display/text_ascii_carry_i_26/O
                         net (fo=1, routed)           0.978    13.053    U11/vga_display/text_ascii_carry_i_26_n_0
    SLICE_X39Y89         LUT6 (Prop_lut6_I5_O)        0.316    13.369 r  U11/vga_display/text_ascii_carry_i_4/O
                         net (fo=2, routed)           1.002    14.371    U11/vga_display/text_ascii0[0]
    SLICE_X36Y89         LUT2 (Prop_lut2_I0_O)        0.124    14.495 r  U11/vga_display/text_ascii_carry_i_8/O
                         net (fo=1, routed)           0.000    14.495    U11/vga_display/text_ascii_carry_i_8_n_0
    SLICE_X36Y89         CARRY4 (Prop_carry4_S[0]_O[0])
                                                      0.247    14.742 r  U11/vga_display/text_ascii_carry/O[0]
                         net (fo=2, routed)           0.706    15.449    U11/vga_display/font_addr0[0]
    SLICE_X37Y89         LUT2 (Prop_lut2_I0_O)        0.299    15.748 r  U11/vga_display/Blue_OBUF[3]_inst_i_71/O
                         net (fo=1, routed)           0.000    15.748    U11/vga_display/Blue_OBUF[3]_inst_i_71_n_0
    SLICE_X37Y89         CARRY4 (Prop_carry4_S[1]_O[3])
                                                      0.640    16.388 r  U11/vga_display/Blue_OBUF[3]_inst_i_29/O[3]
                         net (fo=405, routed)         5.156    21.544    U11/vga_display/Blue_OBUF[3]_inst_i_31_0[3]
    SLICE_X53Y93         LUT6 (Prop_lut6_I0_O)        0.306    21.850 r  U11/vga_display/Blue_OBUF[3]_inst_i_600/O
                         net (fo=1, routed)           0.000    21.850    U11/vga_display/Blue_OBUF[3]_inst_i_600_n_0
    SLICE_X53Y93         MUXF7 (Prop_muxf7_I1_O)      0.217    22.067 r  U11/vga_display/Blue_OBUF[3]_inst_i_306/O
                         net (fo=1, routed)           0.791    22.858    U11/vga_display/Blue_OBUF[3]_inst_i_306_n_0
    SLICE_X54Y93         LUT6 (Prop_lut6_I1_O)        0.299    23.157 r  U11/vga_display/Blue_OBUF[3]_inst_i_121/O
                         net (fo=1, routed)           0.000    23.157    U11/vga_display/Blue_OBUF[3]_inst_i_121_n_0
    SLICE_X54Y93         MUXF7 (Prop_muxf7_I0_O)      0.209    23.366 r  U11/vga_display/Blue_OBUF[3]_inst_i_51/O
                         net (fo=1, routed)           0.695    24.060    U11/vga_display/Blue_OBUF[3]_inst_i_51_n_0
    SLICE_X51Y93         LUT6 (Prop_lut6_I1_O)        0.297    24.357 r  U11/vga_display/Blue_OBUF[3]_inst_i_20/O
                         net (fo=1, routed)           0.472    24.829    U11/vga_display/font_data[3]
    SLICE_X45Y94         LUT6 (Prop_lut6_I0_O)        0.124    24.953 f  U11/vga_display/Blue_OBUF[3]_inst_i_6/O
                         net (fo=1, routed)           0.665    25.618    U11/vga_display/Blue_OBUF[3]_inst_i_6_n_0
    SLICE_X45Y94         LUT6 (Prop_lut6_I5_O)        0.124    25.742 r  U11/vga_display/Blue_OBUF[3]_inst_i_1/O
                         net (fo=12, routed)          4.781    30.523    Red_OBUF[0]
    D7                   OBUF (Prop_obuf_I_O)         3.523    34.046 r  Blue_OBUF[2]_inst/O
                         net (fo=0)                   0.000    34.046    Blue[2]
    D7                                                                r  Blue[2] (OUT)
  -------------------------------------------------------------------    -------------------

Slack:                    inf
  Source:                 U11/vga_controller/v_count_reg[2]/C
                            (rising edge-triggered cell FDRE)
  Destination:            Red[1]
                            (output port)
  Path Group:             (none)
  Path Type:              Max at Slow Process Corner
  Data Path Delay:        33.920ns  (logic 8.852ns (26.098%)  route 25.067ns (73.902%))
  Logic Levels:           23  (CARRY4=3 FDRE=1 LUT2=2 LUT3=1 LUT5=3 LUT6=7 MUXF7=3 MUXF8=1 OBUF=1 RAMD64E=1)

    Location             Delay type                Incr(ns)  Path(ns)    Netlist Resource(s)
  -------------------------------------------------------------------    -------------------
    SLICE_X33Y94         FDRE                         0.000     0.000 r  U11/vga_controller/v_count_reg[2]/C
    SLICE_X33Y94         FDRE (Prop_fdre_C_Q)         0.419     0.419 f  U11/vga_controller/v_count_reg[2]/Q
                         net (fo=38, routed)          1.209     1.628    U11/vga_controller/v_count_reg_n_0_[2]
    SLICE_X36Y91         LUT5 (Prop_lut5_I4_O)        0.299     1.927 f  U11/vga_controller/display_data_reg_0_63_0_2_i_39/O
                         net (fo=7, routed)           0.619     2.546    U11/vga_controller/display_data_reg_0_63_0_2_i_39_n_0
    SLICE_X35Y94         LUT5 (Prop_lut5_I3_O)        0.124     2.670 f  U11/vga_controller/Blue_OBUF[3]_inst_i_7/O
                         net (fo=23, routed)          1.320     3.991    U11/vga_controller/Blue_OBUF[3]_inst_i_7_n_0
    SLICE_X40Y93         LUT5 (Prop_lut5_I0_O)        0.124     4.115 r  U11/vga_controller/Blue_OBUF[3]_inst_i_2/O
                         net (fo=48, routed)          1.049     5.164    U11/vga_controller/h_count_reg[7]_0
    SLICE_X36Y92         LUT3 (Prop_lut3_I0_O)        0.124     5.288 r  U11/vga_controller/display_data_reg_0_63_0_2_i_21/O
                         net (fo=1, routed)           0.000     5.288    U11/vga_controller/display_data_reg_0_63_0_2_i_21_n_0
    SLICE_X36Y92         CARRY4 (Prop_carry4_S[0]_O[0])
                                                      0.247     5.535 r  U11/vga_controller/display_data_reg_0_63_0_2_i_5/O[0]
                         net (fo=446, routed)         4.459     9.994    U11/vga_display/display_data_reg_128_191_0_2/ADDRA3
    SLICE_X38Y74         RAMD64E (Prop_ramd64e_RADR3_O)
                                                      0.299    10.293 r  U11/vga_display/display_data_reg_128_191_0_2/RAMA/O
                         net (fo=1, routed)           1.316    11.609    U11/vga_display/display_data_reg_128_191_0_2_n_0
    SLICE_X39Y77         LUT6 (Prop_lut6_I1_O)        0.124    11.733 r  U11/vga_display/text_ascii_carry_i_127/O
                         net (fo=1, routed)           0.000    11.733    U11/vga_display/text_ascii_carry_i_127_n_0
    SLICE_X39Y77         MUXF7 (Prop_muxf7_I0_O)      0.238    11.971 r  U11/vga_display/text_ascii_carry_i_64/O
                         net (fo=1, routed)           0.000    11.971    U11/vga_display/text_ascii_carry_i_64_n_0
    SLICE_X39Y77         MUXF8 (Prop_muxf8_I0_O)      0.104    12.075 r  U11/vga_display/text_ascii_carry_i_26/O
                         net (fo=1, routed)           0.978    13.053    U11/vga_display/text_ascii_carry_i_26_n_0
    SLICE_X39Y89         LUT6 (Prop_lut6_I5_O)        0.316    13.369 r  U11/vga_display/text_ascii_carry_i_4/O
                         net (fo=2, routed)           1.002    14.371    U11/vga_display/text_ascii0[0]
    SLICE_X36Y89         LUT2 (Prop_lut2_I0_O)        0.124    14.495 r  U11/vga_display/text_ascii_carry_i_8/O
                         net (fo=1, routed)           0.000    14.495    U11/vga_display/text_ascii_carry_i_8_n_0
    SLICE_X36Y89         CARRY4 (Prop_carry4_S[0]_O[0])
                                                      0.247    14.742 r  U11/vga_display/text_ascii_carry/O[0]
                         net (fo=2, routed)           0.706    15.449    U11/vga_display/font_addr0[0]
    SLICE_X37Y89         LUT2 (Prop_lut2_I0_O)        0.299    15.748 r  U11/vga_display/Blue_OBUF[3]_inst_i_71/O
                         net (fo=1, routed)           0.000    15.748    U11/vga_display/Blue_OBUF[3]_inst_i_71_n_0
    SLICE_X37Y89         CARRY4 (Prop_carry4_S[1]_O[3])
                                                      0.640    16.388 r  U11/vga_display/Blue_OBUF[3]_inst_i_29/O[3]
                         net (fo=405, routed)         5.156    21.544    U11/vga_display/Blue_OBUF[3]_inst_i_31_0[3]
    SLICE_X53Y93         LUT6 (Prop_lut6_I0_O)        0.306    21.850 r  U11/vga_display/Blue_OBUF[3]_inst_i_600/O
                         net (fo=1, routed)           0.000    21.850    U11/vga_display/Blue_OBUF[3]_inst_i_600_n_0
    SLICE_X53Y93         MUXF7 (Prop_muxf7_I1_O)      0.217    22.067 r  U11/vga_display/Blue_OBUF[3]_inst_i_306/O
                         net (fo=1, routed)           0.791    22.858    U11/vga_display/Blue_OBUF[3]_inst_i_306_n_0
    SLICE_X54Y93         LUT6 (Prop_lut6_I1_O)        0.299    23.157 r  U11/vga_display/Blue_OBUF[3]_inst_i_121/O
                         net (fo=1, routed)           0.000    23.157    U11/vga_display/Blue_OBUF[3]_inst_i_121_n_0
    SLICE_X54Y93         MUXF7 (Prop_muxf7_I0_O)      0.209    23.366 r  U11/vga_display/Blue_OBUF[3]_inst_i_51/O
                         net (fo=1, routed)           0.695    24.060    U11/vga_display/Blue_OBUF[3]_inst_i_51_n_0
    SLICE_X51Y93         LUT6 (Prop_lut6_I1_O)        0.297    24.357 r  U11/vga_display/Blue_OBUF[3]_inst_i_20/O
                         net (fo=1, routed)           0.472    24.829    U11/vga_display/font_data[3]
    SLICE_X45Y94         LUT6 (Prop_lut6_I0_O)        0.124    24.953 f  U11/vga_display/Blue_OBUF[3]_inst_i_6/O
                         net (fo=1, routed)           0.665    25.618    U11/vga_display/Blue_OBUF[3]_inst_i_6_n_0
    SLICE_X45Y94         LUT6 (Prop_lut6_I5_O)        0.124    25.742 r  U11/vga_display/Blue_OBUF[3]_inst_i_1/O
                         net (fo=12, routed)          4.630    30.371    Red_OBUF[0]
    B4                   OBUF (Prop_obuf_I_O)         3.548    33.920 r  Red_OBUF[1]_inst/O
                         net (fo=0)                   0.000    33.920    Red[1]
    B4                                                                r  Red[1] (OUT)
  -------------------------------------------------------------------    -------------------





Min Delay Paths
--------------------------------------------------------------------------------------
Slack:                    inf
  Source:                 U10/counter0_Lock_reg[2]/C
                            (rising edge-triggered cell FDCE)
  Destination:            U10/counter0_reg[1]/D
  Path Group:             (none)
  Path Type:              Min at Fast Process Corner
  Data Path Delay:        0.254ns  (logic 0.186ns (73.141%)  route 0.068ns (26.859%))
  Logic Levels:           2  (FDCE=1 LUT6=1)

    Location             Delay type                Incr(ns)  Path(ns)    Netlist Resource(s)
  -------------------------------------------------------------------    -------------------
    SLICE_X11Y60         FDCE                         0.000     0.000 r  U10/counter0_Lock_reg[2]/C
    SLICE_X11Y60         FDCE (Prop_fdce_C_Q)         0.141     0.141 r  U10/counter0_Lock_reg[2]/Q
                         net (fo=2, routed)           0.068     0.209    U10/counter0_Lock_reg_n_0_[2]
    SLICE_X10Y60         LUT6 (Prop_lut6_I3_O)        0.045     0.254 r  U10/counter0[1]_i_1/O
                         net (fo=1, routed)           0.000     0.254    U10/counter0[1]_i_1_n_0
    SLICE_X10Y60         FDCE                                         r  U10/counter0_reg[1]/D
  -------------------------------------------------------------------    -------------------

Slack:                    inf
  Source:                 U1/Ex_reg_Mem/MemtoReg_out_EXMem_reg[0]/C
                            (rising edge-triggered cell FDCE)
  Destination:            U1/Mem_reg_WB/MemtoReg_out_MemWB_reg[0]/D
  Path Group:             (none)
  Path Type:              Min at Fast Process Corner
  Data Path Delay:        0.257ns  (logic 0.141ns (54.828%)  route 0.116ns (45.172%))
  Logic Levels:           1  (FDCE=1)

    Location             Delay type                Incr(ns)  Path(ns)    Netlist Resource(s)
  -------------------------------------------------------------------    -------------------
    SLICE_X31Y52         FDCE                         0.000     0.000 r  U1/Ex_reg_Mem/MemtoReg_out_EXMem_reg[0]/C
    SLICE_X31Y52         FDCE (Prop_fdce_C_Q)         0.141     0.141 r  U1/Ex_reg_Mem/MemtoReg_out_EXMem_reg[0]/Q
                         net (fo=1, routed)           0.116     0.257    U1/Mem_reg_WB/MemtoReg_in_MemWB[0]
    SLICE_X31Y52         FDCE                                         r  U1/Mem_reg_WB/MemtoReg_out_MemWB_reg[0]/D
  -------------------------------------------------------------------    -------------------

Slack:                    inf
  Source:                 U10/counter1_Lock_reg[14]/C
                            (rising edge-triggered cell FDCE)
  Destination:            U10/counter1_reg[13]/D
  Path Group:             (none)
  Path Type:              Min at Fast Process Corner
  Data Path Delay:        0.269ns  (logic 0.209ns (77.635%)  route 0.060ns (22.365%))
  Logic Levels:           2  (FDCE=1 LUT6=1)

    Location             Delay type                Incr(ns)  Path(ns)    Netlist Resource(s)
  -------------------------------------------------------------------    -------------------
    SLICE_X8Y65          FDCE                         0.000     0.000 r  U10/counter1_Lock_reg[14]/C
    SLICE_X8Y65          FDCE (Prop_fdce_C_Q)         0.164     0.164 r  U10/counter1_Lock_reg[14]/Q
                         net (fo=2, routed)           0.060     0.224    U10/counter1_Lock_reg_n_0_[14]
    SLICE_X9Y65          LUT6 (Prop_lut6_I4_O)        0.045     0.269 r  U10/counter1[13]_i_1/O
                         net (fo=1, routed)           0.000     0.269    U10/p_1_in[13]
    SLICE_X9Y65          FDCE                                         r  U10/counter1_reg[13]/D
  -------------------------------------------------------------------    -------------------

Slack:                    inf
  Source:                 U10/counter1_Lock_reg[19]/C
                            (rising edge-triggered cell FDCE)
  Destination:            U10/counter1_reg[19]/D
  Path Group:             (none)
  Path Type:              Min at Fast Process Corner
  Data Path Delay:        0.269ns  (logic 0.209ns (77.635%)  route 0.060ns (22.365%))
  Logic Levels:           2  (FDCE=1 LUT6=1)

    Location             Delay type                Incr(ns)  Path(ns)    Netlist Resource(s)
  -------------------------------------------------------------------    -------------------
    SLICE_X8Y66          FDCE                         0.000     0.000 r  U10/counter1_Lock_reg[19]/C
    SLICE_X8Y66          FDCE (Prop_fdce_C_Q)         0.164     0.164 r  U10/counter1_Lock_reg[19]/Q
                         net (fo=2, routed)           0.060     0.224    U10/counter1_Lock_reg_n_0_[19]
    SLICE_X9Y66          LUT6 (Prop_lut6_I3_O)        0.045     0.269 r  U10/counter1[19]_i_1/O
                         net (fo=1, routed)           0.000     0.269    U10/p_1_in[19]
    SLICE_X9Y66          FDCE                                         r  U10/counter1_reg[19]/D
  -------------------------------------------------------------------    -------------------

Slack:                    inf
  Source:                 U10/counter0_Lock_reg[18]/C
                            (rising edge-triggered cell FDCE)
  Destination:            U10/counter0_reg[17]/D
  Path Group:             (none)
  Path Type:              Min at Fast Process Corner
  Data Path Delay:        0.270ns  (logic 0.209ns (77.348%)  route 0.061ns (22.652%))
  Logic Levels:           2  (FDCE=1 LUT6=1)

    Location             Delay type                Incr(ns)  Path(ns)    Netlist Resource(s)
  -------------------------------------------------------------------    -------------------
    SLICE_X12Y64         FDCE                         0.000     0.000 r  U10/counter0_Lock_reg[18]/C
    SLICE_X12Y64         FDCE (Prop_fdce_C_Q)         0.164     0.164 r  U10/counter0_Lock_reg[18]/Q
                         net (fo=2, routed)           0.061     0.225    U10/counter0_Lock_reg_n_0_[18]
    SLICE_X13Y64         LUT6 (Prop_lut6_I3_O)        0.045     0.270 r  U10/counter0[17]_i_1/O
                         net (fo=1, routed)           0.000     0.270    U10/counter0[17]_i_1_n_0
    SLICE_X13Y64         FDCE                                         r  U10/counter0_reg[17]/D
  -------------------------------------------------------------------    -------------------

Slack:                    inf
  Source:                 U10/counter0_Lock_reg[23]/C
                            (rising edge-triggered cell FDCE)
  Destination:            U10/counter0_reg[23]/D
  Path Group:             (none)
  Path Type:              Min at Fast Process Corner
  Data Path Delay:        0.270ns  (logic 0.209ns (77.348%)  route 0.061ns (22.652%))
  Logic Levels:           2  (FDCE=1 LUT6=1)

    Location             Delay type                Incr(ns)  Path(ns)    Netlist Resource(s)
  -------------------------------------------------------------------    -------------------
    SLICE_X12Y66         FDCE                         0.000     0.000 r  U10/counter0_Lock_reg[23]/C
    SLICE_X12Y66         FDCE (Prop_fdce_C_Q)         0.164     0.164 r  U10/counter0_Lock_reg[23]/Q
                         net (fo=2, routed)           0.061     0.225    U10/counter0_Lock_reg_n_0_[23]
    SLICE_X13Y66         LUT6 (Prop_lut6_I0_O)        0.045     0.270 r  U10/counter0[23]_i_1/O
                         net (fo=1, routed)           0.000     0.270    U10/counter0[23]_i_1_n_0
    SLICE_X13Y66         FDCE                                         r  U10/counter0_reg[23]/D
  -------------------------------------------------------------------    -------------------

Slack:                    inf
  Source:                 U10/counter1_Lock_reg[30]/C
                            (rising edge-triggered cell FDCE)
  Destination:            U10/counter1_reg[29]/D
  Path Group:             (none)
  Path Type:              Min at Fast Process Corner
  Data Path Delay:        0.270ns  (logic 0.209ns (77.348%)  route 0.061ns (22.652%))
  Logic Levels:           2  (FDCE=1 LUT6=1)

    Location             Delay type                Incr(ns)  Path(ns)    Netlist Resource(s)
  -------------------------------------------------------------------    -------------------
    SLICE_X8Y69          FDCE                         0.000     0.000 r  U10/counter1_Lock_reg[30]/C
    SLICE_X8Y69          FDCE (Prop_fdce_C_Q)         0.164     0.164 r  U10/counter1_Lock_reg[30]/Q
                         net (fo=2, routed)           0.061     0.225    U10/counter1_Lock_reg_n_0_[30]
    SLICE_X9Y69          LUT6 (Prop_lut6_I4_O)        0.045     0.270 r  U10/counter1[29]_i_1/O
                         net (fo=1, routed)           0.000     0.270    U10/p_1_in[29]
    SLICE_X9Y69          FDCE                                         r  U10/counter1_reg[29]/D
  -------------------------------------------------------------------    -------------------

Slack:                    inf
  Source:                 U10/counter0_Lock_reg[23]/C
                            (rising edge-triggered cell FDCE)
  Destination:            U10/counter0_reg[22]/D
  Path Group:             (none)
  Path Type:              Min at Fast Process Corner
  Data Path Delay:        0.271ns  (logic 0.209ns (77.063%)  route 0.062ns (22.937%))
  Logic Levels:           2  (FDCE=1 LUT6=1)

    Location             Delay type                Incr(ns)  Path(ns)    Netlist Resource(s)
  -------------------------------------------------------------------    -------------------
    SLICE_X12Y66         FDCE                         0.000     0.000 r  U10/counter0_Lock_reg[23]/C
    SLICE_X12Y66         FDCE (Prop_fdce_C_Q)         0.164     0.164 r  U10/counter0_Lock_reg[23]/Q
                         net (fo=2, routed)           0.062     0.226    U10/counter0_Lock_reg_n_0_[23]
    SLICE_X13Y66         LUT6 (Prop_lut6_I3_O)        0.045     0.271 r  U10/counter0[22]_i_1/O
                         net (fo=1, routed)           0.000     0.271    U10/counter0[22]_i_1_n_0
    SLICE_X13Y66         FDCE                                         r  U10/counter0_reg[22]/D
  -------------------------------------------------------------------    -------------------

Slack:                    inf
  Source:                 U10/counter1_Lock_reg[14]/C
                            (rising edge-triggered cell FDCE)
  Destination:            U10/counter1_reg[14]/D
  Path Group:             (none)
  Path Type:              Min at Fast Process Corner
  Data Path Delay:        0.272ns  (logic 0.209ns (76.780%)  route 0.063ns (23.220%))
  Logic Levels:           2  (FDCE=1 LUT6=1)

    Location             Delay type                Incr(ns)  Path(ns)    Netlist Resource(s)
  -------------------------------------------------------------------    -------------------
    SLICE_X8Y65          FDCE                         0.000     0.000 r  U10/counter1_Lock_reg[14]/C
    SLICE_X8Y65          FDCE (Prop_fdce_C_Q)         0.164     0.164 r  U10/counter1_Lock_reg[14]/Q
                         net (fo=2, routed)           0.063     0.227    U10/counter1_Lock_reg_n_0_[14]
    SLICE_X9Y65          LUT6 (Prop_lut6_I3_O)        0.045     0.272 r  U10/counter1[14]_i_1/O
                         net (fo=1, routed)           0.000     0.272    U10/p_1_in[14]
    SLICE_X9Y65          FDCE                                         r  U10/counter1_reg[14]/D
  -------------------------------------------------------------------    -------------------

Slack:                    inf
  Source:                 U10/counter1_Lock_reg[1]/C
                            (rising edge-triggered cell FDCE)
  Destination:            U10/counter1_reg[1]/D
  Path Group:             (none)
  Path Type:              Min at Fast Process Corner
  Data Path Delay:        0.272ns  (logic 0.209ns (76.771%)  route 0.063ns (23.229%))
  Logic Levels:           2  (FDCE=1 LUT6=1)

    Location             Delay type                Incr(ns)  Path(ns)    Netlist Resource(s)
  -------------------------------------------------------------------    -------------------
    SLICE_X8Y62          FDCE                         0.000     0.000 r  U10/counter1_Lock_reg[1]/C
    SLICE_X8Y62          FDCE (Prop_fdce_C_Q)         0.164     0.164 r  U10/counter1_Lock_reg[1]/Q
                         net (fo=2, routed)           0.063     0.227    U10/counter1_Lock_reg_n_0_[1]
    SLICE_X9Y62          LUT6 (Prop_lut6_I3_O)        0.045     0.272 r  U10/counter1[1]_i_1/O
                         net (fo=1, routed)           0.000     0.272    U10/p_1_in[1]
    SLICE_X9Y62          FDCE                                         r  U10/counter1_reg[1]/D
  -------------------------------------------------------------------    -------------------





