Copyright 1986-2021 Xilinx, Inc. All Rights Reserved.
---------------------------------------------------------------------------------------
| Tool Version : Vivado v.2021.1 (win64) Build 3247384 Thu Jun 10 19:36:33 MDT 2021
| Date         : Sun Jun 16 14:55:09 2024
| Host         : WYJ-22 running 64-bit major release  (build 9200)
| Command      : report_control_sets -verbose -file CSSTE_Pipe_control_sets_placed.rpt
| Design       : CSSTE_Pipe
| Device       : xc7a100t
---------------------------------------------------------------------------------------

Control Set Information

Table of Contents
-----------------
1. Summary
2. Histogram
3. Flip-Flop Distribution
4. Detailed Control Set Information

1. Summary
----------

+----------------------------------------------------------+-------+
|                          Status                          | Count |
+----------------------------------------------------------+-------+
| Total control sets                                       |   122 |
|    Minimum number of control sets                        |   122 |
|    Addition due to synthesis replication                 |     0 |
|    Addition due to physical synthesis replication        |     0 |
| Unused register locations in slices containing registers |    85 |
+----------------------------------------------------------+-------+
* Control sets can be merged at opt_design using control_set_merge or merge_equivalent_drivers
** Run report_qor_suggestions for automated merging and remapping suggestions


2. Histogram
------------

+--------------------+-------+
|       Fanout       | Count |
+--------------------+-------+
| Total control sets |   122 |
| >= 0 to < 4        |     7 |
| >= 4 to < 6        |     0 |
| >= 6 to < 8        |     1 |
| >= 8 to < 10       |     2 |
| >= 10 to < 12      |    63 |
| >= 12 to < 14      |     1 |
| >= 14 to < 16      |     1 |
| >= 16              |    47 |
+--------------------+-------+
* Control sets can be remapped at either synth_design or opt_design


3. Flip-Flop Distribution
-------------------------

+--------------+-----------------------+------------------------+-----------------+--------------+
| Clock Enable | Synchronous Set/Reset | Asynchronous Set/Reset | Total Registers | Total Slices |
+--------------+-----------------------+------------------------+-----------------+--------------+
| No           | No                    | No                     |              22 |            8 |
| No           | No                    | Yes                    |             401 |          123 |
| No           | Yes                   | No                     |              37 |           11 |
| Yes          | No                    | No                     |              64 |           38 |
| Yes          | No                    | Yes                    |            1341 |          614 |
| Yes          | Yes                   | No                     |              42 |           12 |
+--------------+-----------------------+------------------------+-----------------+--------------+


4. Detailed Control Set Information
-----------------------------------

+-----------------------+-----------------------------------------------+-------------------------------------------+------------------+----------------+--------------+
|      Clock Signal     |                 Enable Signal                 |              Set/Reset Signal             | Slice Load Count | Bel Load Count | Bels / Slice |
+-----------------------+-----------------------------------------------+-------------------------------------------+------------------+----------------+--------------+
|  U8/clkdiv_BUFG[6]    |                                               |                                           |                1 |              1 |         1.00 |
|  U8/clkdiv_BUFG[9]    |                                               |                                           |                1 |              1 |         1.00 |
|  U8/clkdiv_BUFG[9]    |                                               | U9/rst                                    |                1 |              1 |         1.00 |
|  U8/clkdiv_BUFG[11]   |                                               |                                           |                1 |              1 |         1.00 |
|  U8/clkdiv_BUFG[11]   |                                               | U9/rst                                    |                1 |              1 |         1.00 |
|  U8/clkdiv_BUFG[6]    |                                               | U9/rst                                    |                1 |              2 |         2.00 |
|  n_0_3116_BUFG        |                                               |                                           |                2 |              3 |         1.50 |
|  n_0_3116_BUFG        | U10/counter_Ctrl                              | U9/rst                                    |                1 |              6 |         6.00 |
|  clk_100mhz_IBUF_BUFG | U11/vga_debugger/display_addr_reg[9]_rep_3    |                                           |                2 |              8 |         4.00 |
|  clk_100mhz_IBUF_BUFG | U11/vga_debugger/display_addr_reg[10]_5       |                                           |                2 |              8 |         4.00 |
|  clk_100mhz_IBUF_BUFG | U11/vga_debugger/display_addr_reg[11]_7       |                                           |                3 |             10 |         3.33 |
|  clk_100mhz_IBUF_BUFG | U11/vga_debugger/display_addr_reg[11]_2       |                                           |                3 |             10 |         3.33 |
|  clk_100mhz_IBUF_BUFG | U11/vga_debugger/display_addr_reg[11]_4       |                                           |                3 |             10 |         3.33 |
|  clk_100mhz_IBUF_BUFG | U11/vga_debugger/display_addr_reg[11]_5       |                                           |                3 |             10 |         3.33 |
|  clk_100mhz_IBUF_BUFG | U11/vga_debugger/display_addr_reg[11]_8       |                                           |                3 |             10 |         3.33 |
|  clk_100mhz_IBUF_BUFG | U11/vga_debugger/display_addr_reg[6]_rep__1_2 |                                           |                3 |             10 |         3.33 |
|  clk_100mhz_IBUF_BUFG | U11/vga_debugger/display_addr_reg[6]_rep__1_1 |                                           |                3 |             10 |         3.33 |
|  U8/clkdiv_BUFG[1]    | U11/vga_controller/v_count[9]_i_1_n_1         | U9/rst                                    |                4 |             10 |         2.50 |
|  clk_100mhz_IBUF_BUFG | U11/vga_debugger/display_addr_reg[11]_3       |                                           |                3 |             10 |         3.33 |
|  clk_100mhz_IBUF_BUFG | U11/vga_debugger/display_addr_reg[6]_rep__1_3 |                                           |                3 |             10 |         3.33 |
|  clk_100mhz_IBUF_BUFG | U11/vga_debugger/display_addr_reg[6]_rep__1_4 |                                           |                3 |             10 |         3.33 |
|  clk_100mhz_IBUF_BUFG | U11/vga_debugger/display_addr_reg[6]_rep__1_8 |                                           |                3 |             10 |         3.33 |
|  clk_100mhz_IBUF_BUFG | U11/vga_debugger/display_addr_reg[6]_rep__1_6 |                                           |                3 |             10 |         3.33 |
|  clk_100mhz_IBUF_BUFG | U11/vga_debugger/display_addr_reg[7]_rep_1    |                                           |                3 |             10 |         3.33 |
|  clk_100mhz_IBUF_BUFG | U11/vga_debugger/display_addr_reg[6]_rep__1_5 |                                           |                3 |             10 |         3.33 |
|  clk_100mhz_IBUF_BUFG | U11/vga_debugger/display_addr_reg[7]_rep_2    |                                           |                3 |             10 |         3.33 |
|  clk_100mhz_IBUF_BUFG | U11/vga_debugger/display_addr_reg[7]_rep__1_1 |                                           |                3 |             10 |         3.33 |
|  clk_100mhz_IBUF_BUFG | U11/vga_debugger/display_addr_reg[6]_rep__1_7 |                                           |                3 |             10 |         3.33 |
|  clk_100mhz_IBUF_BUFG | U11/vga_debugger/display_addr_reg[7]_rep__1_2 |                                           |                3 |             10 |         3.33 |
|  clk_100mhz_IBUF_BUFG | U11/vga_debugger/display_addr_reg[7]_rep__1_3 |                                           |                3 |             10 |         3.33 |
|  clk_100mhz_IBUF_BUFG | U11/vga_debugger/display_addr_reg[7]_rep__1_5 |                                           |                3 |             10 |         3.33 |
|  clk_100mhz_IBUF_BUFG | U11/vga_debugger/display_addr_reg[8]_10       |                                           |                3 |             10 |         3.33 |
|  clk_100mhz_IBUF_BUFG | U11/vga_debugger/display_addr_reg[8]_11       |                                           |                3 |             10 |         3.33 |
|  clk_100mhz_IBUF_BUFG | U11/vga_debugger/display_addr_reg[8]_12       |                                           |                3 |             10 |         3.33 |
|  clk_100mhz_IBUF_BUFG | U11/vga_debugger/display_addr_reg[8]_2        |                                           |                3 |             10 |         3.33 |
|  clk_100mhz_IBUF_BUFG | U11/vga_debugger/display_addr_reg[7]_rep__1_6 |                                           |                3 |             10 |         3.33 |
|  clk_100mhz_IBUF_BUFG | U11/vga_debugger/display_addr_reg[7]_rep__1_4 |                                           |                3 |             10 |         3.33 |
|  clk_100mhz_IBUF_BUFG | U11/vga_debugger/display_addr_reg[8]_4        |                                           |                3 |             10 |         3.33 |
|  clk_100mhz_IBUF_BUFG | U11/vga_debugger/display_addr_reg[8]_5        |                                           |                3 |             10 |         3.33 |
|  clk_100mhz_IBUF_BUFG | U11/vga_debugger/display_addr_reg[8]_9        |                                           |                3 |             10 |         3.33 |
|  clk_100mhz_IBUF_BUFG | U11/vga_debugger/display_addr_reg[8]_3        |                                           |                3 |             10 |         3.33 |
|  clk_100mhz_IBUF_BUFG | U11/vga_debugger/display_addr_reg[8]_7        |                                           |                3 |             10 |         3.33 |
|  clk_100mhz_IBUF_BUFG | U11/vga_debugger/display_addr_reg[8]_8        |                                           |                3 |             10 |         3.33 |
|  clk_100mhz_IBUF_BUFG | U11/vga_debugger/display_addr_reg[8]_6        |                                           |                3 |             10 |         3.33 |
|  clk_100mhz_IBUF_BUFG | U11/vga_debugger/display_addr_reg[9]_rep_11   |                                           |                3 |             10 |         3.33 |
|  clk_100mhz_IBUF_BUFG | U11/vga_debugger/display_addr_reg[9]_rep_10   |                                           |                3 |             10 |         3.33 |
|  clk_100mhz_IBUF_BUFG | U11/vga_debugger/display_addr_reg[9]_rep_12   |                                           |                3 |             10 |         3.33 |
|  clk_100mhz_IBUF_BUFG | U11/vga_debugger/display_addr_reg[9]_rep_13   |                                           |                3 |             10 |         3.33 |
|  clk_100mhz_IBUF_BUFG | U11/vga_debugger/display_addr_reg[9]_rep_8    |                                           |                3 |             10 |         3.33 |
|  clk_100mhz_IBUF_BUFG | U11/vga_debugger/display_addr_reg[9]_rep_0    |                                           |                3 |             10 |         3.33 |
|  clk_100mhz_IBUF_BUFG | U11/vga_debugger/display_addr_reg[9]_rep_2    |                                           |                3 |             10 |         3.33 |
|  clk_100mhz_IBUF_BUFG | U11/vga_debugger/display_addr_reg[10]_0       |                                           |                3 |             10 |         3.33 |
|  clk_100mhz_IBUF_BUFG | U11/vga_debugger/display_addr_reg[10]_1       |                                           |                3 |             10 |         3.33 |
|  clk_100mhz_IBUF_BUFG | U11/vga_debugger/display_addr_reg[10]_2       |                                           |                3 |             10 |         3.33 |
|  clk_100mhz_IBUF_BUFG | U11/vga_debugger/display_addr_reg[10]_4       |                                           |                3 |             10 |         3.33 |
|  clk_100mhz_IBUF_BUFG | U11/vga_debugger/display_addr_reg[10]_3       |                                           |                3 |             10 |         3.33 |
|  clk_100mhz_IBUF_BUFG | U11/vga_debugger/display_addr_reg[9]_rep_4    |                                           |                3 |             10 |         3.33 |
|  clk_100mhz_IBUF_BUFG | U11/vga_debugger/display_addr_reg[9]_rep_5    |                                           |                3 |             10 |         3.33 |
|  clk_100mhz_IBUF_BUFG | U11/vga_debugger/display_addr_reg[9]_rep_6    |                                           |                3 |             10 |         3.33 |
|  clk_100mhz_IBUF_BUFG | U11/vga_debugger/display_addr_reg[9]_rep_7    |                                           |                3 |             10 |         3.33 |
|  clk_100mhz_IBUF_BUFG | U11/vga_debugger/display_addr_reg[9]_rep_9    |                                           |                3 |             10 |         3.33 |
|  clk_100mhz_IBUF_BUFG | U11/vga_debugger/display_addr_reg[9]_rep_1    |                                           |                3 |             10 |         3.33 |
|  clk_100mhz_IBUF_BUFG | U11/vga_debugger/display_addr_reg[10]_8       |                                           |                3 |             10 |         3.33 |
|  clk_100mhz_IBUF_BUFG | U11/vga_debugger/display_addr_reg[10]_7       |                                           |                3 |             10 |         3.33 |
|  clk_100mhz_IBUF_BUFG | U11/vga_debugger/display_addr_reg[10]_9       |                                           |                3 |             10 |         3.33 |
|  clk_100mhz_IBUF_BUFG | U11/vga_debugger/display_addr_reg[11]_1       |                                           |                3 |             10 |         3.33 |
|  clk_100mhz_IBUF_BUFG | U11/vga_debugger/display_addr_reg[10]_6       |                                           |                3 |             10 |         3.33 |
|  clk_100mhz_IBUF_BUFG | U11/vga_debugger/display_addr_reg[11]_9       |                                           |                3 |             10 |         3.33 |
|  clk_100mhz_IBUF_BUFG | U11/vga_debugger/display_addr_reg[11]_10      |                                           |                3 |             10 |         3.33 |
|  clk_100mhz_IBUF_BUFG | U11/vga_debugger/display_addr_reg[11]_12      |                                           |                3 |             10 |         3.33 |
|  clk_100mhz_IBUF_BUFG | U11/vga_debugger/display_addr_reg[11]_11      |                                           |                3 |             10 |         3.33 |
|  clk_100mhz_IBUF_BUFG | U11/vga_debugger/display_addr_reg[11]_6       |                                           |                3 |             10 |         3.33 |
|  clk_100mhz_IBUF_BUFG | U11/vga_debugger/display_addr_reg[11]_13      |                                           |                3 |             10 |         3.33 |
|  U8/clkdiv_BUFG[1]    |                                               | U9/rst                                    |                6 |             12 |         2.00 |
| ~n_0_3116_BUFG        | U4/GPIOf0000000_we                            | U9/rst                                    |                5 |             15 |         3.00 |
|  clk_100mhz_IBUF_BUFG | U9/u1/sw[15]_i_1_n_0                          |                                           |                9 |             16 |         1.78 |
|  clk_100mhz_IBUF_BUFG |                                               |                                           |                3 |             16 |         5.33 |
|  clk_100mhz_IBUF_BUFG |                                               | U11/vga_debugger/display_addr[11]_i_1_n_1 |                5 |             25 |         5.00 |
|  U8/Clk_CPU_BUFG      | U1/u2/en_IFID                                 | U9/rst                                    |                9 |             32 |         3.56 |
|  U8/clkdiv_BUFG[6]    | U10/counter0[31]                              | U9/rst                                    |                9 |             32 |         3.56 |
|  U8/Clk_CPU_BUFG      | U1/u4/E[0]                                    | U9/rst                                    |               14 |             32 |         2.29 |
|  n_0_3116_BUFG        | U10/counter0_Lock                             | U9/rst                                    |                6 |             32 |         5.33 |
|  n_0_3116_BUFG        | U10/counter1_Lock                             | U9/rst                                    |                8 |             32 |         4.00 |
|  n_0_3116_BUFG        | U10/counter2_Lock                             | U9/rst                                    |               13 |             32 |         2.46 |
|  n_0_3116_BUFG        | U1/u8/E[0]                                    | U9/rst                                    |               19 |             32 |         1.68 |
|  n_0_3116_BUFG        | U1/u8/RegWrite_out_MemWB_reg_14[0]            | U9/rst                                    |               14 |             32 |         2.29 |
|  n_0_3116_BUFG        | U1/u8/RegWrite_out_MemWB_reg_15[0]            | U9/rst                                    |               14 |             32 |         2.29 |
|  n_0_3116_BUFG        | U1/u8/RegWrite_out_MemWB_reg_0[0]             | U9/rst                                    |               23 |             32 |         1.39 |
|  n_0_3116_BUFG        | U1/u8/RegWrite_out_MemWB_reg_1[0]             | U9/rst                                    |               19 |             32 |         1.68 |
|  n_0_3116_BUFG        | U1/u8/RegWrite_out_MemWB_reg_10[0]            | U9/rst                                    |               14 |             32 |         2.29 |
|  n_0_3116_BUFG        | U1/u8/RegWrite_out_MemWB_reg_13[0]            | U9/rst                                    |               10 |             32 |         3.20 |
|  n_0_3116_BUFG        | U1/u8/RegWrite_out_MemWB_reg_11[0]            | U9/rst                                    |               11 |             32 |         2.91 |
|  n_0_3116_BUFG        | U1/u8/RegWrite_out_MemWB_reg_12[0]            | U9/rst                                    |               16 |             32 |         2.00 |
|  n_0_3116_BUFG        | U1/u8/RegWrite_out_MemWB_reg_21[0]            | U9/rst                                    |               19 |             32 |         1.68 |
|  n_0_3116_BUFG        | U1/u8/RegWrite_out_MemWB_reg_2[0]             | U9/rst                                    |               15 |             32 |         2.13 |
|  n_0_3116_BUFG        | U1/u8/RegWrite_out_MemWB_reg_6[0]             | U9/rst                                    |               16 |             32 |         2.00 |
|  n_0_3116_BUFG        | U1/u8/RegWrite_out_MemWB_reg_22[0]            | U9/rst                                    |               15 |             32 |         2.13 |
|  n_0_3116_BUFG        | U1/u8/RegWrite_out_MemWB_reg_9[0]             | U9/rst                                    |               19 |             32 |         1.68 |
|  n_0_3116_BUFG        | U1/u8/RegWrite_out_MemWB_reg_28[0]            | U9/rst                                    |               18 |             32 |         1.78 |
|  n_0_3116_BUFG        | U1/u8/RegWrite_out_MemWB_reg_29[0]            | U9/rst                                    |               19 |             32 |         1.68 |
|  n_0_3116_BUFG        | U1/u8/RegWrite_out_MemWB_reg_5[0]             | U9/rst                                    |               21 |             32 |         1.52 |
|  n_0_3116_BUFG        | U1/u8/RegWrite_out_MemWB_reg_16[0]            | U9/rst                                    |               19 |             32 |         1.68 |
|  n_0_3116_BUFG        | U1/u8/RegWrite_out_MemWB_reg_20[0]            | U9/rst                                    |               17 |             32 |         1.88 |
|  n_0_3116_BUFG        | U1/u8/RegWrite_out_MemWB_reg_26[0]            | U9/rst                                    |               14 |             32 |         2.29 |
|  n_0_3116_BUFG        | U1/u8/RegWrite_out_MemWB_reg_8[0]             | U9/rst                                    |               12 |             32 |         2.67 |
|  n_0_3116_BUFG        | U1/u8/RegWrite_out_MemWB_reg_27[0]            | U9/rst                                    |               19 |             32 |         1.68 |
|  n_0_3116_BUFG        | U1/u8/RegWrite_out_MemWB_reg_17[0]            | U9/rst                                    |               12 |             32 |         2.67 |
|  n_0_3116_BUFG        | U1/u8/RegWrite_out_MemWB_reg_18[0]            | U9/rst                                    |               15 |             32 |         2.13 |
|  n_0_3116_BUFG        | U1/u8/RegWrite_out_MemWB_reg_25[0]            | U9/rst                                    |               12 |             32 |         2.67 |
|  n_0_3116_BUFG        | U1/u8/RegWrite_out_MemWB_reg_7[0]             | U9/rst                                    |               20 |             32 |         1.60 |
|  n_0_3116_BUFG        | U1/u8/RegWrite_out_MemWB_reg_4[0]             | U9/rst                                    |               19 |             32 |         1.68 |
|  n_0_3116_BUFG        | U1/u8/RegWrite_out_MemWB_reg_19[0]            | U9/rst                                    |               15 |             32 |         2.13 |
|  n_0_3116_BUFG        | U1/u8/RegWrite_out_MemWB_reg_24[0]            | U9/rst                                    |               17 |             32 |         1.88 |
|  n_0_3116_BUFG        | U1/u8/RegWrite_out_MemWB_reg_23[0]            | U9/rst                                    |               14 |             32 |         2.29 |
|  n_0_3116_BUFG        | U1/u8/RegWrite_out_MemWB_reg_3[0]             | U9/rst                                    |               19 |             32 |         1.68 |
|  clk_100mhz_IBUF_BUFG |                                               | U9/rst                                    |                8 |             32 |         4.00 |
|  clk_100mhz_IBUF_BUFG | U9/u1/sw_counter[0]_i_1_n_0                   | U9/u1/sw_counter0_carry__0_n_2            |                8 |             32 |         4.00 |
|  U8/clkdiv_BUFG[9]    | U10/counter1[32]_i_1_n_0                      | U9/rst                                    |               10 |             33 |         3.30 |
|  U8/clkdiv_BUFG[11]   | U10/counter2[32]_i_1_n_0                      | U9/rst                                    |               10 |             33 |         3.30 |
|  n_0_3116_BUFG        | U4/GPIOe0000000_we                            |                                           |               29 |             48 |         1.66 |
|  U8/Clk_CPU_BUFG      | U1/u2/inst_out_IFID[31]_i_1_n_1               | U9/rst                                    |               23 |             70 |         3.04 |
|  U8/Clk_CPU_BUFG      |                                               | U9/rst                                    |              112 |            365 |         3.26 |
+-----------------------+-----------------------------------------------+-------------------------------------------+------------------+----------------+--------------+


