INFO: [VRFC 10-2263] Analyzing Verilog file "D:/NewwwwwW/ComputerOrg/lab04/Lab04Student/Lab02-IP2SOC-extension/Lab02-IP2SOC.gen/sources_1/ip/RAM_B/sim/RAM_B.v" into library xil_defaultlib
INFO: [VRFC 10-311] analyzing module RAM_B
INFO: [VRFC 10-2263] Analyzing Verilog file "D:/NewwwwwW/ComputerOrg/lab04/Lab04Student/Lab02-IP2SOC-extension/Lab02-IP2SOC.gen/sources_1/ip/Rom_D_0_2/sim/Rom_D_0.v" into library xil_defaultlib
INFO: [VRFC 10-311] analyzing module Rom_D_0
INFO: [VRFC 10-2263] Analyzing Verilog file "D:/NewwwwwW/ComputerOrg/lab04/Lab04Student/Lab02-IP2SOC-extension/ALU.v" into library xil_defaultlib
INFO: [VRFC 10-311] analyzing module ALU
INFO: [VRFC 10-2263] Analyzing Verilog file "D:/NewwwwwW/ComputerOrg/lab04/Lab04Student/Lab02-IP2SOC-extension/Lab02-IP2SOC.srcs/sources_1/new/CPU_test.v" into library xil_defaultlib
INFO: [VRFC 10-311] analyzing module CPU_test
INFO: [VRFC 10-2263] Analyzing Verilog file "D:/NewwwwwW/ComputerOrg/lab04/Lab04Student/Lab02-IP2SOC-extension/Datapath_more.v" into library xil_defaultlib
INFO: [VRFC 10-311] analyzing module Datapath_more
INFO: [VRFC 10-2263] Analyzing Verilog file "D:/NewwwwwW/ComputerOrg/lab04/Lab04Student/Lab02-IP2SOC-extension/ExtSCPU.v" into library xil_defaultlib
INFO: [VRFC 10-311] analyzing module ExtSCPU
INFO: [VRFC 10-2263] Analyzing Verilog file "D:/NewwwwwW/ComputerOrg/lab04/Lab04Student/Lab02-IP2SOC-extension/ImmGen_more.v" into library xil_defaultlib
INFO: [VRFC 10-311] analyzing module ImmGen_more
INFO: [VRFC 10-2263] Analyzing Verilog file "D:/NewwwwwW/ComputerOrg/lab04/Lab04Student/Lab02-IP2SOC-extension/MUX2T1_32.v" into library xil_defaultlib
INFO: [VRFC 10-311] analyzing module MUX2T1_32
INFO: [VRFC 10-2263] Analyzing Verilog file "D:/NewwwwwW/ComputerOrg/lab04/Lab04Student/Lab02-IP2SOC-extension/MUX4T1_32.v" into library xil_defaultlib
INFO: [VRFC 10-311] analyzing module MUX4T1_32
INFO: [VRFC 10-2263] Analyzing Verilog file "D:/NewwwwwW/ComputerOrg/lab04/Lab04Student/Lab02-IP2SOC-extension/REG32.v" into library xil_defaultlib
INFO: [VRFC 10-311] analyzing module REG32
INFO: [VRFC 10-2263] Analyzing Verilog file "D:/NewwwwwW/ComputerOrg/lab04/Lab04Student/Lab02-IP2SOC-extension/Regs.v" into library xil_defaultlib
INFO: [VRFC 10-311] analyzing module Regs
INFO: [VRFC 10-2263] Analyzing Verilog file "D:/NewwwwwW/ComputerOrg/lab04/Lab04Student/Lab02-IP2SOC-extension/SCPU_ctrl_more.v" into library xil_defaultlib
INFO: [VRFC 10-311] analyzing module SCPU_ctrl_more
INFO: [VRFC 10-2263] Analyzing Verilog file "D:/NewwwwwW/ComputerOrg/lab04/Lab04Student/Lab02-IP2SOC-extension/add32.v" into library xil_defaultlib
INFO: [VRFC 10-311] analyzing module add32
INFO: [VRFC 10-2263] Analyzing Verilog file "D:/NewwwwwW/ComputerOrg/lab04/Lab04Student/Lab02-IP2SOC-extension/Lab02-IP2SOC.srcs/sim_1/new/TB.v" into library xil_defaultlib
INFO: [VRFC 10-311] analyzing module TB
