Copyright 1986-2022 Xilinx, Inc. All Rights Reserved. Copyright 2022-2023 Advanced Micro Devices, Inc. All Rights Reserved.
------------------------------------------------------------------------------------------------------------------------------------------------------------------------------------------------------------
| Tool Version : Vivado v.2023.2 (win64) Build 4029153 Fri Oct 13 20:14:34 MDT 2023
| Date         : Wed Nov 27 16:06:05 2024
| Host         : TomChang running 64-bit major release  (build 9200)
| Command      : report_timing_summary -max_paths 10 -report_unconstrained -file CSSTE_timing_summary_routed.rpt -pb CSSTE_timing_summary_routed.pb -rpx CSSTE_timing_summary_routed.rpx -warn_on_violation
| Design       : CSSTE
| Device       : 7a100t-csg324
| Speed File   : -1  PRODUCTION 1.23 2018-06-13
| Design State : Routed
------------------------------------------------------------------------------------------------------------------------------------------------------------------------------------------------------------

Timing Summary Report

------------------------------------------------------------------------------------------------
| Timer Settings
| --------------
------------------------------------------------------------------------------------------------

  Enable Multi Corner Analysis               :  Yes
  Enable Pessimism Removal                   :  Yes
  Pessimism Removal Resolution               :  Nearest Common Node
  Enable Input Delay Default Clock           :  No
  Enable Preset / Clear Arcs                 :  No
  Disable Flight Delays                      :  No
  Ignore I/O Paths                           :  No
  Timing Early Launch at Borrowing Latches   :  No
  Borrow Time for Max Delay Exceptions       :  Yes
  Merge Timing Exceptions                    :  Yes
  Inter-SLR Compensation                     :  Conservative

  Corner  Analyze    Analyze    
  Name    Max Paths  Min Paths  
  ------  ---------  ---------  
  Slow    Yes        Yes        
  Fast    Yes        Yes        


------------------------------------------------------------------------------------------------
| Report Methodology
| ------------------
------------------------------------------------------------------------------------------------

Rule       Severity          Description                     Violations  
---------  ----------------  ------------------------------  ----------  
TIMING-17  Critical Warning  Non-clocked sequential cell     1000        
TIMING-20  Warning           Non-clocked latch               45          
LATCH-1    Advisory          Existing latches in the design  1           

Note: This report is based on the most recent report_methodology run and may not be up-to-date. Run report_methodology on the current design for the latest report.



check_timing report

Table of Contents
-----------------
1. checking no_clock (7305)
2. checking constant_clock (0)
3. checking pulse_width_clock (0)
4. checking unconstrained_internal_endpoints (9189)
5. checking no_input_delay (17)
6. checking no_output_delay (46)
7. checking multiple_clock (0)
8. checking generated_clocks (0)
9. checking loops (0)
10. checking partial_input_delay (0)
11. checking partial_output_delay (0)
12. checking latch_loops (0)

1. checking no_clock (7305)
---------------------------
 There are 752 register/latch pins with no clock driven by root clock pin: clk_100mhz (HIGH)

 There are 32 register/latch pins with no clock driven by root clock pin: U1/U1/ImmSel_reg[0]/Q (HIGH)

 There are 32 register/latch pins with no clock driven by root clock pin: U1/U1/ImmSel_reg[1]/Q (HIGH)

 There are 32 register/latch pins with no clock driven by root clock pin: U1/U1/Jump_reg[0]/Q (HIGH)

 There are 13 register/latch pins with no clock driven by root clock pin: U1/U2/PC/Q_reg[10]/Q (HIGH)

 There are 13 register/latch pins with no clock driven by root clock pin: U1/U2/PC/Q_reg[11]/Q (HIGH)

 There are 13 register/latch pins with no clock driven by root clock pin: U1/U2/PC/Q_reg[2]/Q (HIGH)

 There are 13 register/latch pins with no clock driven by root clock pin: U1/U2/PC/Q_reg[3]/Q (HIGH)

 There are 13 register/latch pins with no clock driven by root clock pin: U1/U2/PC/Q_reg[4]/Q (HIGH)

 There are 13 register/latch pins with no clock driven by root clock pin: U1/U2/PC/Q_reg[5]/Q (HIGH)

 There are 13 register/latch pins with no clock driven by root clock pin: U1/U2/PC/Q_reg[6]/Q (HIGH)

 There are 13 register/latch pins with no clock driven by root clock pin: U1/U2/PC/Q_reg[7]/Q (HIGH)

 There are 13 register/latch pins with no clock driven by root clock pin: U1/U2/PC/Q_reg[8]/Q (HIGH)

 There are 13 register/latch pins with no clock driven by root clock pin: U1/U2/PC/Q_reg[9]/Q (HIGH)

 There are 35 register/latch pins with no clock driven by root clock pin: U8/clkdiv_reg[11]/Q (HIGH)

 There are 22 register/latch pins with no clock driven by root clock pin: U8/clkdiv_reg[1]/Q (HIGH)

 There are 1240 register/latch pins with no clock driven by root clock pin: U8/clkdiv_reg[24]/Q (HIGH)

 There are 1240 register/latch pins with no clock driven by root clock pin: U8/clkdiv_reg[2]/Q (HIGH)

 There are 35 register/latch pins with no clock driven by root clock pin: U8/clkdiv_reg[6]/Q (HIGH)

 There are 35 register/latch pins with no clock driven by root clock pin: U8/clkdiv_reg[9]/Q (HIGH)

 There are 1240 register/latch pins with no clock driven by root clock pin: U9/u1/sw_reg[10]/Q (HIGH)

 There are 1240 register/latch pins with no clock driven by root clock pin: U9/u1/sw_reg[2]/Q (HIGH)

 There are 1240 register/latch pins with no clock driven by root clock pin: U9/u1/sw_reg[8]/Q (HIGH)


2. checking constant_clock (0)
------------------------------
 There are 0 register/latch pins with constant_clock.


3. checking pulse_width_clock (0)
---------------------------------
 There are 0 register/latch pins which need pulse_width check


4. checking unconstrained_internal_endpoints (9189)
---------------------------------------------------
 There are 9189 pins that are not constrained for maximum delay. (HIGH)

 There are 0 pins that are not constrained for maximum delay due to constant clock.


5. checking no_input_delay (17)
-------------------------------
 There are 17 input ports with no input delay specified. (HIGH)

 There are 0 input ports with no input delay but user has a false path constraint.


6. checking no_output_delay (46)
--------------------------------
 There are 46 ports with no output delay specified. (HIGH)

 There are 0 ports with no output delay but user has a false path constraint

 There are 0 ports with no output delay but with a timing clock defined on it or propagating through it


7. checking multiple_clock (0)
------------------------------
 There are 0 register/latch pins with multiple clocks.


8. checking generated_clocks (0)
--------------------------------
 There are 0 generated clocks that are not connected to a clock source.


9. checking loops (0)
---------------------
 There are 0 combinational loops in the design.


10. checking partial_input_delay (0)
------------------------------------
 There are 0 input ports with partial input delay specified.


11. checking partial_output_delay (0)
-------------------------------------
 There are 0 ports with partial output delay specified.


12. checking latch_loops (0)
----------------------------
 There are 0 combinational latch loops in the design through latch input



------------------------------------------------------------------------------------------------
| Design Timing Summary
| ---------------------
------------------------------------------------------------------------------------------------

    WNS(ns)      TNS(ns)  TNS Failing Endpoints  TNS Total Endpoints      WHS(ns)      THS(ns)  THS Failing Endpoints  THS Total Endpoints     WPWS(ns)     TPWS(ns)  TPWS Failing Endpoints  TPWS Total Endpoints  
    -------      -------  ---------------------  -------------------      -------      -------  ---------------------  -------------------     --------     --------  ----------------------  --------------------  
        inf        0.000                      0                 9235          inf        0.000                      0                 9235           NA           NA                      NA                    NA  


There are no user specified timing constraints.


------------------------------------------------------------------------------------------------
| Clock Summary
| -------------
------------------------------------------------------------------------------------------------


------------------------------------------------------------------------------------------------
| Intra Clock Table
| -----------------
------------------------------------------------------------------------------------------------

Clock             WNS(ns)      TNS(ns)  TNS Failing Endpoints  TNS Total Endpoints      WHS(ns)      THS(ns)  THS Failing Endpoints  THS Total Endpoints     WPWS(ns)     TPWS(ns)  TPWS Failing Endpoints  TPWS Total Endpoints  
-----             -------      -------  ---------------------  -------------------      -------      -------  ---------------------  -------------------     --------     --------  ----------------------  --------------------  


------------------------------------------------------------------------------------------------
| Inter Clock Table
| -----------------
------------------------------------------------------------------------------------------------

From Clock    To Clock          WNS(ns)      TNS(ns)  TNS Failing Endpoints  TNS Total Endpoints      WHS(ns)      THS(ns)  THS Failing Endpoints  THS Total Endpoints  
----------    --------          -------      -------  ---------------------  -------------------      -------      -------  ---------------------  -------------------  


------------------------------------------------------------------------------------------------
| Other Path Groups Table
| -----------------------
------------------------------------------------------------------------------------------------

Path Group    From Clock    To Clock          WNS(ns)      TNS(ns)  TNS Failing Endpoints  TNS Total Endpoints      WHS(ns)      THS(ns)  THS Failing Endpoints  THS Total Endpoints  
----------    ----------    --------          -------      -------  ---------------------  -------------------      -------      -------  ---------------------  -------------------  


------------------------------------------------------------------------------------------------
| User Ignored Path Table
| -----------------------
------------------------------------------------------------------------------------------------

Path Group    From Clock    To Clock    
----------    ----------    --------    


------------------------------------------------------------------------------------------------
| Unconstrained Path Table
| ------------------------
------------------------------------------------------------------------------------------------

Path Group    From Clock    To Clock    
----------    ----------    --------    
(none)                                    


------------------------------------------------------------------------------------------------
| Timing Details
| --------------
------------------------------------------------------------------------------------------------


--------------------------------------------------------------------------------------
Path Group:  (none)
From Clock:  
  To Clock:  

Max Delay          9235 Endpoints
Min Delay          9235 Endpoints
--------------------------------------------------------------------------------------


Max Delay Paths
--------------------------------------------------------------------------------------
Slack:                    inf
  Source:                 U1/U2/PC/Q_reg[7]/C
                            (rising edge-triggered cell FDCE)
  Destination:            segment[4]
                            (output port)
  Path Group:             (none)
  Path Type:              Max at Slow Process Corner
  Data Path Delay:        41.024ns  (logic 8.915ns (21.732%)  route 32.109ns (78.268%))
  Logic Levels:           28  (CARRY4=8 FDCE=1 LUT2=3 LUT4=2 LUT5=3 LUT6=8 MUXF7=2 OBUF=1)

    Location             Delay type                Incr(ns)  Path(ns)    Netlist Resource(s)
  -------------------------------------------------------------------    -------------------
    SLICE_X46Y74         FDCE                         0.000     0.000 r  U1/U2/PC/Q_reg[7]/C
    SLICE_X46Y74         FDCE (Prop_fdce_C_Q)         0.518     0.518 r  U1/U2/PC/Q_reg[7]/Q
                         net (fo=37, routed)          2.516     3.034    U2/U0/synth_options.dist_mem_inst/gen_rom.rom_inst/a[5]
    SLICE_X32Y63         LUT6 (Prop_lut6_I4_O)        0.124     3.158 r  U2/U0/synth_options.dist_mem_inst/gen_rom.rom_inst/spo[20]_INST_0_i_1/O
                         net (fo=1, routed)           0.669     3.827    U2/U0/synth_options.dist_mem_inst/gen_rom.rom_inst/spo[20]_INST_0_i_1_n_1
    SLICE_X32Y63         LUT5 (Prop_lut5_I2_O)        0.124     3.951 r  U2/U0/synth_options.dist_mem_inst/gen_rom.rom_inst/spo[20]_INST_0/O
                         net (fo=263, routed)         9.812    13.763    U1/U2/Regs/spo[8]
    SLICE_X49Y60         LUT6 (Prop_lut6_I4_O)        0.124    13.887 f  U1/U2/Regs/res0__93_carry_i_31/O
                         net (fo=1, routed)           0.646    14.533    U1/U2/Regs/res0__93_carry_i_31_n_1
    SLICE_X48Y59         LUT6 (Prop_lut6_I5_O)        0.124    14.657 r  U1/U2/Regs/res0__93_carry_i_12/O
                         net (fo=2, routed)           1.026    15.684    U1/U2/Regs/res0__93_carry_i_12_n_1
    SLICE_X35Y64         LUT5 (Prop_lut5_I1_O)        0.124    15.808 r  U1/U2/Regs/res0__93_carry_i_2/O
                         net (fo=113, routed)         1.175    16.983    U1/U2/Regs/Q_reg[10][2]
    SLICE_X41Y63         LUT2 (Prop_lut2_I0_O)        0.124    17.107 r  U1/U2/Regs/res0_carry_i_13/O
                         net (fo=4, routed)           0.000    17.107    U1/U2/ALU/S[2]
    SLICE_X41Y63         CARRY4 (Prop_carry4_S[2]_CO[3])
                                                      0.398    17.505 r  U1/U2/ALU/res0_carry/CO[3]
                         net (fo=1, routed)           0.000    17.505    U1/U2/ALU/res0_carry_n_1
    SLICE_X41Y64         CARRY4 (Prop_carry4_CI_CO[3])
                                                      0.114    17.619 r  U1/U2/ALU/res0_carry__0/CO[3]
                         net (fo=1, routed)           0.000    17.619    U1/U2/ALU/res0_carry__0_n_1
    SLICE_X41Y65         CARRY4 (Prop_carry4_CI_CO[3])
                                                      0.114    17.733 r  U1/U2/ALU/res0_carry__1/CO[3]
                         net (fo=1, routed)           0.000    17.733    U1/U2/ALU/res0_carry__1_n_1
    SLICE_X41Y66         CARRY4 (Prop_carry4_CI_CO[3])
                                                      0.114    17.847 r  U1/U2/ALU/res0_carry__2/CO[3]
                         net (fo=1, routed)           0.000    17.847    U1/U2/ALU/res0_carry__2_n_1
    SLICE_X41Y67         CARRY4 (Prop_carry4_CI_CO[3])
                                                      0.114    17.961 r  U1/U2/ALU/res0_carry__3/CO[3]
                         net (fo=1, routed)           0.000    17.961    U1/U2/ALU/res0_carry__3_n_1
    SLICE_X41Y68         CARRY4 (Prop_carry4_CI_CO[3])
                                                      0.114    18.075 r  U1/U2/ALU/res0_carry__4/CO[3]
                         net (fo=1, routed)           0.000    18.075    U1/U2/ALU/res0_carry__4_n_1
    SLICE_X41Y69         CARRY4 (Prop_carry4_CI_CO[3])
                                                      0.114    18.189 r  U1/U2/ALU/res0_carry__5/CO[3]
                         net (fo=1, routed)           0.000    18.189    U1/U2/ALU/res0_carry__5_n_1
    SLICE_X41Y70         CARRY4 (Prop_carry4_CI_O[1])
                                                      0.334    18.523 f  U1/U2/ALU/res0_carry__6/O[1]
                         net (fo=1, routed)           0.812    19.335    U1/U1/data2[23]
    SLICE_X40Y68         LUT6 (Prop_lut6_I5_O)        0.303    19.638 r  U1/U1/U4_i_589/O
                         net (fo=1, routed)           0.789    20.427    U1/U1/U4_i_589_n_1
    SLICE_X39Y68         LUT2 (Prop_lut2_I1_O)        0.154    20.581 r  U1/U1/U4_i_191/O
                         net (fo=1, routed)           0.586    21.167    U1/U2/Regs/MEPC_reg[29]_0
    SLICE_X49Y69         LUT6 (Prop_lut6_I1_O)        0.327    21.494 f  U1/U2/Regs/U4_i_35/O
                         net (fo=86, routed)          3.638    25.133    U4/addr_bus[29]
    SLICE_X33Y74         LUT5 (Prop_lut5_I1_O)        0.124    25.257 r  U4/Cpu_data4bus[31]_INST_0_i_1/O
                         net (fo=32, routed)          2.441    27.698    U4/Cpu_data4bus[31]_INST_0_i_1_n_0
    SLICE_X38Y75         LUT6 (Prop_lut6_I0_O)        0.124    27.822 r  U4/Cpu_data4bus[0]_INST_0/O
                         net (fo=2, routed)           0.814    28.636    U5/data6[0]
    SLICE_X38Y75         LUT6 (Prop_lut6_I1_O)        0.124    28.760 r  U5/Disp_num[0]_INST_0_i_2/O
                         net (fo=1, routed)           0.000    28.760    U5/Disp_num[0]_INST_0_i_2_n_0
    SLICE_X38Y75         MUXF7 (Prop_muxf7_I1_O)      0.214    28.974 r  U5/Disp_num[0]_INST_0/O
                         net (fo=1, routed)           0.966    29.940    U6/inst/U2/disp_num[0]
    SLICE_X37Y76         LUT6 (Prop_lut6_I5_O)        0.297    30.237 r  U6/inst/U2/XLXI_4_i_2/O
                         net (fo=1, routed)           0.000    30.237    U6/inst/U2/XLXI_4_i_2_n_0
    SLICE_X37Y76         MUXF7 (Prop_muxf7_I0_O)      0.238    30.475 r  U6/inst/U2/XLXI_4_i_1/O
                         net (fo=17, routed)          1.604    32.079    U6/inst/U2/hex[0]
    SLICE_X3Y79          LUT4 (Prop_lut4_I0_O)        0.298    32.377 r  U6/inst/U2/XLXI_5/O
                         net (fo=2, routed)           0.806    33.182    U6/inst/U2/XLXN_119
    SLICE_X2Y79          LUT4 (Prop_lut4_I3_O)        0.124    33.306 r  U6/inst/U2/XLXI_29/O
                         net (fo=1, routed)           0.943    34.249    U6/inst/U2/XLXN_211
    SLICE_X1Y81          LUT2 (Prop_lut2_I1_O)        0.152    34.401 r  U6/inst/U2/XLXI_50/O
                         net (fo=1, routed)           2.865    37.266    segment_OBUF[4]
    K13                  OBUF (Prop_obuf_I_O)         3.758    41.024 r  segment_OBUF[4]_inst/O
                         net (fo=0)                   0.000    41.024    segment[4]
    K13                                                               r  segment[4] (OUT)
  -------------------------------------------------------------------    -------------------

Slack:                    inf
  Source:                 U1/U2/PC/Q_reg[7]/C
                            (rising edge-triggered cell FDCE)
  Destination:            segment[7]
                            (output port)
  Path Group:             (none)
  Path Type:              Max at Slow Process Corner
  Data Path Delay:        40.549ns  (logic 8.706ns (21.470%)  route 31.843ns (78.530%))
  Logic Levels:           28  (CARRY4=8 FDCE=1 LUT2=3 LUT4=2 LUT5=3 LUT6=8 MUXF7=2 OBUF=1)

    Location             Delay type                Incr(ns)  Path(ns)    Netlist Resource(s)
  -------------------------------------------------------------------    -------------------
    SLICE_X46Y74         FDCE                         0.000     0.000 r  U1/U2/PC/Q_reg[7]/C
    SLICE_X46Y74         FDCE (Prop_fdce_C_Q)         0.518     0.518 r  U1/U2/PC/Q_reg[7]/Q
                         net (fo=37, routed)          2.516     3.034    U2/U0/synth_options.dist_mem_inst/gen_rom.rom_inst/a[5]
    SLICE_X32Y63         LUT6 (Prop_lut6_I4_O)        0.124     3.158 r  U2/U0/synth_options.dist_mem_inst/gen_rom.rom_inst/spo[20]_INST_0_i_1/O
                         net (fo=1, routed)           0.669     3.827    U2/U0/synth_options.dist_mem_inst/gen_rom.rom_inst/spo[20]_INST_0_i_1_n_1
    SLICE_X32Y63         LUT5 (Prop_lut5_I2_O)        0.124     3.951 r  U2/U0/synth_options.dist_mem_inst/gen_rom.rom_inst/spo[20]_INST_0/O
                         net (fo=263, routed)         9.812    13.763    U1/U2/Regs/spo[8]
    SLICE_X49Y60         LUT6 (Prop_lut6_I4_O)        0.124    13.887 f  U1/U2/Regs/res0__93_carry_i_31/O
                         net (fo=1, routed)           0.646    14.533    U1/U2/Regs/res0__93_carry_i_31_n_1
    SLICE_X48Y59         LUT6 (Prop_lut6_I5_O)        0.124    14.657 r  U1/U2/Regs/res0__93_carry_i_12/O
                         net (fo=2, routed)           1.026    15.684    U1/U2/Regs/res0__93_carry_i_12_n_1
    SLICE_X35Y64         LUT5 (Prop_lut5_I1_O)        0.124    15.808 r  U1/U2/Regs/res0__93_carry_i_2/O
                         net (fo=113, routed)         1.175    16.983    U1/U2/Regs/Q_reg[10][2]
    SLICE_X41Y63         LUT2 (Prop_lut2_I0_O)        0.124    17.107 r  U1/U2/Regs/res0_carry_i_13/O
                         net (fo=4, routed)           0.000    17.107    U1/U2/ALU/S[2]
    SLICE_X41Y63         CARRY4 (Prop_carry4_S[2]_CO[3])
                                                      0.398    17.505 r  U1/U2/ALU/res0_carry/CO[3]
                         net (fo=1, routed)           0.000    17.505    U1/U2/ALU/res0_carry_n_1
    SLICE_X41Y64         CARRY4 (Prop_carry4_CI_CO[3])
                                                      0.114    17.619 r  U1/U2/ALU/res0_carry__0/CO[3]
                         net (fo=1, routed)           0.000    17.619    U1/U2/ALU/res0_carry__0_n_1
    SLICE_X41Y65         CARRY4 (Prop_carry4_CI_CO[3])
                                                      0.114    17.733 r  U1/U2/ALU/res0_carry__1/CO[3]
                         net (fo=1, routed)           0.000    17.733    U1/U2/ALU/res0_carry__1_n_1
    SLICE_X41Y66         CARRY4 (Prop_carry4_CI_CO[3])
                                                      0.114    17.847 r  U1/U2/ALU/res0_carry__2/CO[3]
                         net (fo=1, routed)           0.000    17.847    U1/U2/ALU/res0_carry__2_n_1
    SLICE_X41Y67         CARRY4 (Prop_carry4_CI_CO[3])
                                                      0.114    17.961 r  U1/U2/ALU/res0_carry__3/CO[3]
                         net (fo=1, routed)           0.000    17.961    U1/U2/ALU/res0_carry__3_n_1
    SLICE_X41Y68         CARRY4 (Prop_carry4_CI_CO[3])
                                                      0.114    18.075 r  U1/U2/ALU/res0_carry__4/CO[3]
                         net (fo=1, routed)           0.000    18.075    U1/U2/ALU/res0_carry__4_n_1
    SLICE_X41Y69         CARRY4 (Prop_carry4_CI_CO[3])
                                                      0.114    18.189 r  U1/U2/ALU/res0_carry__5/CO[3]
                         net (fo=1, routed)           0.000    18.189    U1/U2/ALU/res0_carry__5_n_1
    SLICE_X41Y70         CARRY4 (Prop_carry4_CI_O[1])
                                                      0.334    18.523 r  U1/U2/ALU/res0_carry__6/O[1]
                         net (fo=1, routed)           0.812    19.335    U1/U1/data2[23]
    SLICE_X40Y68         LUT6 (Prop_lut6_I5_O)        0.303    19.638 f  U1/U1/U4_i_589/O
                         net (fo=1, routed)           0.789    20.427    U1/U1/U4_i_589_n_1
    SLICE_X39Y68         LUT2 (Prop_lut2_I1_O)        0.154    20.581 f  U1/U1/U4_i_191/O
                         net (fo=1, routed)           0.586    21.167    U1/U2/Regs/MEPC_reg[29]_0
    SLICE_X49Y69         LUT6 (Prop_lut6_I1_O)        0.327    21.494 r  U1/U2/Regs/U4_i_35/O
                         net (fo=86, routed)          3.638    25.133    U4/addr_bus[29]
    SLICE_X33Y74         LUT5 (Prop_lut5_I1_O)        0.124    25.257 f  U4/Cpu_data4bus[31]_INST_0_i_1/O
                         net (fo=32, routed)          2.441    27.698    U4/Cpu_data4bus[31]_INST_0_i_1_n_0
    SLICE_X38Y75         LUT6 (Prop_lut6_I0_O)        0.124    27.822 f  U4/Cpu_data4bus[0]_INST_0/O
                         net (fo=2, routed)           0.814    28.636    U5/data6[0]
    SLICE_X38Y75         LUT6 (Prop_lut6_I1_O)        0.124    28.760 f  U5/Disp_num[0]_INST_0_i_2/O
                         net (fo=1, routed)           0.000    28.760    U5/Disp_num[0]_INST_0_i_2_n_0
    SLICE_X38Y75         MUXF7 (Prop_muxf7_I1_O)      0.214    28.974 f  U5/Disp_num[0]_INST_0/O
                         net (fo=1, routed)           0.966    29.940    U6/inst/U2/disp_num[0]
    SLICE_X37Y76         LUT6 (Prop_lut6_I5_O)        0.297    30.237 f  U6/inst/U2/XLXI_4_i_2/O
                         net (fo=1, routed)           0.000    30.237    U6/inst/U2/XLXI_4_i_2_n_0
    SLICE_X37Y76         MUXF7 (Prop_muxf7_I0_O)      0.238    30.475 f  U6/inst/U2/XLXI_4_i_1/O
                         net (fo=17, routed)          2.029    32.504    U6/inst/U2/hex[0]
    SLICE_X2Y79          LUT4 (Prop_lut4_I0_O)        0.298    32.802 r  U6/inst/U2/XLXI_6/O
                         net (fo=2, routed)           0.691    33.493    U6/inst/U2/XLXN_26
    SLICE_X2Y79          LUT4 (Prop_lut4_I2_O)        0.124    33.617 r  U6/inst/U2/XLXI_17/O
                         net (fo=1, routed)           0.662    34.280    U6/inst/U2/XLXN_208
    SLICE_X2Y78          LUT2 (Prop_lut2_I1_O)        0.124    34.404 r  U6/inst/U2/XLXI_47/O
                         net (fo=1, routed)           2.569    36.972    segment_OBUF[7]
    T10                  OBUF (Prop_obuf_I_O)         3.577    40.549 r  segment_OBUF[7]_inst/O
                         net (fo=0)                   0.000    40.549    segment[7]
    T10                                                               r  segment[7] (OUT)
  -------------------------------------------------------------------    -------------------

Slack:                    inf
  Source:                 U1/U2/PC/Q_reg[7]/C
                            (rising edge-triggered cell FDCE)
  Destination:            segment[2]
                            (output port)
  Path Group:             (none)
  Path Type:              Max at Slow Process Corner
  Data Path Delay:        40.260ns  (logic 8.670ns (21.534%)  route 31.591ns (78.466%))
  Logic Levels:           28  (CARRY4=8 FDCE=1 LUT2=3 LUT3=1 LUT4=1 LUT5=3 LUT6=8 MUXF7=2 OBUF=1)

    Location             Delay type                Incr(ns)  Path(ns)    Netlist Resource(s)
  -------------------------------------------------------------------    -------------------
    SLICE_X46Y74         FDCE                         0.000     0.000 r  U1/U2/PC/Q_reg[7]/C
    SLICE_X46Y74         FDCE (Prop_fdce_C_Q)         0.518     0.518 r  U1/U2/PC/Q_reg[7]/Q
                         net (fo=37, routed)          2.516     3.034    U2/U0/synth_options.dist_mem_inst/gen_rom.rom_inst/a[5]
    SLICE_X32Y63         LUT6 (Prop_lut6_I4_O)        0.124     3.158 r  U2/U0/synth_options.dist_mem_inst/gen_rom.rom_inst/spo[20]_INST_0_i_1/O
                         net (fo=1, routed)           0.669     3.827    U2/U0/synth_options.dist_mem_inst/gen_rom.rom_inst/spo[20]_INST_0_i_1_n_1
    SLICE_X32Y63         LUT5 (Prop_lut5_I2_O)        0.124     3.951 r  U2/U0/synth_options.dist_mem_inst/gen_rom.rom_inst/spo[20]_INST_0/O
                         net (fo=263, routed)         9.812    13.763    U1/U2/Regs/spo[8]
    SLICE_X49Y60         LUT6 (Prop_lut6_I4_O)        0.124    13.887 f  U1/U2/Regs/res0__93_carry_i_31/O
                         net (fo=1, routed)           0.646    14.533    U1/U2/Regs/res0__93_carry_i_31_n_1
    SLICE_X48Y59         LUT6 (Prop_lut6_I5_O)        0.124    14.657 r  U1/U2/Regs/res0__93_carry_i_12/O
                         net (fo=2, routed)           1.026    15.684    U1/U2/Regs/res0__93_carry_i_12_n_1
    SLICE_X35Y64         LUT5 (Prop_lut5_I1_O)        0.124    15.808 r  U1/U2/Regs/res0__93_carry_i_2/O
                         net (fo=113, routed)         1.175    16.983    U1/U2/Regs/Q_reg[10][2]
    SLICE_X41Y63         LUT2 (Prop_lut2_I0_O)        0.124    17.107 r  U1/U2/Regs/res0_carry_i_13/O
                         net (fo=4, routed)           0.000    17.107    U1/U2/ALU/S[2]
    SLICE_X41Y63         CARRY4 (Prop_carry4_S[2]_CO[3])
                                                      0.398    17.505 r  U1/U2/ALU/res0_carry/CO[3]
                         net (fo=1, routed)           0.000    17.505    U1/U2/ALU/res0_carry_n_1
    SLICE_X41Y64         CARRY4 (Prop_carry4_CI_CO[3])
                                                      0.114    17.619 r  U1/U2/ALU/res0_carry__0/CO[3]
                         net (fo=1, routed)           0.000    17.619    U1/U2/ALU/res0_carry__0_n_1
    SLICE_X41Y65         CARRY4 (Prop_carry4_CI_CO[3])
                                                      0.114    17.733 r  U1/U2/ALU/res0_carry__1/CO[3]
                         net (fo=1, routed)           0.000    17.733    U1/U2/ALU/res0_carry__1_n_1
    SLICE_X41Y66         CARRY4 (Prop_carry4_CI_CO[3])
                                                      0.114    17.847 r  U1/U2/ALU/res0_carry__2/CO[3]
                         net (fo=1, routed)           0.000    17.847    U1/U2/ALU/res0_carry__2_n_1
    SLICE_X41Y67         CARRY4 (Prop_carry4_CI_CO[3])
                                                      0.114    17.961 r  U1/U2/ALU/res0_carry__3/CO[3]
                         net (fo=1, routed)           0.000    17.961    U1/U2/ALU/res0_carry__3_n_1
    SLICE_X41Y68         CARRY4 (Prop_carry4_CI_CO[3])
                                                      0.114    18.075 r  U1/U2/ALU/res0_carry__4/CO[3]
                         net (fo=1, routed)           0.000    18.075    U1/U2/ALU/res0_carry__4_n_1
    SLICE_X41Y69         CARRY4 (Prop_carry4_CI_CO[3])
                                                      0.114    18.189 r  U1/U2/ALU/res0_carry__5/CO[3]
                         net (fo=1, routed)           0.000    18.189    U1/U2/ALU/res0_carry__5_n_1
    SLICE_X41Y70         CARRY4 (Prop_carry4_CI_O[1])
                                                      0.334    18.523 r  U1/U2/ALU/res0_carry__6/O[1]
                         net (fo=1, routed)           0.812    19.335    U1/U1/data2[23]
    SLICE_X40Y68         LUT6 (Prop_lut6_I5_O)        0.303    19.638 f  U1/U1/U4_i_589/O
                         net (fo=1, routed)           0.789    20.427    U1/U1/U4_i_589_n_1
    SLICE_X39Y68         LUT2 (Prop_lut2_I1_O)        0.154    20.581 f  U1/U1/U4_i_191/O
                         net (fo=1, routed)           0.586    21.167    U1/U2/Regs/MEPC_reg[29]_0
    SLICE_X49Y69         LUT6 (Prop_lut6_I1_O)        0.327    21.494 r  U1/U2/Regs/U4_i_35/O
                         net (fo=86, routed)          3.638    25.133    U4/addr_bus[29]
    SLICE_X33Y74         LUT5 (Prop_lut5_I1_O)        0.124    25.257 f  U4/Cpu_data4bus[31]_INST_0_i_1/O
                         net (fo=32, routed)          2.249    27.506    U4/Cpu_data4bus[31]_INST_0_i_1_n_0
    SLICE_X37Y78         LUT6 (Prop_lut6_I0_O)        0.124    27.630 f  U4/Cpu_data4bus[31]_INST_0/O
                         net (fo=2, routed)           0.820    28.450    U5/data6[31]
    SLICE_X37Y80         LUT6 (Prop_lut6_I1_O)        0.124    28.574 f  U5/Disp_num[31]_INST_0_i_2/O
                         net (fo=1, routed)           0.000    28.574    U5/Disp_num[31]_INST_0_i_2_n_0
    SLICE_X37Y80         MUXF7 (Prop_muxf7_I1_O)      0.217    28.791 f  U5/Disp_num[31]_INST_0/O
                         net (fo=1, routed)           0.717    29.508    U6/inst/U2/disp_num[31]
    SLICE_X34Y77         LUT6 (Prop_lut6_I0_O)        0.299    29.807 f  U6/inst/U2/XLXI_1_i_3/O
                         net (fo=1, routed)           0.000    29.807    U6/inst/U2/XLXI_1_i_3_n_0
    SLICE_X34Y77         MUXF7 (Prop_muxf7_I1_O)      0.214    30.021 f  U6/inst/U2/XLXI_1_i_1/O
                         net (fo=18, routed)          2.186    32.207    U6/inst/U2/hex[3]
    SLICE_X4Y80          LUT3 (Prop_lut3_I2_O)        0.297    32.504 r  U6/inst/U2/XLXI_38/O
                         net (fo=1, routed)           0.805    33.309    U6/inst/U2/XLXN_185
    SLICE_X3Y80          LUT4 (Prop_lut4_I1_O)        0.124    33.433 r  U6/inst/U2/XLXI_41/O
                         net (fo=1, routed)           0.670    34.103    U6/inst/U2/XLXN_213
    SLICE_X3Y80          LUT2 (Prop_lut2_I1_O)        0.124    34.227 r  U6/inst/U2/XLXI_52/O
                         net (fo=1, routed)           2.473    36.700    segment_OBUF[2]
    T11                  OBUF (Prop_obuf_I_O)         3.561    40.260 r  segment_OBUF[2]_inst/O
                         net (fo=0)                   0.000    40.260    segment[2]
    T11                                                               r  segment[2] (OUT)
  -------------------------------------------------------------------    -------------------

Slack:                    inf
  Source:                 U1/U2/PC/Q_reg[7]/C
                            (rising edge-triggered cell FDCE)
  Destination:            segment[6]
                            (output port)
  Path Group:             (none)
  Path Type:              Max at Slow Process Corner
  Data Path Delay:        40.234ns  (logic 8.684ns (21.585%)  route 31.549ns (78.415%))
  Logic Levels:           28  (CARRY4=8 FDCE=1 LUT2=3 LUT3=1 LUT4=1 LUT5=3 LUT6=8 MUXF7=2 OBUF=1)

    Location             Delay type                Incr(ns)  Path(ns)    Netlist Resource(s)
  -------------------------------------------------------------------    -------------------
    SLICE_X46Y74         FDCE                         0.000     0.000 r  U1/U2/PC/Q_reg[7]/C
    SLICE_X46Y74         FDCE (Prop_fdce_C_Q)         0.518     0.518 r  U1/U2/PC/Q_reg[7]/Q
                         net (fo=37, routed)          2.516     3.034    U2/U0/synth_options.dist_mem_inst/gen_rom.rom_inst/a[5]
    SLICE_X32Y63         LUT6 (Prop_lut6_I4_O)        0.124     3.158 r  U2/U0/synth_options.dist_mem_inst/gen_rom.rom_inst/spo[20]_INST_0_i_1/O
                         net (fo=1, routed)           0.669     3.827    U2/U0/synth_options.dist_mem_inst/gen_rom.rom_inst/spo[20]_INST_0_i_1_n_1
    SLICE_X32Y63         LUT5 (Prop_lut5_I2_O)        0.124     3.951 r  U2/U0/synth_options.dist_mem_inst/gen_rom.rom_inst/spo[20]_INST_0/O
                         net (fo=263, routed)         9.812    13.763    U1/U2/Regs/spo[8]
    SLICE_X49Y60         LUT6 (Prop_lut6_I4_O)        0.124    13.887 f  U1/U2/Regs/res0__93_carry_i_31/O
                         net (fo=1, routed)           0.646    14.533    U1/U2/Regs/res0__93_carry_i_31_n_1
    SLICE_X48Y59         LUT6 (Prop_lut6_I5_O)        0.124    14.657 r  U1/U2/Regs/res0__93_carry_i_12/O
                         net (fo=2, routed)           1.026    15.684    U1/U2/Regs/res0__93_carry_i_12_n_1
    SLICE_X35Y64         LUT5 (Prop_lut5_I1_O)        0.124    15.808 r  U1/U2/Regs/res0__93_carry_i_2/O
                         net (fo=113, routed)         1.175    16.983    U1/U2/Regs/Q_reg[10][2]
    SLICE_X41Y63         LUT2 (Prop_lut2_I0_O)        0.124    17.107 r  U1/U2/Regs/res0_carry_i_13/O
                         net (fo=4, routed)           0.000    17.107    U1/U2/ALU/S[2]
    SLICE_X41Y63         CARRY4 (Prop_carry4_S[2]_CO[3])
                                                      0.398    17.505 r  U1/U2/ALU/res0_carry/CO[3]
                         net (fo=1, routed)           0.000    17.505    U1/U2/ALU/res0_carry_n_1
    SLICE_X41Y64         CARRY4 (Prop_carry4_CI_CO[3])
                                                      0.114    17.619 r  U1/U2/ALU/res0_carry__0/CO[3]
                         net (fo=1, routed)           0.000    17.619    U1/U2/ALU/res0_carry__0_n_1
    SLICE_X41Y65         CARRY4 (Prop_carry4_CI_CO[3])
                                                      0.114    17.733 r  U1/U2/ALU/res0_carry__1/CO[3]
                         net (fo=1, routed)           0.000    17.733    U1/U2/ALU/res0_carry__1_n_1
    SLICE_X41Y66         CARRY4 (Prop_carry4_CI_CO[3])
                                                      0.114    17.847 r  U1/U2/ALU/res0_carry__2/CO[3]
                         net (fo=1, routed)           0.000    17.847    U1/U2/ALU/res0_carry__2_n_1
    SLICE_X41Y67         CARRY4 (Prop_carry4_CI_CO[3])
                                                      0.114    17.961 r  U1/U2/ALU/res0_carry__3/CO[3]
                         net (fo=1, routed)           0.000    17.961    U1/U2/ALU/res0_carry__3_n_1
    SLICE_X41Y68         CARRY4 (Prop_carry4_CI_CO[3])
                                                      0.114    18.075 r  U1/U2/ALU/res0_carry__4/CO[3]
                         net (fo=1, routed)           0.000    18.075    U1/U2/ALU/res0_carry__4_n_1
    SLICE_X41Y69         CARRY4 (Prop_carry4_CI_CO[3])
                                                      0.114    18.189 r  U1/U2/ALU/res0_carry__5/CO[3]
                         net (fo=1, routed)           0.000    18.189    U1/U2/ALU/res0_carry__5_n_1
    SLICE_X41Y70         CARRY4 (Prop_carry4_CI_O[1])
                                                      0.334    18.523 f  U1/U2/ALU/res0_carry__6/O[1]
                         net (fo=1, routed)           0.812    19.335    U1/U1/data2[23]
    SLICE_X40Y68         LUT6 (Prop_lut6_I5_O)        0.303    19.638 r  U1/U1/U4_i_589/O
                         net (fo=1, routed)           0.789    20.427    U1/U1/U4_i_589_n_1
    SLICE_X39Y68         LUT2 (Prop_lut2_I1_O)        0.154    20.581 r  U1/U1/U4_i_191/O
                         net (fo=1, routed)           0.586    21.167    U1/U2/Regs/MEPC_reg[29]_0
    SLICE_X49Y69         LUT6 (Prop_lut6_I1_O)        0.327    21.494 f  U1/U2/Regs/U4_i_35/O
                         net (fo=86, routed)          3.638    25.133    U4/addr_bus[29]
    SLICE_X33Y74         LUT5 (Prop_lut5_I1_O)        0.124    25.257 r  U4/Cpu_data4bus[31]_INST_0_i_1/O
                         net (fo=32, routed)          2.441    27.698    U4/Cpu_data4bus[31]_INST_0_i_1_n_0
    SLICE_X38Y75         LUT6 (Prop_lut6_I0_O)        0.124    27.822 r  U4/Cpu_data4bus[0]_INST_0/O
                         net (fo=2, routed)           0.814    28.636    U5/data6[0]
    SLICE_X38Y75         LUT6 (Prop_lut6_I1_O)        0.124    28.760 r  U5/Disp_num[0]_INST_0_i_2/O
                         net (fo=1, routed)           0.000    28.760    U5/Disp_num[0]_INST_0_i_2_n_0
    SLICE_X38Y75         MUXF7 (Prop_muxf7_I1_O)      0.214    28.974 r  U5/Disp_num[0]_INST_0/O
                         net (fo=1, routed)           0.966    29.940    U6/inst/U2/disp_num[0]
    SLICE_X37Y76         LUT6 (Prop_lut6_I5_O)        0.297    30.237 r  U6/inst/U2/XLXI_4_i_2/O
                         net (fo=1, routed)           0.000    30.237    U6/inst/U2/XLXI_4_i_2_n_0
    SLICE_X37Y76         MUXF7 (Prop_muxf7_I0_O)      0.238    30.475 r  U6/inst/U2/XLXI_4_i_1/O
                         net (fo=17, routed)          1.840    32.314    U6/inst/U2/hex[0]
    SLICE_X2Y80          LUT3 (Prop_lut3_I0_O)        0.298    32.612 r  U6/inst/U2/XLXI_21/O
                         net (fo=1, routed)           0.670    33.282    U6/inst/U2/XLXN_75
    SLICE_X2Y80          LUT4 (Prop_lut4_I0_O)        0.124    33.406 r  U6/inst/U2/XLXI_22/O
                         net (fo=1, routed)           0.566    33.972    U6/inst/U2/XLXN_209
    SLICE_X1Y80          LUT2 (Prop_lut2_I1_O)        0.124    34.096 r  U6/inst/U2/XLXI_48/O
                         net (fo=1, routed)           2.582    36.678    segment_OBUF[6]
    R10                  OBUF (Prop_obuf_I_O)         3.555    40.234 r  segment_OBUF[6]_inst/O
                         net (fo=0)                   0.000    40.234    segment[6]
    R10                                                               r  segment[6] (OUT)
  -------------------------------------------------------------------    -------------------

Slack:                    inf
  Source:                 U1/U2/PC/Q_reg[7]/C
                            (rising edge-triggered cell FDCE)
  Destination:            segment[5]
                            (output port)
  Path Group:             (none)
  Path Type:              Max at Slow Process Corner
  Data Path Delay:        39.912ns  (logic 8.622ns (21.603%)  route 31.290ns (78.397%))
  Logic Levels:           28  (CARRY4=8 FDCE=1 LUT2=3 LUT3=2 LUT5=3 LUT6=8 MUXF7=2 OBUF=1)

    Location             Delay type                Incr(ns)  Path(ns)    Netlist Resource(s)
  -------------------------------------------------------------------    -------------------
    SLICE_X46Y74         FDCE                         0.000     0.000 r  U1/U2/PC/Q_reg[7]/C
    SLICE_X46Y74         FDCE (Prop_fdce_C_Q)         0.518     0.518 r  U1/U2/PC/Q_reg[7]/Q
                         net (fo=37, routed)          2.516     3.034    U2/U0/synth_options.dist_mem_inst/gen_rom.rom_inst/a[5]
    SLICE_X32Y63         LUT6 (Prop_lut6_I4_O)        0.124     3.158 r  U2/U0/synth_options.dist_mem_inst/gen_rom.rom_inst/spo[20]_INST_0_i_1/O
                         net (fo=1, routed)           0.669     3.827    U2/U0/synth_options.dist_mem_inst/gen_rom.rom_inst/spo[20]_INST_0_i_1_n_1
    SLICE_X32Y63         LUT5 (Prop_lut5_I2_O)        0.124     3.951 r  U2/U0/synth_options.dist_mem_inst/gen_rom.rom_inst/spo[20]_INST_0/O
                         net (fo=263, routed)         9.812    13.763    U1/U2/Regs/spo[8]
    SLICE_X49Y60         LUT6 (Prop_lut6_I4_O)        0.124    13.887 f  U1/U2/Regs/res0__93_carry_i_31/O
                         net (fo=1, routed)           0.646    14.533    U1/U2/Regs/res0__93_carry_i_31_n_1
    SLICE_X48Y59         LUT6 (Prop_lut6_I5_O)        0.124    14.657 r  U1/U2/Regs/res0__93_carry_i_12/O
                         net (fo=2, routed)           1.026    15.684    U1/U2/Regs/res0__93_carry_i_12_n_1
    SLICE_X35Y64         LUT5 (Prop_lut5_I1_O)        0.124    15.808 r  U1/U2/Regs/res0__93_carry_i_2/O
                         net (fo=113, routed)         1.175    16.983    U1/U2/Regs/Q_reg[10][2]
    SLICE_X41Y63         LUT2 (Prop_lut2_I0_O)        0.124    17.107 r  U1/U2/Regs/res0_carry_i_13/O
                         net (fo=4, routed)           0.000    17.107    U1/U2/ALU/S[2]
    SLICE_X41Y63         CARRY4 (Prop_carry4_S[2]_CO[3])
                                                      0.398    17.505 r  U1/U2/ALU/res0_carry/CO[3]
                         net (fo=1, routed)           0.000    17.505    U1/U2/ALU/res0_carry_n_1
    SLICE_X41Y64         CARRY4 (Prop_carry4_CI_CO[3])
                                                      0.114    17.619 r  U1/U2/ALU/res0_carry__0/CO[3]
                         net (fo=1, routed)           0.000    17.619    U1/U2/ALU/res0_carry__0_n_1
    SLICE_X41Y65         CARRY4 (Prop_carry4_CI_CO[3])
                                                      0.114    17.733 r  U1/U2/ALU/res0_carry__1/CO[3]
                         net (fo=1, routed)           0.000    17.733    U1/U2/ALU/res0_carry__1_n_1
    SLICE_X41Y66         CARRY4 (Prop_carry4_CI_CO[3])
                                                      0.114    17.847 r  U1/U2/ALU/res0_carry__2/CO[3]
                         net (fo=1, routed)           0.000    17.847    U1/U2/ALU/res0_carry__2_n_1
    SLICE_X41Y67         CARRY4 (Prop_carry4_CI_CO[3])
                                                      0.114    17.961 r  U1/U2/ALU/res0_carry__3/CO[3]
                         net (fo=1, routed)           0.000    17.961    U1/U2/ALU/res0_carry__3_n_1
    SLICE_X41Y68         CARRY4 (Prop_carry4_CI_CO[3])
                                                      0.114    18.075 r  U1/U2/ALU/res0_carry__4/CO[3]
                         net (fo=1, routed)           0.000    18.075    U1/U2/ALU/res0_carry__4_n_1
    SLICE_X41Y69         CARRY4 (Prop_carry4_CI_CO[3])
                                                      0.114    18.189 r  U1/U2/ALU/res0_carry__5/CO[3]
                         net (fo=1, routed)           0.000    18.189    U1/U2/ALU/res0_carry__5_n_1
    SLICE_X41Y70         CARRY4 (Prop_carry4_CI_O[1])
                                                      0.334    18.523 r  U1/U2/ALU/res0_carry__6/O[1]
                         net (fo=1, routed)           0.812    19.335    U1/U1/data2[23]
    SLICE_X40Y68         LUT6 (Prop_lut6_I5_O)        0.303    19.638 f  U1/U1/U4_i_589/O
                         net (fo=1, routed)           0.789    20.427    U1/U1/U4_i_589_n_1
    SLICE_X39Y68         LUT2 (Prop_lut2_I1_O)        0.154    20.581 f  U1/U1/U4_i_191/O
                         net (fo=1, routed)           0.586    21.167    U1/U2/Regs/MEPC_reg[29]_0
    SLICE_X49Y69         LUT6 (Prop_lut6_I1_O)        0.327    21.494 r  U1/U2/Regs/U4_i_35/O
                         net (fo=86, routed)          3.638    25.133    U4/addr_bus[29]
    SLICE_X33Y74         LUT5 (Prop_lut5_I1_O)        0.124    25.257 f  U4/Cpu_data4bus[31]_INST_0_i_1/O
                         net (fo=32, routed)          2.441    27.698    U4/Cpu_data4bus[31]_INST_0_i_1_n_0
    SLICE_X38Y75         LUT6 (Prop_lut6_I0_O)        0.124    27.822 f  U4/Cpu_data4bus[0]_INST_0/O
                         net (fo=2, routed)           0.814    28.636    U5/data6[0]
    SLICE_X38Y75         LUT6 (Prop_lut6_I1_O)        0.124    28.760 f  U5/Disp_num[0]_INST_0_i_2/O
                         net (fo=1, routed)           0.000    28.760    U5/Disp_num[0]_INST_0_i_2_n_0
    SLICE_X38Y75         MUXF7 (Prop_muxf7_I1_O)      0.214    28.974 f  U5/Disp_num[0]_INST_0/O
                         net (fo=1, routed)           0.966    29.940    U6/inst/U2/disp_num[0]
    SLICE_X37Y76         LUT6 (Prop_lut6_I5_O)        0.297    30.237 f  U6/inst/U2/XLXI_4_i_2/O
                         net (fo=1, routed)           0.000    30.237    U6/inst/U2/XLXI_4_i_2_n_0
    SLICE_X37Y76         MUXF7 (Prop_muxf7_I0_O)      0.238    30.475 f  U6/inst/U2/XLXI_4_i_1/O
                         net (fo=17, routed)          1.893    32.367    U6/inst/U2/hex[0]
    SLICE_X2Y81          LUT3 (Prop_lut3_I0_O)        0.298    32.665 r  U6/inst/U2/XLXI_20/O
                         net (fo=2, routed)           0.813    33.478    U6/inst/U2/XLXN_74
    SLICE_X1Y81          LUT3 (Prop_lut3_I2_O)        0.124    33.602 r  U6/inst/U2/XLXI_26/O
                         net (fo=1, routed)           0.433    34.036    U6/inst/U2/XLXN_210
    SLICE_X1Y81          LUT2 (Prop_lut2_I1_O)        0.124    34.160 r  U6/inst/U2/XLXI_49/O
                         net (fo=1, routed)           2.259    36.419    segment_OBUF[5]
    K16                  OBUF (Prop_obuf_I_O)         3.493    39.912 r  segment_OBUF[5]_inst/O
                         net (fo=0)                   0.000    39.912    segment[5]
    K16                                                               r  segment[5] (OUT)
  -------------------------------------------------------------------    -------------------

Slack:                    inf
  Source:                 U1/U2/PC/Q_reg[7]/C
                            (rising edge-triggered cell FDCE)
  Destination:            segment[1]
                            (output port)
  Path Group:             (none)
  Path Type:              Max at Slow Process Corner
  Data Path Delay:        39.699ns  (logic 8.646ns (21.780%)  route 31.052ns (78.220%))
  Logic Levels:           28  (CARRY4=8 FDCE=1 LUT2=3 LUT3=2 LUT5=3 LUT6=8 MUXF7=2 OBUF=1)

    Location             Delay type                Incr(ns)  Path(ns)    Netlist Resource(s)
  -------------------------------------------------------------------    -------------------
    SLICE_X46Y74         FDCE                         0.000     0.000 r  U1/U2/PC/Q_reg[7]/C
    SLICE_X46Y74         FDCE (Prop_fdce_C_Q)         0.518     0.518 r  U1/U2/PC/Q_reg[7]/Q
                         net (fo=37, routed)          2.516     3.034    U2/U0/synth_options.dist_mem_inst/gen_rom.rom_inst/a[5]
    SLICE_X32Y63         LUT6 (Prop_lut6_I4_O)        0.124     3.158 r  U2/U0/synth_options.dist_mem_inst/gen_rom.rom_inst/spo[20]_INST_0_i_1/O
                         net (fo=1, routed)           0.669     3.827    U2/U0/synth_options.dist_mem_inst/gen_rom.rom_inst/spo[20]_INST_0_i_1_n_1
    SLICE_X32Y63         LUT5 (Prop_lut5_I2_O)        0.124     3.951 r  U2/U0/synth_options.dist_mem_inst/gen_rom.rom_inst/spo[20]_INST_0/O
                         net (fo=263, routed)         9.812    13.763    U1/U2/Regs/spo[8]
    SLICE_X49Y60         LUT6 (Prop_lut6_I4_O)        0.124    13.887 f  U1/U2/Regs/res0__93_carry_i_31/O
                         net (fo=1, routed)           0.646    14.533    U1/U2/Regs/res0__93_carry_i_31_n_1
    SLICE_X48Y59         LUT6 (Prop_lut6_I5_O)        0.124    14.657 r  U1/U2/Regs/res0__93_carry_i_12/O
                         net (fo=2, routed)           1.026    15.684    U1/U2/Regs/res0__93_carry_i_12_n_1
    SLICE_X35Y64         LUT5 (Prop_lut5_I1_O)        0.124    15.808 r  U1/U2/Regs/res0__93_carry_i_2/O
                         net (fo=113, routed)         1.175    16.983    U1/U2/Regs/Q_reg[10][2]
    SLICE_X41Y63         LUT2 (Prop_lut2_I0_O)        0.124    17.107 r  U1/U2/Regs/res0_carry_i_13/O
                         net (fo=4, routed)           0.000    17.107    U1/U2/ALU/S[2]
    SLICE_X41Y63         CARRY4 (Prop_carry4_S[2]_CO[3])
                                                      0.398    17.505 r  U1/U2/ALU/res0_carry/CO[3]
                         net (fo=1, routed)           0.000    17.505    U1/U2/ALU/res0_carry_n_1
    SLICE_X41Y64         CARRY4 (Prop_carry4_CI_CO[3])
                                                      0.114    17.619 r  U1/U2/ALU/res0_carry__0/CO[3]
                         net (fo=1, routed)           0.000    17.619    U1/U2/ALU/res0_carry__0_n_1
    SLICE_X41Y65         CARRY4 (Prop_carry4_CI_CO[3])
                                                      0.114    17.733 r  U1/U2/ALU/res0_carry__1/CO[3]
                         net (fo=1, routed)           0.000    17.733    U1/U2/ALU/res0_carry__1_n_1
    SLICE_X41Y66         CARRY4 (Prop_carry4_CI_CO[3])
                                                      0.114    17.847 r  U1/U2/ALU/res0_carry__2/CO[3]
                         net (fo=1, routed)           0.000    17.847    U1/U2/ALU/res0_carry__2_n_1
    SLICE_X41Y67         CARRY4 (Prop_carry4_CI_CO[3])
                                                      0.114    17.961 r  U1/U2/ALU/res0_carry__3/CO[3]
                         net (fo=1, routed)           0.000    17.961    U1/U2/ALU/res0_carry__3_n_1
    SLICE_X41Y68         CARRY4 (Prop_carry4_CI_CO[3])
                                                      0.114    18.075 r  U1/U2/ALU/res0_carry__4/CO[3]
                         net (fo=1, routed)           0.000    18.075    U1/U2/ALU/res0_carry__4_n_1
    SLICE_X41Y69         CARRY4 (Prop_carry4_CI_CO[3])
                                                      0.114    18.189 r  U1/U2/ALU/res0_carry__5/CO[3]
                         net (fo=1, routed)           0.000    18.189    U1/U2/ALU/res0_carry__5_n_1
    SLICE_X41Y70         CARRY4 (Prop_carry4_CI_O[1])
                                                      0.334    18.523 r  U1/U2/ALU/res0_carry__6/O[1]
                         net (fo=1, routed)           0.812    19.335    U1/U1/data2[23]
    SLICE_X40Y68         LUT6 (Prop_lut6_I5_O)        0.303    19.638 f  U1/U1/U4_i_589/O
                         net (fo=1, routed)           0.789    20.427    U1/U1/U4_i_589_n_1
    SLICE_X39Y68         LUT2 (Prop_lut2_I1_O)        0.154    20.581 f  U1/U1/U4_i_191/O
                         net (fo=1, routed)           0.586    21.167    U1/U2/Regs/MEPC_reg[29]_0
    SLICE_X49Y69         LUT6 (Prop_lut6_I1_O)        0.327    21.494 r  U1/U2/Regs/U4_i_35/O
                         net (fo=86, routed)          3.638    25.133    U4/addr_bus[29]
    SLICE_X33Y74         LUT5 (Prop_lut5_I1_O)        0.124    25.257 f  U4/Cpu_data4bus[31]_INST_0_i_1/O
                         net (fo=32, routed)          2.249    27.506    U4/Cpu_data4bus[31]_INST_0_i_1_n_0
    SLICE_X37Y78         LUT6 (Prop_lut6_I0_O)        0.124    27.630 f  U4/Cpu_data4bus[31]_INST_0/O
                         net (fo=2, routed)           0.820    28.450    U5/data6[31]
    SLICE_X37Y80         LUT6 (Prop_lut6_I1_O)        0.124    28.574 f  U5/Disp_num[31]_INST_0_i_2/O
                         net (fo=1, routed)           0.000    28.574    U5/Disp_num[31]_INST_0_i_2_n_0
    SLICE_X37Y80         MUXF7 (Prop_muxf7_I1_O)      0.217    28.791 f  U5/Disp_num[31]_INST_0/O
                         net (fo=1, routed)           0.717    29.508    U6/inst/U2/disp_num[31]
    SLICE_X34Y77         LUT6 (Prop_lut6_I0_O)        0.299    29.807 f  U6/inst/U2/XLXI_1_i_3/O
                         net (fo=1, routed)           0.000    29.807    U6/inst/U2/XLXI_1_i_3_n_0
    SLICE_X34Y77         MUXF7 (Prop_muxf7_I1_O)      0.214    30.021 f  U6/inst/U2/XLXI_1_i_1/O
                         net (fo=18, routed)          2.205    32.226    U6/inst/U2/hex[3]
    SLICE_X2Y81          LUT3 (Prop_lut3_I2_O)        0.297    32.523 r  U6/inst/U2/XLXI_42/O
                         net (fo=1, routed)           0.853    33.376    U6/inst/U2/XLXN_200
    SLICE_X0Y81          LUT3 (Prop_lut3_I2_O)        0.124    33.500 r  U6/inst/U2/XLXI_46/O
                         net (fo=1, routed)           0.433    33.933    U6/inst/U2/XLXN_214
    SLICE_X0Y81          LUT2 (Prop_lut2_I1_O)        0.124    34.057 r  U6/inst/U2/XLXI_53/O
                         net (fo=1, routed)           2.104    36.161    segment_OBUF[1]
    L18                  OBUF (Prop_obuf_I_O)         3.537    39.699 r  segment_OBUF[1]_inst/O
                         net (fo=0)                   0.000    39.699    segment[1]
    L18                                                               r  segment[1] (OUT)
  -------------------------------------------------------------------    -------------------

Slack:                    inf
  Source:                 U1/U2/PC/Q_reg[7]/C
                            (rising edge-triggered cell FDCE)
  Destination:            segment[3]
                            (output port)
  Path Group:             (none)
  Path Type:              Max at Slow Process Corner
  Data Path Delay:        39.148ns  (logic 8.675ns (22.158%)  route 30.474ns (77.842%))
  Logic Levels:           28  (CARRY4=8 FDCE=1 LUT2=3 LUT3=2 LUT5=3 LUT6=8 MUXF7=2 OBUF=1)

    Location             Delay type                Incr(ns)  Path(ns)    Netlist Resource(s)
  -------------------------------------------------------------------    -------------------
    SLICE_X46Y74         FDCE                         0.000     0.000 r  U1/U2/PC/Q_reg[7]/C
    SLICE_X46Y74         FDCE (Prop_fdce_C_Q)         0.518     0.518 r  U1/U2/PC/Q_reg[7]/Q
                         net (fo=37, routed)          2.516     3.034    U2/U0/synth_options.dist_mem_inst/gen_rom.rom_inst/a[5]
    SLICE_X32Y63         LUT6 (Prop_lut6_I4_O)        0.124     3.158 r  U2/U0/synth_options.dist_mem_inst/gen_rom.rom_inst/spo[20]_INST_0_i_1/O
                         net (fo=1, routed)           0.669     3.827    U2/U0/synth_options.dist_mem_inst/gen_rom.rom_inst/spo[20]_INST_0_i_1_n_1
    SLICE_X32Y63         LUT5 (Prop_lut5_I2_O)        0.124     3.951 r  U2/U0/synth_options.dist_mem_inst/gen_rom.rom_inst/spo[20]_INST_0/O
                         net (fo=263, routed)         9.812    13.763    U1/U2/Regs/spo[8]
    SLICE_X49Y60         LUT6 (Prop_lut6_I4_O)        0.124    13.887 f  U1/U2/Regs/res0__93_carry_i_31/O
                         net (fo=1, routed)           0.646    14.533    U1/U2/Regs/res0__93_carry_i_31_n_1
    SLICE_X48Y59         LUT6 (Prop_lut6_I5_O)        0.124    14.657 r  U1/U2/Regs/res0__93_carry_i_12/O
                         net (fo=2, routed)           1.026    15.684    U1/U2/Regs/res0__93_carry_i_12_n_1
    SLICE_X35Y64         LUT5 (Prop_lut5_I1_O)        0.124    15.808 r  U1/U2/Regs/res0__93_carry_i_2/O
                         net (fo=113, routed)         1.175    16.983    U1/U2/Regs/Q_reg[10][2]
    SLICE_X41Y63         LUT2 (Prop_lut2_I0_O)        0.124    17.107 r  U1/U2/Regs/res0_carry_i_13/O
                         net (fo=4, routed)           0.000    17.107    U1/U2/ALU/S[2]
    SLICE_X41Y63         CARRY4 (Prop_carry4_S[2]_CO[3])
                                                      0.398    17.505 r  U1/U2/ALU/res0_carry/CO[3]
                         net (fo=1, routed)           0.000    17.505    U1/U2/ALU/res0_carry_n_1
    SLICE_X41Y64         CARRY4 (Prop_carry4_CI_CO[3])
                                                      0.114    17.619 r  U1/U2/ALU/res0_carry__0/CO[3]
                         net (fo=1, routed)           0.000    17.619    U1/U2/ALU/res0_carry__0_n_1
    SLICE_X41Y65         CARRY4 (Prop_carry4_CI_CO[3])
                                                      0.114    17.733 r  U1/U2/ALU/res0_carry__1/CO[3]
                         net (fo=1, routed)           0.000    17.733    U1/U2/ALU/res0_carry__1_n_1
    SLICE_X41Y66         CARRY4 (Prop_carry4_CI_CO[3])
                                                      0.114    17.847 r  U1/U2/ALU/res0_carry__2/CO[3]
                         net (fo=1, routed)           0.000    17.847    U1/U2/ALU/res0_carry__2_n_1
    SLICE_X41Y67         CARRY4 (Prop_carry4_CI_CO[3])
                                                      0.114    17.961 r  U1/U2/ALU/res0_carry__3/CO[3]
                         net (fo=1, routed)           0.000    17.961    U1/U2/ALU/res0_carry__3_n_1
    SLICE_X41Y68         CARRY4 (Prop_carry4_CI_CO[3])
                                                      0.114    18.075 r  U1/U2/ALU/res0_carry__4/CO[3]
                         net (fo=1, routed)           0.000    18.075    U1/U2/ALU/res0_carry__4_n_1
    SLICE_X41Y69         CARRY4 (Prop_carry4_CI_CO[3])
                                                      0.114    18.189 r  U1/U2/ALU/res0_carry__5/CO[3]
                         net (fo=1, routed)           0.000    18.189    U1/U2/ALU/res0_carry__5_n_1
    SLICE_X41Y70         CARRY4 (Prop_carry4_CI_O[1])
                                                      0.334    18.523 f  U1/U2/ALU/res0_carry__6/O[1]
                         net (fo=1, routed)           0.812    19.335    U1/U1/data2[23]
    SLICE_X40Y68         LUT6 (Prop_lut6_I5_O)        0.303    19.638 r  U1/U1/U4_i_589/O
                         net (fo=1, routed)           0.789    20.427    U1/U1/U4_i_589_n_1
    SLICE_X39Y68         LUT2 (Prop_lut2_I1_O)        0.154    20.581 r  U1/U1/U4_i_191/O
                         net (fo=1, routed)           0.586    21.167    U1/U2/Regs/MEPC_reg[29]_0
    SLICE_X49Y69         LUT6 (Prop_lut6_I1_O)        0.327    21.494 f  U1/U2/Regs/U4_i_35/O
                         net (fo=86, routed)          3.638    25.133    U4/addr_bus[29]
    SLICE_X33Y74         LUT5 (Prop_lut5_I1_O)        0.124    25.257 r  U4/Cpu_data4bus[31]_INST_0_i_1/O
                         net (fo=32, routed)          2.022    27.278    U4/Cpu_data4bus[31]_INST_0_i_1_n_0
    SLICE_X36Y76         LUT6 (Prop_lut6_I0_O)        0.124    27.402 r  U4/Cpu_data4bus[30]_INST_0/O
                         net (fo=2, routed)           0.717    28.119    U5/data6[30]
    SLICE_X37Y76         LUT6 (Prop_lut6_I1_O)        0.124    28.243 r  U5/Disp_num[30]_INST_0_i_2/O
                         net (fo=1, routed)           0.000    28.243    U5/Disp_num[30]_INST_0_i_2_n_0
    SLICE_X37Y76         MUXF7 (Prop_muxf7_I1_O)      0.217    28.460 r  U5/Disp_num[30]_INST_0/O
                         net (fo=1, routed)           0.677    29.137    U6/inst/U2/disp_num[30]
    SLICE_X36Y74         LUT6 (Prop_lut6_I0_O)        0.299    29.436 r  U6/inst/U2/XLXI_2_i_3/O
                         net (fo=1, routed)           0.000    29.436    U6/inst/U2/XLXI_2_i_3_n_0
    SLICE_X36Y74         MUXF7 (Prop_muxf7_I1_O)      0.245    29.681 r  U6/inst/U2/XLXI_2_i_1/O
                         net (fo=18, routed)          2.787    32.468    U6/inst/U2/hex[2]
    SLICE_X1Y77          LUT3 (Prop_lut3_I1_O)        0.298    32.766 r  U6/inst/U2/XLXI_30/O
                         net (fo=1, routed)           0.497    33.263    U6/inst/U2/XLXN_171
    SLICE_X0Y77          LUT3 (Prop_lut3_I1_O)        0.124    33.387 r  U6/inst/U2/XLXI_36/O
                         net (fo=1, routed)           0.161    33.548    U6/inst/U2/XLXN_212
    SLICE_X0Y77          LUT2 (Prop_lut2_I1_O)        0.124    33.672 r  U6/inst/U2/XLXI_51/O
                         net (fo=1, routed)           1.942    35.615    segment_OBUF[3]
    P15                  OBUF (Prop_obuf_I_O)         3.534    39.148 r  segment_OBUF[3]_inst/O
                         net (fo=0)                   0.000    39.148    segment[3]
    P15                                                               r  segment[3] (OUT)
  -------------------------------------------------------------------    -------------------

Slack:                    inf
  Source:                 U11/vga_controller/v_count_reg[5]/C
                            (rising edge-triggered cell FDRE)
  Destination:            Green[0]
                            (output port)
  Path Group:             (none)
  Path Type:              Max at Slow Process Corner
  Data Path Delay:        37.542ns  (logic 7.743ns (20.625%)  route 29.799ns (79.375%))
  Logic Levels:           23  (CARRY4=3 FDRE=1 LUT2=2 LUT4=2 LUT5=2 LUT6=9 MUXF7=1 MUXF8=1 OBUF=1 RAMD64E=1)

    Location             Delay type                Incr(ns)  Path(ns)    Netlist Resource(s)
  -------------------------------------------------------------------    -------------------
    SLICE_X29Y92         FDRE                         0.000     0.000 r  U11/vga_controller/v_count_reg[5]/C
    SLICE_X29Y92         FDRE (Prop_fdre_C_Q)         0.456     0.456 r  U11/vga_controller/v_count_reg[5]/Q
                         net (fo=9, routed)           1.034     1.490    U11/vga_controller/v_count_reg_n_1_[5]
    SLICE_X28Y93         LUT4 (Prop_lut4_I0_O)        0.124     1.614 f  U11/vga_controller/Blue_OBUF[3]_inst_i_20/O
                         net (fo=1, routed)           0.669     2.283    U11/vga_controller/Blue_OBUF[3]_inst_i_20_n_1
    SLICE_X28Y93         LUT6 (Prop_lut6_I4_O)        0.124     2.407 f  U11/vga_controller/Blue_OBUF[3]_inst_i_8/O
                         net (fo=2, routed)           0.951     3.358    U11/vga_controller/Blue_OBUF[3]_inst_i_8_n_1
    SLICE_X33Y92         LUT5 (Prop_lut5_I4_O)        0.124     3.482 r  U11/vga_controller/Blue_OBUF[3]_inst_i_2/O
                         net (fo=33, routed)          0.664     4.146    U11/vga_controller/h_count_reg[8]_0
    SLICE_X30Y93         LUT6 (Prop_lut6_I0_O)        0.124     4.270 r  U11/vga_controller/display_data_reg_0_63_0_2_i_17/O
                         net (fo=10, routed)          0.822     5.091    U11/vga_display/C__0[1]
    SLICE_X32Y92         LUT4 (Prop_lut4_I0_O)        0.124     5.215 r  U11/vga_display/display_data_reg_0_63_0_2_i_20/O
                         net (fo=1, routed)           0.000     5.215    U11/vga_controller/S[0]
    SLICE_X32Y92         CARRY4 (Prop_carry4_S[1]_O[1])
                                                      0.227     5.442 r  U11/vga_controller/display_data_reg_0_63_0_2_i_5/O[1]
                         net (fo=446, routed)         6.116    11.558    U11/vga_display/display_data_reg_2944_3007_0_2/ADDRC4
    SLICE_X56Y90         RAMD64E (Prop_ramd64e_RADR4_O)
                                                      0.303    11.861 r  U11/vga_display/display_data_reg_2944_3007_0_2/RAMC/O
                         net (fo=1, routed)           1.187    13.048    U11/vga_display/display_data_reg_2944_3007_0_2_n_3
    SLICE_X47Y88         LUT6 (Prop_lut6_I1_O)        0.124    13.172 r  U11/vga_display/text_ascii_carry_i_91/O
                         net (fo=1, routed)           0.000    13.172    U11/vga_display/text_ascii_carry_i_91_n_1
    SLICE_X47Y88         MUXF7 (Prop_muxf7_I1_O)      0.217    13.389 r  U11/vga_display/text_ascii_carry_i_45/O
                         net (fo=1, routed)           0.000    13.389    U11/vga_display/text_ascii_carry_i_45_n_1
    SLICE_X47Y88         MUXF8 (Prop_muxf8_I1_O)      0.094    13.483 r  U11/vga_display/text_ascii_carry_i_16/O
                         net (fo=1, routed)           1.037    14.520    U11/vga_display/text_ascii_carry_i_16_n_1
    SLICE_X39Y95         LUT6 (Prop_lut6_I1_O)        0.316    14.836 r  U11/vga_display/text_ascii_carry_i_2/O
                         net (fo=2, routed)           0.862    15.698    U11/vga_display/text_ascii0[2]
    SLICE_X39Y93         LUT2 (Prop_lut2_I0_O)        0.124    15.822 r  U11/vga_display/text_ascii_carry_i_6/O
                         net (fo=1, routed)           0.000    15.822    U11/vga_display/text_ascii_carry_i_6_n_1
    SLICE_X39Y93         CARRY4 (Prop_carry4_S[2]_O[2])
                                                      0.248    16.070 r  U11/vga_display/text_ascii_carry/O[2]
                         net (fo=2, routed)           0.978    17.049    U11/vga_display/font_addr0[2]
    SLICE_X37Y95         LUT2 (Prop_lut2_I0_O)        0.302    17.351 r  U11/vga_display/Blue_OBUF[3]_inst_i_107/O
                         net (fo=1, routed)           0.000    17.351    U11/vga_display/Blue_OBUF[3]_inst_i_107_n_1
    SLICE_X37Y95         CARRY4 (Prop_carry4_S[3]_O[3])
                                                      0.248    17.599 r  U11/vga_display/Blue_OBUF[3]_inst_i_38/O[3]
                         net (fo=395, routed)         5.563    23.162    U11/vga_display/O[3]
    SLICE_X32Y108        LUT6 (Prop_lut6_I0_O)        0.306    23.468 r  U11/vga_display/Blue_OBUF[3]_inst_i_255/O
                         net (fo=2, routed)           1.022    24.490    U11/vga_display/Blue_OBUF[3]_inst_i_255_n_1
    SLICE_X32Y107        LUT6 (Prop_lut6_I0_O)        0.124    24.614 r  U11/vga_display/Blue_OBUF[3]_inst_i_92/O
                         net (fo=1, routed)           0.456    25.070    U11/vga_display/Blue_OBUF[3]_inst_i_92_n_1
    SLICE_X38Y107        LUT6 (Prop_lut6_I5_O)        0.124    25.194 r  U11/vga_display/Blue_OBUF[3]_inst_i_32/O
                         net (fo=1, routed)           0.796    25.990    U11/vga_display/Blue_OBUF[3]_inst_i_32_n_1
    SLICE_X37Y104        LUT6 (Prop_lut6_I5_O)        0.124    26.114 r  U11/vga_display/Blue_OBUF[3]_inst_i_11/O
                         net (fo=1, routed)           0.805    26.919    U11/vga_display/font_data[2]
    SLICE_X40Y104        LUT5 (Prop_lut5_I4_O)        0.124    27.043 r  U11/vga_display/Blue_OBUF[3]_inst_i_3/O
                         net (fo=1, routed)           0.815    27.858    U11/vga_display/Blue_OBUF[3]_inst_i_3_n_1
    SLICE_X40Y102        LUT6 (Prop_lut6_I1_O)        0.124    27.982 r  U11/vga_display/Blue_OBUF[3]_inst_i_1/O
                         net (fo=12, routed)          6.021    34.004    Red_OBUF[0]
    C6                   OBUF (Prop_obuf_I_O)         3.538    37.542 r  Green_OBUF[0]_inst/O
                         net (fo=0)                   0.000    37.542    Green[0]
    C6                                                                r  Green[0] (OUT)
  -------------------------------------------------------------------    -------------------

Slack:                    inf
  Source:                 U11/vga_controller/v_count_reg[5]/C
                            (rising edge-triggered cell FDRE)
  Destination:            Red[2]
                            (output port)
  Path Group:             (none)
  Path Type:              Max at Slow Process Corner
  Data Path Delay:        37.398ns  (logic 7.740ns (20.697%)  route 29.658ns (79.303%))
  Logic Levels:           23  (CARRY4=3 FDRE=1 LUT2=2 LUT4=2 LUT5=2 LUT6=9 MUXF7=1 MUXF8=1 OBUF=1 RAMD64E=1)

    Location             Delay type                Incr(ns)  Path(ns)    Netlist Resource(s)
  -------------------------------------------------------------------    -------------------
    SLICE_X29Y92         FDRE                         0.000     0.000 r  U11/vga_controller/v_count_reg[5]/C
    SLICE_X29Y92         FDRE (Prop_fdre_C_Q)         0.456     0.456 r  U11/vga_controller/v_count_reg[5]/Q
                         net (fo=9, routed)           1.034     1.490    U11/vga_controller/v_count_reg_n_1_[5]
    SLICE_X28Y93         LUT4 (Prop_lut4_I0_O)        0.124     1.614 f  U11/vga_controller/Blue_OBUF[3]_inst_i_20/O
                         net (fo=1, routed)           0.669     2.283    U11/vga_controller/Blue_OBUF[3]_inst_i_20_n_1
    SLICE_X28Y93         LUT6 (Prop_lut6_I4_O)        0.124     2.407 f  U11/vga_controller/Blue_OBUF[3]_inst_i_8/O
                         net (fo=2, routed)           0.951     3.358    U11/vga_controller/Blue_OBUF[3]_inst_i_8_n_1
    SLICE_X33Y92         LUT5 (Prop_lut5_I4_O)        0.124     3.482 r  U11/vga_controller/Blue_OBUF[3]_inst_i_2/O
                         net (fo=33, routed)          0.664     4.146    U11/vga_controller/h_count_reg[8]_0
    SLICE_X30Y93         LUT6 (Prop_lut6_I0_O)        0.124     4.270 r  U11/vga_controller/display_data_reg_0_63_0_2_i_17/O
                         net (fo=10, routed)          0.822     5.091    U11/vga_display/C__0[1]
    SLICE_X32Y92         LUT4 (Prop_lut4_I0_O)        0.124     5.215 r  U11/vga_display/display_data_reg_0_63_0_2_i_20/O
                         net (fo=1, routed)           0.000     5.215    U11/vga_controller/S[0]
    SLICE_X32Y92         CARRY4 (Prop_carry4_S[1]_O[1])
                                                      0.227     5.442 r  U11/vga_controller/display_data_reg_0_63_0_2_i_5/O[1]
                         net (fo=446, routed)         6.116    11.558    U11/vga_display/display_data_reg_2944_3007_0_2/ADDRC4
    SLICE_X56Y90         RAMD64E (Prop_ramd64e_RADR4_O)
                                                      0.303    11.861 r  U11/vga_display/display_data_reg_2944_3007_0_2/RAMC/O
                         net (fo=1, routed)           1.187    13.048    U11/vga_display/display_data_reg_2944_3007_0_2_n_3
    SLICE_X47Y88         LUT6 (Prop_lut6_I1_O)        0.124    13.172 r  U11/vga_display/text_ascii_carry_i_91/O
                         net (fo=1, routed)           0.000    13.172    U11/vga_display/text_ascii_carry_i_91_n_1
    SLICE_X47Y88         MUXF7 (Prop_muxf7_I1_O)      0.217    13.389 r  U11/vga_display/text_ascii_carry_i_45/O
                         net (fo=1, routed)           0.000    13.389    U11/vga_display/text_ascii_carry_i_45_n_1
    SLICE_X47Y88         MUXF8 (Prop_muxf8_I1_O)      0.094    13.483 r  U11/vga_display/text_ascii_carry_i_16/O
                         net (fo=1, routed)           1.037    14.520    U11/vga_display/text_ascii_carry_i_16_n_1
    SLICE_X39Y95         LUT6 (Prop_lut6_I1_O)        0.316    14.836 r  U11/vga_display/text_ascii_carry_i_2/O
                         net (fo=2, routed)           0.862    15.698    U11/vga_display/text_ascii0[2]
    SLICE_X39Y93         LUT2 (Prop_lut2_I0_O)        0.124    15.822 r  U11/vga_display/text_ascii_carry_i_6/O
                         net (fo=1, routed)           0.000    15.822    U11/vga_display/text_ascii_carry_i_6_n_1
    SLICE_X39Y93         CARRY4 (Prop_carry4_S[2]_O[2])
                                                      0.248    16.070 r  U11/vga_display/text_ascii_carry/O[2]
                         net (fo=2, routed)           0.978    17.049    U11/vga_display/font_addr0[2]
    SLICE_X37Y95         LUT2 (Prop_lut2_I0_O)        0.302    17.351 r  U11/vga_display/Blue_OBUF[3]_inst_i_107/O
                         net (fo=1, routed)           0.000    17.351    U11/vga_display/Blue_OBUF[3]_inst_i_107_n_1
    SLICE_X37Y95         CARRY4 (Prop_carry4_S[3]_O[3])
                                                      0.248    17.599 r  U11/vga_display/Blue_OBUF[3]_inst_i_38/O[3]
                         net (fo=395, routed)         5.563    23.162    U11/vga_display/O[3]
    SLICE_X32Y108        LUT6 (Prop_lut6_I0_O)        0.306    23.468 r  U11/vga_display/Blue_OBUF[3]_inst_i_255/O
                         net (fo=2, routed)           1.022    24.490    U11/vga_display/Blue_OBUF[3]_inst_i_255_n_1
    SLICE_X32Y107        LUT6 (Prop_lut6_I0_O)        0.124    24.614 r  U11/vga_display/Blue_OBUF[3]_inst_i_92/O
                         net (fo=1, routed)           0.456    25.070    U11/vga_display/Blue_OBUF[3]_inst_i_92_n_1
    SLICE_X38Y107        LUT6 (Prop_lut6_I5_O)        0.124    25.194 r  U11/vga_display/Blue_OBUF[3]_inst_i_32/O
                         net (fo=1, routed)           0.796    25.990    U11/vga_display/Blue_OBUF[3]_inst_i_32_n_1
    SLICE_X37Y104        LUT6 (Prop_lut6_I5_O)        0.124    26.114 r  U11/vga_display/Blue_OBUF[3]_inst_i_11/O
                         net (fo=1, routed)           0.805    26.919    U11/vga_display/font_data[2]
    SLICE_X40Y104        LUT5 (Prop_lut5_I4_O)        0.124    27.043 r  U11/vga_display/Blue_OBUF[3]_inst_i_3/O
                         net (fo=1, routed)           0.815    27.858    U11/vga_display/Blue_OBUF[3]_inst_i_3_n_1
    SLICE_X40Y102        LUT6 (Prop_lut6_I1_O)        0.124    27.982 r  U11/vga_display/Blue_OBUF[3]_inst_i_1/O
                         net (fo=12, routed)          5.880    33.863    Red_OBUF[0]
    C5                   OBUF (Prop_obuf_I_O)         3.535    37.398 r  Red_OBUF[2]_inst/O
                         net (fo=0)                   0.000    37.398    Red[2]
    C5                                                                r  Red[2] (OUT)
  -------------------------------------------------------------------    -------------------

Slack:                    inf
  Source:                 U11/vga_controller/v_count_reg[5]/C
                            (rising edge-triggered cell FDRE)
  Destination:            Blue[0]
                            (output port)
  Path Group:             (none)
  Path Type:              Max at Slow Process Corner
  Data Path Delay:        37.259ns  (logic 7.752ns (20.806%)  route 29.507ns (79.194%))
  Logic Levels:           23  (CARRY4=3 FDRE=1 LUT2=2 LUT4=2 LUT5=2 LUT6=9 MUXF7=1 MUXF8=1 OBUF=1 RAMD64E=1)

    Location             Delay type                Incr(ns)  Path(ns)    Netlist Resource(s)
  -------------------------------------------------------------------    -------------------
    SLICE_X29Y92         FDRE                         0.000     0.000 r  U11/vga_controller/v_count_reg[5]/C
    SLICE_X29Y92         FDRE (Prop_fdre_C_Q)         0.456     0.456 r  U11/vga_controller/v_count_reg[5]/Q
                         net (fo=9, routed)           1.034     1.490    U11/vga_controller/v_count_reg_n_1_[5]
    SLICE_X28Y93         LUT4 (Prop_lut4_I0_O)        0.124     1.614 f  U11/vga_controller/Blue_OBUF[3]_inst_i_20/O
                         net (fo=1, routed)           0.669     2.283    U11/vga_controller/Blue_OBUF[3]_inst_i_20_n_1
    SLICE_X28Y93         LUT6 (Prop_lut6_I4_O)        0.124     2.407 f  U11/vga_controller/Blue_OBUF[3]_inst_i_8/O
                         net (fo=2, routed)           0.951     3.358    U11/vga_controller/Blue_OBUF[3]_inst_i_8_n_1
    SLICE_X33Y92         LUT5 (Prop_lut5_I4_O)        0.124     3.482 r  U11/vga_controller/Blue_OBUF[3]_inst_i_2/O
                         net (fo=33, routed)          0.664     4.146    U11/vga_controller/h_count_reg[8]_0
    SLICE_X30Y93         LUT6 (Prop_lut6_I0_O)        0.124     4.270 r  U11/vga_controller/display_data_reg_0_63_0_2_i_17/O
                         net (fo=10, routed)          0.822     5.091    U11/vga_display/C__0[1]
    SLICE_X32Y92         LUT4 (Prop_lut4_I0_O)        0.124     5.215 r  U11/vga_display/display_data_reg_0_63_0_2_i_20/O
                         net (fo=1, routed)           0.000     5.215    U11/vga_controller/S[0]
    SLICE_X32Y92         CARRY4 (Prop_carry4_S[1]_O[1])
                                                      0.227     5.442 r  U11/vga_controller/display_data_reg_0_63_0_2_i_5/O[1]
                         net (fo=446, routed)         6.116    11.558    U11/vga_display/display_data_reg_2944_3007_0_2/ADDRC4
    SLICE_X56Y90         RAMD64E (Prop_ramd64e_RADR4_O)
                                                      0.303    11.861 r  U11/vga_display/display_data_reg_2944_3007_0_2/RAMC/O
                         net (fo=1, routed)           1.187    13.048    U11/vga_display/display_data_reg_2944_3007_0_2_n_3
    SLICE_X47Y88         LUT6 (Prop_lut6_I1_O)        0.124    13.172 r  U11/vga_display/text_ascii_carry_i_91/O
                         net (fo=1, routed)           0.000    13.172    U11/vga_display/text_ascii_carry_i_91_n_1
    SLICE_X47Y88         MUXF7 (Prop_muxf7_I1_O)      0.217    13.389 r  U11/vga_display/text_ascii_carry_i_45/O
                         net (fo=1, routed)           0.000    13.389    U11/vga_display/text_ascii_carry_i_45_n_1
    SLICE_X47Y88         MUXF8 (Prop_muxf8_I1_O)      0.094    13.483 r  U11/vga_display/text_ascii_carry_i_16/O
                         net (fo=1, routed)           1.037    14.520    U11/vga_display/text_ascii_carry_i_16_n_1
    SLICE_X39Y95         LUT6 (Prop_lut6_I1_O)        0.316    14.836 r  U11/vga_display/text_ascii_carry_i_2/O
                         net (fo=2, routed)           0.862    15.698    U11/vga_display/text_ascii0[2]
    SLICE_X39Y93         LUT2 (Prop_lut2_I0_O)        0.124    15.822 r  U11/vga_display/text_ascii_carry_i_6/O
                         net (fo=1, routed)           0.000    15.822    U11/vga_display/text_ascii_carry_i_6_n_1
    SLICE_X39Y93         CARRY4 (Prop_carry4_S[2]_O[2])
                                                      0.248    16.070 r  U11/vga_display/text_ascii_carry/O[2]
                         net (fo=2, routed)           0.978    17.049    U11/vga_display/font_addr0[2]
    SLICE_X37Y95         LUT2 (Prop_lut2_I0_O)        0.302    17.351 r  U11/vga_display/Blue_OBUF[3]_inst_i_107/O
                         net (fo=1, routed)           0.000    17.351    U11/vga_display/Blue_OBUF[3]_inst_i_107_n_1
    SLICE_X37Y95         CARRY4 (Prop_carry4_S[3]_O[3])
                                                      0.248    17.599 r  U11/vga_display/Blue_OBUF[3]_inst_i_38/O[3]
                         net (fo=395, routed)         5.563    23.162    U11/vga_display/O[3]
    SLICE_X32Y108        LUT6 (Prop_lut6_I0_O)        0.306    23.468 r  U11/vga_display/Blue_OBUF[3]_inst_i_255/O
                         net (fo=2, routed)           1.022    24.490    U11/vga_display/Blue_OBUF[3]_inst_i_255_n_1
    SLICE_X32Y107        LUT6 (Prop_lut6_I0_O)        0.124    24.614 r  U11/vga_display/Blue_OBUF[3]_inst_i_92/O
                         net (fo=1, routed)           0.456    25.070    U11/vga_display/Blue_OBUF[3]_inst_i_92_n_1
    SLICE_X38Y107        LUT6 (Prop_lut6_I5_O)        0.124    25.194 r  U11/vga_display/Blue_OBUF[3]_inst_i_32/O
                         net (fo=1, routed)           0.796    25.990    U11/vga_display/Blue_OBUF[3]_inst_i_32_n_1
    SLICE_X37Y104        LUT6 (Prop_lut6_I5_O)        0.124    26.114 r  U11/vga_display/Blue_OBUF[3]_inst_i_11/O
                         net (fo=1, routed)           0.805    26.919    U11/vga_display/font_data[2]
    SLICE_X40Y104        LUT5 (Prop_lut5_I4_O)        0.124    27.043 r  U11/vga_display/Blue_OBUF[3]_inst_i_3/O
                         net (fo=1, routed)           0.815    27.858    U11/vga_display/Blue_OBUF[3]_inst_i_3_n_1
    SLICE_X40Y102        LUT6 (Prop_lut6_I1_O)        0.124    27.982 r  U11/vga_display/Blue_OBUF[3]_inst_i_1/O
                         net (fo=12, routed)          5.729    33.712    Red_OBUF[0]
    B7                   OBUF (Prop_obuf_I_O)         3.547    37.259 r  Blue_OBUF[0]_inst/O
                         net (fo=0)                   0.000    37.259    Blue[0]
    B7                                                                r  Blue[0] (OUT)
  -------------------------------------------------------------------    -------------------





Min Delay Paths
--------------------------------------------------------------------------------------
Slack:                    inf
  Source:                 U1/U2/RV_int/MEPC_reg[12]/C
                            (rising edge-triggered cell FDCE)
  Destination:            U1/U2/PC/Q_reg[12]/D
  Path Group:             (none)
  Path Type:              Min at Fast Process Corner
  Data Path Delay:        0.249ns  (logic 0.186ns (74.661%)  route 0.063ns (25.339%))
  Logic Levels:           2  (FDCE=1 LUT6=1)

    Location             Delay type                Incr(ns)  Path(ns)    Netlist Resource(s)
  -------------------------------------------------------------------    -------------------
    SLICE_X40Y77         FDCE                         0.000     0.000 r  U1/U2/RV_int/MEPC_reg[12]/C
    SLICE_X40Y77         FDCE (Prop_fdce_C_Q)         0.141     0.141 r  U1/U2/RV_int/MEPC_reg[12]/Q
                         net (fo=2, routed)           0.063     0.204    U1/U2/add_32_0/mepc[3]
    SLICE_X41Y77         LUT6 (Prop_lut6_I5_O)        0.045     0.249 r  U1/U2/add_32_0/Q[12]_i_1/O
                         net (fo=1, routed)           0.000     0.249    U1/U2/PC/D[12]
    SLICE_X41Y77         FDCE                                         r  U1/U2/PC/Q_reg[12]/D
  -------------------------------------------------------------------    -------------------

Slack:                    inf
  Source:                 U1/U2/RV_int/MEPC_reg[24]/C
                            (rising edge-triggered cell FDCE)
  Destination:            U1/U2/PC/Q_reg[24]/D
  Path Group:             (none)
  Path Type:              Min at Fast Process Corner
  Data Path Delay:        0.256ns  (logic 0.186ns (72.746%)  route 0.070ns (27.254%))
  Logic Levels:           2  (FDCE=1 LUT6=1)

    Location             Delay type                Incr(ns)  Path(ns)    Netlist Resource(s)
  -------------------------------------------------------------------    -------------------
    SLICE_X41Y78         FDCE                         0.000     0.000 r  U1/U2/RV_int/MEPC_reg[24]/C
    SLICE_X41Y78         FDCE (Prop_fdce_C_Q)         0.141     0.141 r  U1/U2/RV_int/MEPC_reg[24]/Q
                         net (fo=2, routed)           0.070     0.211    U1/U2/add_32_0/mepc[7]
    SLICE_X40Y78         LUT6 (Prop_lut6_I5_O)        0.045     0.256 r  U1/U2/add_32_0/Q[24]_i_1/O
                         net (fo=1, routed)           0.000     0.256    U1/U2/PC/D[24]
    SLICE_X40Y78         FDCE                                         r  U1/U2/PC/Q_reg[24]/D
  -------------------------------------------------------------------    -------------------

Slack:                    inf
  Source:                 U10/counter0_Lock_reg[14]/C
                            (rising edge-triggered cell FDCE)
  Destination:            U10/counter0_reg[13]/D
  Path Group:             (none)
  Path Type:              Min at Fast Process Corner
  Data Path Delay:        0.256ns  (logic 0.191ns (74.549%)  route 0.065ns (25.451%))
  Logic Levels:           2  (FDCE=1 LUT6=1)

    Location             Delay type                Incr(ns)  Path(ns)    Netlist Resource(s)
  -------------------------------------------------------------------    -------------------
    SLICE_X35Y75         FDCE                         0.000     0.000 r  U10/counter0_Lock_reg[14]/C
    SLICE_X35Y75         FDCE (Prop_fdce_C_Q)         0.146     0.146 r  U10/counter0_Lock_reg[14]/Q
                         net (fo=2, routed)           0.065     0.211    U10/counter0_Lock_reg_n_0_[14]
    SLICE_X34Y75         LUT6 (Prop_lut6_I3_O)        0.045     0.256 r  U10/counter0[13]_i_1/O
                         net (fo=1, routed)           0.000     0.256    U10/counter0[13]_i_1_n_0
    SLICE_X34Y75         FDCE                                         r  U10/counter0_reg[13]/D
  -------------------------------------------------------------------    -------------------

Slack:                    inf
  Source:                 U10/counter1_Lock_reg[12]/C
                            (rising edge-triggered cell FDCE)
  Destination:            U10/counter1_reg[11]/D
  Path Group:             (none)
  Path Type:              Min at Fast Process Corner
  Data Path Delay:        0.260ns  (logic 0.191ns (73.578%)  route 0.069ns (26.422%))
  Logic Levels:           2  (FDCE=1 LUT6=1)

    Location             Delay type                Incr(ns)  Path(ns)    Netlist Resource(s)
  -------------------------------------------------------------------    -------------------
    SLICE_X29Y75         FDCE                         0.000     0.000 r  U10/counter1_Lock_reg[12]/C
    SLICE_X29Y75         FDCE (Prop_fdce_C_Q)         0.146     0.146 r  U10/counter1_Lock_reg[12]/Q
                         net (fo=2, routed)           0.069     0.215    U10/counter1_Lock_reg_n_0_[12]
    SLICE_X28Y75         LUT6 (Prop_lut6_I4_O)        0.045     0.260 r  U10/counter1[11]_i_1/O
                         net (fo=1, routed)           0.000     0.260    U10/p_1_in[11]
    SLICE_X28Y75         FDCE                                         r  U10/counter1_reg[11]/D
  -------------------------------------------------------------------    -------------------

Slack:                    inf
  Source:                 U10/counter1_Lock_reg[16]/C
                            (rising edge-triggered cell FDCE)
  Destination:            U10/counter1_reg[15]/D
  Path Group:             (none)
  Path Type:              Min at Fast Process Corner
  Data Path Delay:        0.260ns  (logic 0.191ns (73.578%)  route 0.069ns (26.422%))
  Logic Levels:           2  (FDCE=1 LUT6=1)

    Location             Delay type                Incr(ns)  Path(ns)    Netlist Resource(s)
  -------------------------------------------------------------------    -------------------
    SLICE_X29Y76         FDCE                         0.000     0.000 r  U10/counter1_Lock_reg[16]/C
    SLICE_X29Y76         FDCE (Prop_fdce_C_Q)         0.146     0.146 r  U10/counter1_Lock_reg[16]/Q
                         net (fo=2, routed)           0.069     0.215    U10/counter1_Lock_reg_n_0_[16]
    SLICE_X28Y76         LUT6 (Prop_lut6_I4_O)        0.045     0.260 r  U10/counter1[15]_i_1/O
                         net (fo=1, routed)           0.000     0.260    U10/p_1_in[15]
    SLICE_X28Y76         FDCE                                         r  U10/counter1_reg[15]/D
  -------------------------------------------------------------------    -------------------

Slack:                    inf
  Source:                 U10/counter1_Lock_reg[3]/C
                            (rising edge-triggered cell FDCE)
  Destination:            U10/counter1_reg[2]/D
  Path Group:             (none)
  Path Type:              Min at Fast Process Corner
  Data Path Delay:        0.260ns  (logic 0.191ns (73.578%)  route 0.069ns (26.422%))
  Logic Levels:           2  (FDCE=1 LUT6=1)

    Location             Delay type                Incr(ns)  Path(ns)    Netlist Resource(s)
  -------------------------------------------------------------------    -------------------
    SLICE_X29Y73         FDCE                         0.000     0.000 r  U10/counter1_Lock_reg[3]/C
    SLICE_X29Y73         FDCE (Prop_fdce_C_Q)         0.146     0.146 r  U10/counter1_Lock_reg[3]/Q
                         net (fo=2, routed)           0.069     0.215    U10/counter1_Lock_reg_n_0_[3]
    SLICE_X28Y73         LUT6 (Prop_lut6_I4_O)        0.045     0.260 r  U10/counter1[2]_i_1/O
                         net (fo=1, routed)           0.000     0.260    U10/p_1_in[2]
    SLICE_X28Y73         FDCE                                         r  U10/counter1_reg[2]/D
  -------------------------------------------------------------------    -------------------

Slack:                    inf
  Source:                 U10/counter1_Lock_reg[7]/C
                            (rising edge-triggered cell FDCE)
  Destination:            U10/counter1_reg[6]/D
  Path Group:             (none)
  Path Type:              Min at Fast Process Corner
  Data Path Delay:        0.260ns  (logic 0.191ns (73.578%)  route 0.069ns (26.422%))
  Logic Levels:           2  (FDCE=1 LUT6=1)

    Location             Delay type                Incr(ns)  Path(ns)    Netlist Resource(s)
  -------------------------------------------------------------------    -------------------
    SLICE_X29Y74         FDCE                         0.000     0.000 r  U10/counter1_Lock_reg[7]/C
    SLICE_X29Y74         FDCE (Prop_fdce_C_Q)         0.146     0.146 r  U10/counter1_Lock_reg[7]/Q
                         net (fo=2, routed)           0.069     0.215    U10/counter1_Lock_reg_n_0_[7]
    SLICE_X28Y74         LUT6 (Prop_lut6_I4_O)        0.045     0.260 r  U10/counter1[6]_i_1/O
                         net (fo=1, routed)           0.000     0.260    U10/p_1_in[6]
    SLICE_X28Y74         FDCE                                         r  U10/counter1_reg[6]/D
  -------------------------------------------------------------------    -------------------

Slack:                    inf
  Source:                 U10/counter2_Lock_reg[26]/C
                            (rising edge-triggered cell FDCE)
  Destination:            U10/counter2_reg[26]/D
  Path Group:             (none)
  Path Type:              Min at Fast Process Corner
  Data Path Delay:        0.260ns  (logic 0.191ns (73.578%)  route 0.069ns (26.422%))
  Logic Levels:           2  (FDCE=1 LUT6=1)

    Location             Delay type                Incr(ns)  Path(ns)    Netlist Resource(s)
  -------------------------------------------------------------------    -------------------
    SLICE_X33Y80         FDCE                         0.000     0.000 r  U10/counter2_Lock_reg[26]/C
    SLICE_X33Y80         FDCE (Prop_fdce_C_Q)         0.146     0.146 r  U10/counter2_Lock_reg[26]/Q
                         net (fo=2, routed)           0.069     0.215    U10/counter2_Lock_reg_n_0_[26]
    SLICE_X32Y80         LUT6 (Prop_lut6_I3_O)        0.045     0.260 r  U10/counter2[26]_i_1/O
                         net (fo=1, routed)           0.000     0.260    U10/counter2[26]_i_1_n_0
    SLICE_X32Y80         FDCE                                         r  U10/counter2_reg[26]/D
  -------------------------------------------------------------------    -------------------

Slack:                    inf
  Source:                 U10/counter2_Lock_reg[26]/C
                            (rising edge-triggered cell FDCE)
  Destination:            U10/counter2_reg[25]/D
  Path Group:             (none)
  Path Type:              Min at Fast Process Corner
  Data Path Delay:        0.261ns  (logic 0.191ns (73.296%)  route 0.070ns (26.704%))
  Logic Levels:           2  (FDCE=1 LUT6=1)

    Location             Delay type                Incr(ns)  Path(ns)    Netlist Resource(s)
  -------------------------------------------------------------------    -------------------
    SLICE_X33Y80         FDCE                         0.000     0.000 r  U10/counter2_Lock_reg[26]/C
    SLICE_X33Y80         FDCE (Prop_fdce_C_Q)         0.146     0.146 r  U10/counter2_Lock_reg[26]/Q
                         net (fo=2, routed)           0.070     0.216    U10/counter2_Lock_reg_n_0_[26]
    SLICE_X32Y80         LUT6 (Prop_lut6_I4_O)        0.045     0.261 r  U10/counter2[25]_i_1/O
                         net (fo=1, routed)           0.000     0.261    U10/counter2[25]_i_1_n_0
    SLICE_X32Y80         FDCE                                         r  U10/counter2_reg[25]/D
  -------------------------------------------------------------------    -------------------

Slack:                    inf
  Source:                 U11/vga_debugger/display_addr_reg[5]_rep/C
                            (rising edge-triggered cell FDRE)
  Destination:            U11/vga_display/display_data_reg_3776_3839_0_2/RAMA/WADR5
  Path Group:             (none)
  Path Type:              Min at Fast Process Corner
  Data Path Delay:        0.281ns  (logic 0.141ns (50.242%)  route 0.140ns (49.758%))
  Logic Levels:           1  (FDRE=1)

    Location             Delay type                Incr(ns)  Path(ns)    Netlist Resource(s)
  -------------------------------------------------------------------    -------------------
    SLICE_X36Y84         FDRE                         0.000     0.000 r  U11/vga_debugger/display_addr_reg[5]_rep/C
    SLICE_X36Y84         FDRE (Prop_fdre_C_Q)         0.141     0.141 r  U11/vga_debugger/display_addr_reg[5]_rep/Q
                         net (fo=320, routed)         0.140     0.281    U11/vga_display/display_data_reg_3776_3839_0_2/ADDRD5
    SLICE_X34Y83         RAMD64E                                      r  U11/vga_display/display_data_reg_3776_3839_0_2/RAMA/WADR5
  -------------------------------------------------------------------    -------------------





