Copyright 1986-2022 Xilinx, Inc. All Rights Reserved. Copyright 2022-2023 Advanced Micro Devices, Inc. All Rights Reserved.
---------------------------------------------------------------------------------------------------------------------------------------------
| Tool Version : Vivado v.2023.2 (win64) Build 4029153 Fri Oct 13 20:14:34 MDT 2023
| Date         : Wed Nov 27 16:04:51 2024
| Host         : TomChang running 64-bit major release  (build 9200)
| Command      : report_control_sets -verbose -file CSSTE_control_sets_placed.rpt
| Design       : CSSTE
| Device       : xc7a100t
---------------------------------------------------------------------------------------------------------------------------------------------

Control Set Information

Table of Contents
-----------------
1. Summary
2. Histogram
3. Flip-Flop Distribution
4. Detailed Control Set Information

1. Summary
----------

+----------------------------------------------------------+-------+
|                          Status                          | Count |
+----------------------------------------------------------+-------+
| Total control sets                                       |   122 |
|    Minimum number of control sets                        |   122 |
|    Addition due to synthesis replication                 |     0 |
|    Addition due to physical synthesis replication        |     0 |
| Unused register locations in slices containing registers |    89 |
+----------------------------------------------------------+-------+
* Control sets can be merged at opt_design using control_set_merge or merge_equivalent_drivers
** Run report_qor_suggestions for automated merging and remapping suggestions


2. Histogram
------------

+--------------------+-------+
|       Fanout       | Count |
+--------------------+-------+
| Total control sets |   122 |
| >= 0 to < 4        |     8 |
| >= 4 to < 6        |     0 |
| >= 6 to < 8        |     1 |
| >= 8 to < 10       |     2 |
| >= 10 to < 12      |    64 |
| >= 12 to < 14      |     1 |
| >= 14 to < 16      |     0 |
| >= 16              |    46 |
+--------------------+-------+
* Control sets can be remapped at either synth_design or opt_design


3. Flip-Flop Distribution
-------------------------

+--------------+-----------------------+------------------------+-----------------+--------------+
| Clock Enable | Synchronous Set/Reset | Asynchronous Set/Reset | Total Registers | Total Slices |
+--------------+-----------------------+------------------------+-----------------+--------------+
| No           | No                    | No                     |              67 |           30 |
| No           | No                    | Yes                    |              99 |           43 |
| No           | Yes                   | No                     |              31 |           14 |
| Yes          | No                    | No                     |              64 |           39 |
| Yes          | No                    | Yes                    |            1224 |          582 |
| Yes          | Yes                   | No                     |              42 |           12 |
+--------------+-----------------------+------------------------+-----------------+--------------+


4. Detailed Control Set Information
-----------------------------------

+------------------------------+------------------------------------------+-------------------------------------------+------------------+----------------+--------------+
|         Clock Signal         |               Enable Signal              |              Set/Reset Signal             | Slice Load Count | Bel Load Count | Bels / Slice |
+------------------------------+------------------------------------------+-------------------------------------------+------------------+----------------+--------------+
|  U8/clkdiv_BUFG[9]           |                                          |                                           |                1 |              1 |         1.00 |
|  U8/clkdiv_BUFG[9]           |                                          | U9/rst                                    |                1 |              1 |         1.00 |
|  U8/clkdiv_BUFG[11]          |                                          | U9/rst                                    |                1 |              1 |         1.00 |
|  U8/clkdiv_BUFG[6]           |                                          |                                           |                1 |              1 |         1.00 |
|  U8/clkdiv_BUFG[11]          |                                          |                                           |                1 |              1 |         1.00 |
|  U8/clkdiv_BUFG[1]           |                                          | U9/rst                                    |                2 |              2 |         1.00 |
|  U8/clkdiv_BUFG[6]           |                                          | U9/rst                                    |                1 |              2 |         2.00 |
| ~U8/Clk_CPU_BUFG             |                                          |                                           |                1 |              3 |         3.00 |
| ~U8/Clk_CPU_BUFG             | U10/counter_Ctrl                         | U9/rst                                    |                3 |              6 |         2.00 |
|  clk_100mhz_IBUF_BUFG        | U11/vga_debugger/display_addr_reg[8]_4   |                                           |                2 |              8 |         4.00 |
|  clk_100mhz_IBUF_BUFG        | U11/vga_debugger/display_addr_reg[9]_3   |                                           |                2 |              8 |         4.00 |
|  clk_100mhz_IBUF_BUFG        | U11/vga_debugger/display_addr_reg[9]_2   |                                           |                3 |             10 |         3.33 |
|  clk_100mhz_IBUF_BUFG        | U11/vga_debugger/display_addr_reg[8]_7   |                                           |                3 |             10 |         3.33 |
|  clk_100mhz_IBUF_BUFG        | U11/vga_debugger/display_addr_reg[10]_8  |                                           |                3 |             10 |         3.33 |
|  clk_100mhz_IBUF_BUFG        | U11/vga_debugger/display_addr_reg[11]_5  |                                           |                3 |             10 |         3.33 |
|  clk_100mhz_IBUF_BUFG        | U11/vga_debugger/display_addr_reg[6]_3   |                                           |                3 |             10 |         3.33 |
|  clk_100mhz_IBUF_BUFG        | U11/vga_debugger/display_addr_reg[8]_3   |                                           |                3 |             10 |         3.33 |
|  clk_100mhz_IBUF_BUFG        | U11/vga_debugger/display_addr_reg[7]_2   |                                           |                3 |             10 |         3.33 |
|  clk_100mhz_IBUF_BUFG        | U11/vga_debugger/display_addr_reg[7]_3   |                                           |                3 |             10 |         3.33 |
|  clk_100mhz_IBUF_BUFG        | U11/vga_debugger/display_addr_reg[10]_14 |                                           |                3 |             10 |         3.33 |
|  clk_100mhz_IBUF_BUFG        | U11/vga_debugger/display_addr_reg[7]_4   |                                           |                3 |             10 |         3.33 |
|  clk_100mhz_IBUF_BUFG        | U11/vga_debugger/display_addr_reg[11]_8  |                                           |                3 |             10 |         3.33 |
|  clk_100mhz_IBUF_BUFG        | U11/vga_debugger/display_addr_reg[10]_4  |                                           |                3 |             10 |         3.33 |
|  clk_100mhz_IBUF_BUFG        | U11/vga_debugger/display_addr_reg[6]_4   |                                           |                3 |             10 |         3.33 |
|  clk_100mhz_IBUF_BUFG        | U11/vga_debugger/display_addr_reg[10]_6  |                                           |                3 |             10 |         3.33 |
|  clk_100mhz_IBUF_BUFG        | U11/vga_debugger/display_addr_reg[8]_5   |                                           |                3 |             10 |         3.33 |
|  clk_100mhz_IBUF_BUFG        | U11/vga_debugger/display_addr_reg[10]_10 |                                           |                3 |             10 |         3.33 |
|  clk_100mhz_IBUF_BUFG        | U11/vga_debugger/display_addr_reg[11]_2  |                                           |                3 |             10 |         3.33 |
|  clk_100mhz_IBUF_BUFG        | U11/vga_debugger/display_addr_reg[6]_1   |                                           |                3 |             10 |         3.33 |
|  clk_100mhz_IBUF_BUFG        | U11/vga_debugger/display_addr_reg[7]_0   |                                           |                3 |             10 |         3.33 |
|  clk_100mhz_IBUF_BUFG        | U11/vga_debugger/display_addr_reg[11]_1  |                                           |                3 |             10 |         3.33 |
|  clk_100mhz_IBUF_BUFG        | U11/vga_debugger/display_addr_reg[11]_6  |                                           |                3 |             10 |         3.33 |
|  clk_100mhz_IBUF_BUFG        | U11/vga_debugger/display_addr_reg[11]_0  |                                           |                3 |             10 |         3.33 |
|  clk_100mhz_IBUF_BUFG        | U11/vga_debugger/display_addr_reg[11]_9  |                                           |                3 |             10 |         3.33 |
|  clk_100mhz_IBUF_BUFG        | U11/vga_debugger/display_addr_reg[8]_0   |                                           |                3 |             10 |         3.33 |
|  clk_100mhz_IBUF_BUFG        | U11/vga_debugger/display_addr_reg[6]_0   |                                           |                3 |             10 |         3.33 |
|  clk_100mhz_IBUF_BUFG        | U11/vga_debugger/display_addr_reg[8]_1   |                                           |                3 |             10 |         3.33 |
|  clk_100mhz_IBUF_BUFG        | U11/vga_debugger/display_addr_reg[10]_11 |                                           |                3 |             10 |         3.33 |
|  clk_100mhz_IBUF_BUFG        | U11/vga_debugger/display_addr_reg[11]_11 |                                           |                3 |             10 |         3.33 |
|  clk_100mhz_IBUF_BUFG        | U11/vga_debugger/display_addr_reg[11]_3  |                                           |                3 |             10 |         3.33 |
|  clk_100mhz_IBUF_BUFG        | U11/vga_debugger/display_addr_reg[10]_12 |                                           |                3 |             10 |         3.33 |
|  clk_100mhz_IBUF_BUFG        | U11/vga_debugger/display_addr_reg[11]_4  |                                           |                3 |             10 |         3.33 |
|  clk_100mhz_IBUF_BUFG        | U11/vga_debugger/display_addr_reg[10]_13 |                                           |                3 |             10 |         3.33 |
|  clk_100mhz_IBUF_BUFG        | U11/vga_debugger/display_addr_reg[10]_15 |                                           |                3 |             10 |         3.33 |
|  clk_100mhz_IBUF_BUFG        | U11/vga_debugger/display_addr_reg[11]_10 |                                           |                3 |             10 |         3.33 |
|  clk_100mhz_IBUF_BUFG        | U11/vga_debugger/display_addr_reg[10]_1  |                                           |                3 |             10 |         3.33 |
|  clk_100mhz_IBUF_BUFG        | U11/vga_debugger/display_addr_reg[11]_7  |                                           |                3 |             10 |         3.33 |
|  clk_100mhz_IBUF_BUFG        | U11/vga_debugger/display_addr_reg[7]_5   |                                           |                3 |             10 |         3.33 |
|  clk_100mhz_IBUF_BUFG        | U11/vga_debugger/display_addr_reg[10]_2  |                                           |                3 |             10 |         3.33 |
|  clk_100mhz_IBUF_BUFG        | U11/vga_debugger/display_addr_reg[6]_2   |                                           |                3 |             10 |         3.33 |
|  clk_100mhz_IBUF_BUFG        | U11/vga_debugger/display_addr_reg[10]_7  |                                           |                3 |             10 |         3.33 |
|  clk_100mhz_IBUF_BUFG        | U11/vga_debugger/display_addr_reg[10]_5  |                                           |                3 |             10 |         3.33 |
|  clk_100mhz_IBUF_BUFG        | U11/vga_debugger/display_addr_reg[10]_9  |                                           |                3 |             10 |         3.33 |
|  clk_100mhz_IBUF_BUFG        | U11/vga_debugger/display_addr_reg[7]_7   |                                           |                3 |             10 |         3.33 |
|  clk_100mhz_IBUF_BUFG        | U11/vga_debugger/display_addr_reg[8]_10  |                                           |                3 |             10 |         3.33 |
|  clk_100mhz_IBUF_BUFG        | U11/vga_debugger/display_addr_reg[10]_3  |                                           |                3 |             10 |         3.33 |
|  clk_100mhz_IBUF_BUFG        | U11/vga_debugger/display_addr_reg[7]_1   |                                           |                3 |             10 |         3.33 |
|  clk_100mhz_IBUF_BUFG        | U11/vga_debugger/display_addr_reg[8]_11  |                                           |                3 |             10 |         3.33 |
|  clk_100mhz_IBUF_BUFG        | U11/vga_debugger/display_addr_reg[8]_12  |                                           |                3 |             10 |         3.33 |
|  clk_100mhz_IBUF_BUFG        | U11/vga_debugger/display_addr_reg[8]_2   |                                           |                3 |             10 |         3.33 |
|  U8/clkdiv_BUFG[1]           |                                          | U11/vga_controller/h_count[9]_i_1_n_1     |                4 |             10 |         2.50 |
|  clk_100mhz_IBUF_BUFG        | U11/vga_debugger/display_addr_reg[9]_4   |                                           |                3 |             10 |         3.33 |
|  U8/clkdiv_BUFG[1]           | U11/vga_controller/v_count               | U9/rst                                    |                4 |             10 |         2.50 |
|  clk_100mhz_IBUF_BUFG        | U11/vga_debugger/display_addr_reg[9]_10  |                                           |                3 |             10 |         3.33 |
|  clk_100mhz_IBUF_BUFG        | U11/vga_debugger/display_addr_reg[9]_6   |                                           |                3 |             10 |         3.33 |
|  clk_100mhz_IBUF_BUFG        | U11/vga_debugger/display_addr_reg[7]_6   |                                           |                3 |             10 |         3.33 |
|  clk_100mhz_IBUF_BUFG        | U11/vga_debugger/display_addr_reg[9]_9   |                                           |                3 |             10 |         3.33 |
|  clk_100mhz_IBUF_BUFG        | U11/vga_debugger/display_addr_reg[9]_5   |                                           |                3 |             10 |         3.33 |
|  clk_100mhz_IBUF_BUFG        | U11/vga_debugger/display_addr_reg[8]_6   |                                           |                3 |             10 |         3.33 |
|  clk_100mhz_IBUF_BUFG        | U11/vga_debugger/display_addr_reg[9]_12  |                                           |                3 |             10 |         3.33 |
|  clk_100mhz_IBUF_BUFG        | U11/vga_debugger/display_addr_reg[9]_11  |                                           |                3 |             10 |         3.33 |
|  clk_100mhz_IBUF_BUFG        | U11/vga_debugger/display_addr_reg[8]_8   |                                           |                3 |             10 |         3.33 |
|  clk_100mhz_IBUF_BUFG        | U11/vga_debugger/display_addr_reg[8]_9   |                                           |                3 |             10 |         3.33 |
|  clk_100mhz_IBUF_BUFG        | U11/vga_debugger/display_addr_reg[9]_7   |                                           |                3 |             10 |         3.33 |
|  clk_100mhz_IBUF_BUFG        | U11/vga_debugger/display_addr_reg[9]_8   |                                           |                3 |             10 |         3.33 |
|  U1/U1/ImmSel_reg[1]_i_2_n_1 |                                          |                                           |                5 |             13 |         2.60 |
|  clk_100mhz_IBUF_BUFG        |                                          |                                           |                3 |             16 |         5.33 |
|  clk_100mhz_IBUF_BUFG        | U9/u1/sw[15]_i_1_n_0                     |                                           |                8 |             16 |         2.00 |
|  clk_100mhz_IBUF_BUFG        |                                          | U11/vga_debugger/display_addr[11]_i_1_n_1 |                8 |             19 |         2.38 |
|  clk_100mhz_IBUF_BUFG        |                                          | U9/rst                                    |                8 |             32 |         4.00 |
|  U8/clkdiv_BUFG[6]           | U10/counter0[31]                         | U9/rst                                    |                8 |             32 |         4.00 |
|  clk_100mhz_IBUF_BUFG        | U9/u1/sw_counter[0]_i_1_n_0              | U9/u1/sw_counter0_carry__0_n_2            |                8 |             32 |         4.00 |
|  U8/Clk_CPU_BUFG             | U1/U1/Q_reg[10]_1[0]                     | U9/rst                                    |               16 |             32 |         2.00 |
|  n_0_3601_BUFG               |                                          |                                           |               18 |             32 |         1.78 |
| ~U8/Clk_CPU_BUFG             | U10/counter2_Lock                        | U9/rst                                    |                9 |             32 |         3.56 |
|  U8/Clk_CPU_BUFG             | U1/U1/Q_reg[10]_23[0]                    | U9/rst                                    |               19 |             32 |         1.68 |
|  U8/Clk_CPU_BUFG             | U1/U1/Q_reg[10]_22[0]                    | U9/rst                                    |               15 |             32 |         2.13 |
|  U8/Clk_CPU_BUFG             | U1/U1/Q_reg[10]_0[0]                     | U9/rst                                    |               19 |             32 |         1.68 |
|  U8/Clk_CPU_BUFG             | U1/U1/E[0]                               | U9/rst                                    |               18 |             32 |         1.78 |
|  U8/Clk_CPU_BUFG             | U1/U1/Q_reg[10]_13[0]                    | U9/rst                                    |               18 |             32 |         1.78 |
|  U8/Clk_CPU_BUFG             | U1/U1/Q_reg[10]_14[0]                    | U9/rst                                    |               15 |             32 |         2.13 |
|  U8/Clk_CPU_BUFG             | U1/U1/Q_reg[10]_24[0]                    | U9/rst                                    |               13 |             32 |         2.46 |
|  U8/Clk_CPU_BUFG             | U1/U1/Q_reg[10]_28[0]                    | U9/rst                                    |               14 |             32 |         2.29 |
|  U8/Clk_CPU_BUFG             | U1/U1/Q_reg[10]_29[0]                    | U9/rst                                    |               19 |             32 |         1.68 |
|  U8/Clk_CPU_BUFG             | U1/U1/Q_reg[10]_19[0]                    | U9/rst                                    |               16 |             32 |         2.00 |
|  U8/Clk_CPU_BUFG             | U1/U1/Q_reg[10]_30[0]                    | U9/rst                                    |               16 |             32 |         2.00 |
|  U8/Clk_CPU_BUFG             | U1/U1/Q_reg[10]_12[0]                    | U9/rst                                    |               16 |             32 |         2.00 |
|  U8/Clk_CPU_BUFG             | U1/U1/Q_reg[10]_10[0]                    | U9/rst                                    |               14 |             32 |         2.29 |
|  U8/Clk_CPU_BUFG             | U1/U1/Q_reg[10]_15[0]                    | U9/rst                                    |               15 |             32 |         2.13 |
|  U8/Clk_CPU_BUFG             | U1/U1/Q_reg[10]_17[0]                    | U9/rst                                    |               18 |             32 |         1.78 |
|  U8/Clk_CPU_BUFG             | U1/U1/Q_reg[10]_20[0]                    | U9/rst                                    |               14 |             32 |         2.29 |
|  U8/Clk_CPU_BUFG             | U1/U1/Q_reg[10]_21[0]                    | U9/rst                                    |               15 |             32 |         2.13 |
|  U8/Clk_CPU_BUFG             | U1/U1/Q_reg[10]_32[0]                    | U9/rst                                    |               16 |             32 |         2.00 |
|  U8/Clk_CPU_BUFG             | U1/U1/Q_reg[10]_33[0]                    | U9/rst                                    |               25 |             32 |         1.28 |
|  U8/Clk_CPU_BUFG             | U1/U1/Q_reg[10]_16[0]                    | U9/rst                                    |               14 |             32 |         2.29 |
|  U8/Clk_CPU_BUFG             | U1/U1/Q_reg[10]_26[0]                    | U9/rst                                    |               15 |             32 |         2.13 |
|  U8/Clk_CPU_BUFG             | U1/U1/Q_reg[10]_25[0]                    | U9/rst                                    |               19 |             32 |         1.68 |
|  U8/Clk_CPU_BUFG             | U1/U1/Q_reg[10]_27[0]                    | U9/rst                                    |               17 |             32 |         1.88 |
|  U8/Clk_CPU_BUFG             | U1/U1/Q_reg[10]_31[0]                    | U9/rst                                    |               13 |             32 |         2.46 |
|  U8/Clk_CPU_BUFG             | U1/U1/Q_reg[10]_18[0]                    | U9/rst                                    |               16 |             32 |         2.00 |
|  U8/Clk_CPU_BUFG             | U1/U1/Q_reg[10]_11[0]                    | U9/rst                                    |               14 |             32 |         2.29 |
|  U8/Clk_CPU_BUFG             | U1/U1/Q_reg[10]_9[0]                     | U9/rst                                    |               12 |             32 |         2.67 |
|  U8/Clk_CPU_BUFG             | U1/U1/Q_reg[10]_8[0]                     | U9/rst                                    |               16 |             32 |         2.00 |
|  U8/Clk_CPU_BUFG             | U1/U1/Q_reg[10]_6[0]                     | U9/rst                                    |               17 |             32 |         1.88 |
|  U8/Clk_CPU_BUFG             | U1/U2/RV_int/MEPC[31]_i_1_n_1            | U9/rst                                    |               15 |             32 |         2.13 |
|  U8/Clk_CPU_BUFG             | U1/U1/Q_reg[10]_7[0]                     | U9/rst                                    |               20 |             32 |         1.60 |
| ~U8/Clk_CPU_BUFG             | U10/counter0_Lock                        | U9/rst                                    |                9 |             32 |         3.56 |
| ~U8/Clk_CPU_BUFG             | U10/counter1_Lock                        | U9/rst                                    |               13 |             32 |         2.46 |
|  U8/clkdiv_BUFG[11]          | U10/counter2[32]_i_1_n_0                 | U9/rst                                    |               11 |             33 |         3.00 |
|  U8/clkdiv_BUFG[9]           | U10/counter1[32]_i_1_n_0                 | U9/rst                                    |               10 |             33 |         3.30 |
| ~U8/Clk_CPU_BUFG             | U4/GPIOe0000000_we                       |                                           |               31 |             48 |         1.55 |
|  U8/Clk_CPU_BUFG             |                                          | U9/rst                                    |               32 |             63 |         1.97 |
+------------------------------+------------------------------------------+-------------------------------------------+------------------+----------------+--------------+


