Copyright 1986-2022 Xilinx, Inc. All Rights Reserved. Copyright 2022-2023 Advanced Micro Devices, Inc. All Rights Reserved.
-------------------------------------------------------------------------------------------------------------------------------------------------
| Tool Version     : Vivado v.2023.2 (win64) Build 4029153 Fri Oct 13 20:14:34 MDT 2023
| Date             : Wed Nov 27 17:04:22 2024
| Host             : TomChang running 64-bit major release  (build 9200)
| Command          : report_power -file CSSTE_power_routed.rpt -pb CSSTE_power_summary_routed.pb -rpx CSSTE_power_routed.rpx
| Design           : CSSTE
| Device           : xc7a100tcsg324-1
| Design State     : routed
| Grade            : commercial
| Process          : typical
| Characterization : Production
-------------------------------------------------------------------------------------------------------------------------------------------------

Power Report

Table of Contents
-----------------
1. Summary
1.1 On-Chip Components
1.2 Power Supply Summary
1.3 Confidence Level
2. Settings
2.1 Environment
2.2 Clock Constraints
3. Detailed Reports
3.1 By Hierarchy

1. Summary
----------

+--------------------------+----------------------------------+
| Total On-Chip Power (W)  | 61.211 (Junction temp exceeded!) |
| Design Power Budget (W)  | Unspecified*                     |
| Power Budget Margin (W)  | NA                               |
| Dynamic (W)              | 60.414                           |
| Device Static (W)        | 0.797                            |
| Effective TJA (C/W)      | 4.6                              |
| Max Ambient (C)          | 0.0                              |
| Junction Temperature (C) | 125.0                            |
| Confidence Level         | Low                              |
| Setting File             | ---                              |
| Simulation Activity File | ---                              |
| Design Nets Matched      | NA                               |
+--------------------------+----------------------------------+
* Specify Design Power Budget using, set_operating_conditions -design_power_budget <value in Watts>


1.1 On-Chip Components
----------------------

+--------------------------+-----------+----------+-----------+-----------------+
| On-Chip                  | Power (W) | Used     | Available | Utilization (%) |
+--------------------------+-----------+----------+-----------+-----------------+
| Slice Logic              |    12.500 |     6650 |       --- |             --- |
|   LUT as Logic           |    11.608 |     3568 |     63400 |            5.63 |
|   CARRY4                 |     0.357 |       93 |     15850 |            0.59 |
|   LUT as Distributed RAM |     0.229 |      636 |     19000 |            3.35 |
|   F7/F8 Muxes            |     0.192 |      596 |     63400 |            0.94 |
|   Register               |     0.081 |     1527 |    126800 |            1.20 |
|   BUFG                   |     0.033 |        6 |        32 |           18.75 |
|   Others                 |     0.000 |       26 |       --- |             --- |
| Signals                  |    22.244 |     5176 |       --- |             --- |
| Block RAM                |     0.128 |        1 |       135 |            0.74 |
| I/O                      |    25.542 |       64 |       210 |           30.48 |
| Static Power             |     0.797 |          |           |                 |
| Total                    |    61.211 |          |           |                 |
+--------------------------+-----------+----------+-----------+-----------------+


1.2 Power Supply Summary
------------------------

+-----------+-------------+-----------+-------------+------------+-------------+-------------+------------+
| Source    | Voltage (V) | Total (A) | Dynamic (A) | Static (A) | Powerup (A) | Budget (A)  | Margin (A) |
+-----------+-------------+-----------+-------------+------------+-------------+-------------+------------+
| Vccint    |       1.000 |    35.493 |      34.930 |      0.563 |       NA    | Unspecified | NA         |
| Vccaux    |       1.800 |     1.026 |       0.933 |      0.093 |       NA    | Unspecified | NA         |
| Vcco33    |       3.300 |     7.214 |       7.210 |      0.004 |       NA    | Unspecified | NA         |
| Vcco25    |       2.500 |     0.000 |       0.000 |      0.000 |       NA    | Unspecified | NA         |
| Vcco18    |       1.800 |     0.000 |       0.000 |      0.000 |       NA    | Unspecified | NA         |
| Vcco15    |       1.500 |     0.000 |       0.000 |      0.000 |       NA    | Unspecified | NA         |
| Vcco135   |       1.350 |     0.000 |       0.000 |      0.000 |       NA    | Unspecified | NA         |
| Vcco12    |       1.200 |     0.000 |       0.000 |      0.000 |       NA    | Unspecified | NA         |
| Vccaux_io |       1.800 |     0.000 |       0.000 |      0.000 |       NA    | Unspecified | NA         |
| Vccbram   |       1.000 |     0.028 |       0.010 |      0.018 |       NA    | Unspecified | NA         |
| MGTAVcc   |       1.000 |     0.000 |       0.000 |      0.000 |       NA    | Unspecified | NA         |
| MGTAVtt   |       1.200 |     0.000 |       0.000 |      0.000 |       NA    | Unspecified | NA         |
| Vccadc    |       1.800 |     0.020 |       0.000 |      0.020 |       NA    | Unspecified | NA         |
+-----------+-------------+-----------+-------------+------------+-------------+-------------+------------+


1.3 Confidence Level
--------------------

+-----------------------------+------------+--------------------------------------------------------+--------------------------------------------------------------------------------------------------------------------+
| User Input Data             | Confidence | Details                                                | Action                                                                                                             |
+-----------------------------+------------+--------------------------------------------------------+--------------------------------------------------------------------------------------------------------------------+
| Design implementation state | High       | Design is routed                                       |                                                                                                                    |
| Clock nodes activity        | Low        | User specified less than 75% of clocks                 | Provide missing clock activity with a constraint file, simulation results or by editing the "By Clock Domain" view |
| I/O nodes activity          | Low        | More than 75% of inputs are missing user specification | Provide missing input activity with simulation results or by editing the "By Resource Type -> I/Os" view           |
| Internal nodes activity     | Medium     | User specified less than 25% of internal nodes         | Provide missing internal nodes activity with simulation results or by editing the "By Resource Type" views         |
| Device models               | High       | Device models are Production                           |                                                                                                                    |
|                             |            |                                                        |                                                                                                                    |
| Overall confidence level    | Low        |                                                        |                                                                                                                    |
+-----------------------------+------------+--------------------------------------------------------+--------------------------------------------------------------------------------------------------------------------+


2. Settings
-----------

2.1 Environment
---------------

+-----------------------+--------------------------+
| Ambient Temp (C)      | 25.0                     |
| ThetaJA (C/W)         | 4.6                      |
| Airflow (LFM)         | 250                      |
| Heat Sink             | medium (Medium Profile)  |
| ThetaSA (C/W)         | 4.6                      |
| Board Selection       | medium (10"x10")         |
| # of Board Layers     | 12to15 (12 to 15 Layers) |
| Board Temperature (C) | 25.0                     |
+-----------------------+--------------------------+


2.2 Clock Constraints
---------------------

+-------+--------+-----------------+
| Clock | Domain | Constraint (ns) |
+-------+--------+-----------------+


3. Detailed Reports
-------------------

3.1 By Hierarchy
----------------

+--------------------------------------+-----------+
| Name                                 | Power (W) |
+--------------------------------------+-----------+
| CSSTE                                |    60.414 |
|   U1                                 |    12.925 |
|     U1                               |     2.144 |
|     U2                               |    10.782 |
|       ALU                            |     0.412 |
|       ImmGen                         |     0.318 |
|       PC                             |     0.168 |
|       RV_int_0                       |     0.048 |
|       Regs                           |     9.754 |
|       add_32_0                       |     0.065 |
|       add_32_1                       |     0.016 |
|   U10                                |     1.631 |
|   U11                                |    15.691 |
|     vga_controller                   |     1.641 |
|     vga_debugger                     |    10.981 |
|     vga_display                      |     3.069 |
|       display_data_reg_0_63_0_2      |     0.004 |
|       display_data_reg_0_63_3_5      |     0.001 |
|       display_data_reg_1024_1087_0_2 |     0.004 |
|       display_data_reg_1024_1087_3_5 |     0.002 |
|       display_data_reg_1088_1151_0_2 |     0.005 |
|       display_data_reg_1088_1151_3_5 |     0.002 |
|       display_data_reg_1152_1215_0_2 |     0.004 |
|       display_data_reg_1152_1215_3_5 |     0.002 |
|       display_data_reg_1216_1279_0_2 |     0.006 |
|       display_data_reg_1216_1279_3_5 |     0.001 |
|       display_data_reg_1280_1343_0_2 |     0.005 |
|       display_data_reg_1280_1343_3_5 |     0.002 |
|       display_data_reg_128_191_0_2   |     0.005 |
|       display_data_reg_128_191_3_5   |     0.001 |
|       display_data_reg_1344_1407_0_2 |     0.004 |
|       display_data_reg_1344_1407_3_5 |     0.001 |
|       display_data_reg_1408_1471_0_2 |     0.005 |
|       display_data_reg_1408_1471_3_5 |     0.001 |
|       display_data_reg_1472_1535_0_2 |     0.004 |
|       display_data_reg_1472_1535_3_5 |     0.002 |
|       display_data_reg_1536_1599_0_2 |     0.005 |
|       display_data_reg_1536_1599_3_5 |     0.001 |
|       display_data_reg_1600_1663_0_2 |     0.004 |
|       display_data_reg_1600_1663_3_5 |     0.001 |
|       display_data_reg_1664_1727_0_2 |     0.004 |
|       display_data_reg_1664_1727_3_5 |     0.001 |
|       display_data_reg_1728_1791_0_2 |     0.004 |
|       display_data_reg_1728_1791_3_5 |     0.001 |
|       display_data_reg_1792_1855_0_2 |     0.004 |
|       display_data_reg_1792_1855_3_5 |     0.001 |
|       display_data_reg_1856_1919_0_2 |     0.004 |
|       display_data_reg_1920_1983_0_2 |     0.004 |
|       display_data_reg_1920_1983_3_5 |     0.001 |
|       display_data_reg_192_255_0_2   |     0.005 |
|       display_data_reg_192_255_3_5   |     0.001 |
|       display_data_reg_1984_2047_0_2 |     0.005 |
|       display_data_reg_1984_2047_3_5 |     0.002 |
|       display_data_reg_2048_2111_0_2 |     0.004 |
|       display_data_reg_2048_2111_3_5 |     0.002 |
|       display_data_reg_2112_2175_0_2 |     0.005 |
|       display_data_reg_2112_2175_3_5 |     0.002 |
|       display_data_reg_2176_2239_0_2 |     0.004 |
|       display_data_reg_2176_2239_3_5 |     0.001 |
|       display_data_reg_2240_2303_0_2 |     0.004 |
|       display_data_reg_2240_2303_3_5 |     0.002 |
|       display_data_reg_2304_2367_0_2 |     0.004 |
|       display_data_reg_2304_2367_3_5 |     0.002 |
|       display_data_reg_2368_2431_0_2 |     0.004 |
|       display_data_reg_2368_2431_3_5 |     0.001 |
|       display_data_reg_2432_2495_0_2 |     0.004 |
|       display_data_reg_2432_2495_3_5 |     0.001 |
|       display_data_reg_2496_2559_0_2 |     0.004 |
|       display_data_reg_2496_2559_3_5 |     0.001 |
|       display_data_reg_2560_2623_0_2 |     0.005 |
|       display_data_reg_2560_2623_3_5 |     0.001 |
|       display_data_reg_256_319_0_2   |     0.004 |
|       display_data_reg_256_319_3_5   |     0.002 |
|       display_data_reg_2624_2687_0_2 |     0.004 |
|       display_data_reg_2624_2687_3_5 |     0.001 |
|       display_data_reg_2688_2751_0_2 |     0.005 |
|       display_data_reg_2688_2751_3_5 |     0.001 |
|       display_data_reg_2752_2815_0_2 |     0.004 |
|       display_data_reg_2752_2815_3_5 |     0.001 |
|       display_data_reg_2816_2879_0_2 |     0.004 |
|       display_data_reg_2816_2879_3_5 |     0.001 |
|       display_data_reg_2880_2943_0_2 |     0.005 |
|       display_data_reg_2880_2943_3_5 |     0.001 |
|       display_data_reg_2944_3007_0_2 |     0.004 |
|       display_data_reg_2944_3007_3_5 |     0.001 |
|       display_data_reg_3008_3071_0_2 |     0.005 |
|       display_data_reg_3008_3071_3_5 |     0.001 |
|       display_data_reg_3072_3135_0_2 |     0.004 |
|       display_data_reg_3072_3135_3_5 |     0.001 |
|       display_data_reg_3136_3199_0_2 |     0.005 |
|       display_data_reg_3136_3199_3_5 |     0.001 |
|       display_data_reg_3200_3263_0_2 |     0.004 |
|       display_data_reg_3200_3263_3_5 |     0.002 |
|       display_data_reg_320_383_0_2   |     0.004 |
|       display_data_reg_320_383_6_7   |     0.001 |
|       display_data_reg_3264_3327_0_2 |     0.003 |
|       display_data_reg_3264_3327_3_5 |     0.001 |
|       display_data_reg_3328_3391_0_2 |     0.004 |
|       display_data_reg_3328_3391_3_5 |     0.001 |
|       display_data_reg_3392_3455_0_2 |     0.004 |
|       display_data_reg_3392_3455_3_5 |     0.001 |
|       display_data_reg_3456_3519_0_2 |     0.004 |
|       display_data_reg_3456_3519_3_5 |     0.002 |
|       display_data_reg_3520_3583_0_2 |     0.005 |
|       display_data_reg_3520_3583_3_5 |     0.001 |
|       display_data_reg_3584_3647_0_2 |     0.005 |
|       display_data_reg_3584_3647_3_5 |     0.001 |
|       display_data_reg_3648_3711_0_2 |     0.004 |
|       display_data_reg_3648_3711_3_5 |     0.001 |
|       display_data_reg_3712_3775_0_2 |     0.005 |
|       display_data_reg_3712_3775_3_5 |     0.001 |
|       display_data_reg_3776_3839_0_2 |     0.005 |
|       display_data_reg_3776_3839_3_5 |     0.002 |
|       display_data_reg_3840_3903_0_2 |     0.005 |
|       display_data_reg_3840_3903_3_5 |     0.001 |
|       display_data_reg_384_447_0_2   |     0.004 |
|       display_data_reg_384_447_3_5   |     0.001 |
|       display_data_reg_3904_3967_0_2 |     0.005 |
|       display_data_reg_3904_3967_3_5 |     0.001 |
|       display_data_reg_3968_4031_0_2 |     0.004 |
|       display_data_reg_3968_4031_3_5 |     0.002 |
|       display_data_reg_4032_4095_0_2 |     0.004 |
|       display_data_reg_4032_4095_3_5 |     0.002 |
|       display_data_reg_448_511_0_2   |     0.004 |
|       display_data_reg_448_511_3_5   |     0.001 |
|       display_data_reg_512_575_0_2   |     0.004 |
|       display_data_reg_512_575_3_5   |     0.001 |
|       display_data_reg_576_639_0_2   |     0.004 |
|       display_data_reg_576_639_3_5   |     0.002 |
|       display_data_reg_640_703_0_2   |     0.004 |
|       display_data_reg_640_703_6_7   |     0.001 |
|       display_data_reg_64_127_0_2    |     0.004 |
|       display_data_reg_64_127_3_5    |     0.001 |
|       display_data_reg_704_767_0_2   |     0.004 |
|       display_data_reg_704_767_3_5   |     0.001 |
|       display_data_reg_768_831_0_2   |     0.004 |
|       display_data_reg_768_831_3_5   |     0.001 |
|       display_data_reg_832_895_0_2   |     0.005 |
|       display_data_reg_832_895_3_5   |     0.001 |
|       display_data_reg_896_959_0_2   |     0.004 |
|       display_data_reg_896_959_3_5   |     0.001 |
|       display_data_reg_960_1023_0_2  |     0.004 |
|       display_data_reg_960_1023_3_5  |     0.001 |
|   U2                                 |     0.699 |
|     U0                               |     0.699 |
|       synth_options.dist_mem_inst    |     0.699 |
|   U3                                 |     0.762 |
|     U0                               |     0.762 |
|       inst_blk_mem_gen               |     0.762 |
|   U4                                 |     1.604 |
|   U5                                 |     0.386 |
|   U6                                 |     0.493 |
|     inst                             |     0.456 |
|       U2                             |     0.456 |
|   U7                                 |     0.037 |
|   U8                                 |     0.418 |
|   U9                                 |     0.054 |
|     u1                               |     0.054 |
+--------------------------------------+-----------+


