Copyright 1986-2022 Xilinx, Inc. All Rights Reserved. Copyright 2022-2023 Advanced Micro Devices, Inc. All Rights Reserved.
------------------------------------------------------------------------------------------------------------------------------------------------------------------------------------------------------------
| Tool Version : Vivado v.2023.2 (win64) Build 4029153 Fri Oct 13 20:14:34 MDT 2023
| Date         : Wed Nov 27 17:04:22 2024
| Host         : TomChang running 64-bit major release  (build 9200)
| Command      : report_timing_summary -max_paths 10 -report_unconstrained -file CSSTE_timing_summary_routed.rpt -pb CSSTE_timing_summary_routed.pb -rpx CSSTE_timing_summary_routed.rpx -warn_on_violation
| Design       : CSSTE
| Device       : 7a100t-csg324
| Speed File   : -1  PRODUCTION 1.23 2018-06-13
| Design State : Routed
------------------------------------------------------------------------------------------------------------------------------------------------------------------------------------------------------------

Timing Summary Report

------------------------------------------------------------------------------------------------
| Timer Settings
| --------------
------------------------------------------------------------------------------------------------

  Enable Multi Corner Analysis               :  Yes
  Enable Pessimism Removal                   :  Yes
  Pessimism Removal Resolution               :  Nearest Common Node
  Enable Input Delay Default Clock           :  No
  Enable Preset / Clear Arcs                 :  No
  Disable Flight Delays                      :  No
  Ignore I/O Paths                           :  No
  Timing Early Launch at Borrowing Latches   :  No
  Borrow Time for Max Delay Exceptions       :  Yes
  Merge Timing Exceptions                    :  Yes
  Inter-SLR Compensation                     :  Conservative

  Corner  Analyze    Analyze    
  Name    Max Paths  Min Paths  
  ------  ---------  ---------  
  Slow    Yes        Yes        
  Fast    Yes        Yes        


------------------------------------------------------------------------------------------------
| Report Methodology
| ------------------
------------------------------------------------------------------------------------------------

Rule       Severity          Description                     Violations  
---------  ----------------  ------------------------------  ----------  
TIMING-17  Critical Warning  Non-clocked sequential cell     1000        
TIMING-20  Warning           Non-clocked latch               45          
LATCH-1    Advisory          Existing latches in the design  1           

Note: This report is based on the most recent report_methodology run and may not be up-to-date. Run report_methodology on the current design for the latest report.



check_timing report

Table of Contents
-----------------
1. checking no_clock (7305)
2. checking constant_clock (0)
3. checking pulse_width_clock (0)
4. checking unconstrained_internal_endpoints (9189)
5. checking no_input_delay (17)
6. checking no_output_delay (46)
7. checking multiple_clock (0)
8. checking generated_clocks (0)
9. checking loops (0)
10. checking partial_input_delay (0)
11. checking partial_output_delay (0)
12. checking latch_loops (0)

1. checking no_clock (7305)
---------------------------
 There are 752 register/latch pins with no clock driven by root clock pin: clk_100mhz (HIGH)

 There are 32 register/latch pins with no clock driven by root clock pin: U1/U1/ImmSel_reg[0]/Q (HIGH)

 There are 32 register/latch pins with no clock driven by root clock pin: U1/U1/ImmSel_reg[1]/Q (HIGH)

 There are 32 register/latch pins with no clock driven by root clock pin: U1/U1/Jump_reg[0]/Q (HIGH)

 There are 13 register/latch pins with no clock driven by root clock pin: U1/U2/PC/Q_reg[10]/Q (HIGH)

 There are 13 register/latch pins with no clock driven by root clock pin: U1/U2/PC/Q_reg[11]/Q (HIGH)

 There are 13 register/latch pins with no clock driven by root clock pin: U1/U2/PC/Q_reg[2]/Q (HIGH)

 There are 13 register/latch pins with no clock driven by root clock pin: U1/U2/PC/Q_reg[3]/Q (HIGH)

 There are 13 register/latch pins with no clock driven by root clock pin: U1/U2/PC/Q_reg[4]/Q (HIGH)

 There are 13 register/latch pins with no clock driven by root clock pin: U1/U2/PC/Q_reg[5]/Q (HIGH)

 There are 13 register/latch pins with no clock driven by root clock pin: U1/U2/PC/Q_reg[6]/Q (HIGH)

 There are 13 register/latch pins with no clock driven by root clock pin: U1/U2/PC/Q_reg[7]/Q (HIGH)

 There are 13 register/latch pins with no clock driven by root clock pin: U1/U2/PC/Q_reg[8]/Q (HIGH)

 There are 13 register/latch pins with no clock driven by root clock pin: U1/U2/PC/Q_reg[9]/Q (HIGH)

 There are 35 register/latch pins with no clock driven by root clock pin: U8/clkdiv_reg[11]/Q (HIGH)

 There are 22 register/latch pins with no clock driven by root clock pin: U8/clkdiv_reg[1]/Q (HIGH)

 There are 1240 register/latch pins with no clock driven by root clock pin: U8/clkdiv_reg[24]/Q (HIGH)

 There are 1240 register/latch pins with no clock driven by root clock pin: U8/clkdiv_reg[2]/Q (HIGH)

 There are 35 register/latch pins with no clock driven by root clock pin: U8/clkdiv_reg[6]/Q (HIGH)

 There are 35 register/latch pins with no clock driven by root clock pin: U8/clkdiv_reg[9]/Q (HIGH)

 There are 1240 register/latch pins with no clock driven by root clock pin: U9/u1/sw_reg[10]/Q (HIGH)

 There are 1240 register/latch pins with no clock driven by root clock pin: U9/u1/sw_reg[2]/Q (HIGH)

 There are 1240 register/latch pins with no clock driven by root clock pin: U9/u1/sw_reg[8]/Q (HIGH)


2. checking constant_clock (0)
------------------------------
 There are 0 register/latch pins with constant_clock.


3. checking pulse_width_clock (0)
---------------------------------
 There are 0 register/latch pins which need pulse_width check


4. checking unconstrained_internal_endpoints (9189)
---------------------------------------------------
 There are 9189 pins that are not constrained for maximum delay. (HIGH)

 There are 0 pins that are not constrained for maximum delay due to constant clock.


5. checking no_input_delay (17)
-------------------------------
 There are 17 input ports with no input delay specified. (HIGH)

 There are 0 input ports with no input delay but user has a false path constraint.


6. checking no_output_delay (46)
--------------------------------
 There are 46 ports with no output delay specified. (HIGH)

 There are 0 ports with no output delay but user has a false path constraint

 There are 0 ports with no output delay but with a timing clock defined on it or propagating through it


7. checking multiple_clock (0)
------------------------------
 There are 0 register/latch pins with multiple clocks.


8. checking generated_clocks (0)
--------------------------------
 There are 0 generated clocks that are not connected to a clock source.


9. checking loops (0)
---------------------
 There are 0 combinational loops in the design.


10. checking partial_input_delay (0)
------------------------------------
 There are 0 input ports with partial input delay specified.


11. checking partial_output_delay (0)
-------------------------------------
 There are 0 ports with partial output delay specified.


12. checking latch_loops (0)
----------------------------
 There are 0 combinational latch loops in the design through latch input



------------------------------------------------------------------------------------------------
| Design Timing Summary
| ---------------------
------------------------------------------------------------------------------------------------

    WNS(ns)      TNS(ns)  TNS Failing Endpoints  TNS Total Endpoints      WHS(ns)      THS(ns)  THS Failing Endpoints  THS Total Endpoints     WPWS(ns)     TPWS(ns)  TPWS Failing Endpoints  TPWS Total Endpoints  
    -------      -------  ---------------------  -------------------      -------      -------  ---------------------  -------------------     --------     --------  ----------------------  --------------------  
        inf        0.000                      0                 9235          inf        0.000                      0                 9235           NA           NA                      NA                    NA  


There are no user specified timing constraints.


------------------------------------------------------------------------------------------------
| Clock Summary
| -------------
------------------------------------------------------------------------------------------------


------------------------------------------------------------------------------------------------
| Intra Clock Table
| -----------------
------------------------------------------------------------------------------------------------

Clock             WNS(ns)      TNS(ns)  TNS Failing Endpoints  TNS Total Endpoints      WHS(ns)      THS(ns)  THS Failing Endpoints  THS Total Endpoints     WPWS(ns)     TPWS(ns)  TPWS Failing Endpoints  TPWS Total Endpoints  
-----             -------      -------  ---------------------  -------------------      -------      -------  ---------------------  -------------------     --------     --------  ----------------------  --------------------  


------------------------------------------------------------------------------------------------
| Inter Clock Table
| -----------------
------------------------------------------------------------------------------------------------

From Clock    To Clock          WNS(ns)      TNS(ns)  TNS Failing Endpoints  TNS Total Endpoints      WHS(ns)      THS(ns)  THS Failing Endpoints  THS Total Endpoints  
----------    --------          -------      -------  ---------------------  -------------------      -------      -------  ---------------------  -------------------  


------------------------------------------------------------------------------------------------
| Other Path Groups Table
| -----------------------
------------------------------------------------------------------------------------------------

Path Group    From Clock    To Clock          WNS(ns)      TNS(ns)  TNS Failing Endpoints  TNS Total Endpoints      WHS(ns)      THS(ns)  THS Failing Endpoints  THS Total Endpoints  
----------    ----------    --------          -------      -------  ---------------------  -------------------      -------      -------  ---------------------  -------------------  


------------------------------------------------------------------------------------------------
| User Ignored Path Table
| -----------------------
------------------------------------------------------------------------------------------------

Path Group    From Clock    To Clock    
----------    ----------    --------    


------------------------------------------------------------------------------------------------
| Unconstrained Path Table
| ------------------------
------------------------------------------------------------------------------------------------

Path Group    From Clock    To Clock    
----------    ----------    --------    
(none)                                    


------------------------------------------------------------------------------------------------
| Timing Details
| --------------
------------------------------------------------------------------------------------------------


--------------------------------------------------------------------------------------
Path Group:  (none)
From Clock:  
  To Clock:  

Max Delay          9235 Endpoints
Min Delay          9235 Endpoints
--------------------------------------------------------------------------------------


Max Delay Paths
--------------------------------------------------------------------------------------
Slack:                    inf
  Source:                 U1/U2/PC/Q_reg[3]/C
                            (rising edge-triggered cell FDCE)
  Destination:            segment[4]
                            (output port)
  Path Group:             (none)
  Path Type:              Max at Slow Process Corner
  Data Path Delay:        37.713ns  (logic 8.283ns (21.964%)  route 29.430ns (78.036%))
  Logic Levels:           28  (CARRY4=8 FDCE=1 LUT2=3 LUT3=1 LUT4=1 LUT5=2 LUT6=9 MUXF7=2 OBUF=1)

    Location             Delay type                Incr(ns)  Path(ns)    Netlist Resource(s)
  -------------------------------------------------------------------    -------------------
    SLICE_X33Y63         FDCE                         0.000     0.000 r  U1/U2/PC/Q_reg[3]/C
    SLICE_X33Y63         FDCE (Prop_fdce_C_Q)         0.456     0.456 r  U1/U2/PC/Q_reg[3]/Q
                         net (fo=37, routed)          2.108     2.564    U2/U0/synth_options.dist_mem_inst/gen_rom.rom_inst/a[1]
    SLICE_X31Y55         LUT6 (Prop_lut6_I5_O)        0.124     2.688 r  U2/U0/synth_options.dist_mem_inst/gen_rom.rom_inst/spo[20]_INST_0_i_1/O
                         net (fo=1, routed)           0.665     3.353    U2/U0/synth_options.dist_mem_inst/gen_rom.rom_inst/spo[20]_INST_0_i_1_n_1
    SLICE_X31Y55         LUT5 (Prop_lut5_I2_O)        0.124     3.477 r  U2/U0/synth_options.dist_mem_inst/gen_rom.rom_inst/spo[20]_INST_0/O
                         net (fo=264, routed)         6.375     9.853    U1/U2/Regs/spo[8]
    SLICE_X40Y71         LUT6 (Prop_lut6_I4_O)        0.124     9.977 f  U1/U2/Regs/res0__93_carry_i_19/O
                         net (fo=1, routed)           1.139    11.115    U1/U2/Regs/res0__93_carry_i_19_n_1
    SLICE_X43Y68         LUT6 (Prop_lut6_I5_O)        0.124    11.239 r  U1/U2/Regs/res0__93_carry_i_9/O
                         net (fo=2, routed)           0.670    11.909    U1/U2/Regs/res0__93_carry_i_9_n_1
    SLICE_X43Y68         LUT5 (Prop_lut5_I2_O)        0.124    12.033 r  U1/U2/Regs/res0__93_carry_i_1/O
                         net (fo=109, routed)         3.091    15.125    U1/U2/Regs/Q_reg[10][3]
    SLICE_X39Y59         LUT2 (Prop_lut2_I1_O)        0.124    15.249 r  U1/U2/Regs/res0_carry_i_5/O
                         net (fo=1, routed)           0.000    15.249    U1/U2/ALU/S[3]
    SLICE_X39Y59         CARRY4 (Prop_carry4_S[3]_CO[3])
                                                      0.401    15.650 r  U1/U2/ALU/res0_carry/CO[3]
                         net (fo=1, routed)           0.000    15.650    U1/U2/ALU/res0_carry_n_1
    SLICE_X39Y60         CARRY4 (Prop_carry4_CI_CO[3])
                                                      0.114    15.764 r  U1/U2/ALU/res0_carry__0/CO[3]
                         net (fo=1, routed)           0.000    15.764    U1/U2/ALU/res0_carry__0_n_1
    SLICE_X39Y61         CARRY4 (Prop_carry4_CI_CO[3])
                                                      0.114    15.878 r  U1/U2/ALU/res0_carry__1/CO[3]
                         net (fo=1, routed)           0.000    15.878    U1/U2/ALU/res0_carry__1_n_1
    SLICE_X39Y62         CARRY4 (Prop_carry4_CI_CO[3])
                                                      0.114    15.992 r  U1/U2/ALU/res0_carry__2/CO[3]
                         net (fo=1, routed)           0.000    15.992    U1/U2/ALU/res0_carry__2_n_1
    SLICE_X39Y63         CARRY4 (Prop_carry4_CI_CO[3])
                                                      0.114    16.106 r  U1/U2/ALU/res0_carry__3/CO[3]
                         net (fo=1, routed)           0.000    16.106    U1/U2/ALU/res0_carry__3_n_1
    SLICE_X39Y64         CARRY4 (Prop_carry4_CI_CO[3])
                                                      0.114    16.220 r  U1/U2/ALU/res0_carry__4/CO[3]
                         net (fo=1, routed)           0.000    16.220    U1/U2/ALU/res0_carry__4_n_1
    SLICE_X39Y65         CARRY4 (Prop_carry4_CI_CO[3])
                                                      0.114    16.334 r  U1/U2/ALU/res0_carry__5/CO[3]
                         net (fo=1, routed)           0.000    16.334    U1/U2/ALU/res0_carry__5_n_1
    SLICE_X39Y66         CARRY4 (Prop_carry4_CI_O[0])
                                                      0.222    16.556 f  U1/U2/ALU/res0_carry__6/O[0]
                         net (fo=1, routed)           0.814    17.369    U1/U1/data2[22]
    SLICE_X38Y65         LUT6 (Prop_lut6_I5_O)        0.299    17.668 r  U1/U1/U4_i_595/O
                         net (fo=1, routed)           0.680    18.348    U1/U1/U4_i_595_n_1
    SLICE_X38Y65         LUT2 (Prop_lut2_I1_O)        0.124    18.472 r  U1/U1/U4_i_197/O
                         net (fo=1, routed)           0.939    19.411    U1/U2/Regs/MEPC_reg[28]_0
    SLICE_X40Y65         LUT6 (Prop_lut6_I1_O)        0.124    19.535 f  U1/U2/Regs/U4_i_36/O
                         net (fo=54, routed)          2.428    21.963    U4/addr_bus[28]
    SLICE_X14Y64         LUT6 (Prop_lut6_I4_O)        0.124    22.087 r  U4/Cpu_data4bus[31]_INST_0_i_2/O
                         net (fo=32, routed)          1.835    23.921    U4/Cpu_data4bus[31]_INST_0_i_2_n_0
    SLICE_X29Y69         LUT6 (Prop_lut6_I2_O)        0.124    24.045 r  U4/Cpu_data4bus[21]_INST_0/O
                         net (fo=2, routed)           0.944    24.989    U5/data6[21]
    SLICE_X33Y66         LUT6 (Prop_lut6_I1_O)        0.124    25.113 r  U5/Disp_num[21]_INST_0_i_2/O
                         net (fo=1, routed)           0.000    25.113    U5/Disp_num[21]_INST_0_i_2_n_0
    SLICE_X33Y66         MUXF7 (Prop_muxf7_I1_O)      0.245    25.358 r  U5/Disp_num[21]_INST_0/O
                         net (fo=1, routed)           0.954    26.312    U6/inst/U2/disp_num[21]
    SLICE_X28Y65         LUT6 (Prop_lut6_I3_O)        0.298    26.610 r  U6/inst/U2/XLXI_3_i_3/O
                         net (fo=1, routed)           0.000    26.610    U6/inst/U2/XLXI_3_i_3_n_0
    SLICE_X28Y65         MUXF7 (Prop_muxf7_I1_O)      0.217    26.827 r  U6/inst/U2/XLXI_3_i_1/O
                         net (fo=18, routed)          2.361    29.187    U6/inst/U2/hex[1]
    SLICE_X0Y81          LUT3 (Prop_lut3_I1_O)        0.299    29.486 r  U6/inst/U2/XLXI_27/O
                         net (fo=1, routed)           0.667    30.153    U6/inst/U2/XLXN_140
    SLICE_X0Y81          LUT4 (Prop_lut4_I1_O)        0.124    30.277 r  U6/inst/U2/XLXI_29/O
                         net (fo=1, routed)           0.952    31.229    U6/inst/U2/XLXN_211
    SLICE_X0Y84          LUT2 (Prop_lut2_I1_O)        0.124    31.353 r  U6/inst/U2/XLXI_50/O
                         net (fo=1, routed)           2.810    34.163    segment_OBUF[4]
    K13                  OBUF (Prop_obuf_I_O)         3.550    37.713 r  segment_OBUF[4]_inst/O
                         net (fo=0)                   0.000    37.713    segment[4]
    K13                                                               r  segment[4] (OUT)
  -------------------------------------------------------------------    -------------------

Slack:                    inf
  Source:                 U1/U2/PC/Q_reg[3]/C
                            (rising edge-triggered cell FDCE)
  Destination:            segment[7]
                            (output port)
  Path Group:             (none)
  Path Type:              Max at Slow Process Corner
  Data Path Delay:        37.273ns  (logic 8.310ns (22.295%)  route 28.963ns (77.705%))
  Logic Levels:           28  (CARRY4=8 FDCE=1 LUT2=3 LUT4=2 LUT5=2 LUT6=9 MUXF7=2 OBUF=1)

    Location             Delay type                Incr(ns)  Path(ns)    Netlist Resource(s)
  -------------------------------------------------------------------    -------------------
    SLICE_X33Y63         FDCE                         0.000     0.000 r  U1/U2/PC/Q_reg[3]/C
    SLICE_X33Y63         FDCE (Prop_fdce_C_Q)         0.456     0.456 r  U1/U2/PC/Q_reg[3]/Q
                         net (fo=37, routed)          2.108     2.564    U2/U0/synth_options.dist_mem_inst/gen_rom.rom_inst/a[1]
    SLICE_X31Y55         LUT6 (Prop_lut6_I5_O)        0.124     2.688 r  U2/U0/synth_options.dist_mem_inst/gen_rom.rom_inst/spo[20]_INST_0_i_1/O
                         net (fo=1, routed)           0.665     3.353    U2/U0/synth_options.dist_mem_inst/gen_rom.rom_inst/spo[20]_INST_0_i_1_n_1
    SLICE_X31Y55         LUT5 (Prop_lut5_I2_O)        0.124     3.477 r  U2/U0/synth_options.dist_mem_inst/gen_rom.rom_inst/spo[20]_INST_0/O
                         net (fo=264, routed)         6.375     9.853    U1/U2/Regs/spo[8]
    SLICE_X40Y71         LUT6 (Prop_lut6_I4_O)        0.124     9.977 f  U1/U2/Regs/res0__93_carry_i_19/O
                         net (fo=1, routed)           1.139    11.115    U1/U2/Regs/res0__93_carry_i_19_n_1
    SLICE_X43Y68         LUT6 (Prop_lut6_I5_O)        0.124    11.239 r  U1/U2/Regs/res0__93_carry_i_9/O
                         net (fo=2, routed)           0.670    11.909    U1/U2/Regs/res0__93_carry_i_9_n_1
    SLICE_X43Y68         LUT5 (Prop_lut5_I2_O)        0.124    12.033 r  U1/U2/Regs/res0__93_carry_i_1/O
                         net (fo=109, routed)         3.091    15.125    U1/U2/Regs/Q_reg[10][3]
    SLICE_X39Y59         LUT2 (Prop_lut2_I1_O)        0.124    15.249 r  U1/U2/Regs/res0_carry_i_5/O
                         net (fo=1, routed)           0.000    15.249    U1/U2/ALU/S[3]
    SLICE_X39Y59         CARRY4 (Prop_carry4_S[3]_CO[3])
                                                      0.401    15.650 r  U1/U2/ALU/res0_carry/CO[3]
                         net (fo=1, routed)           0.000    15.650    U1/U2/ALU/res0_carry_n_1
    SLICE_X39Y60         CARRY4 (Prop_carry4_CI_CO[3])
                                                      0.114    15.764 r  U1/U2/ALU/res0_carry__0/CO[3]
                         net (fo=1, routed)           0.000    15.764    U1/U2/ALU/res0_carry__0_n_1
    SLICE_X39Y61         CARRY4 (Prop_carry4_CI_CO[3])
                                                      0.114    15.878 r  U1/U2/ALU/res0_carry__1/CO[3]
                         net (fo=1, routed)           0.000    15.878    U1/U2/ALU/res0_carry__1_n_1
    SLICE_X39Y62         CARRY4 (Prop_carry4_CI_CO[3])
                                                      0.114    15.992 r  U1/U2/ALU/res0_carry__2/CO[3]
                         net (fo=1, routed)           0.000    15.992    U1/U2/ALU/res0_carry__2_n_1
    SLICE_X39Y63         CARRY4 (Prop_carry4_CI_CO[3])
                                                      0.114    16.106 r  U1/U2/ALU/res0_carry__3/CO[3]
                         net (fo=1, routed)           0.000    16.106    U1/U2/ALU/res0_carry__3_n_1
    SLICE_X39Y64         CARRY4 (Prop_carry4_CI_CO[3])
                                                      0.114    16.220 r  U1/U2/ALU/res0_carry__4/CO[3]
                         net (fo=1, routed)           0.000    16.220    U1/U2/ALU/res0_carry__4_n_1
    SLICE_X39Y65         CARRY4 (Prop_carry4_CI_CO[3])
                                                      0.114    16.334 r  U1/U2/ALU/res0_carry__5/CO[3]
                         net (fo=1, routed)           0.000    16.334    U1/U2/ALU/res0_carry__5_n_1
    SLICE_X39Y66         CARRY4 (Prop_carry4_CI_O[0])
                                                      0.222    16.556 r  U1/U2/ALU/res0_carry__6/O[0]
                         net (fo=1, routed)           0.814    17.369    U1/U1/data2[22]
    SLICE_X38Y65         LUT6 (Prop_lut6_I5_O)        0.299    17.668 f  U1/U1/U4_i_595/O
                         net (fo=1, routed)           0.680    18.348    U1/U1/U4_i_595_n_1
    SLICE_X38Y65         LUT2 (Prop_lut2_I1_O)        0.124    18.472 f  U1/U1/U4_i_197/O
                         net (fo=1, routed)           0.939    19.411    U1/U2/Regs/MEPC_reg[28]_0
    SLICE_X40Y65         LUT6 (Prop_lut6_I1_O)        0.124    19.535 r  U1/U2/Regs/U4_i_36/O
                         net (fo=54, routed)          2.428    21.963    U4/addr_bus[28]
    SLICE_X14Y64         LUT6 (Prop_lut6_I4_O)        0.124    22.087 f  U4/Cpu_data4bus[31]_INST_0_i_2/O
                         net (fo=32, routed)          1.835    23.921    U4/Cpu_data4bus[31]_INST_0_i_2_n_0
    SLICE_X29Y69         LUT6 (Prop_lut6_I2_O)        0.124    24.045 f  U4/Cpu_data4bus[21]_INST_0/O
                         net (fo=2, routed)           0.944    24.989    U5/data6[21]
    SLICE_X33Y66         LUT6 (Prop_lut6_I1_O)        0.124    25.113 f  U5/Disp_num[21]_INST_0_i_2/O
                         net (fo=1, routed)           0.000    25.113    U5/Disp_num[21]_INST_0_i_2_n_0
    SLICE_X33Y66         MUXF7 (Prop_muxf7_I1_O)      0.245    25.358 f  U5/Disp_num[21]_INST_0/O
                         net (fo=1, routed)           0.954    26.312    U6/inst/U2/disp_num[21]
    SLICE_X28Y65         LUT6 (Prop_lut6_I3_O)        0.298    26.610 f  U6/inst/U2/XLXI_3_i_3/O
                         net (fo=1, routed)           0.000    26.610    U6/inst/U2/XLXI_3_i_3_n_0
    SLICE_X28Y65         MUXF7 (Prop_muxf7_I1_O)      0.217    26.827 f  U6/inst/U2/XLXI_3_i_1/O
                         net (fo=18, routed)          2.140    28.967    U6/inst/U2/hex[1]
    SLICE_X0Y81          LUT4 (Prop_lut4_I1_O)        0.299    29.266 r  U6/inst/U2/XLXI_6/O
                         net (fo=2, routed)           0.960    30.225    U6/inst/U2/XLXN_26
    SLICE_X0Y80          LUT4 (Prop_lut4_I2_O)        0.124    30.349 r  U6/inst/U2/XLXI_17/O
                         net (fo=1, routed)           0.649    30.999    U6/inst/U2/XLXN_208
    SLICE_X0Y78          LUT2 (Prop_lut2_I1_O)        0.124    31.123 r  U6/inst/U2/XLXI_47/O
                         net (fo=1, routed)           2.573    33.696    segment_OBUF[7]
    T10                  OBUF (Prop_obuf_I_O)         3.577    37.273 r  segment_OBUF[7]_inst/O
                         net (fo=0)                   0.000    37.273    segment[7]
    T10                                                               r  segment[7] (OUT)
  -------------------------------------------------------------------    -------------------

Slack:                    inf
  Source:                 U1/U2/PC/Q_reg[3]/C
                            (rising edge-triggered cell FDCE)
  Destination:            segment[6]
                            (output port)
  Path Group:             (none)
  Path Type:              Max at Slow Process Corner
  Data Path Delay:        37.226ns  (logic 8.288ns (22.265%)  route 28.938ns (77.735%))
  Logic Levels:           28  (CARRY4=8 FDCE=1 LUT2=3 LUT3=1 LUT4=1 LUT5=2 LUT6=9 MUXF7=2 OBUF=1)

    Location             Delay type                Incr(ns)  Path(ns)    Netlist Resource(s)
  -------------------------------------------------------------------    -------------------
    SLICE_X33Y63         FDCE                         0.000     0.000 r  U1/U2/PC/Q_reg[3]/C
    SLICE_X33Y63         FDCE (Prop_fdce_C_Q)         0.456     0.456 r  U1/U2/PC/Q_reg[3]/Q
                         net (fo=37, routed)          2.108     2.564    U2/U0/synth_options.dist_mem_inst/gen_rom.rom_inst/a[1]
    SLICE_X31Y55         LUT6 (Prop_lut6_I5_O)        0.124     2.688 r  U2/U0/synth_options.dist_mem_inst/gen_rom.rom_inst/spo[20]_INST_0_i_1/O
                         net (fo=1, routed)           0.665     3.353    U2/U0/synth_options.dist_mem_inst/gen_rom.rom_inst/spo[20]_INST_0_i_1_n_1
    SLICE_X31Y55         LUT5 (Prop_lut5_I2_O)        0.124     3.477 r  U2/U0/synth_options.dist_mem_inst/gen_rom.rom_inst/spo[20]_INST_0/O
                         net (fo=264, routed)         6.375     9.853    U1/U2/Regs/spo[8]
    SLICE_X40Y71         LUT6 (Prop_lut6_I4_O)        0.124     9.977 f  U1/U2/Regs/res0__93_carry_i_19/O
                         net (fo=1, routed)           1.139    11.115    U1/U2/Regs/res0__93_carry_i_19_n_1
    SLICE_X43Y68         LUT6 (Prop_lut6_I5_O)        0.124    11.239 r  U1/U2/Regs/res0__93_carry_i_9/O
                         net (fo=2, routed)           0.670    11.909    U1/U2/Regs/res0__93_carry_i_9_n_1
    SLICE_X43Y68         LUT5 (Prop_lut5_I2_O)        0.124    12.033 r  U1/U2/Regs/res0__93_carry_i_1/O
                         net (fo=109, routed)         3.091    15.125    U1/U2/Regs/Q_reg[10][3]
    SLICE_X39Y59         LUT2 (Prop_lut2_I1_O)        0.124    15.249 r  U1/U2/Regs/res0_carry_i_5/O
                         net (fo=1, routed)           0.000    15.249    U1/U2/ALU/S[3]
    SLICE_X39Y59         CARRY4 (Prop_carry4_S[3]_CO[3])
                                                      0.401    15.650 r  U1/U2/ALU/res0_carry/CO[3]
                         net (fo=1, routed)           0.000    15.650    U1/U2/ALU/res0_carry_n_1
    SLICE_X39Y60         CARRY4 (Prop_carry4_CI_CO[3])
                                                      0.114    15.764 r  U1/U2/ALU/res0_carry__0/CO[3]
                         net (fo=1, routed)           0.000    15.764    U1/U2/ALU/res0_carry__0_n_1
    SLICE_X39Y61         CARRY4 (Prop_carry4_CI_CO[3])
                                                      0.114    15.878 r  U1/U2/ALU/res0_carry__1/CO[3]
                         net (fo=1, routed)           0.000    15.878    U1/U2/ALU/res0_carry__1_n_1
    SLICE_X39Y62         CARRY4 (Prop_carry4_CI_CO[3])
                                                      0.114    15.992 r  U1/U2/ALU/res0_carry__2/CO[3]
                         net (fo=1, routed)           0.000    15.992    U1/U2/ALU/res0_carry__2_n_1
    SLICE_X39Y63         CARRY4 (Prop_carry4_CI_CO[3])
                                                      0.114    16.106 r  U1/U2/ALU/res0_carry__3/CO[3]
                         net (fo=1, routed)           0.000    16.106    U1/U2/ALU/res0_carry__3_n_1
    SLICE_X39Y64         CARRY4 (Prop_carry4_CI_CO[3])
                                                      0.114    16.220 r  U1/U2/ALU/res0_carry__4/CO[3]
                         net (fo=1, routed)           0.000    16.220    U1/U2/ALU/res0_carry__4_n_1
    SLICE_X39Y65         CARRY4 (Prop_carry4_CI_CO[3])
                                                      0.114    16.334 r  U1/U2/ALU/res0_carry__5/CO[3]
                         net (fo=1, routed)           0.000    16.334    U1/U2/ALU/res0_carry__5_n_1
    SLICE_X39Y66         CARRY4 (Prop_carry4_CI_O[0])
                                                      0.222    16.556 f  U1/U2/ALU/res0_carry__6/O[0]
                         net (fo=1, routed)           0.814    17.369    U1/U1/data2[22]
    SLICE_X38Y65         LUT6 (Prop_lut6_I5_O)        0.299    17.668 r  U1/U1/U4_i_595/O
                         net (fo=1, routed)           0.680    18.348    U1/U1/U4_i_595_n_1
    SLICE_X38Y65         LUT2 (Prop_lut2_I1_O)        0.124    18.472 r  U1/U1/U4_i_197/O
                         net (fo=1, routed)           0.939    19.411    U1/U2/Regs/MEPC_reg[28]_0
    SLICE_X40Y65         LUT6 (Prop_lut6_I1_O)        0.124    19.535 f  U1/U2/Regs/U4_i_36/O
                         net (fo=54, routed)          2.428    21.963    U4/addr_bus[28]
    SLICE_X14Y64         LUT6 (Prop_lut6_I4_O)        0.124    22.087 r  U4/Cpu_data4bus[31]_INST_0_i_2/O
                         net (fo=32, routed)          1.835    23.921    U4/Cpu_data4bus[31]_INST_0_i_2_n_0
    SLICE_X29Y69         LUT6 (Prop_lut6_I2_O)        0.124    24.045 r  U4/Cpu_data4bus[21]_INST_0/O
                         net (fo=2, routed)           0.944    24.989    U5/data6[21]
    SLICE_X33Y66         LUT6 (Prop_lut6_I1_O)        0.124    25.113 r  U5/Disp_num[21]_INST_0_i_2/O
                         net (fo=1, routed)           0.000    25.113    U5/Disp_num[21]_INST_0_i_2_n_0
    SLICE_X33Y66         MUXF7 (Prop_muxf7_I1_O)      0.245    25.358 r  U5/Disp_num[21]_INST_0/O
                         net (fo=1, routed)           0.954    26.312    U6/inst/U2/disp_num[21]
    SLICE_X28Y65         LUT6 (Prop_lut6_I3_O)        0.298    26.610 r  U6/inst/U2/XLXI_3_i_3/O
                         net (fo=1, routed)           0.000    26.610    U6/inst/U2/XLXI_3_i_3_n_0
    SLICE_X28Y65         MUXF7 (Prop_muxf7_I1_O)      0.217    26.827 r  U6/inst/U2/XLXI_3_i_1/O
                         net (fo=18, routed)          2.520    29.346    U6/inst/U2/hex[1]
    SLICE_X0Y82          LUT3 (Prop_lut3_I1_O)        0.299    29.645 r  U6/inst/U2/XLXI_21/O
                         net (fo=1, routed)           0.667    30.312    U6/inst/U2/XLXN_75
    SLICE_X0Y82          LUT4 (Prop_lut4_I0_O)        0.124    30.436 r  U6/inst/U2/XLXI_22/O
                         net (fo=1, routed)           0.447    30.883    U6/inst/U2/XLXN_209
    SLICE_X0Y78          LUT2 (Prop_lut2_I1_O)        0.124    31.007 r  U6/inst/U2/XLXI_48/O
                         net (fo=1, routed)           2.664    33.671    segment_OBUF[6]
    R10                  OBUF (Prop_obuf_I_O)         3.555    37.226 r  segment_OBUF[6]_inst/O
                         net (fo=0)                   0.000    37.226    segment[6]
    R10                                                               r  segment[6] (OUT)
  -------------------------------------------------------------------    -------------------

Slack:                    inf
  Source:                 U1/U2/PC/Q_reg[3]/C
                            (rising edge-triggered cell FDCE)
  Destination:            segment[2]
                            (output port)
  Path Group:             (none)
  Path Type:              Max at Slow Process Corner
  Data Path Delay:        37.109ns  (logic 8.613ns (23.209%)  route 28.497ns (76.791%))
  Logic Levels:           28  (CARRY4=8 FDCE=1 LUT2=3 LUT4=2 LUT5=3 LUT6=8 MUXF7=2 OBUF=1)

    Location             Delay type                Incr(ns)  Path(ns)    Netlist Resource(s)
  -------------------------------------------------------------------    -------------------
    SLICE_X33Y63         FDCE                         0.000     0.000 r  U1/U2/PC/Q_reg[3]/C
    SLICE_X33Y63         FDCE (Prop_fdce_C_Q)         0.456     0.456 r  U1/U2/PC/Q_reg[3]/Q
                         net (fo=37, routed)          2.108     2.564    U2/U0/synth_options.dist_mem_inst/gen_rom.rom_inst/a[1]
    SLICE_X31Y55         LUT6 (Prop_lut6_I5_O)        0.124     2.688 r  U2/U0/synth_options.dist_mem_inst/gen_rom.rom_inst/spo[20]_INST_0_i_1/O
                         net (fo=1, routed)           0.665     3.353    U2/U0/synth_options.dist_mem_inst/gen_rom.rom_inst/spo[20]_INST_0_i_1_n_1
    SLICE_X31Y55         LUT5 (Prop_lut5_I2_O)        0.124     3.477 r  U2/U0/synth_options.dist_mem_inst/gen_rom.rom_inst/spo[20]_INST_0/O
                         net (fo=264, routed)         6.375     9.853    U1/U2/Regs/spo[8]
    SLICE_X40Y71         LUT6 (Prop_lut6_I4_O)        0.124     9.977 f  U1/U2/Regs/res0__93_carry_i_19/O
                         net (fo=1, routed)           1.139    11.115    U1/U2/Regs/res0__93_carry_i_19_n_1
    SLICE_X43Y68         LUT6 (Prop_lut6_I5_O)        0.124    11.239 r  U1/U2/Regs/res0__93_carry_i_9/O
                         net (fo=2, routed)           0.670    11.909    U1/U2/Regs/res0__93_carry_i_9_n_1
    SLICE_X43Y68         LUT5 (Prop_lut5_I2_O)        0.124    12.033 r  U1/U2/Regs/res0__93_carry_i_1/O
                         net (fo=109, routed)         3.091    15.125    U1/U2/Regs/Q_reg[10][3]
    SLICE_X39Y59         LUT2 (Prop_lut2_I1_O)        0.124    15.249 r  U1/U2/Regs/res0_carry_i_5/O
                         net (fo=1, routed)           0.000    15.249    U1/U2/ALU/S[3]
    SLICE_X39Y59         CARRY4 (Prop_carry4_S[3]_CO[3])
                                                      0.401    15.650 r  U1/U2/ALU/res0_carry/CO[3]
                         net (fo=1, routed)           0.000    15.650    U1/U2/ALU/res0_carry_n_1
    SLICE_X39Y60         CARRY4 (Prop_carry4_CI_CO[3])
                                                      0.114    15.764 r  U1/U2/ALU/res0_carry__0/CO[3]
                         net (fo=1, routed)           0.000    15.764    U1/U2/ALU/res0_carry__0_n_1
    SLICE_X39Y61         CARRY4 (Prop_carry4_CI_CO[3])
                                                      0.114    15.878 r  U1/U2/ALU/res0_carry__1/CO[3]
                         net (fo=1, routed)           0.000    15.878    U1/U2/ALU/res0_carry__1_n_1
    SLICE_X39Y62         CARRY4 (Prop_carry4_CI_CO[3])
                                                      0.114    15.992 r  U1/U2/ALU/res0_carry__2/CO[3]
                         net (fo=1, routed)           0.000    15.992    U1/U2/ALU/res0_carry__2_n_1
    SLICE_X39Y63         CARRY4 (Prop_carry4_CI_CO[3])
                                                      0.114    16.106 r  U1/U2/ALU/res0_carry__3/CO[3]
                         net (fo=1, routed)           0.000    16.106    U1/U2/ALU/res0_carry__3_n_1
    SLICE_X39Y64         CARRY4 (Prop_carry4_CI_CO[3])
                                                      0.114    16.220 r  U1/U2/ALU/res0_carry__4/CO[3]
                         net (fo=1, routed)           0.000    16.220    U1/U2/ALU/res0_carry__4_n_1
    SLICE_X39Y65         CARRY4 (Prop_carry4_CI_CO[3])
                                                      0.114    16.334 r  U1/U2/ALU/res0_carry__5/CO[3]
                         net (fo=1, routed)           0.000    16.334    U1/U2/ALU/res0_carry__5_n_1
    SLICE_X39Y66         CARRY4 (Prop_carry4_CI_O[1])
                                                      0.334    16.668 f  U1/U2/ALU/res0_carry__6/O[1]
                         net (fo=1, routed)           0.295    16.963    U1/U1/data2[23]
    SLICE_X40Y66         LUT6 (Prop_lut6_I5_O)        0.303    17.266 r  U1/U1/U4_i_589/O
                         net (fo=1, routed)           0.825    18.090    U1/U1/U4_i_589_n_1
    SLICE_X40Y65         LUT2 (Prop_lut2_I1_O)        0.152    18.242 r  U1/U1/U4_i_191/O
                         net (fo=1, routed)           0.651    18.893    U1/U2/Regs/MEPC_reg[29]_0
    SLICE_X43Y65         LUT6 (Prop_lut6_I1_O)        0.326    19.219 f  U1/U2/Regs/U4_i_35/O
                         net (fo=86, routed)          3.049    22.268    U4/addr_bus[29]
    SLICE_X14Y64         LUT5 (Prop_lut5_I1_O)        0.124    22.392 r  U4/Cpu_data4bus[31]_INST_0_i_1/O
                         net (fo=32, routed)          1.303    23.695    U4/Cpu_data4bus[31]_INST_0_i_1_n_0
    SLICE_X15Y69         LUT6 (Prop_lut6_I0_O)        0.124    23.819 r  U4/Cpu_data4bus[30]_INST_0/O
                         net (fo=2, routed)           0.958    24.777    U5/data6[30]
    SLICE_X28Y69         LUT6 (Prop_lut6_I1_O)        0.124    24.901 r  U5/Disp_num[30]_INST_0_i_2/O
                         net (fo=1, routed)           0.000    24.901    U5/Disp_num[30]_INST_0_i_2_n_0
    SLICE_X28Y69         MUXF7 (Prop_muxf7_I1_O)      0.217    25.118 r  U5/Disp_num[30]_INST_0/O
                         net (fo=1, routed)           1.121    26.240    U6/inst/U2/disp_num[30]
    SLICE_X31Y66         LUT6 (Prop_lut6_I0_O)        0.299    26.539 r  U6/inst/U2/XLXI_2_i_3/O
                         net (fo=1, routed)           0.000    26.539    U6/inst/U2/XLXI_2_i_3_n_0
    SLICE_X31Y66         MUXF7 (Prop_muxf7_I1_O)      0.217    26.756 r  U6/inst/U2/XLXI_2_i_1/O
                         net (fo=18, routed)          2.319    29.075    U6/inst/U2/hex[2]
    SLICE_X0Y80          LUT4 (Prop_lut4_I2_O)        0.299    29.374 r  U6/inst/U2/XLXI_7/O
                         net (fo=2, routed)           0.960    30.333    U6/inst/U2/XLXN_27
    SLICE_X0Y79          LUT4 (Prop_lut4_I3_O)        0.124    30.457 r  U6/inst/U2/XLXI_41/O
                         net (fo=1, routed)           0.811    31.268    U6/inst/U2/XLXN_213
    SLICE_X0Y78          LUT2 (Prop_lut2_I1_O)        0.124    31.392 r  U6/inst/U2/XLXI_52/O
                         net (fo=1, routed)           2.156    33.549    segment_OBUF[2]
    T11                  OBUF (Prop_obuf_I_O)         3.561    37.109 r  segment_OBUF[2]_inst/O
                         net (fo=0)                   0.000    37.109    segment[2]
    T11                                                               r  segment[2] (OUT)
  -------------------------------------------------------------------    -------------------

Slack:                    inf
  Source:                 U1/U2/PC/Q_reg[3]/C
                            (rising edge-triggered cell FDCE)
  Destination:            segment[5]
                            (output port)
  Path Group:             (none)
  Path Type:              Max at Slow Process Corner
  Data Path Delay:        36.907ns  (logic 8.226ns (22.288%)  route 28.681ns (77.712%))
  Logic Levels:           28  (CARRY4=8 FDCE=1 LUT2=3 LUT3=1 LUT4=1 LUT5=2 LUT6=9 MUXF7=2 OBUF=1)

    Location             Delay type                Incr(ns)  Path(ns)    Netlist Resource(s)
  -------------------------------------------------------------------    -------------------
    SLICE_X33Y63         FDCE                         0.000     0.000 r  U1/U2/PC/Q_reg[3]/C
    SLICE_X33Y63         FDCE (Prop_fdce_C_Q)         0.456     0.456 r  U1/U2/PC/Q_reg[3]/Q
                         net (fo=37, routed)          2.108     2.564    U2/U0/synth_options.dist_mem_inst/gen_rom.rom_inst/a[1]
    SLICE_X31Y55         LUT6 (Prop_lut6_I5_O)        0.124     2.688 r  U2/U0/synth_options.dist_mem_inst/gen_rom.rom_inst/spo[20]_INST_0_i_1/O
                         net (fo=1, routed)           0.665     3.353    U2/U0/synth_options.dist_mem_inst/gen_rom.rom_inst/spo[20]_INST_0_i_1_n_1
    SLICE_X31Y55         LUT5 (Prop_lut5_I2_O)        0.124     3.477 r  U2/U0/synth_options.dist_mem_inst/gen_rom.rom_inst/spo[20]_INST_0/O
                         net (fo=264, routed)         6.375     9.853    U1/U2/Regs/spo[8]
    SLICE_X40Y71         LUT6 (Prop_lut6_I4_O)        0.124     9.977 f  U1/U2/Regs/res0__93_carry_i_19/O
                         net (fo=1, routed)           1.139    11.115    U1/U2/Regs/res0__93_carry_i_19_n_1
    SLICE_X43Y68         LUT6 (Prop_lut6_I5_O)        0.124    11.239 r  U1/U2/Regs/res0__93_carry_i_9/O
                         net (fo=2, routed)           0.670    11.909    U1/U2/Regs/res0__93_carry_i_9_n_1
    SLICE_X43Y68         LUT5 (Prop_lut5_I2_O)        0.124    12.033 r  U1/U2/Regs/res0__93_carry_i_1/O
                         net (fo=109, routed)         3.091    15.125    U1/U2/Regs/Q_reg[10][3]
    SLICE_X39Y59         LUT2 (Prop_lut2_I1_O)        0.124    15.249 r  U1/U2/Regs/res0_carry_i_5/O
                         net (fo=1, routed)           0.000    15.249    U1/U2/ALU/S[3]
    SLICE_X39Y59         CARRY4 (Prop_carry4_S[3]_CO[3])
                                                      0.401    15.650 r  U1/U2/ALU/res0_carry/CO[3]
                         net (fo=1, routed)           0.000    15.650    U1/U2/ALU/res0_carry_n_1
    SLICE_X39Y60         CARRY4 (Prop_carry4_CI_CO[3])
                                                      0.114    15.764 r  U1/U2/ALU/res0_carry__0/CO[3]
                         net (fo=1, routed)           0.000    15.764    U1/U2/ALU/res0_carry__0_n_1
    SLICE_X39Y61         CARRY4 (Prop_carry4_CI_CO[3])
                                                      0.114    15.878 r  U1/U2/ALU/res0_carry__1/CO[3]
                         net (fo=1, routed)           0.000    15.878    U1/U2/ALU/res0_carry__1_n_1
    SLICE_X39Y62         CARRY4 (Prop_carry4_CI_CO[3])
                                                      0.114    15.992 r  U1/U2/ALU/res0_carry__2/CO[3]
                         net (fo=1, routed)           0.000    15.992    U1/U2/ALU/res0_carry__2_n_1
    SLICE_X39Y63         CARRY4 (Prop_carry4_CI_CO[3])
                                                      0.114    16.106 r  U1/U2/ALU/res0_carry__3/CO[3]
                         net (fo=1, routed)           0.000    16.106    U1/U2/ALU/res0_carry__3_n_1
    SLICE_X39Y64         CARRY4 (Prop_carry4_CI_CO[3])
                                                      0.114    16.220 r  U1/U2/ALU/res0_carry__4/CO[3]
                         net (fo=1, routed)           0.000    16.220    U1/U2/ALU/res0_carry__4_n_1
    SLICE_X39Y65         CARRY4 (Prop_carry4_CI_CO[3])
                                                      0.114    16.334 r  U1/U2/ALU/res0_carry__5/CO[3]
                         net (fo=1, routed)           0.000    16.334    U1/U2/ALU/res0_carry__5_n_1
    SLICE_X39Y66         CARRY4 (Prop_carry4_CI_O[0])
                                                      0.222    16.556 f  U1/U2/ALU/res0_carry__6/O[0]
                         net (fo=1, routed)           0.814    17.369    U1/U1/data2[22]
    SLICE_X38Y65         LUT6 (Prop_lut6_I5_O)        0.299    17.668 r  U1/U1/U4_i_595/O
                         net (fo=1, routed)           0.680    18.348    U1/U1/U4_i_595_n_1
    SLICE_X38Y65         LUT2 (Prop_lut2_I1_O)        0.124    18.472 r  U1/U1/U4_i_197/O
                         net (fo=1, routed)           0.939    19.411    U1/U2/Regs/MEPC_reg[28]_0
    SLICE_X40Y65         LUT6 (Prop_lut6_I1_O)        0.124    19.535 f  U1/U2/Regs/U4_i_36/O
                         net (fo=54, routed)          2.428    21.963    U4/addr_bus[28]
    SLICE_X14Y64         LUT6 (Prop_lut6_I4_O)        0.124    22.087 r  U4/Cpu_data4bus[31]_INST_0_i_2/O
                         net (fo=32, routed)          1.835    23.921    U4/Cpu_data4bus[31]_INST_0_i_2_n_0
    SLICE_X29Y69         LUT6 (Prop_lut6_I2_O)        0.124    24.045 r  U4/Cpu_data4bus[21]_INST_0/O
                         net (fo=2, routed)           0.944    24.989    U5/data6[21]
    SLICE_X33Y66         LUT6 (Prop_lut6_I1_O)        0.124    25.113 r  U5/Disp_num[21]_INST_0_i_2/O
                         net (fo=1, routed)           0.000    25.113    U5/Disp_num[21]_INST_0_i_2_n_0
    SLICE_X33Y66         MUXF7 (Prop_muxf7_I1_O)      0.245    25.358 r  U5/Disp_num[21]_INST_0/O
                         net (fo=1, routed)           0.954    26.312    U6/inst/U2/disp_num[21]
    SLICE_X28Y65         LUT6 (Prop_lut6_I3_O)        0.298    26.610 r  U6/inst/U2/XLXI_3_i_3/O
                         net (fo=1, routed)           0.000    26.610    U6/inst/U2/XLXI_3_i_3_n_0
    SLICE_X28Y65         MUXF7 (Prop_muxf7_I1_O)      0.217    26.827 r  U6/inst/U2/XLXI_3_i_1/O
                         net (fo=18, routed)          2.303    29.129    U6/inst/U2/hex[1]
    SLICE_X1Y82          LUT4 (Prop_lut4_I1_O)        0.299    29.428 r  U6/inst/U2/XLXI_23/O
                         net (fo=1, routed)           0.670    30.099    U6/inst/U2/XLXN_111
    SLICE_X1Y82          LUT3 (Prop_lut3_I1_O)        0.124    30.223 r  U6/inst/U2/XLXI_26/O
                         net (fo=1, routed)           0.810    31.033    U6/inst/U2/XLXN_210
    SLICE_X0Y84          LUT2 (Prop_lut2_I1_O)        0.124    31.157 r  U6/inst/U2/XLXI_49/O
                         net (fo=1, routed)           2.257    33.414    segment_OBUF[5]
    K16                  OBUF (Prop_obuf_I_O)         3.493    36.907 r  segment_OBUF[5]_inst/O
                         net (fo=0)                   0.000    36.907    segment[5]
    K16                                                               r  segment[5] (OUT)
  -------------------------------------------------------------------    -------------------

Slack:                    inf
  Source:                 U1/U2/PC/Q_reg[3]/C
                            (rising edge-triggered cell FDCE)
  Destination:            segment[1]
                            (output port)
  Path Group:             (none)
  Path Type:              Max at Slow Process Corner
  Data Path Delay:        36.415ns  (logic 8.270ns (22.711%)  route 28.145ns (77.289%))
  Logic Levels:           28  (CARRY4=8 FDCE=1 LUT2=3 LUT3=1 LUT4=1 LUT5=2 LUT6=9 MUXF7=2 OBUF=1)

    Location             Delay type                Incr(ns)  Path(ns)    Netlist Resource(s)
  -------------------------------------------------------------------    -------------------
    SLICE_X33Y63         FDCE                         0.000     0.000 r  U1/U2/PC/Q_reg[3]/C
    SLICE_X33Y63         FDCE (Prop_fdce_C_Q)         0.456     0.456 r  U1/U2/PC/Q_reg[3]/Q
                         net (fo=37, routed)          2.108     2.564    U2/U0/synth_options.dist_mem_inst/gen_rom.rom_inst/a[1]
    SLICE_X31Y55         LUT6 (Prop_lut6_I5_O)        0.124     2.688 r  U2/U0/synth_options.dist_mem_inst/gen_rom.rom_inst/spo[20]_INST_0_i_1/O
                         net (fo=1, routed)           0.665     3.353    U2/U0/synth_options.dist_mem_inst/gen_rom.rom_inst/spo[20]_INST_0_i_1_n_1
    SLICE_X31Y55         LUT5 (Prop_lut5_I2_O)        0.124     3.477 r  U2/U0/synth_options.dist_mem_inst/gen_rom.rom_inst/spo[20]_INST_0/O
                         net (fo=264, routed)         6.375     9.853    U1/U2/Regs/spo[8]
    SLICE_X40Y71         LUT6 (Prop_lut6_I4_O)        0.124     9.977 f  U1/U2/Regs/res0__93_carry_i_19/O
                         net (fo=1, routed)           1.139    11.115    U1/U2/Regs/res0__93_carry_i_19_n_1
    SLICE_X43Y68         LUT6 (Prop_lut6_I5_O)        0.124    11.239 r  U1/U2/Regs/res0__93_carry_i_9/O
                         net (fo=2, routed)           0.670    11.909    U1/U2/Regs/res0__93_carry_i_9_n_1
    SLICE_X43Y68         LUT5 (Prop_lut5_I2_O)        0.124    12.033 r  U1/U2/Regs/res0__93_carry_i_1/O
                         net (fo=109, routed)         3.091    15.125    U1/U2/Regs/Q_reg[10][3]
    SLICE_X39Y59         LUT2 (Prop_lut2_I1_O)        0.124    15.249 r  U1/U2/Regs/res0_carry_i_5/O
                         net (fo=1, routed)           0.000    15.249    U1/U2/ALU/S[3]
    SLICE_X39Y59         CARRY4 (Prop_carry4_S[3]_CO[3])
                                                      0.401    15.650 r  U1/U2/ALU/res0_carry/CO[3]
                         net (fo=1, routed)           0.000    15.650    U1/U2/ALU/res0_carry_n_1
    SLICE_X39Y60         CARRY4 (Prop_carry4_CI_CO[3])
                                                      0.114    15.764 r  U1/U2/ALU/res0_carry__0/CO[3]
                         net (fo=1, routed)           0.000    15.764    U1/U2/ALU/res0_carry__0_n_1
    SLICE_X39Y61         CARRY4 (Prop_carry4_CI_CO[3])
                                                      0.114    15.878 r  U1/U2/ALU/res0_carry__1/CO[3]
                         net (fo=1, routed)           0.000    15.878    U1/U2/ALU/res0_carry__1_n_1
    SLICE_X39Y62         CARRY4 (Prop_carry4_CI_CO[3])
                                                      0.114    15.992 r  U1/U2/ALU/res0_carry__2/CO[3]
                         net (fo=1, routed)           0.000    15.992    U1/U2/ALU/res0_carry__2_n_1
    SLICE_X39Y63         CARRY4 (Prop_carry4_CI_CO[3])
                                                      0.114    16.106 r  U1/U2/ALU/res0_carry__3/CO[3]
                         net (fo=1, routed)           0.000    16.106    U1/U2/ALU/res0_carry__3_n_1
    SLICE_X39Y64         CARRY4 (Prop_carry4_CI_CO[3])
                                                      0.114    16.220 r  U1/U2/ALU/res0_carry__4/CO[3]
                         net (fo=1, routed)           0.000    16.220    U1/U2/ALU/res0_carry__4_n_1
    SLICE_X39Y65         CARRY4 (Prop_carry4_CI_CO[3])
                                                      0.114    16.334 r  U1/U2/ALU/res0_carry__5/CO[3]
                         net (fo=1, routed)           0.000    16.334    U1/U2/ALU/res0_carry__5_n_1
    SLICE_X39Y66         CARRY4 (Prop_carry4_CI_O[0])
                                                      0.222    16.556 f  U1/U2/ALU/res0_carry__6/O[0]
                         net (fo=1, routed)           0.814    17.369    U1/U1/data2[22]
    SLICE_X38Y65         LUT6 (Prop_lut6_I5_O)        0.299    17.668 r  U1/U1/U4_i_595/O
                         net (fo=1, routed)           0.680    18.348    U1/U1/U4_i_595_n_1
    SLICE_X38Y65         LUT2 (Prop_lut2_I1_O)        0.124    18.472 r  U1/U1/U4_i_197/O
                         net (fo=1, routed)           0.939    19.411    U1/U2/Regs/MEPC_reg[28]_0
    SLICE_X40Y65         LUT6 (Prop_lut6_I1_O)        0.124    19.535 f  U1/U2/Regs/U4_i_36/O
                         net (fo=54, routed)          2.428    21.963    U4/addr_bus[28]
    SLICE_X14Y64         LUT6 (Prop_lut6_I4_O)        0.124    22.087 r  U4/Cpu_data4bus[31]_INST_0_i_2/O
                         net (fo=32, routed)          1.835    23.921    U4/Cpu_data4bus[31]_INST_0_i_2_n_0
    SLICE_X29Y69         LUT6 (Prop_lut6_I2_O)        0.124    24.045 r  U4/Cpu_data4bus[21]_INST_0/O
                         net (fo=2, routed)           0.944    24.989    U5/data6[21]
    SLICE_X33Y66         LUT6 (Prop_lut6_I1_O)        0.124    25.113 r  U5/Disp_num[21]_INST_0_i_2/O
                         net (fo=1, routed)           0.000    25.113    U5/Disp_num[21]_INST_0_i_2_n_0
    SLICE_X33Y66         MUXF7 (Prop_muxf7_I1_O)      0.245    25.358 r  U5/Disp_num[21]_INST_0/O
                         net (fo=1, routed)           0.954    26.312    U6/inst/U2/disp_num[21]
    SLICE_X28Y65         LUT6 (Prop_lut6_I3_O)        0.298    26.610 r  U6/inst/U2/XLXI_3_i_3/O
                         net (fo=1, routed)           0.000    26.610    U6/inst/U2/XLXI_3_i_3_n_0
    SLICE_X28Y65         MUXF7 (Prop_muxf7_I1_O)      0.217    26.827 r  U6/inst/U2/XLXI_3_i_1/O
                         net (fo=18, routed)          2.516    29.342    U6/inst/U2/hex[1]
    SLICE_X0Y83          LUT4 (Prop_lut4_I1_O)        0.299    29.641 r  U6/inst/U2/XLXI_43/O
                         net (fo=1, routed)           0.670    30.312    U6/inst/U2/XLXN_201
    SLICE_X0Y83          LUT3 (Prop_lut3_I1_O)        0.124    30.436 r  U6/inst/U2/XLXI_46/O
                         net (fo=1, routed)           0.302    30.738    U6/inst/U2/XLXN_214
    SLICE_X0Y84          LUT2 (Prop_lut2_I1_O)        0.124    30.862 r  U6/inst/U2/XLXI_53/O
                         net (fo=1, routed)           2.016    32.878    segment_OBUF[1]
    L18                  OBUF (Prop_obuf_I_O)         3.537    36.415 r  segment_OBUF[1]_inst/O
                         net (fo=0)                   0.000    36.415    segment[1]
    L18                                                               r  segment[1] (OUT)
  -------------------------------------------------------------------    -------------------

Slack:                    inf
  Source:                 U1/U2/PC/Q_reg[3]/C
                            (rising edge-triggered cell FDCE)
  Destination:            segment[3]
                            (output port)
  Path Group:             (none)
  Path Type:              Max at Slow Process Corner
  Data Path Delay:        35.986ns  (logic 8.267ns (22.971%)  route 27.720ns (77.029%))
  Logic Levels:           28  (CARRY4=8 FDCE=1 LUT2=3 LUT3=2 LUT5=2 LUT6=9 MUXF7=2 OBUF=1)

    Location             Delay type                Incr(ns)  Path(ns)    Netlist Resource(s)
  -------------------------------------------------------------------    -------------------
    SLICE_X33Y63         FDCE                         0.000     0.000 r  U1/U2/PC/Q_reg[3]/C
    SLICE_X33Y63         FDCE (Prop_fdce_C_Q)         0.456     0.456 r  U1/U2/PC/Q_reg[3]/Q
                         net (fo=37, routed)          2.108     2.564    U2/U0/synth_options.dist_mem_inst/gen_rom.rom_inst/a[1]
    SLICE_X31Y55         LUT6 (Prop_lut6_I5_O)        0.124     2.688 r  U2/U0/synth_options.dist_mem_inst/gen_rom.rom_inst/spo[20]_INST_0_i_1/O
                         net (fo=1, routed)           0.665     3.353    U2/U0/synth_options.dist_mem_inst/gen_rom.rom_inst/spo[20]_INST_0_i_1_n_1
    SLICE_X31Y55         LUT5 (Prop_lut5_I2_O)        0.124     3.477 r  U2/U0/synth_options.dist_mem_inst/gen_rom.rom_inst/spo[20]_INST_0/O
                         net (fo=264, routed)         6.375     9.853    U1/U2/Regs/spo[8]
    SLICE_X40Y71         LUT6 (Prop_lut6_I4_O)        0.124     9.977 f  U1/U2/Regs/res0__93_carry_i_19/O
                         net (fo=1, routed)           1.139    11.115    U1/U2/Regs/res0__93_carry_i_19_n_1
    SLICE_X43Y68         LUT6 (Prop_lut6_I5_O)        0.124    11.239 r  U1/U2/Regs/res0__93_carry_i_9/O
                         net (fo=2, routed)           0.670    11.909    U1/U2/Regs/res0__93_carry_i_9_n_1
    SLICE_X43Y68         LUT5 (Prop_lut5_I2_O)        0.124    12.033 r  U1/U2/Regs/res0__93_carry_i_1/O
                         net (fo=109, routed)         3.091    15.125    U1/U2/Regs/Q_reg[10][3]
    SLICE_X39Y59         LUT2 (Prop_lut2_I1_O)        0.124    15.249 r  U1/U2/Regs/res0_carry_i_5/O
                         net (fo=1, routed)           0.000    15.249    U1/U2/ALU/S[3]
    SLICE_X39Y59         CARRY4 (Prop_carry4_S[3]_CO[3])
                                                      0.401    15.650 r  U1/U2/ALU/res0_carry/CO[3]
                         net (fo=1, routed)           0.000    15.650    U1/U2/ALU/res0_carry_n_1
    SLICE_X39Y60         CARRY4 (Prop_carry4_CI_CO[3])
                                                      0.114    15.764 r  U1/U2/ALU/res0_carry__0/CO[3]
                         net (fo=1, routed)           0.000    15.764    U1/U2/ALU/res0_carry__0_n_1
    SLICE_X39Y61         CARRY4 (Prop_carry4_CI_CO[3])
                                                      0.114    15.878 r  U1/U2/ALU/res0_carry__1/CO[3]
                         net (fo=1, routed)           0.000    15.878    U1/U2/ALU/res0_carry__1_n_1
    SLICE_X39Y62         CARRY4 (Prop_carry4_CI_CO[3])
                                                      0.114    15.992 r  U1/U2/ALU/res0_carry__2/CO[3]
                         net (fo=1, routed)           0.000    15.992    U1/U2/ALU/res0_carry__2_n_1
    SLICE_X39Y63         CARRY4 (Prop_carry4_CI_CO[3])
                                                      0.114    16.106 r  U1/U2/ALU/res0_carry__3/CO[3]
                         net (fo=1, routed)           0.000    16.106    U1/U2/ALU/res0_carry__3_n_1
    SLICE_X39Y64         CARRY4 (Prop_carry4_CI_CO[3])
                                                      0.114    16.220 r  U1/U2/ALU/res0_carry__4/CO[3]
                         net (fo=1, routed)           0.000    16.220    U1/U2/ALU/res0_carry__4_n_1
    SLICE_X39Y65         CARRY4 (Prop_carry4_CI_CO[3])
                                                      0.114    16.334 r  U1/U2/ALU/res0_carry__5/CO[3]
                         net (fo=1, routed)           0.000    16.334    U1/U2/ALU/res0_carry__5_n_1
    SLICE_X39Y66         CARRY4 (Prop_carry4_CI_O[0])
                                                      0.222    16.556 r  U1/U2/ALU/res0_carry__6/O[0]
                         net (fo=1, routed)           0.814    17.369    U1/U1/data2[22]
    SLICE_X38Y65         LUT6 (Prop_lut6_I5_O)        0.299    17.668 f  U1/U1/U4_i_595/O
                         net (fo=1, routed)           0.680    18.348    U1/U1/U4_i_595_n_1
    SLICE_X38Y65         LUT2 (Prop_lut2_I1_O)        0.124    18.472 f  U1/U1/U4_i_197/O
                         net (fo=1, routed)           0.939    19.411    U1/U2/Regs/MEPC_reg[28]_0
    SLICE_X40Y65         LUT6 (Prop_lut6_I1_O)        0.124    19.535 r  U1/U2/Regs/U4_i_36/O
                         net (fo=54, routed)          2.428    21.963    U4/addr_bus[28]
    SLICE_X14Y64         LUT6 (Prop_lut6_I4_O)        0.124    22.087 f  U4/Cpu_data4bus[31]_INST_0_i_2/O
                         net (fo=32, routed)          1.835    23.921    U4/Cpu_data4bus[31]_INST_0_i_2_n_0
    SLICE_X29Y69         LUT6 (Prop_lut6_I2_O)        0.124    24.045 f  U4/Cpu_data4bus[21]_INST_0/O
                         net (fo=2, routed)           0.944    24.989    U5/data6[21]
    SLICE_X33Y66         LUT6 (Prop_lut6_I1_O)        0.124    25.113 f  U5/Disp_num[21]_INST_0_i_2/O
                         net (fo=1, routed)           0.000    25.113    U5/Disp_num[21]_INST_0_i_2_n_0
    SLICE_X33Y66         MUXF7 (Prop_muxf7_I1_O)      0.245    25.358 f  U5/Disp_num[21]_INST_0/O
                         net (fo=1, routed)           0.954    26.312    U6/inst/U2/disp_num[21]
    SLICE_X28Y65         LUT6 (Prop_lut6_I3_O)        0.298    26.610 f  U6/inst/U2/XLXI_3_i_3/O
                         net (fo=1, routed)           0.000    26.610    U6/inst/U2/XLXI_3_i_3_n_0
    SLICE_X28Y65         MUXF7 (Prop_muxf7_I1_O)      0.217    26.827 f  U6/inst/U2/XLXI_3_i_1/O
                         net (fo=18, routed)          1.999    28.826    U6/inst/U2/hex[1]
    SLICE_X1Y78          LUT3 (Prop_lut3_I0_O)        0.299    29.125 r  U6/inst/U2/XLXI_30/O
                         net (fo=1, routed)           0.665    29.790    U6/inst/U2/XLXN_171
    SLICE_X1Y78          LUT3 (Prop_lut3_I1_O)        0.124    29.914 r  U6/inst/U2/XLXI_36/O
                         net (fo=1, routed)           0.664    30.578    U6/inst/U2/XLXN_212
    SLICE_X0Y78          LUT2 (Prop_lut2_I1_O)        0.124    30.702 r  U6/inst/U2/XLXI_51/O
                         net (fo=1, routed)           1.751    32.453    segment_OBUF[3]
    P15                  OBUF (Prop_obuf_I_O)         3.534    35.986 r  segment_OBUF[3]_inst/O
                         net (fo=0)                   0.000    35.986    segment[3]
    P15                                                               r  segment[3] (OUT)
  -------------------------------------------------------------------    -------------------

Slack:                    inf
  Source:                 U11/vga_controller/v_count_reg[2]/C
                            (rising edge-triggered cell FDRE)
  Destination:            Green[0]
                            (output port)
  Path Group:             (none)
  Path Type:              Max at Slow Process Corner
  Data Path Delay:        35.631ns  (logic 8.623ns (24.201%)  route 27.008ns (75.799%))
  Logic Levels:           24  (CARRY4=3 FDRE=1 LUT2=2 LUT4=2 LUT5=2 LUT6=8 MUXF7=2 MUXF8=2 OBUF=1 RAMD64E=1)

    Location             Delay type                Incr(ns)  Path(ns)    Netlist Resource(s)
  -------------------------------------------------------------------    -------------------
    SLICE_X37Y92         FDRE                         0.000     0.000 r  U11/vga_controller/v_count_reg[2]/C
    SLICE_X37Y92         FDRE (Prop_fdre_C_Q)         0.419     0.419 r  U11/vga_controller/v_count_reg[2]/Q
                         net (fo=17, routed)          1.062     1.481    U11/vga_controller/v_count_reg_n_1_[2]
    SLICE_X33Y92         LUT6 (Prop_lut6_I2_O)        0.299     1.780 r  U11/vga_controller/vs_i_2/O
                         net (fo=2, routed)           0.321     2.101    U11/vga_controller/vs_i_2_n_1
    SLICE_X34Y92         LUT6 (Prop_lut6_I5_O)        0.124     2.225 f  U11/vga_controller/Blue_OBUF[3]_inst_i_8/O
                         net (fo=2, routed)           1.376     3.601    U11/vga_controller/Blue_OBUF[3]_inst_i_8_n_1
    SLICE_X33Y89         LUT5 (Prop_lut5_I4_O)        0.124     3.725 r  U11/vga_controller/Blue_OBUF[3]_inst_i_2/O
                         net (fo=33, routed)          1.019     4.745    U11/vga_controller/h_count_reg[8]_0
    SLICE_X34Y92         LUT6 (Prop_lut6_I0_O)        0.124     4.869 r  U11/vga_controller/display_data_reg_0_63_0_2_i_17/O
                         net (fo=10, routed)          0.658     5.526    U11/vga_display/C__0[1]
    SLICE_X35Y89         LUT4 (Prop_lut4_I0_O)        0.124     5.650 r  U11/vga_display/display_data_reg_0_63_0_2_i_20/O
                         net (fo=1, routed)           0.000     5.650    U11/vga_controller/S[0]
    SLICE_X35Y89         CARRY4 (Prop_carry4_S[1]_O[1])
                                                      0.227     5.877 r  U11/vga_controller/display_data_reg_0_63_0_2_i_5/O[1]
                         net (fo=446, routed)         5.151    11.029    U11/vga_display/display_data_reg_2880_2943_0_2/ADDRB4
    SLICE_X34Y70         RAMD64E (Prop_ramd64e_RADR4_O)
                                                      0.303    11.332 r  U11/vga_display/display_data_reg_2880_2943_0_2/RAMB/O
                         net (fo=1, routed)           1.175    12.507    U11/vga_display/display_data_reg_2880_2943_0_2_n_2
    SLICE_X33Y72         LUT6 (Prop_lut6_I3_O)        0.124    12.631 r  U11/vga_display/text_ascii_carry_i_107/O
                         net (fo=1, routed)           0.000    12.631    U11/vga_display/text_ascii_carry_i_107_n_1
    SLICE_X33Y72         MUXF7 (Prop_muxf7_I1_O)      0.217    12.848 r  U11/vga_display/text_ascii_carry_i_53/O
                         net (fo=1, routed)           0.000    12.848    U11/vga_display/text_ascii_carry_i_53_n_1
    SLICE_X33Y72         MUXF8 (Prop_muxf8_I1_O)      0.094    12.942 r  U11/vga_display/text_ascii_carry_i_20/O
                         net (fo=1, routed)           1.223    14.165    U11/vga_display/text_ascii_carry_i_20_n_1
    SLICE_X37Y83         LUT6 (Prop_lut6_I1_O)        0.316    14.481 r  U11/vga_display/text_ascii_carry_i_3/O
                         net (fo=2, routed)           0.810    15.291    U11/vga_display/text_ascii0[1]
    SLICE_X36Y85         LUT2 (Prop_lut2_I0_O)        0.124    15.415 r  U11/vga_display/text_ascii_carry_i_7/O
                         net (fo=1, routed)           0.000    15.415    U11/vga_display/text_ascii_carry_i_7_n_1
    SLICE_X36Y85         CARRY4 (Prop_carry4_S[1]_O[2])
                                                      0.580    15.995 r  U11/vga_display/text_ascii_carry/O[2]
                         net (fo=2, routed)           1.111    17.105    U11/vga_display/font_addr0[2]
    SLICE_X36Y90         LUT2 (Prop_lut2_I0_O)        0.302    17.407 r  U11/vga_display/Blue_OBUF[3]_inst_i_107/O
                         net (fo=1, routed)           0.000    17.407    U11/vga_display/Blue_OBUF[3]_inst_i_107_n_1
    SLICE_X36Y90         CARRY4 (Prop_carry4_S[3]_O[3])
                                                      0.248    17.655 r  U11/vga_display/Blue_OBUF[3]_inst_i_38/O[3]
                         net (fo=395, routed)         3.816    21.471    U11/vga_controller/O[3]
    SLICE_X44Y102        LUT4 (Prop_lut4_I1_O)        0.306    21.777 r  U11/vga_controller/Blue_OBUF[3]_inst_i_618/O
                         net (fo=1, routed)           0.797    22.574    U11/vga_display/Blue_OBUF[3]_inst_i_168_0
    SLICE_X43Y101        LUT6 (Prop_lut6_I0_O)        0.124    22.698 r  U11/vga_display/Blue_OBUF[3]_inst_i_403/O
                         net (fo=1, routed)           1.127    23.825    U11/vga_display/Blue_OBUF[3]_inst_i_403_n_1
    SLICE_X37Y101        LUT6 (Prop_lut6_I3_O)        0.124    23.949 r  U11/vga_display/Blue_OBUF[3]_inst_i_168/O
                         net (fo=1, routed)           0.000    23.949    U11/vga_display/Blue_OBUF[3]_inst_i_168_n_1
    SLICE_X37Y101        MUXF7 (Prop_muxf7_I0_O)      0.238    24.187 r  U11/vga_display/Blue_OBUF[3]_inst_i_57/O
                         net (fo=1, routed)           0.000    24.187    U11/vga_display/Blue_OBUF[3]_inst_i_57_n_1
    SLICE_X37Y101        MUXF8 (Prop_muxf8_I0_O)      0.104    24.291 r  U11/vga_display/Blue_OBUF[3]_inst_i_19/O
                         net (fo=1, routed)           1.003    25.294    U11/vga_display/font_data[4]
    SLICE_X39Y97         LUT5 (Prop_lut5_I4_O)        0.316    25.610 f  U11/vga_display/Blue_OBUF[3]_inst_i_6/O
                         net (fo=1, routed)           0.552    26.162    U11/vga_display/Blue_OBUF[3]_inst_i_6_n_1
    SLICE_X43Y99         LUT6 (Prop_lut6_I5_O)        0.124    26.286 r  U11/vga_display/Blue_OBUF[3]_inst_i_1/O
                         net (fo=12, routed)          5.807    32.093    Red_OBUF[0]
    C6                   OBUF (Prop_obuf_I_O)         3.538    35.631 r  Green_OBUF[0]_inst/O
                         net (fo=0)                   0.000    35.631    Green[0]
    C6                                                                r  Green[0] (OUT)
  -------------------------------------------------------------------    -------------------

Slack:                    inf
  Source:                 U11/vga_controller/v_count_reg[2]/C
                            (rising edge-triggered cell FDRE)
  Destination:            Red[2]
                            (output port)
  Path Group:             (none)
  Path Type:              Max at Slow Process Corner
  Data Path Delay:        35.487ns  (logic 8.620ns (24.291%)  route 26.867ns (75.709%))
  Logic Levels:           24  (CARRY4=3 FDRE=1 LUT2=2 LUT4=2 LUT5=2 LUT6=8 MUXF7=2 MUXF8=2 OBUF=1 RAMD64E=1)

    Location             Delay type                Incr(ns)  Path(ns)    Netlist Resource(s)
  -------------------------------------------------------------------    -------------------
    SLICE_X37Y92         FDRE                         0.000     0.000 r  U11/vga_controller/v_count_reg[2]/C
    SLICE_X37Y92         FDRE (Prop_fdre_C_Q)         0.419     0.419 r  U11/vga_controller/v_count_reg[2]/Q
                         net (fo=17, routed)          1.062     1.481    U11/vga_controller/v_count_reg_n_1_[2]
    SLICE_X33Y92         LUT6 (Prop_lut6_I2_O)        0.299     1.780 r  U11/vga_controller/vs_i_2/O
                         net (fo=2, routed)           0.321     2.101    U11/vga_controller/vs_i_2_n_1
    SLICE_X34Y92         LUT6 (Prop_lut6_I5_O)        0.124     2.225 f  U11/vga_controller/Blue_OBUF[3]_inst_i_8/O
                         net (fo=2, routed)           1.376     3.601    U11/vga_controller/Blue_OBUF[3]_inst_i_8_n_1
    SLICE_X33Y89         LUT5 (Prop_lut5_I4_O)        0.124     3.725 r  U11/vga_controller/Blue_OBUF[3]_inst_i_2/O
                         net (fo=33, routed)          1.019     4.745    U11/vga_controller/h_count_reg[8]_0
    SLICE_X34Y92         LUT6 (Prop_lut6_I0_O)        0.124     4.869 r  U11/vga_controller/display_data_reg_0_63_0_2_i_17/O
                         net (fo=10, routed)          0.658     5.526    U11/vga_display/C__0[1]
    SLICE_X35Y89         LUT4 (Prop_lut4_I0_O)        0.124     5.650 r  U11/vga_display/display_data_reg_0_63_0_2_i_20/O
                         net (fo=1, routed)           0.000     5.650    U11/vga_controller/S[0]
    SLICE_X35Y89         CARRY4 (Prop_carry4_S[1]_O[1])
                                                      0.227     5.877 r  U11/vga_controller/display_data_reg_0_63_0_2_i_5/O[1]
                         net (fo=446, routed)         5.151    11.029    U11/vga_display/display_data_reg_2880_2943_0_2/ADDRB4
    SLICE_X34Y70         RAMD64E (Prop_ramd64e_RADR4_O)
                                                      0.303    11.332 r  U11/vga_display/display_data_reg_2880_2943_0_2/RAMB/O
                         net (fo=1, routed)           1.175    12.507    U11/vga_display/display_data_reg_2880_2943_0_2_n_2
    SLICE_X33Y72         LUT6 (Prop_lut6_I3_O)        0.124    12.631 r  U11/vga_display/text_ascii_carry_i_107/O
                         net (fo=1, routed)           0.000    12.631    U11/vga_display/text_ascii_carry_i_107_n_1
    SLICE_X33Y72         MUXF7 (Prop_muxf7_I1_O)      0.217    12.848 r  U11/vga_display/text_ascii_carry_i_53/O
                         net (fo=1, routed)           0.000    12.848    U11/vga_display/text_ascii_carry_i_53_n_1
    SLICE_X33Y72         MUXF8 (Prop_muxf8_I1_O)      0.094    12.942 r  U11/vga_display/text_ascii_carry_i_20/O
                         net (fo=1, routed)           1.223    14.165    U11/vga_display/text_ascii_carry_i_20_n_1
    SLICE_X37Y83         LUT6 (Prop_lut6_I1_O)        0.316    14.481 r  U11/vga_display/text_ascii_carry_i_3/O
                         net (fo=2, routed)           0.810    15.291    U11/vga_display/text_ascii0[1]
    SLICE_X36Y85         LUT2 (Prop_lut2_I0_O)        0.124    15.415 r  U11/vga_display/text_ascii_carry_i_7/O
                         net (fo=1, routed)           0.000    15.415    U11/vga_display/text_ascii_carry_i_7_n_1
    SLICE_X36Y85         CARRY4 (Prop_carry4_S[1]_O[2])
                                                      0.580    15.995 r  U11/vga_display/text_ascii_carry/O[2]
                         net (fo=2, routed)           1.111    17.105    U11/vga_display/font_addr0[2]
    SLICE_X36Y90         LUT2 (Prop_lut2_I0_O)        0.302    17.407 r  U11/vga_display/Blue_OBUF[3]_inst_i_107/O
                         net (fo=1, routed)           0.000    17.407    U11/vga_display/Blue_OBUF[3]_inst_i_107_n_1
    SLICE_X36Y90         CARRY4 (Prop_carry4_S[3]_O[3])
                                                      0.248    17.655 r  U11/vga_display/Blue_OBUF[3]_inst_i_38/O[3]
                         net (fo=395, routed)         3.816    21.471    U11/vga_controller/O[3]
    SLICE_X44Y102        LUT4 (Prop_lut4_I1_O)        0.306    21.777 r  U11/vga_controller/Blue_OBUF[3]_inst_i_618/O
                         net (fo=1, routed)           0.797    22.574    U11/vga_display/Blue_OBUF[3]_inst_i_168_0
    SLICE_X43Y101        LUT6 (Prop_lut6_I0_O)        0.124    22.698 r  U11/vga_display/Blue_OBUF[3]_inst_i_403/O
                         net (fo=1, routed)           1.127    23.825    U11/vga_display/Blue_OBUF[3]_inst_i_403_n_1
    SLICE_X37Y101        LUT6 (Prop_lut6_I3_O)        0.124    23.949 r  U11/vga_display/Blue_OBUF[3]_inst_i_168/O
                         net (fo=1, routed)           0.000    23.949    U11/vga_display/Blue_OBUF[3]_inst_i_168_n_1
    SLICE_X37Y101        MUXF7 (Prop_muxf7_I0_O)      0.238    24.187 r  U11/vga_display/Blue_OBUF[3]_inst_i_57/O
                         net (fo=1, routed)           0.000    24.187    U11/vga_display/Blue_OBUF[3]_inst_i_57_n_1
    SLICE_X37Y101        MUXF8 (Prop_muxf8_I0_O)      0.104    24.291 r  U11/vga_display/Blue_OBUF[3]_inst_i_19/O
                         net (fo=1, routed)           1.003    25.294    U11/vga_display/font_data[4]
    SLICE_X39Y97         LUT5 (Prop_lut5_I4_O)        0.316    25.610 f  U11/vga_display/Blue_OBUF[3]_inst_i_6/O
                         net (fo=1, routed)           0.552    26.162    U11/vga_display/Blue_OBUF[3]_inst_i_6_n_1
    SLICE_X43Y99         LUT6 (Prop_lut6_I5_O)        0.124    26.286 r  U11/vga_display/Blue_OBUF[3]_inst_i_1/O
                         net (fo=12, routed)          5.666    31.952    Red_OBUF[0]
    C5                   OBUF (Prop_obuf_I_O)         3.535    35.487 r  Red_OBUF[2]_inst/O
                         net (fo=0)                   0.000    35.487    Red[2]
    C5                                                                r  Red[2] (OUT)
  -------------------------------------------------------------------    -------------------

Slack:                    inf
  Source:                 U11/vga_controller/v_count_reg[2]/C
                            (rising edge-triggered cell FDRE)
  Destination:            Blue[0]
                            (output port)
  Path Group:             (none)
  Path Type:              Max at Slow Process Corner
  Data Path Delay:        35.348ns  (logic 8.632ns (24.420%)  route 26.716ns (75.580%))
  Logic Levels:           24  (CARRY4=3 FDRE=1 LUT2=2 LUT4=2 LUT5=2 LUT6=8 MUXF7=2 MUXF8=2 OBUF=1 RAMD64E=1)

    Location             Delay type                Incr(ns)  Path(ns)    Netlist Resource(s)
  -------------------------------------------------------------------    -------------------
    SLICE_X37Y92         FDRE                         0.000     0.000 r  U11/vga_controller/v_count_reg[2]/C
    SLICE_X37Y92         FDRE (Prop_fdre_C_Q)         0.419     0.419 r  U11/vga_controller/v_count_reg[2]/Q
                         net (fo=17, routed)          1.062     1.481    U11/vga_controller/v_count_reg_n_1_[2]
    SLICE_X33Y92         LUT6 (Prop_lut6_I2_O)        0.299     1.780 r  U11/vga_controller/vs_i_2/O
                         net (fo=2, routed)           0.321     2.101    U11/vga_controller/vs_i_2_n_1
    SLICE_X34Y92         LUT6 (Prop_lut6_I5_O)        0.124     2.225 f  U11/vga_controller/Blue_OBUF[3]_inst_i_8/O
                         net (fo=2, routed)           1.376     3.601    U11/vga_controller/Blue_OBUF[3]_inst_i_8_n_1
    SLICE_X33Y89         LUT5 (Prop_lut5_I4_O)        0.124     3.725 r  U11/vga_controller/Blue_OBUF[3]_inst_i_2/O
                         net (fo=33, routed)          1.019     4.745    U11/vga_controller/h_count_reg[8]_0
    SLICE_X34Y92         LUT6 (Prop_lut6_I0_O)        0.124     4.869 r  U11/vga_controller/display_data_reg_0_63_0_2_i_17/O
                         net (fo=10, routed)          0.658     5.526    U11/vga_display/C__0[1]
    SLICE_X35Y89         LUT4 (Prop_lut4_I0_O)        0.124     5.650 r  U11/vga_display/display_data_reg_0_63_0_2_i_20/O
                         net (fo=1, routed)           0.000     5.650    U11/vga_controller/S[0]
    SLICE_X35Y89         CARRY4 (Prop_carry4_S[1]_O[1])
                                                      0.227     5.877 r  U11/vga_controller/display_data_reg_0_63_0_2_i_5/O[1]
                         net (fo=446, routed)         5.151    11.029    U11/vga_display/display_data_reg_2880_2943_0_2/ADDRB4
    SLICE_X34Y70         RAMD64E (Prop_ramd64e_RADR4_O)
                                                      0.303    11.332 r  U11/vga_display/display_data_reg_2880_2943_0_2/RAMB/O
                         net (fo=1, routed)           1.175    12.507    U11/vga_display/display_data_reg_2880_2943_0_2_n_2
    SLICE_X33Y72         LUT6 (Prop_lut6_I3_O)        0.124    12.631 r  U11/vga_display/text_ascii_carry_i_107/O
                         net (fo=1, routed)           0.000    12.631    U11/vga_display/text_ascii_carry_i_107_n_1
    SLICE_X33Y72         MUXF7 (Prop_muxf7_I1_O)      0.217    12.848 r  U11/vga_display/text_ascii_carry_i_53/O
                         net (fo=1, routed)           0.000    12.848    U11/vga_display/text_ascii_carry_i_53_n_1
    SLICE_X33Y72         MUXF8 (Prop_muxf8_I1_O)      0.094    12.942 r  U11/vga_display/text_ascii_carry_i_20/O
                         net (fo=1, routed)           1.223    14.165    U11/vga_display/text_ascii_carry_i_20_n_1
    SLICE_X37Y83         LUT6 (Prop_lut6_I1_O)        0.316    14.481 r  U11/vga_display/text_ascii_carry_i_3/O
                         net (fo=2, routed)           0.810    15.291    U11/vga_display/text_ascii0[1]
    SLICE_X36Y85         LUT2 (Prop_lut2_I0_O)        0.124    15.415 r  U11/vga_display/text_ascii_carry_i_7/O
                         net (fo=1, routed)           0.000    15.415    U11/vga_display/text_ascii_carry_i_7_n_1
    SLICE_X36Y85         CARRY4 (Prop_carry4_S[1]_O[2])
                                                      0.580    15.995 r  U11/vga_display/text_ascii_carry/O[2]
                         net (fo=2, routed)           1.111    17.105    U11/vga_display/font_addr0[2]
    SLICE_X36Y90         LUT2 (Prop_lut2_I0_O)        0.302    17.407 r  U11/vga_display/Blue_OBUF[3]_inst_i_107/O
                         net (fo=1, routed)           0.000    17.407    U11/vga_display/Blue_OBUF[3]_inst_i_107_n_1
    SLICE_X36Y90         CARRY4 (Prop_carry4_S[3]_O[3])
                                                      0.248    17.655 r  U11/vga_display/Blue_OBUF[3]_inst_i_38/O[3]
                         net (fo=395, routed)         3.816    21.471    U11/vga_controller/O[3]
    SLICE_X44Y102        LUT4 (Prop_lut4_I1_O)        0.306    21.777 r  U11/vga_controller/Blue_OBUF[3]_inst_i_618/O
                         net (fo=1, routed)           0.797    22.574    U11/vga_display/Blue_OBUF[3]_inst_i_168_0
    SLICE_X43Y101        LUT6 (Prop_lut6_I0_O)        0.124    22.698 r  U11/vga_display/Blue_OBUF[3]_inst_i_403/O
                         net (fo=1, routed)           1.127    23.825    U11/vga_display/Blue_OBUF[3]_inst_i_403_n_1
    SLICE_X37Y101        LUT6 (Prop_lut6_I3_O)        0.124    23.949 r  U11/vga_display/Blue_OBUF[3]_inst_i_168/O
                         net (fo=1, routed)           0.000    23.949    U11/vga_display/Blue_OBUF[3]_inst_i_168_n_1
    SLICE_X37Y101        MUXF7 (Prop_muxf7_I0_O)      0.238    24.187 r  U11/vga_display/Blue_OBUF[3]_inst_i_57/O
                         net (fo=1, routed)           0.000    24.187    U11/vga_display/Blue_OBUF[3]_inst_i_57_n_1
    SLICE_X37Y101        MUXF8 (Prop_muxf8_I0_O)      0.104    24.291 r  U11/vga_display/Blue_OBUF[3]_inst_i_19/O
                         net (fo=1, routed)           1.003    25.294    U11/vga_display/font_data[4]
    SLICE_X39Y97         LUT5 (Prop_lut5_I4_O)        0.316    25.610 f  U11/vga_display/Blue_OBUF[3]_inst_i_6/O
                         net (fo=1, routed)           0.552    26.162    U11/vga_display/Blue_OBUF[3]_inst_i_6_n_1
    SLICE_X43Y99         LUT6 (Prop_lut6_I5_O)        0.124    26.286 r  U11/vga_display/Blue_OBUF[3]_inst_i_1/O
                         net (fo=12, routed)          5.515    31.801    Red_OBUF[0]
    B7                   OBUF (Prop_obuf_I_O)         3.547    35.348 r  Blue_OBUF[0]_inst/O
                         net (fo=0)                   0.000    35.348    Blue[0]
    B7                                                                r  Blue[0] (OUT)
  -------------------------------------------------------------------    -------------------





Min Delay Paths
--------------------------------------------------------------------------------------
Slack:                    inf
  Source:                 U1/U2/RV_int_0/MEPC_reg[22]/C
                            (rising edge-triggered cell FDCE)
  Destination:            U1/U2/PC/Q_reg[22]/D
  Path Group:             (none)
  Path Type:              Min at Fast Process Corner
  Data Path Delay:        0.239ns  (logic 0.186ns (77.839%)  route 0.053ns (22.161%))
  Logic Levels:           2  (FDCE=1 LUT6=1)

    Location             Delay type                Incr(ns)  Path(ns)    Netlist Resource(s)
  -------------------------------------------------------------------    -------------------
    SLICE_X36Y67         FDCE                         0.000     0.000 r  U1/U2/RV_int_0/MEPC_reg[22]/C
    SLICE_X36Y67         FDCE (Prop_fdce_C_Q)         0.141     0.141 r  U1/U2/RV_int_0/MEPC_reg[22]/Q
                         net (fo=1, routed)           0.053     0.194    U1/U2/Regs/Q_reg[31]_0[15]
    SLICE_X37Y67         LUT6 (Prop_lut6_I5_O)        0.045     0.239 r  U1/U2/Regs/Q[22]_i_1/O
                         net (fo=1, routed)           0.000     0.239    U1/U2/PC/D[22]
    SLICE_X37Y67         FDCE                                         r  U1/U2/PC/Q_reg[22]/D
  -------------------------------------------------------------------    -------------------

Slack:                    inf
  Source:                 U1/U2/RV_int_0/MEPC_reg[19]/C
                            (rising edge-triggered cell FDCE)
  Destination:            U1/U2/PC/Q_reg[19]/D
  Path Group:             (none)
  Path Type:              Min at Fast Process Corner
  Data Path Delay:        0.240ns  (logic 0.186ns (77.515%)  route 0.054ns (22.485%))
  Logic Levels:           2  (FDCE=1 LUT6=1)

    Location             Delay type                Incr(ns)  Path(ns)    Netlist Resource(s)
  -------------------------------------------------------------------    -------------------
    SLICE_X32Y68         FDCE                         0.000     0.000 r  U1/U2/RV_int_0/MEPC_reg[19]/C
    SLICE_X32Y68         FDCE (Prop_fdce_C_Q)         0.141     0.141 r  U1/U2/RV_int_0/MEPC_reg[19]/Q
                         net (fo=1, routed)           0.054     0.195    U1/U2/Regs/Q_reg[31]_0[12]
    SLICE_X33Y68         LUT6 (Prop_lut6_I5_O)        0.045     0.240 r  U1/U2/Regs/Q[19]_i_1/O
                         net (fo=1, routed)           0.000     0.240    U1/U2/PC/D[19]
    SLICE_X33Y68         FDCE                                         r  U1/U2/PC/Q_reg[19]/D
  -------------------------------------------------------------------    -------------------

Slack:                    inf
  Source:                 U1/U2/RV_int_0/MEPC_reg[0]/C
                            (rising edge-triggered cell FDCE)
  Destination:            U1/U2/PC/Q_reg[0]/D
  Path Group:             (none)
  Path Type:              Min at Fast Process Corner
  Data Path Delay:        0.240ns  (logic 0.186ns (77.466%)  route 0.054ns (22.534%))
  Logic Levels:           2  (FDCE=1 LUT6=1)

    Location             Delay type                Incr(ns)  Path(ns)    Netlist Resource(s)
  -------------------------------------------------------------------    -------------------
    SLICE_X31Y61         FDCE                         0.000     0.000 r  U1/U2/RV_int_0/MEPC_reg[0]/C
    SLICE_X31Y61         FDCE (Prop_fdce_C_Q)         0.141     0.141 r  U1/U2/RV_int_0/MEPC_reg[0]/Q
                         net (fo=1, routed)           0.054     0.195    U1/U2/Regs/Q_reg[31]_0[0]
    SLICE_X30Y61         LUT6 (Prop_lut6_I5_O)        0.045     0.240 r  U1/U2/Regs/Q[0]_i_1/O
                         net (fo=1, routed)           0.000     0.240    U1/U2/PC/D[0]
    SLICE_X30Y61         FDCE                                         r  U1/U2/PC/Q_reg[0]/D
  -------------------------------------------------------------------    -------------------

Slack:                    inf
  Source:                 U1/U2/RV_int_0/MEPC_reg[13]/C
                            (rising edge-triggered cell FDCE)
  Destination:            U1/U2/PC/Q_reg[13]/D
  Path Group:             (none)
  Path Type:              Min at Fast Process Corner
  Data Path Delay:        0.244ns  (logic 0.186ns (76.126%)  route 0.058ns (23.874%))
  Logic Levels:           2  (FDCE=1 LUT6=1)

    Location             Delay type                Incr(ns)  Path(ns)    Netlist Resource(s)
  -------------------------------------------------------------------    -------------------
    SLICE_X33Y66         FDCE                         0.000     0.000 r  U1/U2/RV_int_0/MEPC_reg[13]/C
    SLICE_X33Y66         FDCE (Prop_fdce_C_Q)         0.141     0.141 r  U1/U2/RV_int_0/MEPC_reg[13]/Q
                         net (fo=1, routed)           0.058     0.199    U1/U2/Regs/Q_reg[31]_0[9]
    SLICE_X32Y66         LUT6 (Prop_lut6_I5_O)        0.045     0.244 r  U1/U2/Regs/Q[13]_i_1/O
                         net (fo=1, routed)           0.000     0.244    U1/U2/PC/D[13]
    SLICE_X32Y66         FDCE                                         r  U1/U2/PC/Q_reg[13]/D
  -------------------------------------------------------------------    -------------------

Slack:                    inf
  Source:                 U10/counter2_Lock_reg[16]/C
                            (rising edge-triggered cell FDCE)
  Destination:            U10/counter2_reg[16]/D
  Path Group:             (none)
  Path Type:              Min at Fast Process Corner
  Data Path Delay:        0.254ns  (logic 0.191ns (75.135%)  route 0.063ns (24.865%))
  Logic Levels:           2  (FDCE=1 LUT6=1)

    Location             Delay type                Incr(ns)  Path(ns)    Netlist Resource(s)
  -------------------------------------------------------------------    -------------------
    SLICE_X13Y70         FDCE                         0.000     0.000 r  U10/counter2_Lock_reg[16]/C
    SLICE_X13Y70         FDCE (Prop_fdce_C_Q)         0.146     0.146 r  U10/counter2_Lock_reg[16]/Q
                         net (fo=2, routed)           0.063     0.209    U10/counter2_Lock_reg_n_0_[16]
    SLICE_X12Y70         LUT6 (Prop_lut6_I3_O)        0.045     0.254 r  U10/counter2[16]_i_1/O
                         net (fo=1, routed)           0.000     0.254    U10/counter2[16]_i_1_n_0
    SLICE_X12Y70         FDCE                                         r  U10/counter2_reg[16]/D
  -------------------------------------------------------------------    -------------------

Slack:                    inf
  Source:                 U10/counter1_Lock_reg[1]/C
                            (rising edge-triggered cell FDCE)
  Destination:            U10/counter1_reg[0]/D
  Path Group:             (none)
  Path Type:              Min at Fast Process Corner
  Data Path Delay:        0.256ns  (logic 0.191ns (74.549%)  route 0.065ns (25.451%))
  Logic Levels:           2  (FDCE=1 LUT6=1)

    Location             Delay type                Incr(ns)  Path(ns)    Netlist Resource(s)
  -------------------------------------------------------------------    -------------------
    SLICE_X9Y67          FDCE                         0.000     0.000 r  U10/counter1_Lock_reg[1]/C
    SLICE_X9Y67          FDCE (Prop_fdce_C_Q)         0.146     0.146 r  U10/counter1_Lock_reg[1]/Q
                         net (fo=2, routed)           0.065     0.211    U10/counter1_Lock_reg_n_0_[1]
    SLICE_X8Y67          LUT6 (Prop_lut6_I4_O)        0.045     0.256 r  U10/counter1[0]_i_1/O
                         net (fo=1, routed)           0.000     0.256    U10/p_1_in[0]
    SLICE_X8Y67          FDCE                                         r  U10/counter1_reg[0]/D
  -------------------------------------------------------------------    -------------------

Slack:                    inf
  Source:                 U10/counter1_Lock_reg[2]/C
                            (rising edge-triggered cell FDCE)
  Destination:            U10/counter1_reg[2]/D
  Path Group:             (none)
  Path Type:              Min at Fast Process Corner
  Data Path Delay:        0.256ns  (logic 0.191ns (74.549%)  route 0.065ns (25.451%))
  Logic Levels:           2  (FDCE=1 LUT6=1)

    Location             Delay type                Incr(ns)  Path(ns)    Netlist Resource(s)
  -------------------------------------------------------------------    -------------------
    SLICE_X9Y67          FDCE                         0.000     0.000 r  U10/counter1_Lock_reg[2]/C
    SLICE_X9Y67          FDCE (Prop_fdce_C_Q)         0.146     0.146 r  U10/counter1_Lock_reg[2]/Q
                         net (fo=2, routed)           0.065     0.211    U10/counter1_Lock_reg_n_0_[2]
    SLICE_X8Y67          LUT6 (Prop_lut6_I3_O)        0.045     0.256 r  U10/counter1[2]_i_1/O
                         net (fo=1, routed)           0.000     0.256    U10/p_1_in[2]
    SLICE_X8Y67          FDCE                                         r  U10/counter1_reg[2]/D
  -------------------------------------------------------------------    -------------------

Slack:                    inf
  Source:                 U10/counter1_Lock_reg[5]/C
                            (rising edge-triggered cell FDCE)
  Destination:            U10/counter1_reg[4]/D
  Path Group:             (none)
  Path Type:              Min at Fast Process Corner
  Data Path Delay:        0.256ns  (logic 0.191ns (74.549%)  route 0.065ns (25.451%))
  Logic Levels:           2  (FDCE=1 LUT6=1)

    Location             Delay type                Incr(ns)  Path(ns)    Netlist Resource(s)
  -------------------------------------------------------------------    -------------------
    SLICE_X7Y67          FDCE                         0.000     0.000 r  U10/counter1_Lock_reg[5]/C
    SLICE_X7Y67          FDCE (Prop_fdce_C_Q)         0.146     0.146 r  U10/counter1_Lock_reg[5]/Q
                         net (fo=2, routed)           0.065     0.211    U10/counter1_Lock_reg_n_0_[5]
    SLICE_X6Y67          LUT6 (Prop_lut6_I4_O)        0.045     0.256 r  U10/counter1[4]_i_1/O
                         net (fo=1, routed)           0.000     0.256    U10/p_1_in[4]
    SLICE_X6Y67          FDCE                                         r  U10/counter1_reg[4]/D
  -------------------------------------------------------------------    -------------------

Slack:                    inf
  Source:                 U10/counter2_Lock_reg[16]/C
                            (rising edge-triggered cell FDCE)
  Destination:            U10/counter2_reg[15]/D
  Path Group:             (none)
  Path Type:              Min at Fast Process Corner
  Data Path Delay:        0.256ns  (logic 0.191ns (74.549%)  route 0.065ns (25.451%))
  Logic Levels:           2  (FDCE=1 LUT6=1)

    Location             Delay type                Incr(ns)  Path(ns)    Netlist Resource(s)
  -------------------------------------------------------------------    -------------------
    SLICE_X13Y70         FDCE                         0.000     0.000 r  U10/counter2_Lock_reg[16]/C
    SLICE_X13Y70         FDCE (Prop_fdce_C_Q)         0.146     0.146 r  U10/counter2_Lock_reg[16]/Q
                         net (fo=2, routed)           0.065     0.211    U10/counter2_Lock_reg_n_0_[16]
    SLICE_X12Y70         LUT6 (Prop_lut6_I4_O)        0.045     0.256 r  U10/counter2[15]_i_1/O
                         net (fo=1, routed)           0.000     0.256    U10/counter2[15]_i_1_n_0
    SLICE_X12Y70         FDCE                                         r  U10/counter2_reg[15]/D
  -------------------------------------------------------------------    -------------------

Slack:                    inf
  Source:                 U10/counter1_Lock_reg[2]/C
                            (rising edge-triggered cell FDCE)
  Destination:            U10/counter1_reg[1]/D
  Path Group:             (none)
  Path Type:              Min at Fast Process Corner
  Data Path Delay:        0.258ns  (logic 0.191ns (73.971%)  route 0.067ns (26.029%))
  Logic Levels:           2  (FDCE=1 LUT6=1)

    Location             Delay type                Incr(ns)  Path(ns)    Netlist Resource(s)
  -------------------------------------------------------------------    -------------------
    SLICE_X9Y67          FDCE                         0.000     0.000 r  U10/counter1_Lock_reg[2]/C
    SLICE_X9Y67          FDCE (Prop_fdce_C_Q)         0.146     0.146 r  U10/counter1_Lock_reg[2]/Q
                         net (fo=2, routed)           0.067     0.213    U10/counter1_Lock_reg_n_0_[2]
    SLICE_X8Y67          LUT6 (Prop_lut6_I4_O)        0.045     0.258 r  U10/counter1[1]_i_1/O
                         net (fo=1, routed)           0.000     0.258    U10/p_1_in[1]
    SLICE_X8Y67          FDCE                                         r  U10/counter1_reg[1]/D
  -------------------------------------------------------------------    -------------------





