Copyright 1986-2022 Xilinx, Inc. All Rights Reserved. Copyright 2022-2023 Advanced Micro Devices, Inc. All Rights Reserved.
---------------------------------------------------------------------------------------------------------------------------------------------
| Tool Version : Vivado v.2023.2 (win64) Build 4029153 Fri Oct 13 20:14:34 MDT 2023
| Date         : Fri Sep 13 21:06:31 2024
| Host         : TomChang running 64-bit major release  (build 9200)
| Command      : upgrade_project -migrate_output_products
| Project_Path : D:/NewwwwwW/ComputerOrg/Lab01warmup/Lab01warmup/OExp01/OExp01-ALU/OExp01-ALU.xpr
---------------------------------------------------------------------------------------------------------------------------------------------

Project Status Summary

1. Project IP Status
--------------------
This project contains 0 IP and 1 Block Designs.


1.1 Project IP Instances
+--+-------------------------+-------------------------------------+-------------------------------------+
| Instance | Status                  | Reason                              | Recommendation                      |
| Name |                         |                                     |                                     |
+--+-------------------------+-------------------------------------+-------------------------------------+


1.2 Project Block Designs
+-----+-------------------------+-------------------------------------+-------------------------------------+
| Des | Status                  | Reason                              | Recommendation                      |
| Nam |                         |                                     |                                     |
+-----+-------------------------+-------------------------------------+-------------------------------------+
| ALU | Will be Migrated.       |                                     |                                     |
+-----+-------------------------+-------------------------------------+-------------------------------------+



