
*** Running vivado
    with args -log PipelineCPU.vds -m64 -product Vivado -mode batch -messageDb vivado.pb -notrace -source PipelineCPU.tcl


ECHO 处于关闭状态。
ECHO 处于关闭状态。

****** Vivado v2023.2 (64-bit)
  **** SW Build 4029153 on Fri Oct 13 20:14:34 MDT 2023
  **** IP Build 4028589 on Sat Oct 14 00:45:43 MDT 2023
  **** SharedData Build 4025554 on Tue Oct 10 17:18:54 MDT 2023
    ** Copyright 1986-2022 Xilinx, Inc. All Rights Reserved.
    ** Copyright 2022-2023 Advanced Micro Devices, Inc. All Rights Reserved.

source PipelineCPU.tcl -notrace
INFO: [IP_Flow 19-234] Refreshing IP repositories
INFO: [IP_Flow 19-1700] Loaded user IP repository 'd:/NewwwwwW/ComputerOrg/lab05/Lab05Student/Lab05-PipelineCPU'.
WARNING: [IP_Flow 19-3656] If you move the project, the path for repository 'd:/NewwwwwW/ComputerOrg/lab05/Lab05Student/Lab05-PipelineCPU' may become invalid. A better location for the repository would be in a path adjacent to the project. (Current project location is 'd:/NewwwwwW/ComputerOrg/lab05/Lab05Student/Lab05-PipelineCPU/Lab05-PipelineCPU.runs/synth_1'.)
INFO: [IP_Flow 19-2313] Loaded Vivado IP repository 'D:/Vivado/Vivado/2023.2/data/ip'.
WARNING: [IP_Flow 19-4995] The host OS only allows 260 characters in a normal path. The IP cache path is more than 80 characters. If you experience issues with IP caching, please consider changing the IP cache to a location with a shorter path. Alternately consider using the OS subst command to map part of the path to a drive letter. 
Current IP cache path is d:/NewwwwwW/ComputerOrg/lab05/Lab05Student/Lab05-PipelineCPU/Lab05-PipelineCPU.cache/ip 
Command: synth_design -top PipelineCPU -part xc7a100tcsg324-1
Starting synth_design
Attempting to get a license for feature 'Synthesis' and/or device 'xc7a100t'
INFO: [Common 17-349] Got license for feature 'Synthesis' and/or device 'xc7a100t'
INFO: [Synth 8-7079] Multithreading enabled for synth_design using a maximum of 2 processes.
INFO: [Synth 8-7078] Launching helper process for spawning children vivado processes
INFO: [Synth 8-7075] Helper process launched with PID 14800
---------------------------------------------------------------------------------
Starting Synthesize : Time (s): cpu = 00:00:01 ; elapsed = 00:00:04 . Memory (MB): peak = 940.738 ; gain = 447.062
---------------------------------------------------------------------------------
INFO: [Synth 8-11241] undeclared symbol 'ALUSrc_B_ID', assumed default net type 'wire' [D:/NewwwwwW/ComputerOrg/lab05/Lab05Student/Lab05-PipelineCPU/Lab05-PipelineCPU.srcs/sources_1/new/PipelineCPU.v:75]
INFO: [Synth 8-11241] undeclared symbol 'PC_out_Ex', assumed default net type 'wire' [D:/NewwwwwW/ComputerOrg/lab05/Lab05Student/Lab05-PipelineCPU/Lab05-PipelineCPU.srcs/sources_1/new/PipelineCPU.v:124]
INFO: [Synth 8-6157] synthesizing module 'PipelineCPU' [D:/NewwwwwW/ComputerOrg/lab05/Lab05Student/Lab05-PipelineCPU/Lab05-PipelineCPU.srcs/sources_1/new/PipelineCPU.v:3]
INFO: [Synth 8-6157] synthesizing module 'Pipeline_IF' [D:/NewwwwwW/ComputerOrg/lab05/Lab05Student/Lab05-PipelineCPU/Pipeline_IF.v:15]
INFO: [Synth 8-6157] synthesizing module 'IF_reg_ID' [D:/NewwwwwW/ComputerOrg/lab05/Lab05Student/Lab05-PipelineCPU/IF_reg_ID.v:15]
INFO: [Synth 8-6157] synthesizing module 'Pipeline_ID' [D:/NewwwwwW/ComputerOrg/lab05/Lab05Student/Lab05-PipelineCPU/Pipeline_ID.v:15]
INFO: [Synth 8-6157] synthesizing module 'ID_reg_Ex' [D:/NewwwwwW/ComputerOrg/lab05/Lab05Student/Lab05-PipelineCPU/ID_reg_Ex.v:15]
WARNING: [Synth 8-689] width (32) of port connection 'Rd_addr_IDEX' does not match port width (5) of module 'ID_reg_Ex_bbox_3' [D:/NewwwwwW/ComputerOrg/lab05/Lab05Student/Lab05-PipelineCPU/Lab05-PipelineCPU.srcs/sources_1/new/PipelineCPU.v:90]
WARNING: [Synth 8-689] width (32) of port connection 'MemRW_out_IDEX' does not match port width (1) of module 'ID_reg_Ex_bbox_3' [D:/NewwwwwW/ComputerOrg/lab05/Lab05Student/Lab05-PipelineCPU/Lab05-PipelineCPU.srcs/sources_1/new/PipelineCPU.v:111]
INFO: [Synth 8-6157] synthesizing module 'Pipeline_Ex' [D:/NewwwwwW/ComputerOrg/lab05/Lab05Student/Lab05-PipelineCPU/Pipeline_Ex.v:15]
WARNING: [Synth 8-689] width (1) of port connection 'PC_out_EX' does not match port width (32) of module 'Pipeline_Ex_bbox_4' [D:/NewwwwwW/ComputerOrg/lab05/Lab05Student/Lab05-PipelineCPU/Lab05-PipelineCPU.srcs/sources_1/new/PipelineCPU.v:124]
INFO: [Synth 8-6157] synthesizing module 'Ex_reg_Mem' [D:/NewwwwwW/ComputerOrg/lab05/Lab05Student/Lab05-PipelineCPU/Ex_reg_Mem.v:15]
WARNING: [Synth 8-689] width (32) of port connection 'MemRW_in_EXMem' does not match port width (1) of module 'Ex_reg_Mem_bbox_5' [D:/NewwwwwW/ComputerOrg/lab05/Lab05Student/Lab05-PipelineCPU/Lab05-PipelineCPU.srcs/sources_1/new/PipelineCPU.v:143]
WARNING: [Synth 8-689] width (32) of port connection 'MemRW_out_EXMem' does not match port width (1) of module 'Ex_reg_Mem_bbox_5' [D:/NewwwwwW/ComputerOrg/lab05/Lab05Student/Lab05-PipelineCPU/Lab05-PipelineCPU.srcs/sources_1/new/PipelineCPU.v:155]
INFO: [Synth 8-6157] synthesizing module 'Pipeline_Mem' [D:/NewwwwwW/ComputerOrg/lab05/Lab05Student/Lab05-PipelineCPU/Pipeline_Mem.v:15]
INFO: [Synth 8-6157] synthesizing module 'Mem_reg_WB' [D:/NewwwwwW/ComputerOrg/lab05/Lab05Student/Lab05-PipelineCPU/Mem_reg_WB.v:15]
INFO: [Synth 8-6157] synthesizing module 'Pipeline_WB' [D:/NewwwwwW/ComputerOrg/lab05/Lab05Student/Lab05-PipelineCPU/Pipeline_WB.v:15]
INFO: [Synth 8-6155] done synthesizing module 'PipelineCPU' (0#1) [D:/NewwwwwW/ComputerOrg/lab05/Lab05Student/Lab05-PipelineCPU/Lab05-PipelineCPU.srcs/sources_1/new/PipelineCPU.v:3]
WARNING: [Synth 8-3848] Net PC_out_EX in module/entity PipelineCPU does not have driver. [D:/NewwwwwW/ComputerOrg/lab05/Lab05Student/Lab05-PipelineCPU/Lab05-PipelineCPU.srcs/sources_1/new/PipelineCPU.v:11]
WARNING: [Synth 8-3917] design PipelineCPU has port MemRW_EX[31] driven by constant 0
WARNING: [Synth 8-3917] design PipelineCPU has port MemRW_EX[30] driven by constant 0
WARNING: [Synth 8-3917] design PipelineCPU has port MemRW_EX[29] driven by constant 0
WARNING: [Synth 8-3917] design PipelineCPU has port MemRW_EX[28] driven by constant 0
WARNING: [Synth 8-3917] design PipelineCPU has port MemRW_EX[27] driven by constant 0
WARNING: [Synth 8-3917] design PipelineCPU has port MemRW_EX[26] driven by constant 0
WARNING: [Synth 8-3917] design PipelineCPU has port MemRW_EX[25] driven by constant 0
WARNING: [Synth 8-3917] design PipelineCPU has port MemRW_EX[24] driven by constant 0
WARNING: [Synth 8-3917] design PipelineCPU has port MemRW_EX[23] driven by constant 0
WARNING: [Synth 8-3917] design PipelineCPU has port MemRW_EX[22] driven by constant 0
WARNING: [Synth 8-3917] design PipelineCPU has port MemRW_EX[21] driven by constant 0
WARNING: [Synth 8-3917] design PipelineCPU has port MemRW_EX[20] driven by constant 0
WARNING: [Synth 8-3917] design PipelineCPU has port MemRW_EX[19] driven by constant 0
WARNING: [Synth 8-3917] design PipelineCPU has port MemRW_EX[18] driven by constant 0
WARNING: [Synth 8-3917] design PipelineCPU has port MemRW_EX[17] driven by constant 0
WARNING: [Synth 8-3917] design PipelineCPU has port MemRW_EX[16] driven by constant 0
WARNING: [Synth 8-3917] design PipelineCPU has port MemRW_EX[15] driven by constant 0
WARNING: [Synth 8-3917] design PipelineCPU has port MemRW_EX[14] driven by constant 0
WARNING: [Synth 8-3917] design PipelineCPU has port MemRW_EX[13] driven by constant 0
WARNING: [Synth 8-3917] design PipelineCPU has port MemRW_EX[12] driven by constant 0
WARNING: [Synth 8-3917] design PipelineCPU has port MemRW_EX[11] driven by constant 0
WARNING: [Synth 8-3917] design PipelineCPU has port MemRW_EX[10] driven by constant 0
WARNING: [Synth 8-3917] design PipelineCPU has port MemRW_EX[9] driven by constant 0
WARNING: [Synth 8-3917] design PipelineCPU has port MemRW_EX[8] driven by constant 0
WARNING: [Synth 8-3917] design PipelineCPU has port MemRW_EX[7] driven by constant 0
WARNING: [Synth 8-3917] design PipelineCPU has port MemRW_EX[6] driven by constant 0
WARNING: [Synth 8-3917] design PipelineCPU has port MemRW_EX[5] driven by constant 0
WARNING: [Synth 8-3917] design PipelineCPU has port MemRW_EX[4] driven by constant 0
WARNING: [Synth 8-3917] design PipelineCPU has port MemRW_EX[3] driven by constant 0
WARNING: [Synth 8-3917] design PipelineCPU has port MemRW_EX[2] driven by constant 0
WARNING: [Synth 8-3917] design PipelineCPU has port MemRW_EX[1] driven by constant 0
WARNING: [Synth 8-3917] design PipelineCPU has port MemRW_Mem[31] driven by constant 0
WARNING: [Synth 8-3917] design PipelineCPU has port MemRW_Mem[30] driven by constant 0
WARNING: [Synth 8-3917] design PipelineCPU has port MemRW_Mem[29] driven by constant 0
WARNING: [Synth 8-3917] design PipelineCPU has port MemRW_Mem[28] driven by constant 0
WARNING: [Synth 8-3917] design PipelineCPU has port MemRW_Mem[27] driven by constant 0
WARNING: [Synth 8-3917] design PipelineCPU has port MemRW_Mem[26] driven by constant 0
WARNING: [Synth 8-3917] design PipelineCPU has port MemRW_Mem[25] driven by constant 0
WARNING: [Synth 8-3917] design PipelineCPU has port MemRW_Mem[24] driven by constant 0
WARNING: [Synth 8-3917] design PipelineCPU has port MemRW_Mem[23] driven by constant 0
WARNING: [Synth 8-3917] design PipelineCPU has port MemRW_Mem[22] driven by constant 0
WARNING: [Synth 8-3917] design PipelineCPU has port MemRW_Mem[21] driven by constant 0
WARNING: [Synth 8-3917] design PipelineCPU has port MemRW_Mem[20] driven by constant 0
WARNING: [Synth 8-3917] design PipelineCPU has port MemRW_Mem[19] driven by constant 0
WARNING: [Synth 8-3917] design PipelineCPU has port MemRW_Mem[18] driven by constant 0
WARNING: [Synth 8-3917] design PipelineCPU has port MemRW_Mem[17] driven by constant 0
WARNING: [Synth 8-3917] design PipelineCPU has port MemRW_Mem[16] driven by constant 0
WARNING: [Synth 8-3917] design PipelineCPU has port MemRW_Mem[15] driven by constant 0
WARNING: [Synth 8-3917] design PipelineCPU has port MemRW_Mem[14] driven by constant 0
WARNING: [Synth 8-3917] design PipelineCPU has port MemRW_Mem[13] driven by constant 0
WARNING: [Synth 8-3917] design PipelineCPU has port MemRW_Mem[12] driven by constant 0
WARNING: [Synth 8-3917] design PipelineCPU has port MemRW_Mem[11] driven by constant 0
WARNING: [Synth 8-3917] design PipelineCPU has port MemRW_Mem[10] driven by constant 0
WARNING: [Synth 8-3917] design PipelineCPU has port MemRW_Mem[9] driven by constant 0
WARNING: [Synth 8-3917] design PipelineCPU has port MemRW_Mem[8] driven by constant 0
WARNING: [Synth 8-3917] design PipelineCPU has port MemRW_Mem[7] driven by constant 0
WARNING: [Synth 8-3917] design PipelineCPU has port MemRW_Mem[6] driven by constant 0
WARNING: [Synth 8-3917] design PipelineCPU has port MemRW_Mem[5] driven by constant 0
WARNING: [Synth 8-3917] design PipelineCPU has port MemRW_Mem[4] driven by constant 0
WARNING: [Synth 8-3917] design PipelineCPU has port MemRW_Mem[3] driven by constant 0
WARNING: [Synth 8-3917] design PipelineCPU has port MemRW_Mem[2] driven by constant 0
WARNING: [Synth 8-3917] design PipelineCPU has port MemRW_Mem[1] driven by constant 0
WARNING: [Synth 8-7129] Port PC_out_EX[31] in module PipelineCPU is either unconnected or has no load
WARNING: [Synth 8-7129] Port PC_out_EX[30] in module PipelineCPU is either unconnected or has no load
WARNING: [Synth 8-7129] Port PC_out_EX[29] in module PipelineCPU is either unconnected or has no load
WARNING: [Synth 8-7129] Port PC_out_EX[28] in module PipelineCPU is either unconnected or has no load
WARNING: [Synth 8-7129] Port PC_out_EX[27] in module PipelineCPU is either unconnected or has no load
WARNING: [Synth 8-7129] Port PC_out_EX[26] in module PipelineCPU is either unconnected or has no load
WARNING: [Synth 8-7129] Port PC_out_EX[25] in module PipelineCPU is either unconnected or has no load
WARNING: [Synth 8-7129] Port PC_out_EX[24] in module PipelineCPU is either unconnected or has no load
WARNING: [Synth 8-7129] Port PC_out_EX[23] in module PipelineCPU is either unconnected or has no load
WARNING: [Synth 8-7129] Port PC_out_EX[22] in module PipelineCPU is either unconnected or has no load
WARNING: [Synth 8-7129] Port PC_out_EX[21] in module PipelineCPU is either unconnected or has no load
WARNING: [Synth 8-7129] Port PC_out_EX[20] in module PipelineCPU is either unconnected or has no load
WARNING: [Synth 8-7129] Port PC_out_EX[19] in module PipelineCPU is either unconnected or has no load
WARNING: [Synth 8-7129] Port PC_out_EX[18] in module PipelineCPU is either unconnected or has no load
WARNING: [Synth 8-7129] Port PC_out_EX[17] in module PipelineCPU is either unconnected or has no load
WARNING: [Synth 8-7129] Port PC_out_EX[16] in module PipelineCPU is either unconnected or has no load
WARNING: [Synth 8-7129] Port PC_out_EX[15] in module PipelineCPU is either unconnected or has no load
WARNING: [Synth 8-7129] Port PC_out_EX[14] in module PipelineCPU is either unconnected or has no load
WARNING: [Synth 8-7129] Port PC_out_EX[13] in module PipelineCPU is either unconnected or has no load
WARNING: [Synth 8-7129] Port PC_out_EX[12] in module PipelineCPU is either unconnected or has no load
WARNING: [Synth 8-7129] Port PC_out_EX[11] in module PipelineCPU is either unconnected or has no load
WARNING: [Synth 8-7129] Port PC_out_EX[10] in module PipelineCPU is either unconnected or has no load
WARNING: [Synth 8-7129] Port PC_out_EX[9] in module PipelineCPU is either unconnected or has no load
WARNING: [Synth 8-7129] Port PC_out_EX[8] in module PipelineCPU is either unconnected or has no load
WARNING: [Synth 8-7129] Port PC_out_EX[7] in module PipelineCPU is either unconnected or has no load
WARNING: [Synth 8-7129] Port PC_out_EX[6] in module PipelineCPU is either unconnected or has no load
WARNING: [Synth 8-7129] Port PC_out_EX[5] in module PipelineCPU is either unconnected or has no load
WARNING: [Synth 8-7129] Port PC_out_EX[4] in module PipelineCPU is either unconnected or has no load
WARNING: [Synth 8-7129] Port PC_out_EX[3] in module PipelineCPU is either unconnected or has no load
WARNING: [Synth 8-7129] Port PC_out_EX[2] in module PipelineCPU is either unconnected or has no load
WARNING: [Synth 8-7129] Port PC_out_EX[1] in module PipelineCPU is either unconnected or has no load
WARNING: [Synth 8-7129] Port PC_out_EX[0] in module PipelineCPU is either unconnected or has no load
---------------------------------------------------------------------------------
Finished Synthesize : Time (s): cpu = 00:00:01 ; elapsed = 00:00:05 . Memory (MB): peak = 1047.828 ; gain = 554.152
---------------------------------------------------------------------------------
---------------------------------------------------------------------------------
Finished Constraint Validation : Time (s): cpu = 00:00:01 ; elapsed = 00:00:06 . Memory (MB): peak = 1047.828 ; gain = 554.152
---------------------------------------------------------------------------------
---------------------------------------------------------------------------------
Start Loading Part and Timing Information
---------------------------------------------------------------------------------
Loading part: xc7a100tcsg324-1
---------------------------------------------------------------------------------
INFO: [Device 21-403] Loading part xc7a100tcsg324-1
Finished Loading Part and Timing Information : Time (s): cpu = 00:00:01 ; elapsed = 00:00:06 . Memory (MB): peak = 1047.828 ; gain = 554.152
---------------------------------------------------------------------------------
---------------------------------------------------------------------------------
Finished RTL Optimization Phase 2 : Time (s): cpu = 00:00:01 ; elapsed = 00:00:06 . Memory (MB): peak = 1047.828 ; gain = 554.152
---------------------------------------------------------------------------------
No constraint files found.
---------------------------------------------------------------------------------
Start RTL Component Statistics 
---------------------------------------------------------------------------------
Detailed RTL Component Info : 
---------------------------------------------------------------------------------
Finished RTL Component Statistics 
---------------------------------------------------------------------------------
---------------------------------------------------------------------------------
Start Part Resource Summary
---------------------------------------------------------------------------------

*** Running vivado
    with args -log PipelineCPU.vds -m64 -product Vivado -mode batch -messageDb vivado.pb -notrace -source PipelineCPU.tcl


ECHO 处于关闭状态。
ECHO 处于关闭状态。

****** Vivado v2023.2 (64-bit)
  **** SW Build 4029153 on Fri Oct 13 20:14:34 MDT 2023
  **** IP Build 4028589 on Sat Oct 14 00:45:43 MDT 2023
  **** SharedData Build 4025554 on Tue Oct 10 17:18:54 MDT 2023
    ** Copyright 1986-2022 Xilinx, Inc. All Rights Reserved.
    ** Copyright 2022-2023 Advanced Micro Devices, Inc. All Rights Reserved.

source PipelineCPU.tcl -notrace
INFO: [IP_Flow 19-234] Refreshing IP repositories
INFO: [IP_Flow 19-1700] Loaded user IP repository 'd:/NewwwwwW/ComputerOrg/lab05/Lab05Student/Lab05-PipelineCPU'.
WARNING: [IP_Flow 19-3656] If you move the project, the path for repository 'd:/NewwwwwW/ComputerOrg/lab05/Lab05Student/Lab05-PipelineCPU' may become invalid. A better location for the repository would be in a path adjacent to the project. (Current project location is 'd:/NewwwwwW/ComputerOrg/lab05/Lab05Student/Lab05-PipelineCPU/Lab05-PipelineCPU.runs/synth_1'.)
INFO: [IP_Flow 19-2313] Loaded Vivado IP repository 'D:/Vivado/Vivado/2023.2/data/ip'.
WARNING: [IP_Flow 19-4995] The host OS only allows 260 characters in a normal path. The IP cache path is more than 80 characters. If you experience issues with IP caching, please consider changing the IP cache to a location with a shorter path. Alternately consider using the OS subst command to map part of the path to a drive letter. 
Current IP cache path is d:/NewwwwwW/ComputerOrg/lab05/Lab05Student/Lab05-PipelineCPU/Lab05-PipelineCPU.cache/ip 
Command: synth_design -top PipelineCPU -part xc7a100tcsg324-1
Starting synth_design
Attempting to get a license for feature 'Synthesis' and/or device 'xc7a100t'
INFO: [Common 17-349] Got license for feature 'Synthesis' and/or device 'xc7a100t'
INFO: [Synth 8-7079] Multithreading enabled for synth_design using a maximum of 2 processes.
INFO: [Synth 8-7078] Launching helper process for spawning children vivado processes
INFO: [Synth 8-7075] Helper process launched with PID 28820
---------------------------------------------------------------------------------
Starting Synthesize : Time (s): cpu = 00:00:01 ; elapsed = 00:00:03 . Memory (MB): peak = 939.539 ; gain = 447.320
---------------------------------------------------------------------------------
INFO: [Synth 8-11241] undeclared symbol 'ALUSrc_B_ID', assumed default net type 'wire' [D:/NewwwwwW/ComputerOrg/lab05/Lab05Student/Lab05-PipelineCPU/Lab05-PipelineCPU.srcs/sources_1/new/PipelineCPU.v:75]
INFO: [Synth 8-11241] undeclared symbol 'PC_out_Ex', assumed default net type 'wire' [D:/NewwwwwW/ComputerOrg/lab05/Lab05Student/Lab05-PipelineCPU/Lab05-PipelineCPU.srcs/sources_1/new/PipelineCPU.v:124]
INFO: [Synth 8-6157] synthesizing module 'PipelineCPU' [D:/NewwwwwW/ComputerOrg/lab05/Lab05Student/Lab05-PipelineCPU/Lab05-PipelineCPU.srcs/sources_1/new/PipelineCPU.v:3]
INFO: [Synth 8-6157] synthesizing module 'Pipeline_IF' [D:/NewwwwwW/ComputerOrg/lab05/Lab05Student/Lab05-PipelineCPU/Pipeline_IF.v:15]
INFO: [Synth 8-6157] synthesizing module 'IF_reg_ID' [D:/NewwwwwW/ComputerOrg/lab05/Lab05Student/Lab05-PipelineCPU/IF_reg_ID.v:15]
INFO: [Synth 8-6157] synthesizing module 'Pipeline_ID' [D:/NewwwwwW/ComputerOrg/lab05/Lab05Student/Lab05-PipelineCPU/Pipeline_ID.v:15]
INFO: [Synth 8-6157] synthesizing module 'ID_reg_Ex' [D:/NewwwwwW/ComputerOrg/lab05/Lab05Student/Lab05-PipelineCPU/ID_reg_Ex.v:15]
WARNING: [Synth 8-689] width (32) of port connection 'Rd_addr_IDEX' does not match port width (5) of module 'ID_reg_Ex_bbox_3' [D:/NewwwwwW/ComputerOrg/lab05/Lab05Student/Lab05-PipelineCPU/Lab05-PipelineCPU.srcs/sources_1/new/PipelineCPU.v:90]
WARNING: [Synth 8-689] width (32) of port connection 'MemRW_out_IDEX' does not match port width (1) of module 'ID_reg_Ex_bbox_3' [D:/NewwwwwW/ComputerOrg/lab05/Lab05Student/Lab05-PipelineCPU/Lab05-PipelineCPU.srcs/sources_1/new/PipelineCPU.v:111]
INFO: [Synth 8-6157] synthesizing module 'Pipeline_Ex' [D:/NewwwwwW/ComputerOrg/lab05/Lab05Student/Lab05-PipelineCPU/Pipeline_Ex.v:15]
WARNING: [Synth 8-689] width (1) of port connection 'PC_out_EX' does not match port width (32) of module 'Pipeline_Ex_bbox_4' [D:/NewwwwwW/ComputerOrg/lab05/Lab05Student/Lab05-PipelineCPU/Lab05-PipelineCPU.srcs/sources_1/new/PipelineCPU.v:124]
INFO: [Synth 8-6157] synthesizing module 'Ex_reg_Mem' [D:/NewwwwwW/ComputerOrg/lab05/Lab05Student/Lab05-PipelineCPU/Ex_reg_Mem.v:15]
WARNING: [Synth 8-689] width (32) of port connection 'MemRW_in_EXMem' does not match port width (1) of module 'Ex_reg_Mem_bbox_5' [D:/NewwwwwW/ComputerOrg/lab05/Lab05Student/Lab05-PipelineCPU/Lab05-PipelineCPU.srcs/sources_1/new/PipelineCPU.v:143]
WARNING: [Synth 8-689] width (32) of port connection 'MemRW_out_EXMem' does not match port width (1) of module 'Ex_reg_Mem_bbox_5' [D:/NewwwwwW/ComputerOrg/lab05/Lab05Student/Lab05-PipelineCPU/Lab05-PipelineCPU.srcs/sources_1/new/PipelineCPU.v:155]
INFO: [Synth 8-6157] synthesizing module 'Pipeline_Mem' [D:/NewwwwwW/ComputerOrg/lab05/Lab05Student/Lab05-PipelineCPU/Pipeline_Mem.v:15]
INFO: [Synth 8-6157] synthesizing module 'Mem_reg_WB' [D:/NewwwwwW/ComputerOrg/lab05/Lab05Student/Lab05-PipelineCPU/Mem_reg_WB.v:15]
INFO: [Synth 8-6157] synthesizing module 'Pipeline_WB' [D:/NewwwwwW/ComputerOrg/lab05/Lab05Student/Lab05-PipelineCPU/Pipeline_WB.v:15]
INFO: [Synth 8-6155] done synthesizing module 'PipelineCPU' (0#1) [D:/NewwwwwW/ComputerOrg/lab05/Lab05Student/Lab05-PipelineCPU/Lab05-PipelineCPU.srcs/sources_1/new/PipelineCPU.v:3]
WARNING: [Synth 8-3848] Net PC_out_EX in module/entity PipelineCPU does not have driver. [D:/NewwwwwW/ComputerOrg/lab05/Lab05Student/Lab05-PipelineCPU/Lab05-PipelineCPU.srcs/sources_1/new/PipelineCPU.v:11]
WARNING: [Synth 8-3917] design PipelineCPU has port MemRW_EX[31] driven by constant 0
WARNING: [Synth 8-3917] design PipelineCPU has port MemRW_EX[30] driven by constant 0
WARNING: [Synth 8-3917] design PipelineCPU has port MemRW_EX[29] driven by constant 0
WARNING: [Synth 8-3917] design PipelineCPU has port MemRW_EX[28] driven by constant 0
WARNING: [Synth 8-3917] design PipelineCPU has port MemRW_EX[27] driven by constant 0
WARNING: [Synth 8-3917] design PipelineCPU has port MemRW_EX[26] driven by constant 0
WARNING: [Synth 8-3917] design PipelineCPU has port MemRW_EX[25] driven by constant 0
WARNING: [Synth 8-3917] design PipelineCPU has port MemRW_EX[24] driven by constant 0
WARNING: [Synth 8-3917] design PipelineCPU has port MemRW_EX[23] driven by constant 0
WARNING: [Synth 8-3917] design PipelineCPU has port MemRW_EX[22] driven by constant 0
WARNING: [Synth 8-3917] design PipelineCPU has port MemRW_EX[21] driven by constant 0
WARNING: [Synth 8-3917] design PipelineCPU has port MemRW_EX[20] driven by constant 0
WARNING: [Synth 8-3917] design PipelineCPU has port MemRW_EX[19] driven by constant 0
WARNING: [Synth 8-3917] design PipelineCPU has port MemRW_EX[18] driven by constant 0
WARNING: [Synth 8-3917] design PipelineCPU has port MemRW_EX[17] driven by constant 0
WARNING: [Synth 8-3917] design PipelineCPU has port MemRW_EX[16] driven by constant 0
WARNING: [Synth 8-3917] design PipelineCPU has port MemRW_EX[15] driven by constant 0
WARNING: [Synth 8-3917] design PipelineCPU has port MemRW_EX[14] driven by constant 0
WARNING: [Synth 8-3917] design PipelineCPU has port MemRW_EX[13] driven by constant 0
WARNING: [Synth 8-3917] design PipelineCPU has port MemRW_EX[12] driven by constant 0
WARNING: [Synth 8-3917] design PipelineCPU has port MemRW_EX[11] driven by constant 0
WARNING: [Synth 8-3917] design PipelineCPU has port MemRW_EX[10] driven by constant 0
WARNING: [Synth 8-3917] design PipelineCPU has port MemRW_EX[9] driven by constant 0
WARNING: [Synth 8-3917] design PipelineCPU has port MemRW_EX[8] driven by constant 0
WARNING: [Synth 8-3917] design PipelineCPU has port MemRW_EX[7] driven by constant 0
WARNING: [Synth 8-3917] design PipelineCPU has port MemRW_EX[6] driven by constant 0
WARNING: [Synth 8-3917] design PipelineCPU has port MemRW_EX[5] driven by constant 0
WARNING: [Synth 8-3917] design PipelineCPU has port MemRW_EX[4] driven by constant 0
WARNING: [Synth 8-3917] design PipelineCPU has port MemRW_EX[3] driven by constant 0
WARNING: [Synth 8-3917] design PipelineCPU has port MemRW_EX[2] driven by constant 0
WARNING: [Synth 8-3917] design PipelineCPU has port MemRW_EX[1] driven by constant 0
WARNING: [Synth 8-3917] design PipelineCPU has port MemRW_Mem[31] driven by constant 0
WARNING: [Synth 8-3917] design PipelineCPU has port MemRW_Mem[30] driven by constant 0
WARNING: [Synth 8-3917] design PipelineCPU has port MemRW_Mem[29] driven by constant 0
WARNING: [Synth 8-3917] design PipelineCPU has port MemRW_Mem[28] driven by constant 0
WARNING: [Synth 8-3917] design PipelineCPU has port MemRW_Mem[27] driven by constant 0
WARNING: [Synth 8-3917] design PipelineCPU has port MemRW_Mem[26] driven by constant 0
WARNING: [Synth 8-3917] design PipelineCPU has port MemRW_Mem[25] driven by constant 0
WARNING: [Synth 8-3917] design PipelineCPU has port MemRW_Mem[24] driven by constant 0
WARNING: [Synth 8-3917] design PipelineCPU has port MemRW_Mem[23] driven by constant 0
WARNING: [Synth 8-3917] design PipelineCPU has port MemRW_Mem[22] driven by constant 0
WARNING: [Synth 8-3917] design PipelineCPU has port MemRW_Mem[21] driven by constant 0
WARNING: [Synth 8-3917] design PipelineCPU has port MemRW_Mem[20] driven by constant 0
WARNING: [Synth 8-3917] design PipelineCPU has port MemRW_Mem[19] driven by constant 0
WARNING: [Synth 8-3917] design PipelineCPU has port MemRW_Mem[18] driven by constant 0
WARNING: [Synth 8-3917] design PipelineCPU has port MemRW_Mem[17] driven by constant 0
WARNING: [Synth 8-3917] design PipelineCPU has port MemRW_Mem[16] driven by constant 0
WARNING: [Synth 8-3917] design PipelineCPU has port MemRW_Mem[15] driven by constant 0
WARNING: [Synth 8-3917] design PipelineCPU has port MemRW_Mem[14] driven by constant 0
WARNING: [Synth 8-3917] design PipelineCPU has port MemRW_Mem[13] driven by constant 0
WARNING: [Synth 8-3917] design PipelineCPU has port MemRW_Mem[12] driven by constant 0
WARNING: [Synth 8-3917] design PipelineCPU has port MemRW_Mem[11] driven by constant 0
WARNING: [Synth 8-3917] design PipelineCPU has port MemRW_Mem[10] driven by constant 0
WARNING: [Synth 8-3917] design PipelineCPU has port MemRW_Mem[9] driven by constant 0
WARNING: [Synth 8-3917] design PipelineCPU has port MemRW_Mem[8] driven by constant 0
WARNING: [Synth 8-3917] design PipelineCPU has port MemRW_Mem[7] driven by constant 0
WARNING: [Synth 8-3917] design PipelineCPU has port MemRW_Mem[6] driven by constant 0
WARNING: [Synth 8-3917] design PipelineCPU has port MemRW_Mem[5] driven by constant 0
WARNING: [Synth 8-3917] design PipelineCPU has port MemRW_Mem[4] driven by constant 0
WARNING: [Synth 8-3917] design PipelineCPU has port MemRW_Mem[3] driven by constant 0
WARNING: [Synth 8-3917] design PipelineCPU has port MemRW_Mem[2] driven by constant 0
WARNING: [Synth 8-3917] design PipelineCPU has port MemRW_Mem[1] driven by constant 0
WARNING: [Synth 8-7129] Port PC_out_EX[31] in module PipelineCPU is either unconnected or has no load
WARNING: [Synth 8-7129] Port PC_out_EX[30] in module PipelineCPU is either unconnected or has no load
WARNING: [Synth 8-7129] Port PC_out_EX[29] in module PipelineCPU is either unconnected or has no load
WARNING: [Synth 8-7129] Port PC_out_EX[28] in module PipelineCPU is either unconnected or has no load
WARNING: [Synth 8-7129] Port PC_out_EX[27] in module PipelineCPU is either unconnected or has no load
WARNING: [Synth 8-7129] Port PC_out_EX[26] in module PipelineCPU is either unconnected or has no load
WARNING: [Synth 8-7129] Port PC_out_EX[25] in module PipelineCPU is either unconnected or has no load
WARNING: [Synth 8-7129] Port PC_out_EX[24] in module PipelineCPU is either unconnected or has no load
WARNING: [Synth 8-7129] Port PC_out_EX[23] in module PipelineCPU is either unconnected or has no load
WARNING: [Synth 8-7129] Port PC_out_EX[22] in module PipelineCPU is either unconnected or has no load
WARNING: [Synth 8-7129] Port PC_out_EX[21] in module PipelineCPU is either unconnected or has no load
WARNING: [Synth 8-7129] Port PC_out_EX[20] in module PipelineCPU is either unconnected or has no load
WARNING: [Synth 8-7129] Port PC_out_EX[19] in module PipelineCPU is either unconnected or has no load
WARNING: [Synth 8-7129] Port PC_out_EX[18] in module PipelineCPU is either unconnected or has no load
WARNING: [Synth 8-7129] Port PC_out_EX[17] in module PipelineCPU is either unconnected or has no load
WARNING: [Synth 8-7129] Port PC_out_EX[16] in module PipelineCPU is either unconnected or has no load
WARNING: [Synth 8-7129] Port PC_out_EX[15] in module PipelineCPU is either unconnected or has no load
WARNING: [Synth 8-7129] Port PC_out_EX[14] in module PipelineCPU is either unconnected or has no load
WARNING: [Synth 8-7129] Port PC_out_EX[13] in module PipelineCPU is either unconnected or has no load
WARNING: [Synth 8-7129] Port PC_out_EX[12] in module PipelineCPU is either unconnected or has no load
WARNING: [Synth 8-7129] Port PC_out_EX[11] in module PipelineCPU is either unconnected or has no load
WARNING: [Synth 8-7129] Port PC_out_EX[10] in module PipelineCPU is either unconnected or has no load
WARNING: [Synth 8-7129] Port PC_out_EX[9] in module PipelineCPU is either unconnected or has no load
WARNING: [Synth 8-7129] Port PC_out_EX[8] in module PipelineCPU is either unconnected or has no load
WARNING: [Synth 8-7129] Port PC_out_EX[7] in module PipelineCPU is either unconnected or has no load
WARNING: [Synth 8-7129] Port PC_out_EX[6] in module PipelineCPU is either unconnected or has no load
WARNING: [Synth 8-7129] Port PC_out_EX[5] in module PipelineCPU is either unconnected or has no load
WARNING: [Synth 8-7129] Port PC_out_EX[4] in module PipelineCPU is either unconnected or has no load
WARNING: [Synth 8-7129] Port PC_out_EX[3] in module PipelineCPU is either unconnected or has no load
WARNING: [Synth 8-7129] Port PC_out_EX[2] in module PipelineCPU is either unconnected or has no load
WARNING: [Synth 8-7129] Port PC_out_EX[1] in module PipelineCPU is either unconnected or has no load
WARNING: [Synth 8-7129] Port PC_out_EX[0] in module PipelineCPU is either unconnected or has no load
---------------------------------------------------------------------------------
Finished Synthesize : Time (s): cpu = 00:00:01 ; elapsed = 00:00:04 . Memory (MB): peak = 1047.207 ; gain = 554.988
---------------------------------------------------------------------------------
---------------------------------------------------------------------------------
Finished Constraint Validation : Time (s): cpu = 00:00:01 ; elapsed = 00:00:05 . Memory (MB): peak = 1047.207 ; gain = 554.988
---------------------------------------------------------------------------------
---------------------------------------------------------------------------------
Start Loading Part and Timing Information
---------------------------------------------------------------------------------
Loading part: xc7a100tcsg324-1
---------------------------------------------------------------------------------
Finished Loading Part and Timing Information : Time (s): cpu = 00:00:01 ; elapsed = 00:00:05 . Memory (MB): peak = 1047.207 ; gain = 554.988
---------------------------------------------------------------------------------
INFO: [Device 21-403] Loading part xc7a100tcsg324-1
---------------------------------------------------------------------------------
Finished RTL Optimization Phase 2 : Time (s): cpu = 00:00:01 ; elapsed = 00:00:05 . Memory (MB): peak = 1047.207 ; gain = 554.988
---------------------------------------------------------------------------------
No constraint files found.
---------------------------------------------------------------------------------
Start RTL Component Statistics 
---------------------------------------------------------------------------------
Detailed RTL Component Info : 
---------------------------------------------------------------------------------
Finished RTL Component Statistics 
---------------------------------------------------------------------------------
---------------------------------------------------------------------------------
Start Part Resource Summary
---------------------------------------------------------------------------------
Part Resources:
DSPs: 240 (col length:80)
BRAMs: 270 (col length: RAMB18 80 RAMB36 40)
---------------------------------------------------------------------------------
Finished Part Resource Summary
---------------------------------------------------------------------------------
No constraint files found.
---------------------------------------------------------------------------------
Start Cross Boundary and Area Optimization
---------------------------------------------------------------------------------
WARNING: [Synth 8-7080] Parallel synthesis criteria is not met
WARNING: [Synth 8-3917] design PipelineCPU has port MemRW_EX[31] driven by constant 0
WARNING: [Synth 8-3917] design PipelineCPU has port MemRW_EX[30] driven by constant 0
WARNING: [Synth 8-3917] design PipelineCPU has port MemRW_EX[29] driven by constant 0
WARNING: [Synth 8-3917] design PipelineCPU has port MemRW_EX[28] driven by constant 0
WARNING: [Synth 8-3917] design PipelineCPU has port MemRW_EX[27] driven by constant 0
WARNING: [Synth 8-3917] design PipelineCPU has port MemRW_EX[26] driven by constant 0
WARNING: [Synth 8-3917] design PipelineCPU has port MemRW_EX[25] driven by constant 0
WARNING: [Synth 8-3917] design PipelineCPU has port MemRW_EX[24] driven by constant 0
WARNING: [Synth 8-3917] design PipelineCPU has port MemRW_EX[23] driven by constant 0
WARNING: [Synth 8-3917] design PipelineCPU has port MemRW_EX[22] driven by constant 0
WARNING: [Synth 8-3917] design PipelineCPU has port MemRW_EX[21] driven by constant 0
WARNING: [Synth 8-3917] design PipelineCPU has port MemRW_EX[20] driven by constant 0
WARNING: [Synth 8-3917] design PipelineCPU has port MemRW_EX[19] driven by constant 0
WARNING: [Synth 8-3917] design PipelineCPU has port MemRW_EX[18] driven by constant 0
WARNING: [Synth 8-3917] design PipelineCPU has port MemRW_EX[17] driven by constant 0
WARNING: [Synth 8-3917] design PipelineCPU has port MemRW_EX[16] driven by constant 0
WARNING: [Synth 8-3917] design PipelineCPU has port MemRW_EX[15] driven by constant 0
WARNING: [Synth 8-3917] design PipelineCPU has port MemRW_EX[14] driven by constant 0
WARNING: [Synth 8-3917] design PipelineCPU has port MemRW_EX[13] driven by constant 0
WARNING: [Synth 8-3917] design PipelineCPU has port MemRW_EX[12] driven by constant 0
WARNING: [Synth 8-3917] design PipelineCPU has port MemRW_EX[11] driven by constant 0
WARNING: [Synth 8-3917] design PipelineCPU has port MemRW_EX[10] driven by constant 0
WARNING: [Synth 8-3917] design PipelineCPU has port MemRW_EX[9] driven by constant 0
WARNING: [Synth 8-3917] design PipelineCPU has port MemRW_EX[8] driven by constant 0
WARNING: [Synth 8-3917] design PipelineCPU has port MemRW_EX[7] driven by constant 0
WARNING: [Synth 8-3917] design PipelineCPU has port MemRW_EX[6] driven by constant 0
WARNING: [Synth 8-3917] design PipelineCPU has port MemRW_EX[5] driven by constant 0
WARNING: [Synth 8-3917] design PipelineCPU has port MemRW_EX[4] driven by constant 0
WARNING: [Synth 8-3917] design PipelineCPU has port MemRW_EX[3] driven by constant 0
WARNING: [Synth 8-3917] design PipelineCPU has port MemRW_EX[2] driven by constant 0
WARNING: [Synth 8-3917] design PipelineCPU has port MemRW_EX[1] driven by constant 0
WARNING: [Synth 8-3917] design PipelineCPU has port MemRW_Mem[31] driven by constant 0
WARNING: [Synth 8-3917] design PipelineCPU has port MemRW_Mem[30] driven by constant 0
WARNING: [Synth 8-3917] design PipelineCPU has port MemRW_Mem[29] driven by constant 0
WARNING: [Synth 8-3917] design PipelineCPU has port MemRW_Mem[28] driven by constant 0
WARNING: [Synth 8-3917] design PipelineCPU has port MemRW_Mem[27] driven by constant 0
WARNING: [Synth 8-3917] design PipelineCPU has port MemRW_Mem[26] driven by constant 0
WARNING: [Synth 8-3917] design PipelineCPU has port MemRW_Mem[25] driven by constant 0
INFO: [Common 17-14] Message 'Synth 8-3917' appears 100 times and further instances of the messages will be disabled. Use the Tcl command set_msg_config to change the current settings.
WARNING: [Synth 8-7129] Port PC_out_EX[31] in module PipelineCPU is either unconnected or has no load
WARNING: [Synth 8-7129] Port PC_out_EX[30] in module PipelineCPU is either unconnected or has no load
WARNING: [Synth 8-7129] Port PC_out_EX[29] in module PipelineCPU is either unconnected or has no load
WARNING: [Synth 8-7129] Port PC_out_EX[28] in module PipelineCPU is either unconnected or has no load
WARNING: [Synth 8-7129] Port PC_out_EX[27] in module PipelineCPU is either unconnected or has no load
WARNING: [Synth 8-7129] Port PC_out_EX[26] in module PipelineCPU is either unconnected or has no load
WARNING: [Synth 8-7129] Port PC_out_EX[25] in module PipelineCPU is either unconnected or has no load
WARNING: [Synth 8-7129] Port PC_out_EX[24] in module PipelineCPU is either unconnected or has no load
WARNING: [Synth 8-7129] Port PC_out_EX[23] in module PipelineCPU is either unconnected or has no load
WARNING: [Synth 8-7129] Port PC_out_EX[22] in module PipelineCPU is either unconnected or has no load
WARNING: [Synth 8-7129] Port PC_out_EX[21] in module PipelineCPU is either unconnected or has no load
WARNING: [Synth 8-7129] Port PC_out_EX[20] in module PipelineCPU is either unconnected or has no load
WARNING: [Synth 8-7129] Port PC_out_EX[19] in module PipelineCPU is either unconnected or has no load
WARNING: [Synth 8-7129] Port PC_out_EX[18] in module PipelineCPU is either unconnected or has no load
WARNING: [Synth 8-7129] Port PC_out_EX[17] in module PipelineCPU is either unconnected or has no load
WARNING: [Synth 8-7129] Port PC_out_EX[16] in module PipelineCPU is either unconnected or has no load
WARNING: [Synth 8-7129] Port PC_out_EX[15] in module PipelineCPU is either unconnected or has no load
WARNING: [Synth 8-7129] Port PC_out_EX[14] in module PipelineCPU is either unconnected or has no load
WARNING: [Synth 8-7129] Port PC_out_EX[13] in module PipelineCPU is either unconnected or has no load
WARNING: [Synth 8-7129] Port PC_out_EX[12] in module PipelineCPU is either unconnected or has no load
WARNING: [Synth 8-7129] Port PC_out_EX[11] in module PipelineCPU is either unconnected or has no load
WARNING: [Synth 8-7129] Port PC_out_EX[10] in module PipelineCPU is either unconnected or has no load
WARNING: [Synth 8-7129] Port PC_out_EX[9] in module PipelineCPU is either unconnected or has no load
WARNING: [Synth 8-7129] Port PC_out_EX[8] in module PipelineCPU is either unconnected or has no load
WARNING: [Synth 8-7129] Port PC_out_EX[7] in module PipelineCPU is either unconnected or has no load
WARNING: [Synth 8-7129] Port PC_out_EX[6] in module PipelineCPU is either unconnected or has no load
WARNING: [Synth 8-7129] Port PC_out_EX[5] in module PipelineCPU is either unconnected or has no load
WARNING: [Synth 8-7129] Port PC_out_EX[4] in module PipelineCPU is either unconnected or has no load
WARNING: [Synth 8-7129] Port PC_out_EX[3] in module PipelineCPU is either unconnected or has no load
WARNING: [Synth 8-7129] Port PC_out_EX[2] in module PipelineCPU is either unconnected or has no load
WARNING: [Synth 8-7129] Port PC_out_EX[1] in module PipelineCPU is either unconnected or has no load
WARNING: [Synth 8-7129] Port PC_out_EX[0] in module PipelineCPU is either unconnected or has no load
---------------------------------------------------------------------------------
Finished Cross Boundary and Area Optimization : Time (s): cpu = 00:00:03 ; elapsed = 00:00:21 . Memory (MB): peak = 1235.805 ; gain = 743.586
---------------------------------------------------------------------------------
No constraint files found.
---------------------------------------------------------------------------------
Start Timing Optimization
---------------------------------------------------------------------------------
---------------------------------------------------------------------------------
Finished Timing Optimization : Time (s): cpu = 00:00:03 ; elapsed = 00:00:21 . Memory (MB): peak = 1235.805 ; gain = 743.586
---------------------------------------------------------------------------------
---------------------------------------------------------------------------------
Start Technology Mapping
---------------------------------------------------------------------------------
---------------------------------------------------------------------------------
Finished Technology Mapping : Time (s): cpu = 00:00:03 ; elapsed = 00:00:21 . Memory (MB): peak = 1235.805 ; gain = 743.586
---------------------------------------------------------------------------------
---------------------------------------------------------------------------------
Start IO Insertion
---------------------------------------------------------------------------------
---------------------------------------------------------------------------------
Start Flattening Before IO Insertion
---------------------------------------------------------------------------------
---------------------------------------------------------------------------------
Finished Flattening Before IO Insertion
---------------------------------------------------------------------------------
---------------------------------------------------------------------------------
Start Final Netlist Cleanup
---------------------------------------------------------------------------------
---------------------------------------------------------------------------------
Finished Final Netlist Cleanup
---------------------------------------------------------------------------------
CRITICAL WARNING: [Synth 8-4442] BlackBox module Ex_reg_Mem has unconnected pin PC_in_EXMem[31]
CRITICAL WARNING: [Synth 8-4442] BlackBox module Ex_reg_Mem has unconnected pin PC_in_EXMem[30]
CRITICAL WARNING: [Synth 8-4442] BlackBox module Ex_reg_Mem has unconnected pin PC_in_EXMem[29]
CRITICAL WARNING: [Synth 8-4442] BlackBox module Ex_reg_Mem has unconnected pin PC_in_EXMem[28]
CRITICAL WARNING: [Synth 8-4442] BlackBox module Ex_reg_Mem has unconnected pin PC_in_EXMem[27]
CRITICAL WARNING: [Synth 8-4442] BlackBox module Ex_reg_Mem has unconnected pin PC_in_EXMem[26]
CRITICAL WARNING: [Synth 8-4442] BlackBox module Ex_reg_Mem has unconnected pin PC_in_EXMem[25]
CRITICAL WARNING: [Synth 8-4442] BlackBox module Ex_reg_Mem has unconnected pin PC_in_EXMem[24]
CRITICAL WARNING: [Synth 8-4442] BlackBox module Ex_reg_Mem has unconnected pin PC_in_EXMem[23]
CRITICAL WARNING: [Synth 8-4442] BlackBox module Ex_reg_Mem has unconnected pin PC_in_EXMem[22]
CRITICAL WARNING: [Synth 8-4442] BlackBox module Ex_reg_Mem has unconnected pin PC_in_EXMem[21]
CRITICAL WARNING: [Synth 8-4442] BlackBox module Ex_reg_Mem has unconnected pin PC_in_EXMem[20]
CRITICAL WARNING: [Synth 8-4442] BlackBox module Ex_reg_Mem has unconnected pin PC_in_EXMem[19]
CRITICAL WARNING: [Synth 8-4442] BlackBox module Ex_reg_Mem has unconnected pin PC_in_EXMem[18]
CRITICAL WARNING: [Synth 8-4442] BlackBox module Ex_reg_Mem has unconnected pin PC_in_EXMem[17]
CRITICAL WARNING: [Synth 8-4442] BlackBox module Ex_reg_Mem has unconnected pin PC_in_EXMem[16]
CRITICAL WARNING: [Synth 8-4442] BlackBox module Ex_reg_Mem has unconnected pin PC_in_EXMem[15]
CRITICAL WARNING: [Synth 8-4442] BlackBox module Ex_reg_Mem has unconnected pin PC_in_EXMem[14]
CRITICAL WARNING: [Synth 8-4442] BlackBox module Ex_reg_Mem has unconnected pin PC_in_EXMem[13]
CRITICAL WARNING: [Synth 8-4442] BlackBox module Ex_reg_Mem has unconnected pin PC_in_EXMem[12]
CRITICAL WARNING: [Synth 8-4442] BlackBox module Ex_reg_Mem has unconnected pin PC_in_EXMem[11]
CRITICAL WARNING: [Synth 8-4442] BlackBox module Ex_reg_Mem has unconnected pin PC_in_EXMem[10]
CRITICAL WARNING: [Synth 8-4442] BlackBox module Ex_reg_Mem has unconnected pin PC_in_EXMem[9]
CRITICAL WARNING: [Synth 8-4442] BlackBox module Ex_reg_Mem has unconnected pin PC_in_EXMem[8]
CRITICAL WARNING: [Synth 8-4442] BlackBox module Ex_reg_Mem has unconnected pin PC_in_EXMem[7]
CRITICAL WARNING: [Synth 8-4442] BlackBox module Ex_reg_Mem has unconnected pin PC_in_EXMem[6]
CRITICAL WARNING: [Synth 8-4442] BlackBox module Ex_reg_Mem has unconnected pin PC_in_EXMem[5]
CRITICAL WARNING: [Synth 8-4442] BlackBox module Ex_reg_Mem has unconnected pin PC_in_EXMem[4]
CRITICAL WARNING: [Synth 8-4442] BlackBox module Ex_reg_Mem has unconnected pin PC_in_EXMem[3]
CRITICAL WARNING: [Synth 8-4442] BlackBox module Ex_reg_Mem has unconnected pin PC_in_EXMem[2]
CRITICAL WARNING: [Synth 8-4442] BlackBox module Ex_reg_Mem has unconnected pin PC_in_EXMem[1]
---------------------------------------------------------------------------------
Finished IO Insertion : Time (s): cpu = 00:00:04 ; elapsed = 00:00:24 . Memory (MB): peak = 1235.805 ; gain = 743.586
---------------------------------------------------------------------------------
---------------------------------------------------------------------------------
Start Renaming Generated Instances
---------------------------------------------------------------------------------
---------------------------------------------------------------------------------
Finished Renaming Generated Instances : Time (s): cpu = 00:00:04 ; elapsed = 00:00:24 . Memory (MB): peak = 1235.805 ; gain = 743.586
---------------------------------------------------------------------------------
---------------------------------------------------------------------------------
Start Rebuilding User Hierarchy
---------------------------------------------------------------------------------
---------------------------------------------------------------------------------
Finished Rebuilding User Hierarchy : Time (s): cpu = 00:00:04 ; elapsed = 00:00:24 . Memory (MB): peak = 1235.805 ; gain = 743.586
---------------------------------------------------------------------------------
---------------------------------------------------------------------------------
Start Renaming Generated Ports
---------------------------------------------------------------------------------
---------------------------------------------------------------------------------
Finished Renaming Generated Ports : Time (s): cpu = 00:00:04 ; elapsed = 00:00:24 . Memory (MB): peak = 1235.805 ; gain = 743.586
---------------------------------------------------------------------------------
---------------------------------------------------------------------------------
Start Handling Custom Attributes
---------------------------------------------------------------------------------
---------------------------------------------------------------------------------
Finished Handling Custom Attributes : Time (s): cpu = 00:00:04 ; elapsed = 00:00:24 . Memory (MB): peak = 1235.805 ; gain = 743.586
---------------------------------------------------------------------------------
---------------------------------------------------------------------------------
Start Renaming Generated Nets
---------------------------------------------------------------------------------
---------------------------------------------------------------------------------
Finished Renaming Generated Nets : Time (s): cpu = 00:00:04 ; elapsed = 00:00:24 . Memory (MB): peak = 1235.805 ; gain = 743.586
---------------------------------------------------------------------------------
---------------------------------------------------------------------------------
Start Writing Synthesis Report
---------------------------------------------------------------------------------

Report BlackBoxes: 
+------+--------------+----------+
|      |BlackBox name |Instances |
+------+--------------+----------+
|1     |Pipeline_IF   |         1|
|2     |IF_reg_ID     |         1|
|3     |Pipeline_ID   |         1|
|4     |ID_reg_Ex     |         1|
|5     |Pipeline_Ex   |         1|
|6     |Ex_reg_Mem    |         1|
|7     |Pipeline_Mem  |         1|
|8     |Mem_reg_WB    |         1|
|9     |Pipeline_WB   |         1|
+------+--------------+----------+

Report Cell Usage: 
+------+------------------+------+
|      |Cell              |Count |
+------+------------------+------+
|1     |Ex_reg_Mem_bbox   |     1|
|2     |ID_reg_Ex_bbox    |     1|
|3     |IF_reg_ID_bbox    |     1|
|4     |Mem_reg_WB_bbox   |     1|
|5     |Pipeline_Ex_bbox  |     1|
|6     |Pipeline_ID_bbox  |     1|
|7     |Pipeline_IF_bbox  |     1|
|8     |Pipeline_Mem_bbox |     1|
|9     |Pipeline_WB_bbox  |     1|
|10    |IBUF              |    66|
|11    |OBUF              |   256|
|12    |OBUFT             |    32|
+------+------------------+------+

Report Instance Areas: 
+------+---------+-------+------+
|      |Instance |Module |Cells |
+------+---------+-------+------+
|1     |top      |       |  1140|
+------+---------+-------+------+
---------------------------------------------------------------------------------
Finished Writing Synthesis Report : Time (s): cpu = 00:00:04 ; elapsed = 00:00:24 . Memory (MB): peak = 1235.805 ; gain = 743.586
---------------------------------------------------------------------------------
Synthesis finished with 0 errors, 31 critical warnings and 195 warnings.
Synthesis Optimization Runtime : Time (s): cpu = 00:00:04 ; elapsed = 00:00:24 . Memory (MB): peak = 1235.805 ; gain = 743.586
Synthesis Optimization Complete : Time (s): cpu = 00:00:04 ; elapsed = 00:00:24 . Memory (MB): peak = 1235.805 ; gain = 743.586
INFO: [Project 1-571] Translating synthesized netlist
Parsing EDIF File [D:/NewwwwwW/ComputerOrg/lab05/Lab05Student/Lab05-PipelineCPU/Pipeline_IF.edf]
Finished Parsing EDIF File [D:/NewwwwwW/ComputerOrg/lab05/Lab05Student/Lab05-PipelineCPU/Pipeline_IF.edf]
Parsing EDIF File [D:/NewwwwwW/ComputerOrg/lab05/Lab05Student/Lab05-PipelineCPU/IF_reg_ID.edf]
Finished Parsing EDIF File [D:/NewwwwwW/ComputerOrg/lab05/Lab05Student/Lab05-PipelineCPU/IF_reg_ID.edf]
Parsing EDIF File [D:/NewwwwwW/ComputerOrg/lab05/Lab05Student/Lab05-PipelineCPU/Pipeline_ID.edf]
Finished Parsing EDIF File [D:/NewwwwwW/ComputerOrg/lab05/Lab05Student/Lab05-PipelineCPU/Pipeline_ID.edf]
Parsing EDIF File [D:/NewwwwwW/ComputerOrg/lab05/Lab05Student/Lab05-PipelineCPU/ID_reg_Ex.edf]
Finished Parsing EDIF File [D:/NewwwwwW/ComputerOrg/lab05/Lab05Student/Lab05-PipelineCPU/ID_reg_Ex.edf]
Parsing EDIF File [D:/NewwwwwW/ComputerOrg/lab05/Lab05Student/Lab05-PipelineCPU/Pipeline_Ex.edf]
Finished Parsing EDIF File [D:/NewwwwwW/ComputerOrg/lab05/Lab05Student/Lab05-PipelineCPU/Pipeline_Ex.edf]
Parsing EDIF File [D:/NewwwwwW/ComputerOrg/lab05/Lab05Student/Lab05-PipelineCPU/Ex_reg_Mem.edf]
Finished Parsing EDIF File [D:/NewwwwwW/ComputerOrg/lab05/Lab05Student/Lab05-PipelineCPU/Ex_reg_Mem.edf]
Parsing EDIF File [D:/NewwwwwW/ComputerOrg/lab05/Lab05Student/Lab05-PipelineCPU/Pipeline_Mem.edf]
Finished Parsing EDIF File [D:/NewwwwwW/ComputerOrg/lab05/Lab05Student/Lab05-PipelineCPU/Pipeline_Mem.edf]
Parsing EDIF File [D:/NewwwwwW/ComputerOrg/lab05/Lab05Student/Lab05-PipelineCPU/Mem_reg_WB.edf]
Finished Parsing EDIF File [D:/NewwwwwW/ComputerOrg/lab05/Lab05Student/Lab05-PipelineCPU/Mem_reg_WB.edf]
Parsing EDIF File [D:/NewwwwwW/ComputerOrg/lab05/Lab05Student/Lab05-PipelineCPU/Pipeline_WB.edf]
Finished Parsing EDIF File [D:/NewwwwwW/ComputerOrg/lab05/Lab05Student/Lab05-PipelineCPU/Pipeline_WB.edf]
Netlist sorting complete. Time (s): cpu = 00:00:00 ; elapsed = 00:00:00.012 . Memory (MB): peak = 1249.285 ; gain = 0.000
INFO: [Netlist 29-17] Analyzing 301 Unisim elements for replacement
INFO: [Netlist 29-28] Unisim Transformation completed in 0 CPU seconds
INFO: [Project 1-479] Netlist was created with Vivado 2017.4
INFO: [Project 1-570] Preparing netlist for logic optimization
INFO: [Opt 31-138] Pushed 0 inverter(s) to 0 load pin(s).
Netlist sorting complete. Time (s): cpu = 00:00:00 ; elapsed = 00:00:00 . Memory (MB): peak = 1349.336 ; gain = 0.000
INFO: [Project 1-111] Unisim Transformation Summary:
No Unisim elements were transformed.

系统找不到指定的路径。
Synth Design complete | Checksum: aa2c7d69
INFO: [Common 17-83] Releasing license: Synthesis
30 Infos, 173 Warnings, 31 Critical Warnings and 0 Errors encountered.
synth_design completed successfully
synth_design: Time (s): cpu = 00:00:05 ; elapsed = 00:00:26 . Memory (MB): peak = 1349.336 ; gain = 861.230
INFO: [runtcl-6] Synthesis results are not added to the cache due to CRITICAL_WARNING
Write ShapeDB Complete: Time (s): cpu = 00:00:00 ; elapsed = 00:00:00.004 . Memory (MB): peak = 1349.336 ; gain = 0.000
INFO: [Common 17-1381] The checkpoint 'D:/NewwwwwW/ComputerOrg/lab05/Lab05Student/Lab05-PipelineCPU/Lab05-PipelineCPU.runs/synth_1/PipelineCPU.dcp' has been generated.
INFO: [runtcl-4] Executing : report_utilization -file PipelineCPU_utilization_synth.rpt -pb PipelineCPU_utilization_synth.pb
INFO: [Common 17-206] Exiting Vivado at Wed Nov 27 09:51:17 2024...
