Copyright 1986-2022 Xilinx, Inc. All Rights Reserved. Copyright 2022-2023 Advanced Micro Devices, Inc. All Rights Reserved.
-------------------------------------------------------------------------------------------------------------------------------------------------
| Tool Version     : Vivado v.2023.2 (win64) Build 4029153 Fri Oct 13 20:14:34 MDT 2023
| Date             : Fri Dec 20 15:48:27 2024
| Host             : TomChang running 64-bit major release  (build 9200)
| Command          : report_power -file CSSTE_power_routed.rpt -pb CSSTE_power_summary_routed.pb -rpx CSSTE_power_routed.rpx
| Design           : CSSTE
| Device           : xc7a100tcsg324-1
| Design State     : routed
| Grade            : commercial
| Process          : typical
| Characterization : Production
-------------------------------------------------------------------------------------------------------------------------------------------------

Power Report

Table of Contents
-----------------
1. Summary
1.1 On-Chip Components
1.2 Power Supply Summary
1.3 Confidence Level
2. Settings
2.1 Environment
2.2 Clock Constraints
3. Detailed Reports
3.1 By Hierarchy

1. Summary
----------

+--------------------------+----------------------------------+
| Total On-Chip Power (W)  | 47.405 (Junction temp exceeded!) |
| Design Power Budget (W)  | Unspecified*                     |
| Power Budget Margin (W)  | NA                               |
| Dynamic (W)              | 46.608                           |
| Device Static (W)        | 0.797                            |
| Effective TJA (C/W)      | 4.6                              |
| Max Ambient (C)          | 0.0                              |
| Junction Temperature (C) | 125.0                            |
| Confidence Level         | Low                              |
| Setting File             | ---                              |
| Simulation Activity File | ---                              |
| Design Nets Matched      | NA                               |
+--------------------------+----------------------------------+
* Specify Design Power Budget using, set_operating_conditions -design_power_budget <value in Watts>


1.1 On-Chip Components
----------------------

+--------------------------+-----------+----------+-----------+-----------------+
| On-Chip                  | Power (W) | Used     | Available | Utilization (%) |
+--------------------------+-----------+----------+-----------+-----------------+
| Slice Logic              |     9.976 |     7582 |       --- |             --- |
|   LUT as Logic           |     9.125 |     3628 |     63400 |            5.72 |
|   CARRY4                 |     0.384 |      101 |     15850 |            0.64 |
|   Register               |     0.291 |     2024 |    126800 |            1.60 |
|   F7/F8 Muxes            |     0.082 |      787 |     63400 |            1.24 |
|   LUT as Distributed RAM |     0.047 |      636 |     19000 |            3.35 |
|   BUFG                   |     0.047 |        7 |        32 |           21.88 |
|   Others                 |     0.000 |       29 |       --- |             --- |
| Signals                  |    15.664 |     5154 |       --- |             --- |
| Block RAM                |     0.128 |        1 |       135 |            0.74 |
| I/O                      |    20.840 |       64 |       210 |           30.48 |
| Static Power             |     0.797 |          |           |                 |
| Total                    |    47.405 |          |           |                 |
+--------------------------+-----------+----------+-----------+-----------------+


1.2 Power Supply Summary
------------------------

+-----------+-------------+-----------+-------------+------------+-------------+-------------+------------+
| Source    | Voltage (V) | Total (A) | Dynamic (A) | Static (A) | Powerup (A) | Budget (A)  | Margin (A) |
+-----------+-------------+-----------+-------------+------------+-------------+-------------+------------+
| Vccint    |       1.000 |    26.388 |      25.826 |      0.563 |       NA    | Unspecified | NA         |
| Vccaux    |       1.800 |     0.854 |       0.761 |      0.093 |       NA    | Unspecified | NA         |
| Vcco33    |       3.300 |     5.883 |       5.879 |      0.004 |       NA    | Unspecified | NA         |
| Vcco25    |       2.500 |     0.000 |       0.000 |      0.000 |       NA    | Unspecified | NA         |
| Vcco18    |       1.800 |     0.000 |       0.000 |      0.000 |       NA    | Unspecified | NA         |
| Vcco15    |       1.500 |     0.000 |       0.000 |      0.000 |       NA    | Unspecified | NA         |
| Vcco135   |       1.350 |     0.000 |       0.000 |      0.000 |       NA    | Unspecified | NA         |
| Vcco12    |       1.200 |     0.000 |       0.000 |      0.000 |       NA    | Unspecified | NA         |
| Vccaux_io |       1.800 |     0.000 |       0.000 |      0.000 |       NA    | Unspecified | NA         |
| Vccbram   |       1.000 |     0.028 |       0.010 |      0.018 |       NA    | Unspecified | NA         |
| MGTAVcc   |       1.000 |     0.000 |       0.000 |      0.000 |       NA    | Unspecified | NA         |
| MGTAVtt   |       1.200 |     0.000 |       0.000 |      0.000 |       NA    | Unspecified | NA         |
| Vccadc    |       1.800 |     0.020 |       0.000 |      0.020 |       NA    | Unspecified | NA         |
+-----------+-------------+-----------+-------------+------------+-------------+-------------+------------+


1.3 Confidence Level
--------------------

+-----------------------------+------------+--------------------------------------------------------+--------------------------------------------------------------------------------------------------------------------+
| User Input Data             | Confidence | Details                                                | Action                                                                                                             |
+-----------------------------+------------+--------------------------------------------------------+--------------------------------------------------------------------------------------------------------------------+
| Design implementation state | High       | Design is routed                                       |                                                                                                                    |
| Clock nodes activity        | Low        | User specified less than 75% of clocks                 | Provide missing clock activity with a constraint file, simulation results or by editing the "By Clock Domain" view |
| I/O nodes activity          | Low        | More than 75% of inputs are missing user specification | Provide missing input activity with simulation results or by editing the "By Resource Type -> I/Os" view           |
| Internal nodes activity     | Medium     | User specified less than 25% of internal nodes         | Provide missing internal nodes activity with simulation results or by editing the "By Resource Type" views         |
| Device models               | High       | Device models are Production                           |                                                                                                                    |
|                             |            |                                                        |                                                                                                                    |
| Overall confidence level    | Low        |                                                        |                                                                                                                    |
+-----------------------------+------------+--------------------------------------------------------+--------------------------------------------------------------------------------------------------------------------+


2. Settings
-----------

2.1 Environment
---------------

+-----------------------+--------------------------+
| Ambient Temp (C)      | 25.0                     |
| ThetaJA (C/W)         | 4.6                      |
| Airflow (LFM)         | 250                      |
| Heat Sink             | medium (Medium Profile)  |
| ThetaSA (C/W)         | 4.6                      |
| Board Selection       | medium (10"x10")         |
| # of Board Layers     | 12to15 (12 to 15 Layers) |
| Board Temperature (C) | 25.0                     |
+-----------------------+--------------------------+


2.2 Clock Constraints
---------------------

+-------+--------+-----------------+
| Clock | Domain | Constraint (ns) |
+-------+--------+-----------------+


3. Detailed Reports
-------------------

3.1 By Hierarchy
----------------

+--------------------------------------+-----------+
| Name                                 | Power (W) |
+--------------------------------------+-----------+
| CSSTE                                |    46.608 |
|   U1                                 |     7.601 |
|     Ex                               |     0.428 |
|       ALU                            |     0.179 |
|       add_32_0                       |     0.150 |
|       add_32_1                       |     0.099 |
|     Ex_reg_Mem                       |     1.072 |
|     ID                               |     1.704 |
|       Regs_0                         |     1.472 |
|       SCPU_ctrl_0                    |     0.233 |
|     ID_reg_Ex                        |     1.328 |
|     IF                               |     0.691 |
|       PC                             |     0.691 |
|     IF_reg_ID                        |     1.442 |
|     Mem                              |     0.003 |
|     Mem_reg_WB                       |     0.594 |
|     WB                               |     0.338 |
|       MUX4T1_32_0                    |     0.338 |
|   U10                                |     1.643 |
|   U11                                |    13.164 |
|     vga_controller                   |     1.462 |
|     vga_debugger                     |    10.600 |
|     vga_display                      |     1.102 |
|       display_data_reg_0_63_0_2      |     0.001 |
|       display_data_reg_1024_1087_0_2 |     0.001 |
|       display_data_reg_1152_1215_0_2 |     0.001 |
|       display_data_reg_1344_1407_0_2 |     0.001 |
|       display_data_reg_1600_1663_0_2 |     0.001 |
|       display_data_reg_2240_2303_0_2 |     0.001 |
|       display_data_reg_256_319_0_2   |     0.001 |
|       display_data_reg_576_639_0_2   |     0.001 |
|       display_data_reg_640_703_0_2   |     0.001 |
|       display_data_reg_64_127_0_2    |     0.001 |
|       display_data_reg_704_767_0_2   |     0.001 |
|       display_data_reg_768_831_0_2   |     0.001 |
|       display_data_reg_832_895_0_2   |     0.001 |
|       display_data_reg_896_959_0_2   |     0.001 |
|       display_data_reg_960_1023_0_2  |     0.001 |
|   U2                                 |     0.760 |
|     U0                               |     0.760 |
|       synth_options.dist_mem_inst    |     0.760 |
|   U3                                 |     0.427 |
|     U0                               |     0.427 |
|       inst_blk_mem_gen               |     0.427 |
|   U4                                 |     0.601 |
|   U5                                 |     0.378 |
|   U6                                 |     0.498 |
|     inst                             |     0.461 |
|       U2                             |     0.461 |
|   U8                                 |     0.347 |
|   U9                                 |     0.058 |
|     u1                               |     0.058 |
+--------------------------------------+-----------+


