Copyright 1986-2022 Xilinx, Inc. All Rights Reserved. Copyright 2022-2023 Advanced Micro Devices, Inc. All Rights Reserved.
------------------------------------------------------------------------------------------------------------------------------------------------------------------------------------------------------------
| Tool Version : Vivado v.2023.2 (win64) Build 4029153 Fri Oct 13 20:14:34 MDT 2023
| Date         : Fri Dec 20 15:48:28 2024
| Host         : TomChang running 64-bit major release  (build 9200)
| Command      : report_timing_summary -max_paths 10 -report_unconstrained -file CSSTE_timing_summary_routed.rpt -pb CSSTE_timing_summary_routed.pb -rpx CSSTE_timing_summary_routed.rpx -warn_on_violation
| Design       : CSSTE
| Device       : 7a100t-csg324
| Speed File   : -1  PRODUCTION 1.23 2018-06-13
| Design State : Routed
------------------------------------------------------------------------------------------------------------------------------------------------------------------------------------------------------------

Timing Summary Report

------------------------------------------------------------------------------------------------
| Timer Settings
| --------------
------------------------------------------------------------------------------------------------

  Enable Multi Corner Analysis               :  Yes
  Enable Pessimism Removal                   :  Yes
  Pessimism Removal Resolution               :  Nearest Common Node
  Enable Input Delay Default Clock           :  No
  Enable Preset / Clear Arcs                 :  No
  Disable Flight Delays                      :  No
  Ignore I/O Paths                           :  No
  Timing Early Launch at Borrowing Latches   :  No
  Borrow Time for Max Delay Exceptions       :  Yes
  Merge Timing Exceptions                    :  Yes
  Inter-SLR Compensation                     :  Conservative

  Corner  Analyze    Analyze    
  Name    Max Paths  Min Paths  
  ------  ---------  ---------  
  Slow    Yes        Yes        
  Fast    Yes        Yes        


------------------------------------------------------------------------------------------------
| Report Methodology
| ------------------
------------------------------------------------------------------------------------------------

Rule       Severity          Description                     Violations  
---------  ----------------  ------------------------------  ----------  
TIMING-17  Critical Warning  Non-clocked sequential cell     1000        
TIMING-20  Warning           Non-clocked latch               45          
LATCH-1    Advisory          Existing latches in the design  1           

Note: This report is based on the most recent report_methodology run and may not be up-to-date. Run report_methodology on the current design for the latest report.



check_timing report

Table of Contents
-----------------
1. checking no_clock (9731)
2. checking constant_clock (0)
3. checking pulse_width_clock (0)
4. checking unconstrained_internal_endpoints (10251)
5. checking no_input_delay (17)
6. checking no_output_delay (46)
7. checking multiple_clock (0)
8. checking generated_clocks (0)
9. checking loops (0)
10. checking partial_input_delay (0)
11. checking partial_output_delay (0)
12. checking latch_loops (0)

1. checking no_clock (9731)
---------------------------
 There are 757 register/latch pins with no clock driven by root clock pin: clk_100mhz (HIGH)

 There are 32 register/latch pins with no clock driven by root clock pin: U1/ID/SCPU_ctrl_0/ImmSel_reg[0]/Q (HIGH)

 There are 32 register/latch pins with no clock driven by root clock pin: U1/ID/SCPU_ctrl_0/ImmSel_reg[1]/Q (HIGH)

 There are 32 register/latch pins with no clock driven by root clock pin: U1/ID/SCPU_ctrl_0/Jump_reg[0]/Q (HIGH)

 There are 13 register/latch pins with no clock driven by root clock pin: U1/IF_reg_ID/inst_out_IFID_reg[13]/Q (HIGH)

 There are 13 register/latch pins with no clock driven by root clock pin: U1/IF_reg_ID/inst_out_IFID_reg[14]/Q (HIGH)

 There are 13 register/latch pins with no clock driven by root clock pin: U1/IF_reg_ID/inst_out_IFID_reg[2]/Q (HIGH)

 There are 13 register/latch pins with no clock driven by root clock pin: U1/IF_reg_ID/inst_out_IFID_reg[3]/Q (HIGH)

 There are 13 register/latch pins with no clock driven by root clock pin: U1/IF_reg_ID/inst_out_IFID_reg[4]/Q (HIGH)

 There are 13 register/latch pins with no clock driven by root clock pin: U1/IF_reg_ID/inst_out_IFID_reg[5]/Q (HIGH)

 There are 13 register/latch pins with no clock driven by root clock pin: U1/IF_reg_ID/inst_out_IFID_reg[6]/Q (HIGH)

 There are 35 register/latch pins with no clock driven by root clock pin: U8/clkdiv_reg[11]/Q (HIGH)

 There are 22 register/latch pins with no clock driven by root clock pin: U8/clkdiv_reg[1]/Q (HIGH)

 There are 1732 register/latch pins with no clock driven by root clock pin: U8/clkdiv_reg[24]/Q (HIGH)

 There are 1732 register/latch pins with no clock driven by root clock pin: U8/clkdiv_reg[2]/Q (HIGH)

 There are 35 register/latch pins with no clock driven by root clock pin: U8/clkdiv_reg[6]/Q (HIGH)

 There are 35 register/latch pins with no clock driven by root clock pin: U8/clkdiv_reg[9]/Q (HIGH)

 There are 1732 register/latch pins with no clock driven by root clock pin: U9/u1/sw_reg[10]/Q (HIGH)

 There are 1732 register/latch pins with no clock driven by root clock pin: U9/u1/sw_reg[2]/Q (HIGH)

 There are 1732 register/latch pins with no clock driven by root clock pin: U9/u1/sw_reg[8]/Q (HIGH)


2. checking constant_clock (0)
------------------------------
 There are 0 register/latch pins with constant_clock.


3. checking pulse_width_clock (0)
---------------------------------
 There are 0 register/latch pins which need pulse_width check


4. checking unconstrained_internal_endpoints (10251)
----------------------------------------------------
 There are 10251 pins that are not constrained for maximum delay. (HIGH)

 There are 0 pins that are not constrained for maximum delay due to constant clock.


5. checking no_input_delay (17)
-------------------------------
 There are 17 input ports with no input delay specified. (HIGH)

 There are 0 input ports with no input delay but user has a false path constraint.


6. checking no_output_delay (46)
--------------------------------
 There are 46 ports with no output delay specified. (HIGH)

 There are 0 ports with no output delay but user has a false path constraint

 There are 0 ports with no output delay but with a timing clock defined on it or propagating through it


7. checking multiple_clock (0)
------------------------------
 There are 0 register/latch pins with multiple clocks.


8. checking generated_clocks (0)
--------------------------------
 There are 0 generated clocks that are not connected to a clock source.


9. checking loops (0)
---------------------
 There are 0 combinational loops in the design.


10. checking partial_input_delay (0)
------------------------------------
 There are 0 input ports with partial input delay specified.


11. checking partial_output_delay (0)
-------------------------------------
 There are 0 ports with partial output delay specified.


12. checking latch_loops (0)
----------------------------
 There are 0 combinational latch loops in the design through latch input



------------------------------------------------------------------------------------------------
| Design Timing Summary
| ---------------------
------------------------------------------------------------------------------------------------

    WNS(ns)      TNS(ns)  TNS Failing Endpoints  TNS Total Endpoints      WHS(ns)      THS(ns)  THS Failing Endpoints  THS Total Endpoints     WPWS(ns)     TPWS(ns)  TPWS Failing Endpoints  TPWS Total Endpoints  
    -------      -------  ---------------------  -------------------      -------      -------  ---------------------  -------------------     --------     --------  ----------------------  --------------------  
        inf        0.000                      0                10297          inf        0.000                      0                10297           NA           NA                      NA                    NA  


There are no user specified timing constraints.


------------------------------------------------------------------------------------------------
| Clock Summary
| -------------
------------------------------------------------------------------------------------------------


------------------------------------------------------------------------------------------------
| Intra Clock Table
| -----------------
------------------------------------------------------------------------------------------------

Clock             WNS(ns)      TNS(ns)  TNS Failing Endpoints  TNS Total Endpoints      WHS(ns)      THS(ns)  THS Failing Endpoints  THS Total Endpoints     WPWS(ns)     TPWS(ns)  TPWS Failing Endpoints  TPWS Total Endpoints  
-----             -------      -------  ---------------------  -------------------      -------      -------  ---------------------  -------------------     --------     --------  ----------------------  --------------------  


------------------------------------------------------------------------------------------------
| Inter Clock Table
| -----------------
------------------------------------------------------------------------------------------------

From Clock    To Clock          WNS(ns)      TNS(ns)  TNS Failing Endpoints  TNS Total Endpoints      WHS(ns)      THS(ns)  THS Failing Endpoints  THS Total Endpoints  
----------    --------          -------      -------  ---------------------  -------------------      -------      -------  ---------------------  -------------------  


------------------------------------------------------------------------------------------------
| Other Path Groups Table
| -----------------------
------------------------------------------------------------------------------------------------

Path Group    From Clock    To Clock          WNS(ns)      TNS(ns)  TNS Failing Endpoints  TNS Total Endpoints      WHS(ns)      THS(ns)  THS Failing Endpoints  THS Total Endpoints  
----------    ----------    --------          -------      -------  ---------------------  -------------------      -------      -------  ---------------------  -------------------  


------------------------------------------------------------------------------------------------
| User Ignored Path Table
| -----------------------
------------------------------------------------------------------------------------------------

Path Group    From Clock    To Clock    
----------    ----------    --------    


------------------------------------------------------------------------------------------------
| Unconstrained Path Table
| ------------------------
------------------------------------------------------------------------------------------------

Path Group    From Clock    To Clock    
----------    ----------    --------    
(none)                                    


------------------------------------------------------------------------------------------------
| Timing Details
| --------------
------------------------------------------------------------------------------------------------


--------------------------------------------------------------------------------------
Path Group:  (none)
From Clock:  
  To Clock:  

Max Delay         10297 Endpoints
Min Delay         10297 Endpoints
--------------------------------------------------------------------------------------


Max Delay Paths
--------------------------------------------------------------------------------------
Slack:                    inf
  Source:                 U11/vga_controller/v_count_reg[2]/C
                            (rising edge-triggered cell FDRE)
  Destination:            Green[0]
                            (output port)
  Path Group:             (none)
  Path Type:              Max at Slow Process Corner
  Data Path Delay:        44.534ns  (logic 8.651ns (19.426%)  route 35.883ns (80.574%))
  Logic Levels:           24  (CARRY4=3 FDRE=1 LUT2=2 LUT4=1 LUT5=3 LUT6=8 MUXF7=2 MUXF8=2 OBUF=1 RAMD64E=1)

    Location             Delay type                Incr(ns)  Path(ns)    Netlist Resource(s)
  -------------------------------------------------------------------    -------------------
    SLICE_X28Y92         FDRE                         0.000     0.000 r  U11/vga_controller/v_count_reg[2]/C
    SLICE_X28Y92         FDRE (Prop_fdre_C_Q)         0.419     0.419 f  U11/vga_controller/v_count_reg[2]/Q
                         net (fo=38, routed)          1.400     1.819    U11/vga_controller/v_count_reg_n_1_[2]
    SLICE_X31Y92         LUT5 (Prop_lut5_I4_O)        0.296     2.115 f  U11/vga_controller/display_data_reg_0_63_0_2_i_39/O
                         net (fo=7, routed)           0.714     2.829    U11/vga_controller/display_data_reg_0_63_0_2_i_39_n_1
    SLICE_X31Y92         LUT5 (Prop_lut5_I3_O)        0.124     2.953 f  U11/vga_controller/Blue_OBUF[3]_inst_i_7/O
                         net (fo=23, routed)          1.869     4.823    U11/vga_controller/Blue_OBUF[3]_inst_i_7_n_1
    SLICE_X36Y92         LUT5 (Prop_lut5_I0_O)        0.124     4.947 r  U11/vga_controller/Blue_OBUF[3]_inst_i_2/O
                         net (fo=48, routed)          1.710     6.656    U11/vga_controller/h_count_reg[7]_0
    SLICE_X29Y91         LUT6 (Prop_lut6_I0_O)        0.124     6.780 r  U11/vga_controller/display_data_reg_0_63_0_2_i_17/O
                         net (fo=11, routed)          0.739     7.519    U11/vga_display/C__0[1]
    SLICE_X32Y90         LUT4 (Prop_lut4_I0_O)        0.124     7.643 r  U11/vga_display/display_data_reg_0_63_0_2_i_20/O
                         net (fo=1, routed)           0.000     7.643    U11/vga_controller/S[0]
    SLICE_X32Y90         CARRY4 (Prop_carry4_S[1]_O[1])
                                                      0.227     7.870 r  U11/vga_controller/display_data_reg_0_63_0_2_i_5/O[1]
                         net (fo=446, routed)        10.551    18.421    U11/vga_display/display_data_reg_0_63_0_2/ADDRB4
    SLICE_X46Y75         RAMD64E (Prop_ramd64e_RADR4_O)
                                                      0.303    18.724 r  U11/vga_display/display_data_reg_0_63_0_2/RAMB/O
                         net (fo=1, routed)           1.394    20.117    U11/vga_display/display_data_reg_0_63_0_2_n_2
    SLICE_X43Y77         LUT6 (Prop_lut6_I5_O)        0.124    20.241 r  U11/vga_display/text_ascii_carry_i_111/O
                         net (fo=1, routed)           0.000    20.241    U11/vga_display/text_ascii_carry_i_111_n_1
    SLICE_X43Y77         MUXF7 (Prop_muxf7_I0_O)      0.238    20.479 r  U11/vga_display/text_ascii_carry_i_56/O
                         net (fo=1, routed)           0.000    20.479    U11/vga_display/text_ascii_carry_i_56_n_1
    SLICE_X43Y77         MUXF8 (Prop_muxf8_I0_O)      0.104    20.583 r  U11/vga_display/text_ascii_carry_i_22/O
                         net (fo=1, routed)           0.947    21.530    U11/vga_display/text_ascii_carry_i_22_n_1
    SLICE_X36Y86         LUT6 (Prop_lut6_I5_O)        0.316    21.846 r  U11/vga_display/text_ascii_carry_i_3/O
                         net (fo=2, routed)           0.792    22.638    U11/vga_display/text_ascii0[1]
    SLICE_X37Y89         LUT2 (Prop_lut2_I0_O)        0.124    22.762 r  U11/vga_display/text_ascii_carry_i_7/O
                         net (fo=1, routed)           0.000    22.762    U11/vga_display/text_ascii_carry_i_7_n_1
    SLICE_X37Y89         CARRY4 (Prop_carry4_S[1]_O[2])
                                                      0.580    23.342 r  U11/vga_display/text_ascii_carry/O[2]
                         net (fo=2, routed)           0.558    23.900    U11/vga_display/font_addr0[2]
    SLICE_X37Y91         LUT2 (Prop_lut2_I0_O)        0.302    24.202 r  U11/vga_display/Blue_OBUF[3]_inst_i_69/O
                         net (fo=1, routed)           0.000    24.202    U11/vga_display/Blue_OBUF[3]_inst_i_69_n_1
    SLICE_X37Y91         CARRY4 (Prop_carry4_S[3]_O[3])
                                                      0.248    24.450 r  U11/vga_display/Blue_OBUF[3]_inst_i_29/O[3]
                         net (fo=405, routed)         5.295    29.745    U11/vga_display/Blue_OBUF[3]_inst_i_31_0[3]
    SLICE_X52Y97         LUT6 (Prop_lut6_I0_O)        0.306    30.051 r  U11/vga_display/Blue_OBUF[3]_inst_i_461/O
                         net (fo=1, routed)           0.674    30.725    U11/vga_display/Blue_OBUF[3]_inst_i_461_n_1
    SLICE_X52Y97         LUT6 (Prop_lut6_I5_O)        0.124    30.849 r  U11/vga_display/Blue_OBUF[3]_inst_i_236/O
                         net (fo=1, routed)           0.953    31.803    U11/vga_display/Blue_OBUF[3]_inst_i_236_n_1
    SLICE_X48Y98         LUT6 (Prop_lut6_I5_O)        0.124    31.927 r  U11/vga_display/Blue_OBUF[3]_inst_i_97/O
                         net (fo=1, routed)           0.000    31.927    U11/vga_display/Blue_OBUF[3]_inst_i_97_n_1
    SLICE_X48Y98         MUXF7 (Prop_muxf7_I0_O)      0.238    32.165 r  U11/vga_display/Blue_OBUF[3]_inst_i_42/O
                         net (fo=1, routed)           0.000    32.165    U11/vga_display/Blue_OBUF[3]_inst_i_42_n_1
    SLICE_X48Y98         MUXF8 (Prop_muxf8_I0_O)      0.104    32.269 r  U11/vga_display/Blue_OBUF[3]_inst_i_15/O
                         net (fo=1, routed)           1.054    33.323    U11/vga_display/font_data[5]
    SLICE_X35Y96         LUT6 (Prop_lut6_I4_O)        0.316    33.639 f  U11/vga_display/Blue_OBUF[3]_inst_i_4/O
                         net (fo=1, routed)           0.977    34.616    U11/vga_display/Blue_OBUF[3]_inst_i_4_n_1
    SLICE_X36Y96         LUT6 (Prop_lut6_I2_O)        0.124    34.740 r  U11/vga_display/Blue_OBUF[3]_inst_i_1/O
                         net (fo=12, routed)          6.256    40.996    Red_OBUF[0]
    C6                   OBUF (Prop_obuf_I_O)         3.538    44.534 r  Green_OBUF[0]_inst/O
                         net (fo=0)                   0.000    44.534    Green[0]
    C6                                                                r  Green[0] (OUT)
  -------------------------------------------------------------------    -------------------

Slack:                    inf
  Source:                 U11/vga_controller/v_count_reg[2]/C
                            (rising edge-triggered cell FDRE)
  Destination:            Red[2]
                            (output port)
  Path Group:             (none)
  Path Type:              Max at Slow Process Corner
  Data Path Delay:        44.390ns  (logic 8.648ns (19.482%)  route 35.742ns (80.518%))
  Logic Levels:           24  (CARRY4=3 FDRE=1 LUT2=2 LUT4=1 LUT5=3 LUT6=8 MUXF7=2 MUXF8=2 OBUF=1 RAMD64E=1)

    Location             Delay type                Incr(ns)  Path(ns)    Netlist Resource(s)
  -------------------------------------------------------------------    -------------------
    SLICE_X28Y92         FDRE                         0.000     0.000 r  U11/vga_controller/v_count_reg[2]/C
    SLICE_X28Y92         FDRE (Prop_fdre_C_Q)         0.419     0.419 f  U11/vga_controller/v_count_reg[2]/Q
                         net (fo=38, routed)          1.400     1.819    U11/vga_controller/v_count_reg_n_1_[2]
    SLICE_X31Y92         LUT5 (Prop_lut5_I4_O)        0.296     2.115 f  U11/vga_controller/display_data_reg_0_63_0_2_i_39/O
                         net (fo=7, routed)           0.714     2.829    U11/vga_controller/display_data_reg_0_63_0_2_i_39_n_1
    SLICE_X31Y92         LUT5 (Prop_lut5_I3_O)        0.124     2.953 f  U11/vga_controller/Blue_OBUF[3]_inst_i_7/O
                         net (fo=23, routed)          1.869     4.823    U11/vga_controller/Blue_OBUF[3]_inst_i_7_n_1
    SLICE_X36Y92         LUT5 (Prop_lut5_I0_O)        0.124     4.947 r  U11/vga_controller/Blue_OBUF[3]_inst_i_2/O
                         net (fo=48, routed)          1.710     6.656    U11/vga_controller/h_count_reg[7]_0
    SLICE_X29Y91         LUT6 (Prop_lut6_I0_O)        0.124     6.780 r  U11/vga_controller/display_data_reg_0_63_0_2_i_17/O
                         net (fo=11, routed)          0.739     7.519    U11/vga_display/C__0[1]
    SLICE_X32Y90         LUT4 (Prop_lut4_I0_O)        0.124     7.643 r  U11/vga_display/display_data_reg_0_63_0_2_i_20/O
                         net (fo=1, routed)           0.000     7.643    U11/vga_controller/S[0]
    SLICE_X32Y90         CARRY4 (Prop_carry4_S[1]_O[1])
                                                      0.227     7.870 r  U11/vga_controller/display_data_reg_0_63_0_2_i_5/O[1]
                         net (fo=446, routed)        10.551    18.421    U11/vga_display/display_data_reg_0_63_0_2/ADDRB4
    SLICE_X46Y75         RAMD64E (Prop_ramd64e_RADR4_O)
                                                      0.303    18.724 r  U11/vga_display/display_data_reg_0_63_0_2/RAMB/O
                         net (fo=1, routed)           1.394    20.117    U11/vga_display/display_data_reg_0_63_0_2_n_2
    SLICE_X43Y77         LUT6 (Prop_lut6_I5_O)        0.124    20.241 r  U11/vga_display/text_ascii_carry_i_111/O
                         net (fo=1, routed)           0.000    20.241    U11/vga_display/text_ascii_carry_i_111_n_1
    SLICE_X43Y77         MUXF7 (Prop_muxf7_I0_O)      0.238    20.479 r  U11/vga_display/text_ascii_carry_i_56/O
                         net (fo=1, routed)           0.000    20.479    U11/vga_display/text_ascii_carry_i_56_n_1
    SLICE_X43Y77         MUXF8 (Prop_muxf8_I0_O)      0.104    20.583 r  U11/vga_display/text_ascii_carry_i_22/O
                         net (fo=1, routed)           0.947    21.530    U11/vga_display/text_ascii_carry_i_22_n_1
    SLICE_X36Y86         LUT6 (Prop_lut6_I5_O)        0.316    21.846 r  U11/vga_display/text_ascii_carry_i_3/O
                         net (fo=2, routed)           0.792    22.638    U11/vga_display/text_ascii0[1]
    SLICE_X37Y89         LUT2 (Prop_lut2_I0_O)        0.124    22.762 r  U11/vga_display/text_ascii_carry_i_7/O
                         net (fo=1, routed)           0.000    22.762    U11/vga_display/text_ascii_carry_i_7_n_1
    SLICE_X37Y89         CARRY4 (Prop_carry4_S[1]_O[2])
                                                      0.580    23.342 r  U11/vga_display/text_ascii_carry/O[2]
                         net (fo=2, routed)           0.558    23.900    U11/vga_display/font_addr0[2]
    SLICE_X37Y91         LUT2 (Prop_lut2_I0_O)        0.302    24.202 r  U11/vga_display/Blue_OBUF[3]_inst_i_69/O
                         net (fo=1, routed)           0.000    24.202    U11/vga_display/Blue_OBUF[3]_inst_i_69_n_1
    SLICE_X37Y91         CARRY4 (Prop_carry4_S[3]_O[3])
                                                      0.248    24.450 r  U11/vga_display/Blue_OBUF[3]_inst_i_29/O[3]
                         net (fo=405, routed)         5.295    29.745    U11/vga_display/Blue_OBUF[3]_inst_i_31_0[3]
    SLICE_X52Y97         LUT6 (Prop_lut6_I0_O)        0.306    30.051 r  U11/vga_display/Blue_OBUF[3]_inst_i_461/O
                         net (fo=1, routed)           0.674    30.725    U11/vga_display/Blue_OBUF[3]_inst_i_461_n_1
    SLICE_X52Y97         LUT6 (Prop_lut6_I5_O)        0.124    30.849 r  U11/vga_display/Blue_OBUF[3]_inst_i_236/O
                         net (fo=1, routed)           0.953    31.803    U11/vga_display/Blue_OBUF[3]_inst_i_236_n_1
    SLICE_X48Y98         LUT6 (Prop_lut6_I5_O)        0.124    31.927 r  U11/vga_display/Blue_OBUF[3]_inst_i_97/O
                         net (fo=1, routed)           0.000    31.927    U11/vga_display/Blue_OBUF[3]_inst_i_97_n_1
    SLICE_X48Y98         MUXF7 (Prop_muxf7_I0_O)      0.238    32.165 r  U11/vga_display/Blue_OBUF[3]_inst_i_42/O
                         net (fo=1, routed)           0.000    32.165    U11/vga_display/Blue_OBUF[3]_inst_i_42_n_1
    SLICE_X48Y98         MUXF8 (Prop_muxf8_I0_O)      0.104    32.269 r  U11/vga_display/Blue_OBUF[3]_inst_i_15/O
                         net (fo=1, routed)           1.054    33.323    U11/vga_display/font_data[5]
    SLICE_X35Y96         LUT6 (Prop_lut6_I4_O)        0.316    33.639 f  U11/vga_display/Blue_OBUF[3]_inst_i_4/O
                         net (fo=1, routed)           0.977    34.616    U11/vga_display/Blue_OBUF[3]_inst_i_4_n_1
    SLICE_X36Y96         LUT6 (Prop_lut6_I2_O)        0.124    34.740 r  U11/vga_display/Blue_OBUF[3]_inst_i_1/O
                         net (fo=12, routed)          6.115    40.855    Red_OBUF[0]
    C5                   OBUF (Prop_obuf_I_O)         3.535    44.390 r  Red_OBUF[2]_inst/O
                         net (fo=0)                   0.000    44.390    Red[2]
    C5                                                                r  Red[2] (OUT)
  -------------------------------------------------------------------    -------------------

Slack:                    inf
  Source:                 U11/vga_controller/v_count_reg[2]/C
                            (rising edge-triggered cell FDRE)
  Destination:            Blue[0]
                            (output port)
  Path Group:             (none)
  Path Type:              Max at Slow Process Corner
  Data Path Delay:        44.251ns  (logic 8.660ns (19.570%)  route 35.591ns (80.430%))
  Logic Levels:           24  (CARRY4=3 FDRE=1 LUT2=2 LUT4=1 LUT5=3 LUT6=8 MUXF7=2 MUXF8=2 OBUF=1 RAMD64E=1)

    Location             Delay type                Incr(ns)  Path(ns)    Netlist Resource(s)
  -------------------------------------------------------------------    -------------------
    SLICE_X28Y92         FDRE                         0.000     0.000 r  U11/vga_controller/v_count_reg[2]/C
    SLICE_X28Y92         FDRE (Prop_fdre_C_Q)         0.419     0.419 f  U11/vga_controller/v_count_reg[2]/Q
                         net (fo=38, routed)          1.400     1.819    U11/vga_controller/v_count_reg_n_1_[2]
    SLICE_X31Y92         LUT5 (Prop_lut5_I4_O)        0.296     2.115 f  U11/vga_controller/display_data_reg_0_63_0_2_i_39/O
                         net (fo=7, routed)           0.714     2.829    U11/vga_controller/display_data_reg_0_63_0_2_i_39_n_1
    SLICE_X31Y92         LUT5 (Prop_lut5_I3_O)        0.124     2.953 f  U11/vga_controller/Blue_OBUF[3]_inst_i_7/O
                         net (fo=23, routed)          1.869     4.823    U11/vga_controller/Blue_OBUF[3]_inst_i_7_n_1
    SLICE_X36Y92         LUT5 (Prop_lut5_I0_O)        0.124     4.947 r  U11/vga_controller/Blue_OBUF[3]_inst_i_2/O
                         net (fo=48, routed)          1.710     6.656    U11/vga_controller/h_count_reg[7]_0
    SLICE_X29Y91         LUT6 (Prop_lut6_I0_O)        0.124     6.780 r  U11/vga_controller/display_data_reg_0_63_0_2_i_17/O
                         net (fo=11, routed)          0.739     7.519    U11/vga_display/C__0[1]
    SLICE_X32Y90         LUT4 (Prop_lut4_I0_O)        0.124     7.643 r  U11/vga_display/display_data_reg_0_63_0_2_i_20/O
                         net (fo=1, routed)           0.000     7.643    U11/vga_controller/S[0]
    SLICE_X32Y90         CARRY4 (Prop_carry4_S[1]_O[1])
                                                      0.227     7.870 r  U11/vga_controller/display_data_reg_0_63_0_2_i_5/O[1]
                         net (fo=446, routed)        10.551    18.421    U11/vga_display/display_data_reg_0_63_0_2/ADDRB4
    SLICE_X46Y75         RAMD64E (Prop_ramd64e_RADR4_O)
                                                      0.303    18.724 r  U11/vga_display/display_data_reg_0_63_0_2/RAMB/O
                         net (fo=1, routed)           1.394    20.117    U11/vga_display/display_data_reg_0_63_0_2_n_2
    SLICE_X43Y77         LUT6 (Prop_lut6_I5_O)        0.124    20.241 r  U11/vga_display/text_ascii_carry_i_111/O
                         net (fo=1, routed)           0.000    20.241    U11/vga_display/text_ascii_carry_i_111_n_1
    SLICE_X43Y77         MUXF7 (Prop_muxf7_I0_O)      0.238    20.479 r  U11/vga_display/text_ascii_carry_i_56/O
                         net (fo=1, routed)           0.000    20.479    U11/vga_display/text_ascii_carry_i_56_n_1
    SLICE_X43Y77         MUXF8 (Prop_muxf8_I0_O)      0.104    20.583 r  U11/vga_display/text_ascii_carry_i_22/O
                         net (fo=1, routed)           0.947    21.530    U11/vga_display/text_ascii_carry_i_22_n_1
    SLICE_X36Y86         LUT6 (Prop_lut6_I5_O)        0.316    21.846 r  U11/vga_display/text_ascii_carry_i_3/O
                         net (fo=2, routed)           0.792    22.638    U11/vga_display/text_ascii0[1]
    SLICE_X37Y89         LUT2 (Prop_lut2_I0_O)        0.124    22.762 r  U11/vga_display/text_ascii_carry_i_7/O
                         net (fo=1, routed)           0.000    22.762    U11/vga_display/text_ascii_carry_i_7_n_1
    SLICE_X37Y89         CARRY4 (Prop_carry4_S[1]_O[2])
                                                      0.580    23.342 r  U11/vga_display/text_ascii_carry/O[2]
                         net (fo=2, routed)           0.558    23.900    U11/vga_display/font_addr0[2]
    SLICE_X37Y91         LUT2 (Prop_lut2_I0_O)        0.302    24.202 r  U11/vga_display/Blue_OBUF[3]_inst_i_69/O
                         net (fo=1, routed)           0.000    24.202    U11/vga_display/Blue_OBUF[3]_inst_i_69_n_1
    SLICE_X37Y91         CARRY4 (Prop_carry4_S[3]_O[3])
                                                      0.248    24.450 r  U11/vga_display/Blue_OBUF[3]_inst_i_29/O[3]
                         net (fo=405, routed)         5.295    29.745    U11/vga_display/Blue_OBUF[3]_inst_i_31_0[3]
    SLICE_X52Y97         LUT6 (Prop_lut6_I0_O)        0.306    30.051 r  U11/vga_display/Blue_OBUF[3]_inst_i_461/O
                         net (fo=1, routed)           0.674    30.725    U11/vga_display/Blue_OBUF[3]_inst_i_461_n_1
    SLICE_X52Y97         LUT6 (Prop_lut6_I5_O)        0.124    30.849 r  U11/vga_display/Blue_OBUF[3]_inst_i_236/O
                         net (fo=1, routed)           0.953    31.803    U11/vga_display/Blue_OBUF[3]_inst_i_236_n_1
    SLICE_X48Y98         LUT6 (Prop_lut6_I5_O)        0.124    31.927 r  U11/vga_display/Blue_OBUF[3]_inst_i_97/O
                         net (fo=1, routed)           0.000    31.927    U11/vga_display/Blue_OBUF[3]_inst_i_97_n_1
    SLICE_X48Y98         MUXF7 (Prop_muxf7_I0_O)      0.238    32.165 r  U11/vga_display/Blue_OBUF[3]_inst_i_42/O
                         net (fo=1, routed)           0.000    32.165    U11/vga_display/Blue_OBUF[3]_inst_i_42_n_1
    SLICE_X48Y98         MUXF8 (Prop_muxf8_I0_O)      0.104    32.269 r  U11/vga_display/Blue_OBUF[3]_inst_i_15/O
                         net (fo=1, routed)           1.054    33.323    U11/vga_display/font_data[5]
    SLICE_X35Y96         LUT6 (Prop_lut6_I4_O)        0.316    33.639 f  U11/vga_display/Blue_OBUF[3]_inst_i_4/O
                         net (fo=1, routed)           0.977    34.616    U11/vga_display/Blue_OBUF[3]_inst_i_4_n_1
    SLICE_X36Y96         LUT6 (Prop_lut6_I2_O)        0.124    34.740 r  U11/vga_display/Blue_OBUF[3]_inst_i_1/O
                         net (fo=12, routed)          5.964    40.704    Red_OBUF[0]
    B7                   OBUF (Prop_obuf_I_O)         3.547    44.251 r  Blue_OBUF[0]_inst/O
                         net (fo=0)                   0.000    44.251    Blue[0]
    B7                                                                r  Blue[0] (OUT)
  -------------------------------------------------------------------    -------------------

Slack:                    inf
  Source:                 U11/vga_controller/v_count_reg[2]/C
                            (rising edge-triggered cell FDRE)
  Destination:            Green[2]
                            (output port)
  Path Group:             (none)
  Path Type:              Max at Slow Process Corner
  Data Path Delay:        44.100ns  (logic 8.659ns (19.636%)  route 35.440ns (80.364%))
  Logic Levels:           24  (CARRY4=3 FDRE=1 LUT2=2 LUT4=1 LUT5=3 LUT6=8 MUXF7=2 MUXF8=2 OBUF=1 RAMD64E=1)

    Location             Delay type                Incr(ns)  Path(ns)    Netlist Resource(s)
  -------------------------------------------------------------------    -------------------
    SLICE_X28Y92         FDRE                         0.000     0.000 r  U11/vga_controller/v_count_reg[2]/C
    SLICE_X28Y92         FDRE (Prop_fdre_C_Q)         0.419     0.419 f  U11/vga_controller/v_count_reg[2]/Q
                         net (fo=38, routed)          1.400     1.819    U11/vga_controller/v_count_reg_n_1_[2]
    SLICE_X31Y92         LUT5 (Prop_lut5_I4_O)        0.296     2.115 f  U11/vga_controller/display_data_reg_0_63_0_2_i_39/O
                         net (fo=7, routed)           0.714     2.829    U11/vga_controller/display_data_reg_0_63_0_2_i_39_n_1
    SLICE_X31Y92         LUT5 (Prop_lut5_I3_O)        0.124     2.953 f  U11/vga_controller/Blue_OBUF[3]_inst_i_7/O
                         net (fo=23, routed)          1.869     4.823    U11/vga_controller/Blue_OBUF[3]_inst_i_7_n_1
    SLICE_X36Y92         LUT5 (Prop_lut5_I0_O)        0.124     4.947 r  U11/vga_controller/Blue_OBUF[3]_inst_i_2/O
                         net (fo=48, routed)          1.710     6.656    U11/vga_controller/h_count_reg[7]_0
    SLICE_X29Y91         LUT6 (Prop_lut6_I0_O)        0.124     6.780 r  U11/vga_controller/display_data_reg_0_63_0_2_i_17/O
                         net (fo=11, routed)          0.739     7.519    U11/vga_display/C__0[1]
    SLICE_X32Y90         LUT4 (Prop_lut4_I0_O)        0.124     7.643 r  U11/vga_display/display_data_reg_0_63_0_2_i_20/O
                         net (fo=1, routed)           0.000     7.643    U11/vga_controller/S[0]
    SLICE_X32Y90         CARRY4 (Prop_carry4_S[1]_O[1])
                                                      0.227     7.870 r  U11/vga_controller/display_data_reg_0_63_0_2_i_5/O[1]
                         net (fo=446, routed)        10.551    18.421    U11/vga_display/display_data_reg_0_63_0_2/ADDRB4
    SLICE_X46Y75         RAMD64E (Prop_ramd64e_RADR4_O)
                                                      0.303    18.724 r  U11/vga_display/display_data_reg_0_63_0_2/RAMB/O
                         net (fo=1, routed)           1.394    20.117    U11/vga_display/display_data_reg_0_63_0_2_n_2
    SLICE_X43Y77         LUT6 (Prop_lut6_I5_O)        0.124    20.241 r  U11/vga_display/text_ascii_carry_i_111/O
                         net (fo=1, routed)           0.000    20.241    U11/vga_display/text_ascii_carry_i_111_n_1
    SLICE_X43Y77         MUXF7 (Prop_muxf7_I0_O)      0.238    20.479 r  U11/vga_display/text_ascii_carry_i_56/O
                         net (fo=1, routed)           0.000    20.479    U11/vga_display/text_ascii_carry_i_56_n_1
    SLICE_X43Y77         MUXF8 (Prop_muxf8_I0_O)      0.104    20.583 r  U11/vga_display/text_ascii_carry_i_22/O
                         net (fo=1, routed)           0.947    21.530    U11/vga_display/text_ascii_carry_i_22_n_1
    SLICE_X36Y86         LUT6 (Prop_lut6_I5_O)        0.316    21.846 r  U11/vga_display/text_ascii_carry_i_3/O
                         net (fo=2, routed)           0.792    22.638    U11/vga_display/text_ascii0[1]
    SLICE_X37Y89         LUT2 (Prop_lut2_I0_O)        0.124    22.762 r  U11/vga_display/text_ascii_carry_i_7/O
                         net (fo=1, routed)           0.000    22.762    U11/vga_display/text_ascii_carry_i_7_n_1
    SLICE_X37Y89         CARRY4 (Prop_carry4_S[1]_O[2])
                                                      0.580    23.342 r  U11/vga_display/text_ascii_carry/O[2]
                         net (fo=2, routed)           0.558    23.900    U11/vga_display/font_addr0[2]
    SLICE_X37Y91         LUT2 (Prop_lut2_I0_O)        0.302    24.202 r  U11/vga_display/Blue_OBUF[3]_inst_i_69/O
                         net (fo=1, routed)           0.000    24.202    U11/vga_display/Blue_OBUF[3]_inst_i_69_n_1
    SLICE_X37Y91         CARRY4 (Prop_carry4_S[3]_O[3])
                                                      0.248    24.450 r  U11/vga_display/Blue_OBUF[3]_inst_i_29/O[3]
                         net (fo=405, routed)         5.295    29.745    U11/vga_display/Blue_OBUF[3]_inst_i_31_0[3]
    SLICE_X52Y97         LUT6 (Prop_lut6_I0_O)        0.306    30.051 r  U11/vga_display/Blue_OBUF[3]_inst_i_461/O
                         net (fo=1, routed)           0.674    30.725    U11/vga_display/Blue_OBUF[3]_inst_i_461_n_1
    SLICE_X52Y97         LUT6 (Prop_lut6_I5_O)        0.124    30.849 r  U11/vga_display/Blue_OBUF[3]_inst_i_236/O
                         net (fo=1, routed)           0.953    31.803    U11/vga_display/Blue_OBUF[3]_inst_i_236_n_1
    SLICE_X48Y98         LUT6 (Prop_lut6_I5_O)        0.124    31.927 r  U11/vga_display/Blue_OBUF[3]_inst_i_97/O
                         net (fo=1, routed)           0.000    31.927    U11/vga_display/Blue_OBUF[3]_inst_i_97_n_1
    SLICE_X48Y98         MUXF7 (Prop_muxf7_I0_O)      0.238    32.165 r  U11/vga_display/Blue_OBUF[3]_inst_i_42/O
                         net (fo=1, routed)           0.000    32.165    U11/vga_display/Blue_OBUF[3]_inst_i_42_n_1
    SLICE_X48Y98         MUXF8 (Prop_muxf8_I0_O)      0.104    32.269 r  U11/vga_display/Blue_OBUF[3]_inst_i_15/O
                         net (fo=1, routed)           1.054    33.323    U11/vga_display/font_data[5]
    SLICE_X35Y96         LUT6 (Prop_lut6_I4_O)        0.316    33.639 f  U11/vga_display/Blue_OBUF[3]_inst_i_4/O
                         net (fo=1, routed)           0.977    34.616    U11/vga_display/Blue_OBUF[3]_inst_i_4_n_1
    SLICE_X36Y96         LUT6 (Prop_lut6_I2_O)        0.124    34.740 r  U11/vga_display/Blue_OBUF[3]_inst_i_1/O
                         net (fo=12, routed)          5.813    40.553    Red_OBUF[0]
    B6                   OBUF (Prop_obuf_I_O)         3.546    44.100 r  Green_OBUF[2]_inst/O
                         net (fo=0)                   0.000    44.100    Green[2]
    B6                                                                r  Green[2] (OUT)
  -------------------------------------------------------------------    -------------------

Slack:                    inf
  Source:                 U11/vga_controller/v_count_reg[2]/C
                            (rising edge-triggered cell FDRE)
  Destination:            Green[3]
                            (output port)
  Path Group:             (none)
  Path Type:              Max at Slow Process Corner
  Data Path Delay:        43.949ns  (logic 8.659ns (19.704%)  route 35.289ns (80.296%))
  Logic Levels:           24  (CARRY4=3 FDRE=1 LUT2=2 LUT4=1 LUT5=3 LUT6=8 MUXF7=2 MUXF8=2 OBUF=1 RAMD64E=1)

    Location             Delay type                Incr(ns)  Path(ns)    Netlist Resource(s)
  -------------------------------------------------------------------    -------------------
    SLICE_X28Y92         FDRE                         0.000     0.000 r  U11/vga_controller/v_count_reg[2]/C
    SLICE_X28Y92         FDRE (Prop_fdre_C_Q)         0.419     0.419 f  U11/vga_controller/v_count_reg[2]/Q
                         net (fo=38, routed)          1.400     1.819    U11/vga_controller/v_count_reg_n_1_[2]
    SLICE_X31Y92         LUT5 (Prop_lut5_I4_O)        0.296     2.115 f  U11/vga_controller/display_data_reg_0_63_0_2_i_39/O
                         net (fo=7, routed)           0.714     2.829    U11/vga_controller/display_data_reg_0_63_0_2_i_39_n_1
    SLICE_X31Y92         LUT5 (Prop_lut5_I3_O)        0.124     2.953 f  U11/vga_controller/Blue_OBUF[3]_inst_i_7/O
                         net (fo=23, routed)          1.869     4.823    U11/vga_controller/Blue_OBUF[3]_inst_i_7_n_1
    SLICE_X36Y92         LUT5 (Prop_lut5_I0_O)        0.124     4.947 r  U11/vga_controller/Blue_OBUF[3]_inst_i_2/O
                         net (fo=48, routed)          1.710     6.656    U11/vga_controller/h_count_reg[7]_0
    SLICE_X29Y91         LUT6 (Prop_lut6_I0_O)        0.124     6.780 r  U11/vga_controller/display_data_reg_0_63_0_2_i_17/O
                         net (fo=11, routed)          0.739     7.519    U11/vga_display/C__0[1]
    SLICE_X32Y90         LUT4 (Prop_lut4_I0_O)        0.124     7.643 r  U11/vga_display/display_data_reg_0_63_0_2_i_20/O
                         net (fo=1, routed)           0.000     7.643    U11/vga_controller/S[0]
    SLICE_X32Y90         CARRY4 (Prop_carry4_S[1]_O[1])
                                                      0.227     7.870 r  U11/vga_controller/display_data_reg_0_63_0_2_i_5/O[1]
                         net (fo=446, routed)        10.551    18.421    U11/vga_display/display_data_reg_0_63_0_2/ADDRB4
    SLICE_X46Y75         RAMD64E (Prop_ramd64e_RADR4_O)
                                                      0.303    18.724 r  U11/vga_display/display_data_reg_0_63_0_2/RAMB/O
                         net (fo=1, routed)           1.394    20.117    U11/vga_display/display_data_reg_0_63_0_2_n_2
    SLICE_X43Y77         LUT6 (Prop_lut6_I5_O)        0.124    20.241 r  U11/vga_display/text_ascii_carry_i_111/O
                         net (fo=1, routed)           0.000    20.241    U11/vga_display/text_ascii_carry_i_111_n_1
    SLICE_X43Y77         MUXF7 (Prop_muxf7_I0_O)      0.238    20.479 r  U11/vga_display/text_ascii_carry_i_56/O
                         net (fo=1, routed)           0.000    20.479    U11/vga_display/text_ascii_carry_i_56_n_1
    SLICE_X43Y77         MUXF8 (Prop_muxf8_I0_O)      0.104    20.583 r  U11/vga_display/text_ascii_carry_i_22/O
                         net (fo=1, routed)           0.947    21.530    U11/vga_display/text_ascii_carry_i_22_n_1
    SLICE_X36Y86         LUT6 (Prop_lut6_I5_O)        0.316    21.846 r  U11/vga_display/text_ascii_carry_i_3/O
                         net (fo=2, routed)           0.792    22.638    U11/vga_display/text_ascii0[1]
    SLICE_X37Y89         LUT2 (Prop_lut2_I0_O)        0.124    22.762 r  U11/vga_display/text_ascii_carry_i_7/O
                         net (fo=1, routed)           0.000    22.762    U11/vga_display/text_ascii_carry_i_7_n_1
    SLICE_X37Y89         CARRY4 (Prop_carry4_S[1]_O[2])
                                                      0.580    23.342 r  U11/vga_display/text_ascii_carry/O[2]
                         net (fo=2, routed)           0.558    23.900    U11/vga_display/font_addr0[2]
    SLICE_X37Y91         LUT2 (Prop_lut2_I0_O)        0.302    24.202 r  U11/vga_display/Blue_OBUF[3]_inst_i_69/O
                         net (fo=1, routed)           0.000    24.202    U11/vga_display/Blue_OBUF[3]_inst_i_69_n_1
    SLICE_X37Y91         CARRY4 (Prop_carry4_S[3]_O[3])
                                                      0.248    24.450 r  U11/vga_display/Blue_OBUF[3]_inst_i_29/O[3]
                         net (fo=405, routed)         5.295    29.745    U11/vga_display/Blue_OBUF[3]_inst_i_31_0[3]
    SLICE_X52Y97         LUT6 (Prop_lut6_I0_O)        0.306    30.051 r  U11/vga_display/Blue_OBUF[3]_inst_i_461/O
                         net (fo=1, routed)           0.674    30.725    U11/vga_display/Blue_OBUF[3]_inst_i_461_n_1
    SLICE_X52Y97         LUT6 (Prop_lut6_I5_O)        0.124    30.849 r  U11/vga_display/Blue_OBUF[3]_inst_i_236/O
                         net (fo=1, routed)           0.953    31.803    U11/vga_display/Blue_OBUF[3]_inst_i_236_n_1
    SLICE_X48Y98         LUT6 (Prop_lut6_I5_O)        0.124    31.927 r  U11/vga_display/Blue_OBUF[3]_inst_i_97/O
                         net (fo=1, routed)           0.000    31.927    U11/vga_display/Blue_OBUF[3]_inst_i_97_n_1
    SLICE_X48Y98         MUXF7 (Prop_muxf7_I0_O)      0.238    32.165 r  U11/vga_display/Blue_OBUF[3]_inst_i_42/O
                         net (fo=1, routed)           0.000    32.165    U11/vga_display/Blue_OBUF[3]_inst_i_42_n_1
    SLICE_X48Y98         MUXF8 (Prop_muxf8_I0_O)      0.104    32.269 r  U11/vga_display/Blue_OBUF[3]_inst_i_15/O
                         net (fo=1, routed)           1.054    33.323    U11/vga_display/font_data[5]
    SLICE_X35Y96         LUT6 (Prop_lut6_I4_O)        0.316    33.639 f  U11/vga_display/Blue_OBUF[3]_inst_i_4/O
                         net (fo=1, routed)           0.977    34.616    U11/vga_display/Blue_OBUF[3]_inst_i_4_n_1
    SLICE_X36Y96         LUT6 (Prop_lut6_I2_O)        0.124    34.740 r  U11/vga_display/Blue_OBUF[3]_inst_i_1/O
                         net (fo=12, routed)          5.662    40.402    Red_OBUF[0]
    A6                   OBUF (Prop_obuf_I_O)         3.546    43.949 r  Green_OBUF[3]_inst/O
                         net (fo=0)                   0.000    43.949    Green[3]
    A6                                                                r  Green[3] (OUT)
  -------------------------------------------------------------------    -------------------

Slack:                    inf
  Source:                 U11/vga_controller/v_count_reg[2]/C
                            (rising edge-triggered cell FDRE)
  Destination:            Green[1]
                            (output port)
  Path Group:             (none)
  Path Type:              Max at Slow Process Corner
  Data Path Delay:        43.796ns  (logic 8.658ns (19.768%)  route 35.138ns (80.232%))
  Logic Levels:           24  (CARRY4=3 FDRE=1 LUT2=2 LUT4=1 LUT5=3 LUT6=8 MUXF7=2 MUXF8=2 OBUF=1 RAMD64E=1)

    Location             Delay type                Incr(ns)  Path(ns)    Netlist Resource(s)
  -------------------------------------------------------------------    -------------------
    SLICE_X28Y92         FDRE                         0.000     0.000 r  U11/vga_controller/v_count_reg[2]/C
    SLICE_X28Y92         FDRE (Prop_fdre_C_Q)         0.419     0.419 f  U11/vga_controller/v_count_reg[2]/Q
                         net (fo=38, routed)          1.400     1.819    U11/vga_controller/v_count_reg_n_1_[2]
    SLICE_X31Y92         LUT5 (Prop_lut5_I4_O)        0.296     2.115 f  U11/vga_controller/display_data_reg_0_63_0_2_i_39/O
                         net (fo=7, routed)           0.714     2.829    U11/vga_controller/display_data_reg_0_63_0_2_i_39_n_1
    SLICE_X31Y92         LUT5 (Prop_lut5_I3_O)        0.124     2.953 f  U11/vga_controller/Blue_OBUF[3]_inst_i_7/O
                         net (fo=23, routed)          1.869     4.823    U11/vga_controller/Blue_OBUF[3]_inst_i_7_n_1
    SLICE_X36Y92         LUT5 (Prop_lut5_I0_O)        0.124     4.947 r  U11/vga_controller/Blue_OBUF[3]_inst_i_2/O
                         net (fo=48, routed)          1.710     6.656    U11/vga_controller/h_count_reg[7]_0
    SLICE_X29Y91         LUT6 (Prop_lut6_I0_O)        0.124     6.780 r  U11/vga_controller/display_data_reg_0_63_0_2_i_17/O
                         net (fo=11, routed)          0.739     7.519    U11/vga_display/C__0[1]
    SLICE_X32Y90         LUT4 (Prop_lut4_I0_O)        0.124     7.643 r  U11/vga_display/display_data_reg_0_63_0_2_i_20/O
                         net (fo=1, routed)           0.000     7.643    U11/vga_controller/S[0]
    SLICE_X32Y90         CARRY4 (Prop_carry4_S[1]_O[1])
                                                      0.227     7.870 r  U11/vga_controller/display_data_reg_0_63_0_2_i_5/O[1]
                         net (fo=446, routed)        10.551    18.421    U11/vga_display/display_data_reg_0_63_0_2/ADDRB4
    SLICE_X46Y75         RAMD64E (Prop_ramd64e_RADR4_O)
                                                      0.303    18.724 r  U11/vga_display/display_data_reg_0_63_0_2/RAMB/O
                         net (fo=1, routed)           1.394    20.117    U11/vga_display/display_data_reg_0_63_0_2_n_2
    SLICE_X43Y77         LUT6 (Prop_lut6_I5_O)        0.124    20.241 r  U11/vga_display/text_ascii_carry_i_111/O
                         net (fo=1, routed)           0.000    20.241    U11/vga_display/text_ascii_carry_i_111_n_1
    SLICE_X43Y77         MUXF7 (Prop_muxf7_I0_O)      0.238    20.479 r  U11/vga_display/text_ascii_carry_i_56/O
                         net (fo=1, routed)           0.000    20.479    U11/vga_display/text_ascii_carry_i_56_n_1
    SLICE_X43Y77         MUXF8 (Prop_muxf8_I0_O)      0.104    20.583 r  U11/vga_display/text_ascii_carry_i_22/O
                         net (fo=1, routed)           0.947    21.530    U11/vga_display/text_ascii_carry_i_22_n_1
    SLICE_X36Y86         LUT6 (Prop_lut6_I5_O)        0.316    21.846 r  U11/vga_display/text_ascii_carry_i_3/O
                         net (fo=2, routed)           0.792    22.638    U11/vga_display/text_ascii0[1]
    SLICE_X37Y89         LUT2 (Prop_lut2_I0_O)        0.124    22.762 r  U11/vga_display/text_ascii_carry_i_7/O
                         net (fo=1, routed)           0.000    22.762    U11/vga_display/text_ascii_carry_i_7_n_1
    SLICE_X37Y89         CARRY4 (Prop_carry4_S[1]_O[2])
                                                      0.580    23.342 r  U11/vga_display/text_ascii_carry/O[2]
                         net (fo=2, routed)           0.558    23.900    U11/vga_display/font_addr0[2]
    SLICE_X37Y91         LUT2 (Prop_lut2_I0_O)        0.302    24.202 r  U11/vga_display/Blue_OBUF[3]_inst_i_69/O
                         net (fo=1, routed)           0.000    24.202    U11/vga_display/Blue_OBUF[3]_inst_i_69_n_1
    SLICE_X37Y91         CARRY4 (Prop_carry4_S[3]_O[3])
                                                      0.248    24.450 r  U11/vga_display/Blue_OBUF[3]_inst_i_29/O[3]
                         net (fo=405, routed)         5.295    29.745    U11/vga_display/Blue_OBUF[3]_inst_i_31_0[3]
    SLICE_X52Y97         LUT6 (Prop_lut6_I0_O)        0.306    30.051 r  U11/vga_display/Blue_OBUF[3]_inst_i_461/O
                         net (fo=1, routed)           0.674    30.725    U11/vga_display/Blue_OBUF[3]_inst_i_461_n_1
    SLICE_X52Y97         LUT6 (Prop_lut6_I5_O)        0.124    30.849 r  U11/vga_display/Blue_OBUF[3]_inst_i_236/O
                         net (fo=1, routed)           0.953    31.803    U11/vga_display/Blue_OBUF[3]_inst_i_236_n_1
    SLICE_X48Y98         LUT6 (Prop_lut6_I5_O)        0.124    31.927 r  U11/vga_display/Blue_OBUF[3]_inst_i_97/O
                         net (fo=1, routed)           0.000    31.927    U11/vga_display/Blue_OBUF[3]_inst_i_97_n_1
    SLICE_X48Y98         MUXF7 (Prop_muxf7_I0_O)      0.238    32.165 r  U11/vga_display/Blue_OBUF[3]_inst_i_42/O
                         net (fo=1, routed)           0.000    32.165    U11/vga_display/Blue_OBUF[3]_inst_i_42_n_1
    SLICE_X48Y98         MUXF8 (Prop_muxf8_I0_O)      0.104    32.269 r  U11/vga_display/Blue_OBUF[3]_inst_i_15/O
                         net (fo=1, routed)           1.054    33.323    U11/vga_display/font_data[5]
    SLICE_X35Y96         LUT6 (Prop_lut6_I4_O)        0.316    33.639 f  U11/vga_display/Blue_OBUF[3]_inst_i_4/O
                         net (fo=1, routed)           0.977    34.616    U11/vga_display/Blue_OBUF[3]_inst_i_4_n_1
    SLICE_X36Y96         LUT6 (Prop_lut6_I2_O)        0.124    34.740 r  U11/vga_display/Blue_OBUF[3]_inst_i_1/O
                         net (fo=12, routed)          5.511    40.251    Red_OBUF[0]
    A5                   OBUF (Prop_obuf_I_O)         3.545    43.796 r  Green_OBUF[1]_inst/O
                         net (fo=0)                   0.000    43.796    Green[1]
    A5                                                                r  Green[1] (OUT)
  -------------------------------------------------------------------    -------------------

Slack:                    inf
  Source:                 U11/vga_controller/v_count_reg[2]/C
                            (rising edge-triggered cell FDRE)
  Destination:            Blue[3]
                            (output port)
  Path Group:             (none)
  Path Type:              Max at Slow Process Corner
  Data Path Delay:        43.652ns  (logic 8.665ns (19.849%)  route 34.988ns (80.151%))
  Logic Levels:           24  (CARRY4=3 FDRE=1 LUT2=2 LUT4=1 LUT5=3 LUT6=8 MUXF7=2 MUXF8=2 OBUF=1 RAMD64E=1)

    Location             Delay type                Incr(ns)  Path(ns)    Netlist Resource(s)
  -------------------------------------------------------------------    -------------------
    SLICE_X28Y92         FDRE                         0.000     0.000 r  U11/vga_controller/v_count_reg[2]/C
    SLICE_X28Y92         FDRE (Prop_fdre_C_Q)         0.419     0.419 f  U11/vga_controller/v_count_reg[2]/Q
                         net (fo=38, routed)          1.400     1.819    U11/vga_controller/v_count_reg_n_1_[2]
    SLICE_X31Y92         LUT5 (Prop_lut5_I4_O)        0.296     2.115 f  U11/vga_controller/display_data_reg_0_63_0_2_i_39/O
                         net (fo=7, routed)           0.714     2.829    U11/vga_controller/display_data_reg_0_63_0_2_i_39_n_1
    SLICE_X31Y92         LUT5 (Prop_lut5_I3_O)        0.124     2.953 f  U11/vga_controller/Blue_OBUF[3]_inst_i_7/O
                         net (fo=23, routed)          1.869     4.823    U11/vga_controller/Blue_OBUF[3]_inst_i_7_n_1
    SLICE_X36Y92         LUT5 (Prop_lut5_I0_O)        0.124     4.947 r  U11/vga_controller/Blue_OBUF[3]_inst_i_2/O
                         net (fo=48, routed)          1.710     6.656    U11/vga_controller/h_count_reg[7]_0
    SLICE_X29Y91         LUT6 (Prop_lut6_I0_O)        0.124     6.780 r  U11/vga_controller/display_data_reg_0_63_0_2_i_17/O
                         net (fo=11, routed)          0.739     7.519    U11/vga_display/C__0[1]
    SLICE_X32Y90         LUT4 (Prop_lut4_I0_O)        0.124     7.643 r  U11/vga_display/display_data_reg_0_63_0_2_i_20/O
                         net (fo=1, routed)           0.000     7.643    U11/vga_controller/S[0]
    SLICE_X32Y90         CARRY4 (Prop_carry4_S[1]_O[1])
                                                      0.227     7.870 r  U11/vga_controller/display_data_reg_0_63_0_2_i_5/O[1]
                         net (fo=446, routed)        10.551    18.421    U11/vga_display/display_data_reg_0_63_0_2/ADDRB4
    SLICE_X46Y75         RAMD64E (Prop_ramd64e_RADR4_O)
                                                      0.303    18.724 r  U11/vga_display/display_data_reg_0_63_0_2/RAMB/O
                         net (fo=1, routed)           1.394    20.117    U11/vga_display/display_data_reg_0_63_0_2_n_2
    SLICE_X43Y77         LUT6 (Prop_lut6_I5_O)        0.124    20.241 r  U11/vga_display/text_ascii_carry_i_111/O
                         net (fo=1, routed)           0.000    20.241    U11/vga_display/text_ascii_carry_i_111_n_1
    SLICE_X43Y77         MUXF7 (Prop_muxf7_I0_O)      0.238    20.479 r  U11/vga_display/text_ascii_carry_i_56/O
                         net (fo=1, routed)           0.000    20.479    U11/vga_display/text_ascii_carry_i_56_n_1
    SLICE_X43Y77         MUXF8 (Prop_muxf8_I0_O)      0.104    20.583 r  U11/vga_display/text_ascii_carry_i_22/O
                         net (fo=1, routed)           0.947    21.530    U11/vga_display/text_ascii_carry_i_22_n_1
    SLICE_X36Y86         LUT6 (Prop_lut6_I5_O)        0.316    21.846 r  U11/vga_display/text_ascii_carry_i_3/O
                         net (fo=2, routed)           0.792    22.638    U11/vga_display/text_ascii0[1]
    SLICE_X37Y89         LUT2 (Prop_lut2_I0_O)        0.124    22.762 r  U11/vga_display/text_ascii_carry_i_7/O
                         net (fo=1, routed)           0.000    22.762    U11/vga_display/text_ascii_carry_i_7_n_1
    SLICE_X37Y89         CARRY4 (Prop_carry4_S[1]_O[2])
                                                      0.580    23.342 r  U11/vga_display/text_ascii_carry/O[2]
                         net (fo=2, routed)           0.558    23.900    U11/vga_display/font_addr0[2]
    SLICE_X37Y91         LUT2 (Prop_lut2_I0_O)        0.302    24.202 r  U11/vga_display/Blue_OBUF[3]_inst_i_69/O
                         net (fo=1, routed)           0.000    24.202    U11/vga_display/Blue_OBUF[3]_inst_i_69_n_1
    SLICE_X37Y91         CARRY4 (Prop_carry4_S[3]_O[3])
                                                      0.248    24.450 r  U11/vga_display/Blue_OBUF[3]_inst_i_29/O[3]
                         net (fo=405, routed)         5.295    29.745    U11/vga_display/Blue_OBUF[3]_inst_i_31_0[3]
    SLICE_X52Y97         LUT6 (Prop_lut6_I0_O)        0.306    30.051 r  U11/vga_display/Blue_OBUF[3]_inst_i_461/O
                         net (fo=1, routed)           0.674    30.725    U11/vga_display/Blue_OBUF[3]_inst_i_461_n_1
    SLICE_X52Y97         LUT6 (Prop_lut6_I5_O)        0.124    30.849 r  U11/vga_display/Blue_OBUF[3]_inst_i_236/O
                         net (fo=1, routed)           0.953    31.803    U11/vga_display/Blue_OBUF[3]_inst_i_236_n_1
    SLICE_X48Y98         LUT6 (Prop_lut6_I5_O)        0.124    31.927 r  U11/vga_display/Blue_OBUF[3]_inst_i_97/O
                         net (fo=1, routed)           0.000    31.927    U11/vga_display/Blue_OBUF[3]_inst_i_97_n_1
    SLICE_X48Y98         MUXF7 (Prop_muxf7_I0_O)      0.238    32.165 r  U11/vga_display/Blue_OBUF[3]_inst_i_42/O
                         net (fo=1, routed)           0.000    32.165    U11/vga_display/Blue_OBUF[3]_inst_i_42_n_1
    SLICE_X48Y98         MUXF8 (Prop_muxf8_I0_O)      0.104    32.269 r  U11/vga_display/Blue_OBUF[3]_inst_i_15/O
                         net (fo=1, routed)           1.054    33.323    U11/vga_display/font_data[5]
    SLICE_X35Y96         LUT6 (Prop_lut6_I4_O)        0.316    33.639 f  U11/vga_display/Blue_OBUF[3]_inst_i_4/O
                         net (fo=1, routed)           0.977    34.616    U11/vga_display/Blue_OBUF[3]_inst_i_4_n_1
    SLICE_X36Y96         LUT6 (Prop_lut6_I2_O)        0.124    34.740 r  U11/vga_display/Blue_OBUF[3]_inst_i_1/O
                         net (fo=12, routed)          5.360    40.101    Red_OBUF[0]
    D8                   OBUF (Prop_obuf_I_O)         3.552    43.652 r  Blue_OBUF[3]_inst/O
                         net (fo=0)                   0.000    43.652    Blue[3]
    D8                                                                r  Blue[3] (OUT)
  -------------------------------------------------------------------    -------------------

Slack:                    inf
  Source:                 U11/vga_controller/v_count_reg[2]/C
                            (rising edge-triggered cell FDRE)
  Destination:            Blue[1]
                            (output port)
  Path Group:             (none)
  Path Type:              Max at Slow Process Corner
  Data Path Delay:        43.501ns  (logic 8.664ns (19.917%)  route 34.837ns (80.083%))
  Logic Levels:           24  (CARRY4=3 FDRE=1 LUT2=2 LUT4=1 LUT5=3 LUT6=8 MUXF7=2 MUXF8=2 OBUF=1 RAMD64E=1)

    Location             Delay type                Incr(ns)  Path(ns)    Netlist Resource(s)
  -------------------------------------------------------------------    -------------------
    SLICE_X28Y92         FDRE                         0.000     0.000 r  U11/vga_controller/v_count_reg[2]/C
    SLICE_X28Y92         FDRE (Prop_fdre_C_Q)         0.419     0.419 f  U11/vga_controller/v_count_reg[2]/Q
                         net (fo=38, routed)          1.400     1.819    U11/vga_controller/v_count_reg_n_1_[2]
    SLICE_X31Y92         LUT5 (Prop_lut5_I4_O)        0.296     2.115 f  U11/vga_controller/display_data_reg_0_63_0_2_i_39/O
                         net (fo=7, routed)           0.714     2.829    U11/vga_controller/display_data_reg_0_63_0_2_i_39_n_1
    SLICE_X31Y92         LUT5 (Prop_lut5_I3_O)        0.124     2.953 f  U11/vga_controller/Blue_OBUF[3]_inst_i_7/O
                         net (fo=23, routed)          1.869     4.823    U11/vga_controller/Blue_OBUF[3]_inst_i_7_n_1
    SLICE_X36Y92         LUT5 (Prop_lut5_I0_O)        0.124     4.947 r  U11/vga_controller/Blue_OBUF[3]_inst_i_2/O
                         net (fo=48, routed)          1.710     6.656    U11/vga_controller/h_count_reg[7]_0
    SLICE_X29Y91         LUT6 (Prop_lut6_I0_O)        0.124     6.780 r  U11/vga_controller/display_data_reg_0_63_0_2_i_17/O
                         net (fo=11, routed)          0.739     7.519    U11/vga_display/C__0[1]
    SLICE_X32Y90         LUT4 (Prop_lut4_I0_O)        0.124     7.643 r  U11/vga_display/display_data_reg_0_63_0_2_i_20/O
                         net (fo=1, routed)           0.000     7.643    U11/vga_controller/S[0]
    SLICE_X32Y90         CARRY4 (Prop_carry4_S[1]_O[1])
                                                      0.227     7.870 r  U11/vga_controller/display_data_reg_0_63_0_2_i_5/O[1]
                         net (fo=446, routed)        10.551    18.421    U11/vga_display/display_data_reg_0_63_0_2/ADDRB4
    SLICE_X46Y75         RAMD64E (Prop_ramd64e_RADR4_O)
                                                      0.303    18.724 r  U11/vga_display/display_data_reg_0_63_0_2/RAMB/O
                         net (fo=1, routed)           1.394    20.117    U11/vga_display/display_data_reg_0_63_0_2_n_2
    SLICE_X43Y77         LUT6 (Prop_lut6_I5_O)        0.124    20.241 r  U11/vga_display/text_ascii_carry_i_111/O
                         net (fo=1, routed)           0.000    20.241    U11/vga_display/text_ascii_carry_i_111_n_1
    SLICE_X43Y77         MUXF7 (Prop_muxf7_I0_O)      0.238    20.479 r  U11/vga_display/text_ascii_carry_i_56/O
                         net (fo=1, routed)           0.000    20.479    U11/vga_display/text_ascii_carry_i_56_n_1
    SLICE_X43Y77         MUXF8 (Prop_muxf8_I0_O)      0.104    20.583 r  U11/vga_display/text_ascii_carry_i_22/O
                         net (fo=1, routed)           0.947    21.530    U11/vga_display/text_ascii_carry_i_22_n_1
    SLICE_X36Y86         LUT6 (Prop_lut6_I5_O)        0.316    21.846 r  U11/vga_display/text_ascii_carry_i_3/O
                         net (fo=2, routed)           0.792    22.638    U11/vga_display/text_ascii0[1]
    SLICE_X37Y89         LUT2 (Prop_lut2_I0_O)        0.124    22.762 r  U11/vga_display/text_ascii_carry_i_7/O
                         net (fo=1, routed)           0.000    22.762    U11/vga_display/text_ascii_carry_i_7_n_1
    SLICE_X37Y89         CARRY4 (Prop_carry4_S[1]_O[2])
                                                      0.580    23.342 r  U11/vga_display/text_ascii_carry/O[2]
                         net (fo=2, routed)           0.558    23.900    U11/vga_display/font_addr0[2]
    SLICE_X37Y91         LUT2 (Prop_lut2_I0_O)        0.302    24.202 r  U11/vga_display/Blue_OBUF[3]_inst_i_69/O
                         net (fo=1, routed)           0.000    24.202    U11/vga_display/Blue_OBUF[3]_inst_i_69_n_1
    SLICE_X37Y91         CARRY4 (Prop_carry4_S[3]_O[3])
                                                      0.248    24.450 r  U11/vga_display/Blue_OBUF[3]_inst_i_29/O[3]
                         net (fo=405, routed)         5.295    29.745    U11/vga_display/Blue_OBUF[3]_inst_i_31_0[3]
    SLICE_X52Y97         LUT6 (Prop_lut6_I0_O)        0.306    30.051 r  U11/vga_display/Blue_OBUF[3]_inst_i_461/O
                         net (fo=1, routed)           0.674    30.725    U11/vga_display/Blue_OBUF[3]_inst_i_461_n_1
    SLICE_X52Y97         LUT6 (Prop_lut6_I5_O)        0.124    30.849 r  U11/vga_display/Blue_OBUF[3]_inst_i_236/O
                         net (fo=1, routed)           0.953    31.803    U11/vga_display/Blue_OBUF[3]_inst_i_236_n_1
    SLICE_X48Y98         LUT6 (Prop_lut6_I5_O)        0.124    31.927 r  U11/vga_display/Blue_OBUF[3]_inst_i_97/O
                         net (fo=1, routed)           0.000    31.927    U11/vga_display/Blue_OBUF[3]_inst_i_97_n_1
    SLICE_X48Y98         MUXF7 (Prop_muxf7_I0_O)      0.238    32.165 r  U11/vga_display/Blue_OBUF[3]_inst_i_42/O
                         net (fo=1, routed)           0.000    32.165    U11/vga_display/Blue_OBUF[3]_inst_i_42_n_1
    SLICE_X48Y98         MUXF8 (Prop_muxf8_I0_O)      0.104    32.269 r  U11/vga_display/Blue_OBUF[3]_inst_i_15/O
                         net (fo=1, routed)           1.054    33.323    U11/vga_display/font_data[5]
    SLICE_X35Y96         LUT6 (Prop_lut6_I4_O)        0.316    33.639 f  U11/vga_display/Blue_OBUF[3]_inst_i_4/O
                         net (fo=1, routed)           0.977    34.616    U11/vga_display/Blue_OBUF[3]_inst_i_4_n_1
    SLICE_X36Y96         LUT6 (Prop_lut6_I2_O)        0.124    34.740 r  U11/vga_display/Blue_OBUF[3]_inst_i_1/O
                         net (fo=12, routed)          5.210    39.950    Red_OBUF[0]
    C7                   OBUF (Prop_obuf_I_O)         3.551    43.501 r  Blue_OBUF[1]_inst/O
                         net (fo=0)                   0.000    43.501    Blue[1]
    C7                                                                r  Blue[1] (OUT)
  -------------------------------------------------------------------    -------------------

Slack:                    inf
  Source:                 U11/vga_controller/v_count_reg[2]/C
                            (rising edge-triggered cell FDRE)
  Destination:            Blue[2]
                            (output port)
  Path Group:             (none)
  Path Type:              Max at Slow Process Corner
  Data Path Delay:        43.180ns  (logic 8.636ns (20.001%)  route 34.543ns (79.999%))
  Logic Levels:           24  (CARRY4=3 FDRE=1 LUT2=2 LUT4=1 LUT5=3 LUT6=8 MUXF7=2 MUXF8=2 OBUF=1 RAMD64E=1)

    Location             Delay type                Incr(ns)  Path(ns)    Netlist Resource(s)
  -------------------------------------------------------------------    -------------------
    SLICE_X28Y92         FDRE                         0.000     0.000 r  U11/vga_controller/v_count_reg[2]/C
    SLICE_X28Y92         FDRE (Prop_fdre_C_Q)         0.419     0.419 f  U11/vga_controller/v_count_reg[2]/Q
                         net (fo=38, routed)          1.400     1.819    U11/vga_controller/v_count_reg_n_1_[2]
    SLICE_X31Y92         LUT5 (Prop_lut5_I4_O)        0.296     2.115 f  U11/vga_controller/display_data_reg_0_63_0_2_i_39/O
                         net (fo=7, routed)           0.714     2.829    U11/vga_controller/display_data_reg_0_63_0_2_i_39_n_1
    SLICE_X31Y92         LUT5 (Prop_lut5_I3_O)        0.124     2.953 f  U11/vga_controller/Blue_OBUF[3]_inst_i_7/O
                         net (fo=23, routed)          1.869     4.823    U11/vga_controller/Blue_OBUF[3]_inst_i_7_n_1
    SLICE_X36Y92         LUT5 (Prop_lut5_I0_O)        0.124     4.947 r  U11/vga_controller/Blue_OBUF[3]_inst_i_2/O
                         net (fo=48, routed)          1.710     6.656    U11/vga_controller/h_count_reg[7]_0
    SLICE_X29Y91         LUT6 (Prop_lut6_I0_O)        0.124     6.780 r  U11/vga_controller/display_data_reg_0_63_0_2_i_17/O
                         net (fo=11, routed)          0.739     7.519    U11/vga_display/C__0[1]
    SLICE_X32Y90         LUT4 (Prop_lut4_I0_O)        0.124     7.643 r  U11/vga_display/display_data_reg_0_63_0_2_i_20/O
                         net (fo=1, routed)           0.000     7.643    U11/vga_controller/S[0]
    SLICE_X32Y90         CARRY4 (Prop_carry4_S[1]_O[1])
                                                      0.227     7.870 r  U11/vga_controller/display_data_reg_0_63_0_2_i_5/O[1]
                         net (fo=446, routed)        10.551    18.421    U11/vga_display/display_data_reg_0_63_0_2/ADDRB4
    SLICE_X46Y75         RAMD64E (Prop_ramd64e_RADR4_O)
                                                      0.303    18.724 r  U11/vga_display/display_data_reg_0_63_0_2/RAMB/O
                         net (fo=1, routed)           1.394    20.117    U11/vga_display/display_data_reg_0_63_0_2_n_2
    SLICE_X43Y77         LUT6 (Prop_lut6_I5_O)        0.124    20.241 r  U11/vga_display/text_ascii_carry_i_111/O
                         net (fo=1, routed)           0.000    20.241    U11/vga_display/text_ascii_carry_i_111_n_1
    SLICE_X43Y77         MUXF7 (Prop_muxf7_I0_O)      0.238    20.479 r  U11/vga_display/text_ascii_carry_i_56/O
                         net (fo=1, routed)           0.000    20.479    U11/vga_display/text_ascii_carry_i_56_n_1
    SLICE_X43Y77         MUXF8 (Prop_muxf8_I0_O)      0.104    20.583 r  U11/vga_display/text_ascii_carry_i_22/O
                         net (fo=1, routed)           0.947    21.530    U11/vga_display/text_ascii_carry_i_22_n_1
    SLICE_X36Y86         LUT6 (Prop_lut6_I5_O)        0.316    21.846 r  U11/vga_display/text_ascii_carry_i_3/O
                         net (fo=2, routed)           0.792    22.638    U11/vga_display/text_ascii0[1]
    SLICE_X37Y89         LUT2 (Prop_lut2_I0_O)        0.124    22.762 r  U11/vga_display/text_ascii_carry_i_7/O
                         net (fo=1, routed)           0.000    22.762    U11/vga_display/text_ascii_carry_i_7_n_1
    SLICE_X37Y89         CARRY4 (Prop_carry4_S[1]_O[2])
                                                      0.580    23.342 r  U11/vga_display/text_ascii_carry/O[2]
                         net (fo=2, routed)           0.558    23.900    U11/vga_display/font_addr0[2]
    SLICE_X37Y91         LUT2 (Prop_lut2_I0_O)        0.302    24.202 r  U11/vga_display/Blue_OBUF[3]_inst_i_69/O
                         net (fo=1, routed)           0.000    24.202    U11/vga_display/Blue_OBUF[3]_inst_i_69_n_1
    SLICE_X37Y91         CARRY4 (Prop_carry4_S[3]_O[3])
                                                      0.248    24.450 r  U11/vga_display/Blue_OBUF[3]_inst_i_29/O[3]
                         net (fo=405, routed)         5.295    29.745    U11/vga_display/Blue_OBUF[3]_inst_i_31_0[3]
    SLICE_X52Y97         LUT6 (Prop_lut6_I0_O)        0.306    30.051 r  U11/vga_display/Blue_OBUF[3]_inst_i_461/O
                         net (fo=1, routed)           0.674    30.725    U11/vga_display/Blue_OBUF[3]_inst_i_461_n_1
    SLICE_X52Y97         LUT6 (Prop_lut6_I5_O)        0.124    30.849 r  U11/vga_display/Blue_OBUF[3]_inst_i_236/O
                         net (fo=1, routed)           0.953    31.803    U11/vga_display/Blue_OBUF[3]_inst_i_236_n_1
    SLICE_X48Y98         LUT6 (Prop_lut6_I5_O)        0.124    31.927 r  U11/vga_display/Blue_OBUF[3]_inst_i_97/O
                         net (fo=1, routed)           0.000    31.927    U11/vga_display/Blue_OBUF[3]_inst_i_97_n_1
    SLICE_X48Y98         MUXF7 (Prop_muxf7_I0_O)      0.238    32.165 r  U11/vga_display/Blue_OBUF[3]_inst_i_42/O
                         net (fo=1, routed)           0.000    32.165    U11/vga_display/Blue_OBUF[3]_inst_i_42_n_1
    SLICE_X48Y98         MUXF8 (Prop_muxf8_I0_O)      0.104    32.269 r  U11/vga_display/Blue_OBUF[3]_inst_i_15/O
                         net (fo=1, routed)           1.054    33.323    U11/vga_display/font_data[5]
    SLICE_X35Y96         LUT6 (Prop_lut6_I4_O)        0.316    33.639 f  U11/vga_display/Blue_OBUF[3]_inst_i_4/O
                         net (fo=1, routed)           0.977    34.616    U11/vga_display/Blue_OBUF[3]_inst_i_4_n_1
    SLICE_X36Y96         LUT6 (Prop_lut6_I2_O)        0.124    34.740 r  U11/vga_display/Blue_OBUF[3]_inst_i_1/O
                         net (fo=12, routed)          4.916    39.656    Red_OBUF[0]
    D7                   OBUF (Prop_obuf_I_O)         3.523    43.180 r  Blue_OBUF[2]_inst/O
                         net (fo=0)                   0.000    43.180    Blue[2]
    D7                                                                r  Blue[2] (OUT)
  -------------------------------------------------------------------    -------------------

Slack:                    inf
  Source:                 U11/vga_controller/v_count_reg[2]/C
                            (rising edge-triggered cell FDRE)
  Destination:            Red[1]
                            (output port)
  Path Group:             (none)
  Path Type:              Max at Slow Process Corner
  Data Path Delay:        42.914ns  (logic 8.661ns (20.183%)  route 34.252ns (79.817%))
  Logic Levels:           24  (CARRY4=3 FDRE=1 LUT2=2 LUT4=1 LUT5=3 LUT6=8 MUXF7=2 MUXF8=2 OBUF=1 RAMD64E=1)

    Location             Delay type                Incr(ns)  Path(ns)    Netlist Resource(s)
  -------------------------------------------------------------------    -------------------
    SLICE_X28Y92         FDRE                         0.000     0.000 r  U11/vga_controller/v_count_reg[2]/C
    SLICE_X28Y92         FDRE (Prop_fdre_C_Q)         0.419     0.419 f  U11/vga_controller/v_count_reg[2]/Q
                         net (fo=38, routed)          1.400     1.819    U11/vga_controller/v_count_reg_n_1_[2]
    SLICE_X31Y92         LUT5 (Prop_lut5_I4_O)        0.296     2.115 f  U11/vga_controller/display_data_reg_0_63_0_2_i_39/O
                         net (fo=7, routed)           0.714     2.829    U11/vga_controller/display_data_reg_0_63_0_2_i_39_n_1
    SLICE_X31Y92         LUT5 (Prop_lut5_I3_O)        0.124     2.953 f  U11/vga_controller/Blue_OBUF[3]_inst_i_7/O
                         net (fo=23, routed)          1.869     4.823    U11/vga_controller/Blue_OBUF[3]_inst_i_7_n_1
    SLICE_X36Y92         LUT5 (Prop_lut5_I0_O)        0.124     4.947 r  U11/vga_controller/Blue_OBUF[3]_inst_i_2/O
                         net (fo=48, routed)          1.710     6.656    U11/vga_controller/h_count_reg[7]_0
    SLICE_X29Y91         LUT6 (Prop_lut6_I0_O)        0.124     6.780 r  U11/vga_controller/display_data_reg_0_63_0_2_i_17/O
                         net (fo=11, routed)          0.739     7.519    U11/vga_display/C__0[1]
    SLICE_X32Y90         LUT4 (Prop_lut4_I0_O)        0.124     7.643 r  U11/vga_display/display_data_reg_0_63_0_2_i_20/O
                         net (fo=1, routed)           0.000     7.643    U11/vga_controller/S[0]
    SLICE_X32Y90         CARRY4 (Prop_carry4_S[1]_O[1])
                                                      0.227     7.870 r  U11/vga_controller/display_data_reg_0_63_0_2_i_5/O[1]
                         net (fo=446, routed)        10.551    18.421    U11/vga_display/display_data_reg_0_63_0_2/ADDRB4
    SLICE_X46Y75         RAMD64E (Prop_ramd64e_RADR4_O)
                                                      0.303    18.724 r  U11/vga_display/display_data_reg_0_63_0_2/RAMB/O
                         net (fo=1, routed)           1.394    20.117    U11/vga_display/display_data_reg_0_63_0_2_n_2
    SLICE_X43Y77         LUT6 (Prop_lut6_I5_O)        0.124    20.241 r  U11/vga_display/text_ascii_carry_i_111/O
                         net (fo=1, routed)           0.000    20.241    U11/vga_display/text_ascii_carry_i_111_n_1
    SLICE_X43Y77         MUXF7 (Prop_muxf7_I0_O)      0.238    20.479 r  U11/vga_display/text_ascii_carry_i_56/O
                         net (fo=1, routed)           0.000    20.479    U11/vga_display/text_ascii_carry_i_56_n_1
    SLICE_X43Y77         MUXF8 (Prop_muxf8_I0_O)      0.104    20.583 r  U11/vga_display/text_ascii_carry_i_22/O
                         net (fo=1, routed)           0.947    21.530    U11/vga_display/text_ascii_carry_i_22_n_1
    SLICE_X36Y86         LUT6 (Prop_lut6_I5_O)        0.316    21.846 r  U11/vga_display/text_ascii_carry_i_3/O
                         net (fo=2, routed)           0.792    22.638    U11/vga_display/text_ascii0[1]
    SLICE_X37Y89         LUT2 (Prop_lut2_I0_O)        0.124    22.762 r  U11/vga_display/text_ascii_carry_i_7/O
                         net (fo=1, routed)           0.000    22.762    U11/vga_display/text_ascii_carry_i_7_n_1
    SLICE_X37Y89         CARRY4 (Prop_carry4_S[1]_O[2])
                                                      0.580    23.342 r  U11/vga_display/text_ascii_carry/O[2]
                         net (fo=2, routed)           0.558    23.900    U11/vga_display/font_addr0[2]
    SLICE_X37Y91         LUT2 (Prop_lut2_I0_O)        0.302    24.202 r  U11/vga_display/Blue_OBUF[3]_inst_i_69/O
                         net (fo=1, routed)           0.000    24.202    U11/vga_display/Blue_OBUF[3]_inst_i_69_n_1
    SLICE_X37Y91         CARRY4 (Prop_carry4_S[3]_O[3])
                                                      0.248    24.450 r  U11/vga_display/Blue_OBUF[3]_inst_i_29/O[3]
                         net (fo=405, routed)         5.295    29.745    U11/vga_display/Blue_OBUF[3]_inst_i_31_0[3]
    SLICE_X52Y97         LUT6 (Prop_lut6_I0_O)        0.306    30.051 r  U11/vga_display/Blue_OBUF[3]_inst_i_461/O
                         net (fo=1, routed)           0.674    30.725    U11/vga_display/Blue_OBUF[3]_inst_i_461_n_1
    SLICE_X52Y97         LUT6 (Prop_lut6_I5_O)        0.124    30.849 r  U11/vga_display/Blue_OBUF[3]_inst_i_236/O
                         net (fo=1, routed)           0.953    31.803    U11/vga_display/Blue_OBUF[3]_inst_i_236_n_1
    SLICE_X48Y98         LUT6 (Prop_lut6_I5_O)        0.124    31.927 r  U11/vga_display/Blue_OBUF[3]_inst_i_97/O
                         net (fo=1, routed)           0.000    31.927    U11/vga_display/Blue_OBUF[3]_inst_i_97_n_1
    SLICE_X48Y98         MUXF7 (Prop_muxf7_I0_O)      0.238    32.165 r  U11/vga_display/Blue_OBUF[3]_inst_i_42/O
                         net (fo=1, routed)           0.000    32.165    U11/vga_display/Blue_OBUF[3]_inst_i_42_n_1
    SLICE_X48Y98         MUXF8 (Prop_muxf8_I0_O)      0.104    32.269 r  U11/vga_display/Blue_OBUF[3]_inst_i_15/O
                         net (fo=1, routed)           1.054    33.323    U11/vga_display/font_data[5]
    SLICE_X35Y96         LUT6 (Prop_lut6_I4_O)        0.316    33.639 f  U11/vga_display/Blue_OBUF[3]_inst_i_4/O
                         net (fo=1, routed)           0.977    34.616    U11/vga_display/Blue_OBUF[3]_inst_i_4_n_1
    SLICE_X36Y96         LUT6 (Prop_lut6_I2_O)        0.124    34.740 r  U11/vga_display/Blue_OBUF[3]_inst_i_1/O
                         net (fo=12, routed)          4.625    39.365    Red_OBUF[0]
    B4                   OBUF (Prop_obuf_I_O)         3.548    42.914 r  Red_OBUF[1]_inst/O
                         net (fo=0)                   0.000    42.914    Red[1]
    B4                                                                r  Red[1] (OUT)
  -------------------------------------------------------------------    -------------------





Min Delay Paths
--------------------------------------------------------------------------------------
Slack:                    inf
  Source:                 U10/counter0_Lock_reg[0]/C
                            (rising edge-triggered cell FDCE)
  Destination:            U10/counter0_reg[0]/D
  Path Group:             (none)
  Path Type:              Min at Fast Process Corner
  Data Path Delay:        0.240ns  (logic 0.186ns (77.466%)  route 0.054ns (22.534%))
  Logic Levels:           2  (FDCE=1 LUT6=1)

    Location             Delay type                Incr(ns)  Path(ns)    Netlist Resource(s)
  -------------------------------------------------------------------    -------------------
    SLICE_X31Y61         FDCE                         0.000     0.000 r  U10/counter0_Lock_reg[0]/C
    SLICE_X31Y61         FDCE (Prop_fdce_C_Q)         0.141     0.141 r  U10/counter0_Lock_reg[0]/Q
                         net (fo=1, routed)           0.054     0.195    U10/counter0_Lock_reg_n_0_[0]
    SLICE_X30Y61         LUT6 (Prop_lut6_I0_O)        0.045     0.240 r  U10/counter0[0]_i_1/O
                         net (fo=1, routed)           0.000     0.240    U10/counter0[0]_i_1_n_0
    SLICE_X30Y61         FDCE                                         r  U10/counter0_reg[0]/D
  -------------------------------------------------------------------    -------------------

Slack:                    inf
  Source:                 U10/counter1_Lock_reg[16]/C
                            (rising edge-triggered cell FDCE)
  Destination:            U10/counter1_reg[16]/D
  Path Group:             (none)
  Path Type:              Min at Fast Process Corner
  Data Path Delay:        0.249ns  (logic 0.186ns (74.636%)  route 0.063ns (25.364%))
  Logic Levels:           2  (FDCE=1 LUT6=1)

    Location             Delay type                Incr(ns)  Path(ns)    Netlist Resource(s)
  -------------------------------------------------------------------    -------------------
    SLICE_X9Y67          FDCE                         0.000     0.000 r  U10/counter1_Lock_reg[16]/C
    SLICE_X9Y67          FDCE (Prop_fdce_C_Q)         0.141     0.141 r  U10/counter1_Lock_reg[16]/Q
                         net (fo=2, routed)           0.063     0.204    U10/counter1_Lock_reg_n_0_[16]
    SLICE_X8Y67          LUT6 (Prop_lut6_I3_O)        0.045     0.249 r  U10/counter1[16]_i_1/O
                         net (fo=1, routed)           0.000     0.249    U10/p_1_in[16]
    SLICE_X8Y67          FDCE                                         r  U10/counter1_reg[16]/D
  -------------------------------------------------------------------    -------------------

Slack:                    inf
  Source:                 U10/counter1_Lock_reg[12]/C
                            (rising edge-triggered cell FDCE)
  Destination:            U10/counter1_reg[12]/D
  Path Group:             (none)
  Path Type:              Min at Fast Process Corner
  Data Path Delay:        0.251ns  (logic 0.186ns (74.042%)  route 0.065ns (25.958%))
  Logic Levels:           2  (FDCE=1 LUT6=1)

    Location             Delay type                Incr(ns)  Path(ns)    Netlist Resource(s)
  -------------------------------------------------------------------    -------------------
    SLICE_X9Y66          FDCE                         0.000     0.000 r  U10/counter1_Lock_reg[12]/C
    SLICE_X9Y66          FDCE (Prop_fdce_C_Q)         0.141     0.141 r  U10/counter1_Lock_reg[12]/Q
                         net (fo=2, routed)           0.065     0.206    U10/counter1_Lock_reg_n_0_[12]
    SLICE_X8Y66          LUT6 (Prop_lut6_I3_O)        0.045     0.251 r  U10/counter1[12]_i_1/O
                         net (fo=1, routed)           0.000     0.251    U10/p_1_in[12]
    SLICE_X8Y66          FDCE                                         r  U10/counter1_reg[12]/D
  -------------------------------------------------------------------    -------------------

Slack:                    inf
  Source:                 U10/counter1_Lock_reg[16]/C
                            (rising edge-triggered cell FDCE)
  Destination:            U10/counter1_reg[15]/D
  Path Group:             (none)
  Path Type:              Min at Fast Process Corner
  Data Path Delay:        0.251ns  (logic 0.186ns (74.042%)  route 0.065ns (25.958%))
  Logic Levels:           2  (FDCE=1 LUT6=1)

    Location             Delay type                Incr(ns)  Path(ns)    Netlist Resource(s)
  -------------------------------------------------------------------    -------------------
    SLICE_X9Y67          FDCE                         0.000     0.000 r  U10/counter1_Lock_reg[16]/C
    SLICE_X9Y67          FDCE (Prop_fdce_C_Q)         0.141     0.141 r  U10/counter1_Lock_reg[16]/Q
                         net (fo=2, routed)           0.065     0.206    U10/counter1_Lock_reg_n_0_[16]
    SLICE_X8Y67          LUT6 (Prop_lut6_I4_O)        0.045     0.251 r  U10/counter1[15]_i_1/O
                         net (fo=1, routed)           0.000     0.251    U10/p_1_in[15]
    SLICE_X8Y67          FDCE                                         r  U10/counter1_reg[15]/D
  -------------------------------------------------------------------    -------------------

Slack:                    inf
  Source:                 U10/counter1_Lock_reg[27]/C
                            (rising edge-triggered cell FDCE)
  Destination:            U10/counter1_reg[26]/D
  Path Group:             (none)
  Path Type:              Min at Fast Process Corner
  Data Path Delay:        0.251ns  (logic 0.186ns (74.042%)  route 0.065ns (25.958%))
  Logic Levels:           2  (FDCE=1 LUT6=1)

    Location             Delay type                Incr(ns)  Path(ns)    Netlist Resource(s)
  -------------------------------------------------------------------    -------------------
    SLICE_X9Y70          FDCE                         0.000     0.000 r  U10/counter1_Lock_reg[27]/C
    SLICE_X9Y70          FDCE (Prop_fdce_C_Q)         0.141     0.141 r  U10/counter1_Lock_reg[27]/Q
                         net (fo=2, routed)           0.065     0.206    U10/counter1_Lock_reg_n_0_[27]
    SLICE_X8Y70          LUT6 (Prop_lut6_I4_O)        0.045     0.251 r  U10/counter1[26]_i_1/O
                         net (fo=1, routed)           0.000     0.251    U10/p_1_in[26]
    SLICE_X8Y70          FDCE                                         r  U10/counter1_reg[26]/D
  -------------------------------------------------------------------    -------------------

Slack:                    inf
  Source:                 U10/counter1_Lock_reg[3]/C
                            (rising edge-triggered cell FDCE)
  Destination:            U10/counter1_reg[2]/D
  Path Group:             (none)
  Path Type:              Min at Fast Process Corner
  Data Path Delay:        0.251ns  (logic 0.186ns (74.042%)  route 0.065ns (25.958%))
  Logic Levels:           2  (FDCE=1 LUT6=1)

    Location             Delay type                Incr(ns)  Path(ns)    Netlist Resource(s)
  -------------------------------------------------------------------    -------------------
    SLICE_X9Y64          FDCE                         0.000     0.000 r  U10/counter1_Lock_reg[3]/C
    SLICE_X9Y64          FDCE (Prop_fdce_C_Q)         0.141     0.141 r  U10/counter1_Lock_reg[3]/Q
                         net (fo=2, routed)           0.065     0.206    U10/counter1_Lock_reg_n_0_[3]
    SLICE_X8Y64          LUT6 (Prop_lut6_I4_O)        0.045     0.251 r  U10/counter1[2]_i_1/O
                         net (fo=1, routed)           0.000     0.251    U10/p_1_in[2]
    SLICE_X8Y64          FDCE                                         r  U10/counter1_reg[2]/D
  -------------------------------------------------------------------    -------------------

Slack:                    inf
  Source:                 U10/counter1_Lock_reg[7]/C
                            (rising edge-triggered cell FDCE)
  Destination:            U10/counter1_reg[6]/D
  Path Group:             (none)
  Path Type:              Min at Fast Process Corner
  Data Path Delay:        0.251ns  (logic 0.186ns (74.042%)  route 0.065ns (25.958%))
  Logic Levels:           2  (FDCE=1 LUT6=1)

    Location             Delay type                Incr(ns)  Path(ns)    Netlist Resource(s)
  -------------------------------------------------------------------    -------------------
    SLICE_X9Y65          FDCE                         0.000     0.000 r  U10/counter1_Lock_reg[7]/C
    SLICE_X9Y65          FDCE (Prop_fdce_C_Q)         0.141     0.141 r  U10/counter1_Lock_reg[7]/Q
                         net (fo=2, routed)           0.065     0.206    U10/counter1_Lock_reg_n_0_[7]
    SLICE_X8Y65          LUT6 (Prop_lut6_I4_O)        0.045     0.251 r  U10/counter1[6]_i_1/O
                         net (fo=1, routed)           0.000     0.251    U10/p_1_in[6]
    SLICE_X8Y65          FDCE                                         r  U10/counter1_reg[6]/D
  -------------------------------------------------------------------    -------------------

Slack:                    inf
  Source:                 U10/counter2_Lock_reg[15]/C
                            (rising edge-triggered cell FDCE)
  Destination:            U10/counter2_reg[15]/D
  Path Group:             (none)
  Path Type:              Min at Fast Process Corner
  Data Path Delay:        0.251ns  (logic 0.186ns (74.042%)  route 0.065ns (25.958%))
  Logic Levels:           2  (FDCE=1 LUT6=1)

    Location             Delay type                Incr(ns)  Path(ns)    Netlist Resource(s)
  -------------------------------------------------------------------    -------------------
    SLICE_X13Y66         FDCE                         0.000     0.000 r  U10/counter2_Lock_reg[15]/C
    SLICE_X13Y66         FDCE (Prop_fdce_C_Q)         0.141     0.141 r  U10/counter2_Lock_reg[15]/Q
                         net (fo=2, routed)           0.065     0.206    U10/counter2_Lock_reg_n_0_[15]
    SLICE_X12Y66         LUT6 (Prop_lut6_I3_O)        0.045     0.251 r  U10/counter2[15]_i_1/O
                         net (fo=1, routed)           0.000     0.251    U10/counter2[15]_i_1_n_0
    SLICE_X12Y66         FDCE                                         r  U10/counter2_reg[15]/D
  -------------------------------------------------------------------    -------------------

Slack:                    inf
  Source:                 U10/counter2_Lock_reg[18]/C
                            (rising edge-triggered cell FDCE)
  Destination:            U10/counter2_reg[17]/D
  Path Group:             (none)
  Path Type:              Min at Fast Process Corner
  Data Path Delay:        0.251ns  (logic 0.186ns (74.042%)  route 0.065ns (25.958%))
  Logic Levels:           2  (FDCE=1 LUT6=1)

    Location             Delay type                Incr(ns)  Path(ns)    Netlist Resource(s)
  -------------------------------------------------------------------    -------------------
    SLICE_X11Y67         FDCE                         0.000     0.000 r  U10/counter2_Lock_reg[18]/C
    SLICE_X11Y67         FDCE (Prop_fdce_C_Q)         0.141     0.141 r  U10/counter2_Lock_reg[18]/Q
                         net (fo=2, routed)           0.065     0.206    U10/counter2_Lock_reg_n_0_[18]
    SLICE_X10Y67         LUT6 (Prop_lut6_I4_O)        0.045     0.251 r  U10/counter2[17]_i_1/O
                         net (fo=1, routed)           0.000     0.251    U10/counter2[17]_i_1_n_0
    SLICE_X10Y67         FDCE                                         r  U10/counter2_reg[17]/D
  -------------------------------------------------------------------    -------------------

Slack:                    inf
  Source:                 U10/counter2_Lock_reg[3]/C
                            (rising edge-triggered cell FDCE)
  Destination:            U10/counter2_reg[2]/D
  Path Group:             (none)
  Path Type:              Min at Fast Process Corner
  Data Path Delay:        0.251ns  (logic 0.186ns (74.042%)  route 0.065ns (25.958%))
  Logic Levels:           2  (FDCE=1 LUT6=1)

    Location             Delay type                Incr(ns)  Path(ns)    Netlist Resource(s)
  -------------------------------------------------------------------    -------------------
    SLICE_X13Y63         FDCE                         0.000     0.000 r  U10/counter2_Lock_reg[3]/C
    SLICE_X13Y63         FDCE (Prop_fdce_C_Q)         0.141     0.141 r  U10/counter2_Lock_reg[3]/Q
                         net (fo=2, routed)           0.065     0.206    U10/counter2_Lock_reg_n_0_[3]
    SLICE_X12Y63         LUT6 (Prop_lut6_I4_O)        0.045     0.251 r  U10/counter2[2]_i_1/O
                         net (fo=1, routed)           0.000     0.251    U10/counter2[2]_i_1_n_0
    SLICE_X12Y63         FDCE                                         r  U10/counter2_reg[2]/D
  -------------------------------------------------------------------    -------------------





