Copyright 1986-2022 Xilinx, Inc. All Rights Reserved. Copyright 2022-2023 Advanced Micro Devices, Inc. All Rights Reserved.
---------------------------------------------------------------------------------------------------------------------------------------------------------------------------------------------------------------------
| Tool Version : Vivado v.2023.2 (win64) Build 4029153 Fri Oct 13 20:14:34 MDT 2023
| Date         : Thu Sep 12 08:28:57 2024
| Host         : TomChang running 64-bit major release  (build 9200)
| Command      : report_timing_summary -max_paths 10 -report_unconstrained -file MUX2T1_5_timing_summary_routed.rpt -pb MUX2T1_5_timing_summary_routed.pb -rpx MUX2T1_5_timing_summary_routed.rpx -warn_on_violation
| Design       : MUX2T1_5
| Device       : 7a100t-csg324
| Speed File   : -1  PRODUCTION 1.23 2018-06-13
| Design State : Routed
---------------------------------------------------------------------------------------------------------------------------------------------------------------------------------------------------------------------

Timing Summary Report

------------------------------------------------------------------------------------------------
| Timer Settings
| --------------
------------------------------------------------------------------------------------------------

  Enable Multi Corner Analysis               :  Yes
  Enable Pessimism Removal                   :  Yes
  Pessimism Removal Resolution               :  Nearest Common Node
  Enable Input Delay Default Clock           :  No
  Enable Preset / Clear Arcs                 :  No
  Disable Flight Delays                      :  No
  Ignore I/O Paths                           :  No
  Timing Early Launch at Borrowing Latches   :  No
  Borrow Time for Max Delay Exceptions       :  Yes
  Merge Timing Exceptions                    :  Yes
  Inter-SLR Compensation                     :  Conservative

  Corner  Analyze    Analyze    
  Name    Max Paths  Min Paths  
  ------  ---------  ---------  
  Slow    Yes        Yes        
  Fast    Yes        Yes        


------------------------------------------------------------------------------------------------
| Report Methodology
| ------------------
------------------------------------------------------------------------------------------------

No report available as report_methodology has not been run prior. Run report_methodology on the current design for the summary of methodology violations.



check_timing report

Table of Contents
-----------------
1. checking no_clock (0)
2. checking constant_clock (0)
3. checking pulse_width_clock (0)
4. checking unconstrained_internal_endpoints (0)
5. checking no_input_delay (0)
6. checking no_output_delay (0)
7. checking multiple_clock (0)
8. checking generated_clocks (0)
9. checking loops (0)
10. checking partial_input_delay (0)
11. checking partial_output_delay (0)
12. checking latch_loops (0)

1. checking no_clock (0)
------------------------
 There are 0 register/latch pins with no clock.


2. checking constant_clock (0)
------------------------------
 There are 0 register/latch pins with constant_clock.


3. checking pulse_width_clock (0)
---------------------------------
 There are 0 register/latch pins which need pulse_width check


4. checking unconstrained_internal_endpoints (0)
------------------------------------------------
 There are 0 pins that are not constrained for maximum delay.

 There are 0 pins that are not constrained for maximum delay due to constant clock.


5. checking no_input_delay (0)
------------------------------
 There are 0 input ports with no input delay specified.

 There are 0 input ports with no input delay but user has a false path constraint.


6. checking no_output_delay (0)
-------------------------------
 There are 0 ports with no output delay specified.

 There are 0 ports with no output delay but user has a false path constraint

 There are 0 ports with no output delay but with a timing clock defined on it or propagating through it


7. checking multiple_clock (0)
------------------------------
 There are 0 register/latch pins with multiple clocks.


8. checking generated_clocks (0)
--------------------------------
 There are 0 generated clocks that are not connected to a clock source.


9. checking loops (0)
---------------------
 There are 0 combinational loops in the design.


10. checking partial_input_delay (0)
------------------------------------
 There are 0 input ports with partial input delay specified.


11. checking partial_output_delay (0)
-------------------------------------
 There are 0 ports with partial output delay specified.


12. checking latch_loops (0)
----------------------------
 There are 0 combinational latch loops in the design through latch input



------------------------------------------------------------------------------------------------
| Design Timing Summary
| ---------------------
------------------------------------------------------------------------------------------------

    WNS(ns)      TNS(ns)  TNS Failing Endpoints  TNS Total Endpoints      WHS(ns)      THS(ns)  THS Failing Endpoints  THS Total Endpoints     WPWS(ns)     TPWS(ns)  TPWS Failing Endpoints  TPWS Total Endpoints  
    -------      -------  ---------------------  -------------------      -------      -------  ---------------------  -------------------     --------     --------  ----------------------  --------------------  
        inf        0.000                      0                    5          inf        0.000                      0                    5           NA           NA                      NA                    NA  


There are no user specified timing constraints.


------------------------------------------------------------------------------------------------
| Clock Summary
| -------------
------------------------------------------------------------------------------------------------


------------------------------------------------------------------------------------------------
| Intra Clock Table
| -----------------
------------------------------------------------------------------------------------------------

Clock             WNS(ns)      TNS(ns)  TNS Failing Endpoints  TNS Total Endpoints      WHS(ns)      THS(ns)  THS Failing Endpoints  THS Total Endpoints     WPWS(ns)     TPWS(ns)  TPWS Failing Endpoints  TPWS Total Endpoints  
-----             -------      -------  ---------------------  -------------------      -------      -------  ---------------------  -------------------     --------     --------  ----------------------  --------------------  


------------------------------------------------------------------------------------------------
| Inter Clock Table
| -----------------
------------------------------------------------------------------------------------------------

From Clock    To Clock          WNS(ns)      TNS(ns)  TNS Failing Endpoints  TNS Total Endpoints      WHS(ns)      THS(ns)  THS Failing Endpoints  THS Total Endpoints  
----------    --------          -------      -------  ---------------------  -------------------      -------      -------  ---------------------  -------------------  


------------------------------------------------------------------------------------------------
| Other Path Groups Table
| -----------------------
------------------------------------------------------------------------------------------------

Path Group    From Clock    To Clock          WNS(ns)      TNS(ns)  TNS Failing Endpoints  TNS Total Endpoints      WHS(ns)      THS(ns)  THS Failing Endpoints  THS Total Endpoints  
----------    ----------    --------          -------      -------  ---------------------  -------------------      -------      -------  ---------------------  -------------------  


------------------------------------------------------------------------------------------------
| User Ignored Path Table
| -----------------------
------------------------------------------------------------------------------------------------

Path Group    From Clock    To Clock    
----------    ----------    --------    


------------------------------------------------------------------------------------------------
| Unconstrained Path Table
| ------------------------
------------------------------------------------------------------------------------------------

Path Group    From Clock    To Clock    
----------    ----------    --------    
(none)                                    


------------------------------------------------------------------------------------------------
| Timing Details
| --------------
------------------------------------------------------------------------------------------------


--------------------------------------------------------------------------------------
Path Group:  (none)
From Clock:  
  To Clock:  

Max Delay             5 Endpoints
Min Delay             5 Endpoints
--------------------------------------------------------------------------------------


Max Delay Paths
--------------------------------------------------------------------------------------
Slack:                    inf
  Source:                 s
                            (input port)
  Destination:            o[0]
                            (output port)
  Path Group:             (none)
  Path Type:              Max at Slow Process Corner
  Data Path Delay:        7.571ns  (logic 4.020ns (53.098%)  route 3.551ns (46.902%))
  Logic Levels:           3  (IBUF=1 LUT3=1 OBUF=1)

    Location             Delay type                Incr(ns)  Path(ns)    Netlist Resource(s)
  -------------------------------------------------------------------    -------------------
    U12                                               0.000     0.000 r  s (IN)
                         net (fo=0)                   0.000     0.000    s
    U12                  IBUF (Prop_ibuf_I_O)         1.008     1.008 r  s_IBUF_inst/O
                         net (fo=5, routed)           1.683     2.692    s_IBUF
    SLICE_X0Y57          LUT3 (Prop_lut3_I2_O)        0.152     2.844 r  o_OBUF[0]_inst_i_1/O
                         net (fo=1, routed)           1.868     4.711    o_OBUF[0]
    U11                  OBUF (Prop_obuf_I_O)         2.860     7.571 r  o_OBUF[0]_inst/O
                         net (fo=0)                   0.000     7.571    o[0]
    U11                                                               r  o[0] (OUT)
  -------------------------------------------------------------------    -------------------

Slack:                    inf
  Source:                 s
                            (input port)
  Destination:            o[3]
                            (output port)
  Path Group:             (none)
  Path Type:              Max at Slow Process Corner
  Data Path Delay:        7.565ns  (logic 4.017ns (53.094%)  route 3.548ns (46.906%))
  Logic Levels:           3  (IBUF=1 LUT3=1 OBUF=1)

    Location             Delay type                Incr(ns)  Path(ns)    Netlist Resource(s)
  -------------------------------------------------------------------    -------------------
    U12                                               0.000     0.000 r  s (IN)
                         net (fo=0)                   0.000     0.000    s
    U12                  IBUF (Prop_ibuf_I_O)         1.008     1.008 r  s_IBUF_inst/O
                         net (fo=5, routed)           1.676     2.684    s_IBUF
    SLICE_X0Y57          LUT3 (Prop_lut3_I2_O)        0.152     2.836 r  o_OBUF[3]_inst_i_1/O
                         net (fo=1, routed)           1.872     4.709    o_OBUF[3]
    U16                  OBUF (Prop_obuf_I_O)         2.856     7.565 r  o_OBUF[3]_inst/O
                         net (fo=0)                   0.000     7.565    o[3]
    U16                                                               r  o[3] (OUT)
  -------------------------------------------------------------------    -------------------

Slack:                    inf
  Source:                 s
                            (input port)
  Destination:            o[1]
                            (output port)
  Path Group:             (none)
  Path Type:              Max at Slow Process Corner
  Data Path Delay:        7.331ns  (logic 3.786ns (51.643%)  route 3.545ns (48.357%))
  Logic Levels:           3  (IBUF=1 LUT3=1 OBUF=1)

    Location             Delay type                Incr(ns)  Path(ns)    Netlist Resource(s)
  -------------------------------------------------------------------    -------------------
    U12                                               0.000     0.000 r  s (IN)
                         net (fo=0)                   0.000     0.000    s
    U12                  IBUF (Prop_ibuf_I_O)         1.008     1.008 r  s_IBUF_inst/O
                         net (fo=5, routed)           1.683     2.692    s_IBUF
    SLICE_X0Y57          LUT3 (Prop_lut3_I2_O)        0.124     2.816 r  o_OBUF[1]_inst_i_1/O
                         net (fo=1, routed)           1.862     4.678    o_OBUF[1]
    T11                  OBUF (Prop_obuf_I_O)         2.654     7.331 r  o_OBUF[1]_inst/O
                         net (fo=0)                   0.000     7.331    o[1]
    T11                                                               r  o[1] (OUT)
  -------------------------------------------------------------------    -------------------

Slack:                    inf
  Source:                 s
                            (input port)
  Destination:            o[2]
                            (output port)
  Path Group:             (none)
  Path Type:              Max at Slow Process Corner
  Data Path Delay:        7.178ns  (logic 3.777ns (52.620%)  route 3.401ns (47.380%))
  Logic Levels:           3  (IBUF=1 LUT3=1 OBUF=1)

    Location             Delay type                Incr(ns)  Path(ns)    Netlist Resource(s)
  -------------------------------------------------------------------    -------------------
    U12                                               0.000     0.000 r  s (IN)
                         net (fo=0)                   0.000     0.000    s
    U12                  IBUF (Prop_ibuf_I_O)         1.008     1.008 r  s_IBUF_inst/O
                         net (fo=5, routed)           1.676     2.684    s_IBUF
    SLICE_X0Y57          LUT3 (Prop_lut3_I2_O)        0.124     2.808 r  o_OBUF[2]_inst_i_1/O
                         net (fo=1, routed)           1.725     4.533    o_OBUF[2]
    V17                  OBUF (Prop_obuf_I_O)         2.645     7.178 r  o_OBUF[2]_inst/O
                         net (fo=0)                   0.000     7.178    o[2]
    V17                                                               r  o[2] (OUT)
  -------------------------------------------------------------------    -------------------

Slack:                    inf
  Source:                 I0[4]
                            (input port)
  Destination:            o[4]
                            (output port)
  Path Group:             (none)
  Path Type:              Max at Slow Process Corner
  Data Path Delay:        6.862ns  (logic 3.753ns (54.691%)  route 3.109ns (45.309%))
  Logic Levels:           3  (IBUF=1 LUT3=1 OBUF=1)

    Location             Delay type                Incr(ns)  Path(ns)    Netlist Resource(s)
  -------------------------------------------------------------------    -------------------
    T13                                               0.000     0.000 r  I0[4] (IN)
                         net (fo=0)                   0.000     0.000    I0[4]
    T13                  IBUF (Prop_ibuf_I_O)         0.987     0.987 r  I0_IBUF[4]_inst/O
                         net (fo=1, routed)           1.258     2.245    I0_IBUF[4]
    SLICE_X0Y59          LUT3 (Prop_lut3_I1_O)        0.124     2.369 r  o_OBUF[4]_inst_i_1/O
                         net (fo=1, routed)           1.851     4.220    o_OBUF[4]
    U18                  OBUF (Prop_obuf_I_O)         2.642     6.862 r  o_OBUF[4]_inst/O
                         net (fo=0)                   0.000     6.862    o[4]
    U18                                                               r  o[4] (OUT)
  -------------------------------------------------------------------    -------------------





Min Delay Paths
--------------------------------------------------------------------------------------
Slack:                    inf
  Source:                 I1[4]
                            (input port)
  Destination:            o[4]
                            (output port)
  Path Group:             (none)
  Path Type:              Min at Fast Process Corner
  Data Path Delay:        2.179ns  (logic 1.433ns (65.758%)  route 0.746ns (34.242%))
  Logic Levels:           3  (IBUF=1 LUT3=1 OBUF=1)

    Location             Delay type                Incr(ns)  Path(ns)    Netlist Resource(s)
  -------------------------------------------------------------------    -------------------
    V12                                               0.000     0.000 r  I1[4] (IN)
                         net (fo=0)                   0.000     0.000    I1[4]
    V12                  IBUF (Prop_ibuf_I_O)         0.229     0.229 r  I1_IBUF[4]_inst/O
                         net (fo=1, routed)           0.335     0.564    I1_IBUF[4]
    SLICE_X0Y59          LUT3 (Prop_lut3_I0_O)        0.045     0.609 r  o_OBUF[4]_inst_i_1/O
                         net (fo=1, routed)           0.411     1.020    o_OBUF[4]
    U18                  OBUF (Prop_obuf_I_O)         1.159     2.179 r  o_OBUF[4]_inst/O
                         net (fo=0)                   0.000     2.179    o[4]
    U18                                                               r  o[4] (OUT)
  -------------------------------------------------------------------    -------------------

Slack:                    inf
  Source:                 I0[2]
                            (input port)
  Destination:            o[2]
                            (output port)
  Path Group:             (none)
  Path Type:              Min at Fast Process Corner
  Data Path Delay:        2.218ns  (logic 1.440ns (64.894%)  route 0.779ns (35.106%))
  Logic Levels:           3  (IBUF=1 LUT3=1 OBUF=1)

    Location             Delay type                Incr(ns)  Path(ns)    Netlist Resource(s)
  -------------------------------------------------------------------    -------------------
    T9                                                0.000     0.000 r  I0[2] (IN)
                         net (fo=0)                   0.000     0.000    I0[2]
    T9                   IBUF (Prop_ibuf_I_O)         0.233     0.233 r  I0_IBUF[2]_inst/O
                         net (fo=1, routed)           0.414     0.647    I0_IBUF[2]
    SLICE_X0Y57          LUT3 (Prop_lut3_I1_O)        0.045     0.692 r  o_OBUF[2]_inst_i_1/O
                         net (fo=1, routed)           0.365     1.057    o_OBUF[2]
    V17                  OBUF (Prop_obuf_I_O)         1.161     2.218 r  o_OBUF[2]_inst/O
                         net (fo=0)                   0.000     2.218    o[2]
    V17                                                               r  o[2] (OUT)
  -------------------------------------------------------------------    -------------------

Slack:                    inf
  Source:                 I1[1]
                            (input port)
  Destination:            o[1]
                            (output port)
  Path Group:             (none)
  Path Type:              Min at Fast Process Corner
  Data Path Delay:        2.250ns  (logic 1.427ns (63.415%)  route 0.823ns (36.585%))
  Logic Levels:           3  (IBUF=1 LUT3=1 OBUF=1)

    Location             Delay type                Incr(ns)  Path(ns)    Netlist Resource(s)
  -------------------------------------------------------------------    -------------------
    U14                                               0.000     0.000 r  I1[1] (IN)
                         net (fo=0)                   0.000     0.000    I1[1]
    U14                  IBUF (Prop_ibuf_I_O)         0.211     0.211 r  I1_IBUF[1]_inst/O
                         net (fo=1, routed)           0.423     0.634    I1_IBUF[1]
    SLICE_X0Y57          LUT3 (Prop_lut3_I0_O)        0.045     0.679 r  o_OBUF[1]_inst_i_1/O
                         net (fo=1, routed)           0.400     1.079    o_OBUF[1]
    T11                  OBUF (Prop_obuf_I_O)         1.170     2.250 r  o_OBUF[1]_inst/O
                         net (fo=0)                   0.000     2.250    o[1]
    T11                                                               r  o[1] (OUT)
  -------------------------------------------------------------------    -------------------

Slack:                    inf
  Source:                 I1[3]
                            (input port)
  Destination:            o[3]
                            (output port)
  Path Group:             (none)
  Path Type:              Min at Fast Process Corner
  Data Path Delay:        2.357ns  (logic 1.514ns (64.256%)  route 0.842ns (35.744%))
  Logic Levels:           3  (IBUF=1 LUT3=1 OBUF=1)

    Location             Delay type                Incr(ns)  Path(ns)    Netlist Resource(s)
  -------------------------------------------------------------------    -------------------
    V10                                               0.000     0.000 r  I1[3] (IN)
                         net (fo=0)                   0.000     0.000    I1[3]
    V10                  IBUF (Prop_ibuf_I_O)         0.238     0.238 r  I1_IBUF[3]_inst/O
                         net (fo=1, routed)           0.420     0.658    I1_IBUF[3]
    SLICE_X0Y57          LUT3 (Prop_lut3_I0_O)        0.045     0.703 r  o_OBUF[3]_inst_i_1/O
                         net (fo=1, routed)           0.422     1.125    o_OBUF[3]
    U16                  OBUF (Prop_obuf_I_O)         1.232     2.357 r  o_OBUF[3]_inst/O
                         net (fo=0)                   0.000     2.357    o[3]
    U16                                                               r  o[3] (OUT)
  -------------------------------------------------------------------    -------------------

Slack:                    inf
  Source:                 I1[0]
                            (input port)
  Destination:            o[0]
                            (output port)
  Path Group:             (none)
  Path Type:              Min at Fast Process Corner
  Data Path Delay:        2.371ns  (logic 1.491ns (62.886%)  route 0.880ns (37.114%))
  Logic Levels:           3  (IBUF=1 LUT3=1 OBUF=1)

    Location             Delay type                Incr(ns)  Path(ns)    Netlist Resource(s)
  -------------------------------------------------------------------    -------------------
    V14                                               0.000     0.000 r  I1[0] (IN)
                         net (fo=0)                   0.000     0.000    I1[0]
    V14                  IBUF (Prop_ibuf_I_O)         0.213     0.213 r  I1_IBUF[0]_inst/O
                         net (fo=1, routed)           0.467     0.680    I1_IBUF[0]
    SLICE_X0Y57          LUT3 (Prop_lut3_I0_O)        0.042     0.722 r  o_OBUF[0]_inst_i_1/O
                         net (fo=1, routed)           0.413     1.135    o_OBUF[0]
    U11                  OBUF (Prop_obuf_I_O)         1.236     2.371 r  o_OBUF[0]_inst/O
                         net (fo=0)                   0.000     2.371    o[0]
    U11                                                               r  o[0] (OUT)
  -------------------------------------------------------------------    -------------------





